D/LocationInitializer(17991): Restart initialization of location
I/ActivityManager(  577): Start proc 29050:com.android.externalstorage/u0a7 for content provider com.android.externalstorage/.ExternalStorageProvider
I/ActivityManager(  577): Killing 28583:com.google.android.calendar/u0a34 (adj 15): empty for 3385s
I/EventLogService(17991): Opted in for usage reporting
I/EventLogService(17991): Aggregate from 1462558807988 (log), 1462558807988 (data)
D/ExternalStorage(29050): After updating volumes, found 1 active roots
D/Documents(29001): Update found 6 roots in 518ms
I/ServiceDumpSys(17991): dumping service [account]
D/Documents(29001): Update found 6 roots in 129ms
I/dex2oat (28935): dex2oat took 3.505s (threads: 4) arena alloc=59KB java alloc=3MB native alloc=5MB free=865KB
V/BackupManagerService(  577): restoreAtInstall pkg=plv.colorado.edu.callinsbenchmark token=17 restoreSet=0
V/BackupManagerService(  577): Finishing install immediately
W/PackageManager(  577): Invalid verification token 22 received
W/Settings(  577): Setting install_non_market_apps has moved from android.provider.Settings.Global to android.provider.Settings.Secure, returning read-only value.
D/BackupManagerService(  577): Received broadcast Intent { act=android.intent.action.PACKAGE_ADDED dat=package:plv.colorado.edu.callinsbenchmark flg=0x4000010 (has extras) }
I/InputReader(  577): Reconfiguring input devices.  changes=0x00000010
W/BackupManagerService(  577): Removing schedule queue dupe of plv.colorado.edu.callinsbenchmark
I/ActivityManager(  577): Start proc 29092:com.google.android.partnersetup/u0a14 for broadcast com.google.android.partnersetup/.RlzPingBroadcastReceiver
D/Documents(29001): Update found 6 roots in 83ms
I/ConfigFetchService(17991): PackageReceiver: Intent { act=android.intent.action.PACKAGE_ADDED dat=package:plv.colorado.edu.callinsbenchmark flg=0x4000010 cmp=com.google.android.gms/.config.ConfigFetchService$PackageReceiver (has extras) }
I/ConfigService(17963): onCreate
I/ConfigService(17963): onBind for Intent { act=com.google.android.gms.config.UPDATE pkg=com.google.android.gms } action com.google.android.gms.config.UPDATE
I/ConfigFetchService(17991): onStartCommand Intent { act=android.intent.action.PACKAGE_ADDED dat=package:plv.colorado.edu.callinsbenchmark cmp=com.google.android.gms/.config.ConfigFetchService (has extras) }
I/ConfigFetchService(17991): launchTask
I/ConfigService(17963): onBind returning update interface
I/ConfigService(17963): onBind for Intent { act=com.google.android.gms.config.START pkg=com.google.android.gms } action com.google.android.gms.config.START
I/ConfigService(17963): onBind returning config service
I/ConfigFetchService(17991): service connected
I/ConfigClient(17991): service connected
D/PackageBroadcastService(17991): Received broadcast action=android.intent.action.PACKAGE_ADDED and uri=plv.colorado.edu.callinsbenchmark
I/UpdateIcingCorporaServi( 1128): Updating corpora: APPS=plv.colorado.edu.callinsbenchmark, CONTACTS=MAYBE
I/art     (  577): Explicit concurrent mark sweep GC freed 64411(3MB) AllocSpace objects, 29(2MB) LOS objects, 33% free, 17MB/26MB, paused 2.502ms total 233.145ms
I/PeopleContactsSync(17991): CP2 sync disabled
I/art     (17991): Explicit concurrent mark sweep GC freed 18672(1206KB) AllocSpace objects, 13(208KB) LOS objects, 25% free, 10MB/14MB, paused 793us total 40.134ms
I/art     (28881): System.exit called, status: 0
I/AndroidRuntime(28881): VM exiting with result code 0.
W/SQLiteConnectionPool(17991): A SQLiteConnection object for database '/data/data/com.google.android.gms/databases/history_query.db' was leaked!  Please fix your application to end transactions in progress properly and to close the database when it is no longer needed.
W/SQLiteConnectionPool(17991): A SQLiteConnection object for database '/data/data/com.google.android.gms/databases/help_responses.db' was leaked!  Please fix your application to end transactions in progress properly and to close the database when it is no longer needed.
W/SQLiteConnectionPool(17991): A SQLiteConnection object for database '/data/data/com.google.android.gms/databases/metrics.db' was leaked!  Please fix your application to end transactions in progress properly and to close the database when it is no longer needed.
W/SQLiteConnectionPool(17991): A SQLiteConnection object for database '/data/data/com.google.android.gms/databases/history_query.db' was leaked!  Please fix your application to end transactions in progress properly and to close the database when it is no longer needed.
W/SQLiteConnectionPool(17991): A SQLiteConnection object for database '/data/data/com.google.android.gms/databases/help_responses.db' was leaked!  Please fix your application to end transactions in progress properly and to close the database when it is no longer needed.
W/SQLiteConnectionPool(17991): A SQLiteConnection object for database '/data/data/com.google.android.gms/databases/metrics.db' was leaked!  Please fix your application to end transactions in progress properly and to close the database when it is no longer needed.
I/ApplicationLogger( 1128): canRun() : Opted Out
I/UpdateIcingCorporaServi( 1128): UpdateCorporaTask done [took 120 ms] updated apps [took 120 ms] 
D/AndroidRuntime(29131): >>>>>> START com.android.internal.os.RuntimeInit uid 2000 <<<<<<
D/AndroidRuntime(29131): CheckJNI is OFF
D/AndroidRuntime(29131): Calling main entry com.android.commands.am.Am
I/ActivityManager(  577): START u0 {flg=0x10000000 cmp=plv.colorado.edu.callinsbenchmark/.CallinsBenchmark} from uid 2000 on display 0
V/WindowManager(  577): addAppToken: AppWindowToken{13f4deb0 token=Token{31af11f3 ActivityRecord{2e9ecc62 u0 plv.colorado.edu.callinsbenchmark/.CallinsBenchmark t200}}} to stack=1 task=200 at 0
V/WindowManager(  577): Adding window Window{3118cc6b u0 Starting plv.colorado.edu.callinsbenchmark} at 3 of 8 (after Window{2e3a1a90 u0 com.android.launcher/com.android.launcher2.Launcher})
D/AndroidRuntime(29131): Shutting down VM
I/ActivityManager(  577): Start proc 29149:plv.colorado.edu.callinsbenchmark/u0a125 for activity plv.colorado.edu.callinsbenchmark/.CallinsBenchmark
I/art     (29149): Late-enabling -Xcheck:jni
W/ContextImpl(29149): Unable to create files subdir /data/data/plv.colorado.edu.callinsbenchmark/cache
E/ActivityThread(29149): Unable to setupGraphicsSupport due to missing cache directory
D/OpenGLRenderer(29149): Use EGL_SWAP_BEHAVIOR_PRESERVED: true
D/Atlas   (29149): Validating map...
V/WindowManager(  577): Adding window Window{71553e0 u0 plv.colorado.edu.callinsbenchmark/plv.colorado.edu.callinsbenchmark.CallinsBenchmark} at 3 of 9 (before Window{3118cc6b u0 Starting plv.colorado.edu.callinsbenchmark})
I/Adreno-EGL(29149): <qeglDrvAPI_eglInitialize:379>: QUALCOMM Build: 01/15/15, ab0075f, Id3510ff6dc
I/OpenGLRenderer(29149): Initialized EGL, version 1.4
D/OpenGLRenderer(29149): Enabling debug mode 0
I/ActivityManager(  577): Displayed plv.colorado.edu.callinsbenchmark/.CallinsBenchmark: +516ms
I/Icing   (17991): Indexing 49F237D35ED71596F6BAF877928397A88F50332C from com.google.android.googlequicksearchbox
I/Icing   (17991): Indexing done 49F237D35ED71596F6BAF877928397A88F50332C
W/GAV2    (28900): Thread[main,5,main]: dispatch call queued.  Need to call GAServiceManager.getInstance().initialize().
I/GAV2    (28900): Thread[GAThread,5,main]: No campaign data found.
V/ConfigFetchTask(17991): ConfigFetchTask getDeviceDataVersionInfo(): ABFEt1WW3aLMk8ZlcQohWVZTitGLEhaq-RTkVQrk5h0KeHGYXiJXflfLRf3A-EQtQDY3RZo-C5ZZXBxp81s9kxzjbz2q7LK-S-aJZWUCMkO1edmYdu56QZkXImZazcDuGVgt9jBkH5XUqpNDwXb1EaoRb6rZT6pFt6YFsLZy_3nKInPiugakbDgzjEUbJCTv5x1UmX8e68bnKOOU35V8oF9OZnhghhUwjv9SWI5byr6AB0PVdSb-j5A
I/GoogleURLConnFactory(17991): binding HttpService
I/GoogleHttpClient(17991): Falling back to old SSLCertificateSocketFactory
W/ConfigFetchTask(17991): exception on config fetch: java.net.UnknownHostException: Unable to resolve host "android.clients.google.com": No address associated with hostname
I/GoogleURLConnFactory(17991): unbinding HttpService
I/ConfigFetchService(17991): fetch service done; releasing wakelock
I/ConfigFetchService(17991): stopping self
I/ConfigService(17963): onDestroy
I/benchtime(ms): (29149): 0
D/Finsky  (21399): [1] 5.onFinished: Installation state replication succeeded.
I/benchtime(ms): (29149): 0
I/benchtime(ms): (29149): 0
I/benchtime(ms): (29149): 0
I/benchtime(ms): (29149): 0
I/benchtime(ms): (29149): 0
I/benchtime(ms): (29149): 0
I/benchtime(ms): (29149): 0
I/benchtime(ms): (29149): 0
I/benchtime(ms): (29149): 0
I/benchtime(ms): (29149): 0
I/benchtime(ms): (29149): 0
I/benchtime(ms): (29149): 0
I/benchtime(ms): (29149): 0
I/benchtime(ms): (29149): 0
I/benchtime(ms): (29149): 0
I/benchtime(ms): (29149): 0
I/benchtime(ms): (29149): 0
I/benchtime(ms): (29149): 0
I/benchtime(ms): (29149): 0
I/Process (29149): Sending signal. PID: 29149 SIG: 9
I/WindowState(  577): WIN DEATH: Window{71553e0 u0 plv.colorado.edu.callinsbenchmark/plv.colorado.edu.callinsbenchmark.CallinsBenchmark}
I/ActivityManager(  577): Process plv.colorado.edu.callinsbenchmark (pid 29149) has died
W/ActivityManager(  577): Force removing ActivityRecord{2e9ecc62 u0 plv.colorado.edu.callinsbenchmark/.CallinsBenchmark t200}: app died, no saved state
W/InputMethodManagerService(  577): Got RemoteException sending setActive(false) notification to pid 29149 uid 10125
W/OpenGLRenderer( 1011): Incorrectly called buildLayer on View: ShortcutAndWidgetContainer, destroying layer...
W/OpenGLRenderer( 1011): Incorrectly called buildLayer on View: ShortcutAndWidgetContainer, destroying layer...
