--------- beginning of system
05-06 14:04:14.819  1397  2649 D RestrictionPolicy: userId: 0, isMicrophoneEnabledAsUser : true
05-06 14:04:14.829  1397  3209 D RestrictionPolicy: userId: 0, isMicrophoneEnabledAsUser : true
05-06 14:04:14.829  1397  3107 D RestrictionPolicy: userId: 0, isMicrophoneEnabledAsUser : true
05-06 14:04:14.829  1397  2697 D RestrictionPolicy: userId: 0, isMicrophoneEnabledAsUser : true
05-06 14:04:14.829  1397  2648 D RestrictionPolicy: userId: 0, isMicrophoneEnabledAsUser : true
05-06 14:04:14.829  1397  1415 D RestrictionPolicy: userId: 0, isMicrophoneEnabledAsUser : true
05-06 14:04:14.949  1397  2531 D RestrictionPolicy: userId: 0, isMicrophoneEnabledAsUser : true
05-06 14:04:14.949  1397  3321 D RestrictionPolicy: userId: 0, isMicrophoneEnabledAsUser : true
05-06 14:04:14.949  1397  3317 D RestrictionPolicy: userId: 0, isMicrophoneEnabledAsUser : true
05-06 14:04:14.959  1397  3355 D RestrictionPolicy: userId: 0, isMicrophoneEnabledAsUser : true
05-06 14:04:14.959  1397  3343 D RestrictionPolicy: userId: 0, isMicrophoneEnabledAsUser : true
05-06 14:04:14.959  1397  2764 D RestrictionPolicy: userId: 0, isMicrophoneEnabledAsUser : true
05-06 14:04:14.959  1397  3322 D RestrictionPolicy: userId: 0, isMicrophoneEnabledAsUser : true
--------- beginning of main
05-06 14:04:15.009  2592  2933 D NetworkController.MobileSignalController(0/1): onSignalStrengthsChanged signalStrength=SignalStrength: 99 99 -120 -160 -120 -1 -1 11 -117 -13 20 -1 2147483647 0x2000 gsm|lte level=2
05-06 14:04:15.009  2984  2984 D WfcPhoneStateListener: onSignalStrengthsChanged(): signal strength did not change
05-06 14:04:15.009 11623 11623 D HeadsetPhoneState: Signal level : previous=2 curr=2
05-06 14:04:15.019  2592  2933 D NetworkController.MobileSignalController(0/1): getMobileIconGroup(): 13
05-06 14:04:15.019  2592  2933 D NetworkController.MobileSignalController(0/1): updateTMOMobileIconGroup(): 13
05-06 14:04:15.069  1397  2460 D RestrictionPolicy: userId: 0, isMicrophoneEnabledAsUser : true
05-06 14:04:15.069  1397  2649 D RestrictionPolicy: userId: 0, isMicrophoneEnabledAsUser : true
05-06 14:04:15.069  1397  3209 D RestrictionPolicy: userId: 0, isMicrophoneEnabledAsUser : true
05-06 14:04:15.069  1397  3107 D RestrictionPolicy: userId: 0, isMicrophoneEnabledAsUser : true
05-06 14:04:15.069  1397  2697 D RestrictionPolicy: userId: 0, isMicrophoneEnabledAsUser : true
05-06 14:04:15.079  1397  2648 D RestrictionPolicy: userId: 0, isMicrophoneEnabledAsUser : true
05-06 14:04:15.169  1397  1415 D BatteryService: !@BatteryListener : batteryPropertiesChanged!
05-06 14:04:15.169  1397  1415 D BatteryService: level:100, scale:100, status:5, health:2, present:true, voltage: 4352, temperature: 285, technology: Li-ion, AC powered:false, USB powered:true, POGO powered:false, Wireless powered:false, icon:17303418, invalid charger:0, maxChargingCurrent:0
05-06 14:04:15.169  1397  1415 D BatteryService: online:4, current avg:158, charge type:1, power sharing:false, high voltage charger:false, capacity:280000, batterySWSelfDischarging:false, current_now:-298
05-06 14:04:15.169  1397  1397 D BatteryService: Sending ACTION_BATTERY_CHANGED.
05-06 14:04:15.169  1397  1397 I Tethering: BATTERY_CHANGED, level = 100lowBatteryThreshold = 15
05-06 14:04:15.169  1397  1397 I MotionRecognitionService: Plugged
05-06 14:04:15.169  1397  2388 D WifiController: ApOrStaEnabledState  msg.what= 155652
05-06 14:04:15.169  1397  1397 D MotionRecognitionService:   cableConnection= 1
05-06 14:04:15.169  2592  2592 D KeyguardUpdateMonitor: received broadcast android.intent.action.BATTERY_CHANGED
05-06 14:04:15.169  1397  1397 D MotionRecognitionService: setPowerConnected | current backoffstate  = 1024 , state =1024
05-06 14:04:15.169  2592  2592 D KeyguardUpdateMonitor: handleBatteryUpdate
05-06 14:04:15.169  1397  1397 D MotionRecognitionService: skip setTransmitPower. 
05-06 14:04:15.169  2592  2592 D PowerUI : priorPlugType = 2 mPlugType =  2
05-06 14:04:15.179  2613  2613 D BatteryMonitor: new battery level: 100
05-06 14:04:15.179 11623 11623 V HeadsetService: HeadsetService - Received Intent.ACTION_BATTERY_CHANGED
05-06 14:04:15.179 11623 12758 D HeadsetStateMachine: Disconnected process message: 10, size: 0
05-06 14:04:15.199  2592  2592 D BatteryMeterView: ACTION_BATTERY_CHANGED : level:100 status:5 health:2
05-06 14:04:15.199  2592  2592 D BatteryMeterView: ACTION_BATTERY_CHANGED : level:100 status:5 health:2
05-06 14:04:15.199  1397  2764 D RestrictionPolicy: userId: 0, isMicrophoneEnabledAsUser : true
05-06 14:04:15.199  1397  2632 D RestrictionPolicy: userId: 0, isMicrophoneEnabledAsUser : true
05-06 14:04:15.199  1397  2460 D RestrictionPolicy: userId: 0, isMicrophoneEnabledAsUser : true
05-06 14:04:15.199  1397  2649 D RestrictionPolicy: userId: 0, isMicrophoneEnabledAsUser : true
05-06 14:04:15.199  1397  3209 D RestrictionPolicy: userId: 0, isMicrophoneEnabledAsUser : true
05-06 14:04:15.199  1397  3107 D RestrictionPolicy: userId: 0, isMicrophoneEnabledAsUser : true
05-06 14:04:15.209 15324 15324 I FIPS_bssl: FIPS approved mode (1) | 15324 | app_process
05-06 14:04:15.219 15324 15324 D AndroidRuntime: >>>>>> START com.android.internal.os.RuntimeInit uid 2000 <<<<<<
05-06 14:04:15.229 15324 15324 D AndroidRuntime: CheckJNI is OFF
05-06 14:04:15.229 15324 15324 D AndroidRuntime: readGMSProperty: start
05-06 14:04:15.229 15324 15324 D AndroidRuntime: readGMSProperty: already setted!!
05-06 14:04:15.229 15324 15324 D AndroidRuntime: propertySet: couldn't set property (it is from app)
05-06 14:04:15.229 15324 15324 D AndroidRuntime: readGMSProperty: could not set the property(default)!!
05-06 14:04:15.229 15324 15324 D AndroidRuntime: propertySet: couldn't set property (it is from app)
05-06 14:04:15.229 15324 15324 D AndroidRuntime: propertySet: couldn't set property (it is from app)
05-06 14:04:15.229 15324 15324 D AndroidRuntime: propertySet: couldn't set property (it is from app)
05-06 14:04:15.229 15324 15324 D AndroidRuntime: propertySet: couldn't set property (it is from app)
05-06 14:04:15.229 15324 15324 D AndroidRuntime: readGMSProperty: end
05-06 14:04:15.229 15324 15324 D AndroidRuntime: addProductProperty: start
05-06 14:04:15.259 15324 15324 D ICU     : No timezone override file found: /data/misc/zoneinfo/current/icu/icu_tzdata.dat
05-06 14:04:15.289 15324 15324 I Radio-JNI: register_android_hardware_Radio DONE
05-06 14:04:15.289 15324 15324 E AffinityControl: AffinityControl: registerfunction enter
05-06 14:04:15.309 15324 15324 D AndroidRuntime: Calling main entry com.android.commands.pm.Pm
05-06 14:04:15.339  1397  3343 D PackageManager: START PACKAGE DELETE: observer{17578843}
05-06 14:04:15.339  1397  3343 D PackageManager: pkg{<packageName>}
05-06 14:04:15.339  1397  3343 D PackageManager: user{0}
05-06 14:04:15.339  1397  3343 D PackageManager: caller{2000}
05-06 14:04:15.339  1397  3343 D PackageManager: flags{2}
05-06 14:04:15.339  1397  2764 D RestrictionPolicy: userId: 0, isMicrophoneEnabledAsUser : true
05-06 14:04:15.339  1397  1416 D RestrictionPolicy: userId: 0, isMicrophoneEnabledAsUser : true
05-06 14:04:15.339  1397  1416 D RestrictionPolicy: userId: 0, isMicrophoneEnabledAsUser : true
05-06 14:04:15.339  1397  1416 D RestrictionPolicy: userId: 0, isMicrophoneEnabledAsUser : true
05-06 14:04:15.339  1397  1416 D RestrictionPolicy: userId: 0, isMicrophoneEnabledAsUser : true
05-06 14:04:15.339  1397  1416 D RestrictionPolicy: userId: 0, isMicrophoneEnabledAsUser : true
05-06 14:04:15.349  1397  1416 D RestrictionPolicy: userId: 0, isMicrophoneEnabledAsUser : true
05-06 14:04:15.349  1397  3343 D PersonaManagerService: isFromApprovedUnInstaller: uid, userId, appid : 2000 0 2000
05-06 14:04:15.349  1397  3343 D PersonaManagerService: isFromApprovedUnInstaller: isApproved : true
05-06 14:04:15.349  1397  3343 D PersonaManagerService: isFromApprovedUnInstaller: isApproved before exit: true
05-06 14:04:15.349  1397  3343 D PackageManager: deletePackageAsUser- pkg:plv.colorado.edu.callinsbenchmark, userId:0, flag2
05-06 14:04:15.349  1397  3343 D PackageManager: deletePackageAsUser- pkg:plv.colorado.edu.callinsbenchmark, userId:0, flag2
05-06 14:04:15.349  1397  1571 D PackageManager: [MSG] DELETE_PACKAGE_AS_USER
05-06 14:04:15.349  1397  1571 D PackageManagerService: deletePackage- pkg:plv.colorado.edu.callinsbenchmark, edmuserId:0
05-06 14:04:15.349  1397  1571 D PackageManagerService: deletePackage- pkg:plv.colorado.edu.callinsbenchmark, edmuserId:-1
05-06 14:04:15.349  1397  1571 D ApplicationPolicy: getApplicationUninstallationEnabled
05-06 14:04:15.349  1397  1571 D ApplicationPolicy: getApplicationUninstallationEnabled :  enabled true
05-06 14:04:15.349  1397  1571 I PackageManager: !@  calling am.removeDeletedPkgsFromLru from PMS
05-06 14:04:15.359  1397  1571 D ActivityManager: removeDeletedPkgsFromLruStats called in AMS...plv.colorado.edu.callinsbenchmark
05-06 14:04:15.359  1397  1571 D PackageManager: !@killApplicatoin: 10284, uninstall pkg
05-06 14:04:15.359  1397  1468 I ActivityManager: Force stopping plv.colorado.edu.callinsbenchmark appid=10284 user=-1: uninstall pkg
05-06 14:04:15.359  1397  1571 I PackageManager: !@  calling am.removeDeletedPkgsFromLru from PMS
05-06 14:04:15.359  1397  1571 D ActivityManager: removeDeletedPkgsFromLruStats called in AMS...plv.colorado.edu.callinsbenchmark
05-06 14:04:15.459  1397  3107 D RestrictionPolicy: userId: 0, isMicrophoneEnabledAsUser : true
05-06 14:04:15.459  1397  2697 D RestrictionPolicy: userId: 0, isMicrophoneEnabledAsUser : true
05-06 14:04:15.469  1397  2648 D RestrictionPolicy: userId: 0, isMicrophoneEnabledAsUser : true
05-06 14:04:15.469  1397  1415 D RestrictionPolicy: userId: 0, isMicrophoneEnabledAsUser : true
05-06 14:04:15.469  1397  3321 D RestrictionPolicy: userId: 0, isMicrophoneEnabledAsUser : true
05-06 14:04:15.469  1397  2531 D RestrictionPolicy: userId: 0, isMicrophoneEnabledAsUser : true
05-06 14:04:15.579  1397  3317 D RestrictionPolicy: userId: 0, isMicrophoneEnabledAsUser : true
05-06 14:04:15.579  1397  3355 D RestrictionPolicy: userId: 0, isMicrophoneEnabledAsUser : true
05-06 14:04:15.579  1397  2764 D RestrictionPolicy: userId: 0, isMicrophoneEnabledAsUser : true
05-06 14:04:15.579  1397  3322 D RestrictionPolicy: userId: 0, isMicrophoneEnabledAsUser : true
05-06 14:04:15.579  1397  2632 D RestrictionPolicy: userId: 0, isMicrophoneEnabledAsUser : true
05-06 14:04:15.579  1397  2460 D RestrictionPolicy: userId: 0, isMicrophoneEnabledAsUser : true
05-06 14:04:15.579  1397  2649 D RestrictionPolicy: userId: 0, isMicrophoneEnabledAsUser : true
05-06 14:04:15.609  1397  1571 W System.err: remove failed: ENOENT (No such file or directory) : /data/system/packages.xml.bak
05-06 14:04:15.669  1397  1571 W System.err: remove failed: ENOENT (No such file or directory) : /data/system/users/0/package-restrictions.xml.bak
05-06 14:04:15.669  1397  5400 D SSRM:n  : SIOP:: AP = 300, PST = 300 (W:14), CP = 31, CUR = 158, LCD = 33
05-06 14:04:15.669   944   944 W keystore: ENTER clear_uid from uid 1000 for 10284
05-06 14:04:15.669  1397  1571 I art     : Starting a blocking GC Explicit
05-06 14:04:15.709  1397  3209 D RestrictionPolicy: userId: 0, isMicrophoneEnabledAsUser : true
05-06 14:04:15.709  1397  3343 D RestrictionPolicy: userId: 0, isMicrophoneEnabledAsUser : true
05-06 14:04:15.719  1397  2648 D RestrictionPolicy: userId: 0, isMicrophoneEnabledAsUser : true
05-06 14:04:15.719  1397  1415 D RestrictionPolicy: userId: 0, isMicrophoneEnabledAsUser : true
05-06 14:04:15.719  1397  3321 D RestrictionPolicy: userId: 0, isMicrophoneEnabledAsUser : true
05-06 14:04:15.719  1397  2531 D RestrictionPolicy: userId: 0, isMicrophoneEnabledAsUser : true
05-06 14:04:15.839  1397  3317 D RestrictionPolicy: userId: 0, isMicrophoneEnabledAsUser : true
05-06 14:04:15.839  1397  3355 D RestrictionPolicy: userId: 0, isMicrophoneEnabledAsUser : true
05-06 14:04:15.839  1397  2764 D RestrictionPolicy: userId: 0, isMicrophoneEnabledAsUser : true
05-06 14:04:15.849  1397  3322 D RestrictionPolicy: userId: 0, isMicrophoneEnabledAsUser : true
05-06 14:04:15.849  1397  2632 D RestrictionPolicy: userId: 0, isMicrophoneEnabledAsUser : true
05-06 14:04:15.849  1397  2460 D RestrictionPolicy: userId: 0, isMicrophoneEnabledAsUser : true
05-06 14:04:15.869  1397  1571 I art     : Explicit concurrent mark sweep GC freed 45333(3MB) AllocSpace objects, 9(180KB) LOS objects, 16% free, 80MB/96MB, paused 2.114ms total 193.912ms
05-06 14:04:15.869  1397  1571 D AASAuninstall: userId = 0, info.removedAppID = 10284, info.uid = 10284, packageName = plv.colorado.edu.callinsbenchmark
05-06 14:04:15.869  1397  1571 D PackageManager: result of delete: 1{17578843}
05-06 14:04:15.879 15324 15324 I art     : System.exit called, status: 0
05-06 14:04:15.879 15324 15324 I AndroidRuntime: VM exiting with result code 0.
05-06 14:04:15.879  1397  1571 W ResourcesManager: getTopLevelResources: /data/app/com.google.android.apps.messaging-1/base.apk / 1.0 running in null rsrc of package com.google.android.apps.messaging
05-06 14:04:15.879  1397  1571 D ResourcesManager: For user 0 new overlays fetched Null
05-06 14:04:15.879  1397  1571 W ResourcesManager: getTopLevelResources: /data/app/org.thoughtcrime.securesms-1/base.apk / 1.0 running in null rsrc of package org.thoughtcrime.securesms
05-06 14:04:15.879  1397  1571 D ResourcesManager: For user 0 new overlays fetched Null
05-06 14:04:15.879  1397  1571 W ResourcesManager: getTopLevelResources: /data/app/com.facebook.orca-2/base.apk / 1.0 running in null rsrc of package com.facebook.orca
05-06 14:04:15.969  1397  3209 D RestrictionPolicy: userId: 0, isMicrophoneEnabledAsUser : true
05-06 14:04:15.969  1397  1416 D RestrictionPolicy: userId: 0, isMicrophoneEnabledAsUser : true
05-06 14:04:15.969  1397  3343 D RestrictionPolicy: userId: 0, isMicrophoneEnabledAsUser : true
05-06 14:04:15.969  1397  3107 D RestrictionPolicy: userId: 0, isMicrophoneEnabledAsUser : true
05-06 14:04:15.969  1397  2697 D RestrictionPolicy: userId: 0, isMicrophoneEnabledAsUser : true
05-06 14:04:15.969  1397  2648 D RestrictionPolicy: userId: 0, isMicrophoneEnabledAsUser : true
05-06 14:04:15.969  1397  1415 D RestrictionPolicy: userId: 0, isMicrophoneEnabledAsUser : true
05-06 14:04:16.009  1397  1571 D ResourcesManager: For user 0 new overlays fetched Null
05-06 14:04:16.009  1397  1571 D PackageManager: [MSG] START_CLEANING_PACKAGE packageName{plv.colorado.edu.callinsbenchmark}
05-06 14:04:16.009  1397  1571 D PackageManager: userId{-1}
05-06 14:04:16.009  1397  1571 D PackageManager: andCode{true}
05-06 14:04:16.039 15335 15335 E Zygote  : v2
05-06 14:04:16.039 15335 15335 I libpersona: KNOX_SDCARD checking this for 10009
05-06 14:04:16.039 15335 15335 I libpersona: KNOX_SDCARD not a persona
05-06 14:04:16.039 15335 15335 E libpersona: scanKnoxPersonas
05-06 14:04:16.039 15335 15335 E libpersona: Couldn't open the File - /data/system/users/0/personalist.xml - No such file or directory
05-06 14:04:16.039  1397  1571 I ActivityManager: Start proc 15335:com.android.defcontainer/u0a9 for service com.android.defcontainer/.DefaultContainerService
05-06 14:04:16.039  1397  1571 I ActivityManager: Force stopping plv.colorado.edu.callinsbenchmark appid=10284 user=0: pkg removed
05-06 14:04:16.039 15335 15335 W SELinux : Function: selinux_compare_spd_ram, index[1], priority [2], priority version is VE=SEPF_SECMOBILE_6.0.1_0010
05-06 14:04:16.049 15335 15335 E Zygote  : accessInfo : 0
05-06 14:04:16.049 15335 15335 E libpersona: scanKnoxPersonas
05-06 14:04:16.049 15335 15335 E libpersona: Couldn't open the File - /data/system/users/0/personalist.xml - No such file or directory
05-06 14:04:16.079  1397  1397 W ResourcesManager: getTopLevelResources: /data/app/com.google.android.gms-1/base.apk / 1.0 running in null rsrc of package com.google.android.gms
05-06 14:04:16.099  1397  1397 W ResourceType: ResTable_typeSpec entry count inconsistent: given 3, previously 118
05-06 14:04:16.089  1397  1397 D ResourcesManager: For user 0 new overlays fetched Null
05-06 14:04:16.089  1397  1397 W ResourcesManager: getTopLevelResources: /data/app/com.google.android.gms-1/base.apk / 1.0 running in null rsrc of package com.google.android.gms
05-06 14:04:16.089  1397  1397 W ResourcesManager: getTopLevelResources: /system/priv-app/SNS_v2/SNS_v2.apk / 1.0 running in null rsrc of package com.sec.android.app.sns3
05-06 14:04:16.089  1397  1397 D ResourcesManager: For user 0 new overlays fetched Null
05-06 14:04:16.089  1397  1397 W ResourcesManager: getTopLevelResources: /system/priv-app/SNS_v2/SNS_v2.apk / 1.0 running in null rsrc of package com.sec.android.app.sns3
05-06 14:04:16.089  1397  1397 W ResourcesManager: getTopLevelResources: /system/priv-app/SNS_v2/SNS_v2.apk / 1.0 running in null rsrc of package com.sec.android.app.sns3
05-06 14:04:16.089  1397  1397 W ResourcesManager: getTopLevelResources: /system/priv-app/SNS_v2/SNS_v2.apk / 1.0 running in null rsrc of package com.sec.android.app.sns3
05-06 14:04:16.089  1397  1397 W ResourcesManager: getTopLevelResources: /system/priv-app/SNS_v2/SNS_v2.apk / 1.0 running in null rsrc of package com.sec.android.app.sns3
05-06 14:04:16.089  1397  1397 W ResourcesManager: getTopLevelResources: /system/priv-app/SNS_v2/SNS_v2.apk / 1.0 running in null rsrc of package com.sec.android.app.sns3
05-06 14:04:16.089  1397  1397 W ResourcesManager: getTopLevelResources: /system/priv-app/SNS_v2/SNS_v2.apk / 1.0 running in null rsrc of package com.sec.android.app.sns3
05-06 14:04:16.089  1397  1397 W ResourcesManager: getTopLevelResources: /system/priv-app/SNS_v2/SNS_v2.apk / 1.0 running in null rsrc of package com.sec.android.app.sns3
05-06 14:04:16.089  1397  1397 W ResourcesManager: getTopLevelResources: /system/priv-app/SNS_v2/SNS_v2.apk / 1.0 running in null rsrc of package com.sec.android.app.sns3
05-06 14:04:16.089  1397  1397 W ResourcesManager: getTopLevelResources: /system/priv-app/SNS_v2/SNS_v2.apk / 1.0 running in null rsrc of package com.sec.android.app.sns3
05-06 14:04:16.089  1397  1397 W ResourcesManager: getTopLevelResources: /system/priv-app/SamsungAccount_Hero/SamsungAccount_Hero.apk / 1.0 running in null rsrc of package com.osp.app.signin
05-06 14:04:16.089  1397  1397 D ResourcesManager: For user 0 new overlays fetched Null
05-06 14:04:16.089  1397  1397 W ResourcesManager: getTopLevelResources: /system/priv-app/SamsungAccount_Hero/SamsungAccount_Hero.apk / 1.0 running in null rsrc of package com.osp.app.signin
05-06 14:04:16.089  1397  1397 W ResourcesManager: getTopLevelResources: /system/app/CoreApps/CoreApps.apk / 1.0 running in null rsrc of package com.samsung.android.coreapps
05-06 14:04:16.089  1397  1397 D ResourcesManager: For user 0 new overlays fetched [/data/overlays/style/com.cambunch.MaterialDark/com.cambunch.MaterialDark.touchwiz.apk, /data/overlays/style/com.cambunch.MaterialDark/com.cambunch.MaterialDark.coreapps.apk, /data/overlays/style/com.cambunch.MaterialDark/com.cambunch.MaterialDark.common.apk]
05-06 14:04:16.099  1397  1397 W ResourcesManager: getTopLevelResources: /system/app/CoreApps/CoreApps.apk / 1.0 running in null rsrc of package com.samsung.android.coreapps
05-06 14:04:16.099  1397  1397 W ResourcesManager: getTopLevelResources: /data/app/com.google.android.gm-1/base.apk / 1.0 running in null rsrc of package com.google.android.gm
05-06 14:04:16.099  1397  1397 W ResourcesManager: getTopLevelResources: /data/app/com.google.android.gm-1/base.apk / 1.0 running in null rsrc of package com.google.android.gm
05-06 14:04:16.099  1397  1397 W ResourcesManager: getTopLevelResources: /data/app/com.google.android.gm-1/base.apk / 1.0 running in null rsrc of package com.google.android.gm
05-06 14:04:16.099  1397  1397 W ResourcesManager: getTopLevelResources: /data/app/com.google.android.gm-1/base.apk / 1.0 running in null rsrc of package com.google.android.gm
05-06 14:04:16.099  1397  1397 W ResourcesManager: getTopLevelResources: /data/app/com.google.android.gm-1/base.apk / 1.0 running in null rsrc of package com.google.android.gm
05-06 14:04:16.099  1397  1397 W ResourcesManager: getTopLevelResources: /data/app/com.google.android.gm-1/base.apk / 1.0 running in null rsrc of package com.google.android.gm
05-06 14:04:16.099  1397  1397 W ResourcesManager: getTopLevelResources: /data/app/com.humblebundle.library-1/base.apk / 1.0 running in null rsrc of package com.humblebundle.library
05-06 14:04:16.099  1397  2460 D RestrictionPolicy: userId: 0, isMicrophoneEnabledAsUser : true
05-06 14:04:16.099  1397  1397 D ResourcesManager: For user 0 new overlays fetched Null
05-06 14:04:16.099  1397  2649 D RestrictionPolicy: userId: 0, isMicrophoneEnabledAsUser : true
05-06 14:04:16.099  1397  1397 W ResourcesManager: getTopLevelResources: /data/app/com.humblebundle.library-1/base.apk / 1.0 running in null rsrc of package com.humblebundle.library
05-06 14:04:16.099  1397  1397 W ResourcesManager: getTopLevelResources: /data/app/com.microsoft.office.onenote-1/base.apk / 1.0 running in null rsrc of package com.microsoft.office.onenote
05-06 14:04:16.099  1397  1397 D ResourcesManager: For user 0 new overlays fetched Null
05-06 14:04:16.099  1397  1397 W ResourcesManager: getTopLevelResources: /data/app/com.microsoft.office.onenote-1/base.apk / 1.0 running in null rsrc of package com.microsoft.office.onenote
05-06 14:04:16.099  1397  1397 W ResourcesManager: getTopLevelResources: /data/app/com.microsoft.office.onenote-1/base.apk / 1.0 running in null rsrc of package com.microsoft.office.onenote
05-06 14:04:16.099  1397  1397 W ResourcesManager: getTopLevelResources: /data/app/com.microsoft.office.onenote-1/base.apk / 1.0 running in null rsrc of package com.microsoft.office.onenote
05-06 14:04:16.099  1397  1397 W ResourcesManager: getTopLevelResources: /data/app/org.thoughtcrime.securesms-1/base.apk / 1.0 running in null rsrc of package org.thoughtcrime.securesms
05-06 14:04:16.099  1397  1397 W ResourcesManager: getTopLevelResources: /data/app/org.thoughtcrime.securesms-1/base.apk / 1.0 running in null rsrc of package org.thoughtcrime.securesms
05-06 14:04:16.099  1397  1397 W ResourcesManager: getTopLevelResources: /data/app/org.mozilla.firefox-2/base.apk / 1.0 running in null rsrc of package org.mozilla.firefox
05-06 14:04:16.099  1397  1397 W ResourcesManager: getTopLevelResources: /data/app/org.mozilla.firefox-2/base.apk / 1.0 running in null rsrc of package org.mozilla.firefox
05-06 14:04:16.099  1397  1397 W ResourcesManager: getTopLevelResources: /data/app/com.skype.raider-2/base.apk / 1.0 running in null rsrc of package com.skype.raider
05-06 14:04:16.099  1397  3209 D RestrictionPolicy: userId: 0, isMicrophoneEnabledAsUser : true
05-06 14:04:16.099  1397  1416 D RestrictionPolicy: userId: 0, isMicrophoneEnabledAsUser : true
05-06 14:04:16.099  1397  2697 D RestrictionPolicy: userId: 0, isMicrophoneEnabledAsUser : true
05-06 14:04:16.109  1397  1415 D RestrictionPolicy: userId: 0, isMicrophoneEnabledAsUser : true
05-06 14:04:16.119  1397  1397 D ResourcesManager: For user 0 new overlays fetched Null
05-06 14:04:16.119  1397  1397 W ResourcesManager: getTopLevelResources: /data/app/com.skype.raider-2/base.apk / 1.0 running in null rsrc of package com.skype.raider
05-06 14:04:16.119  1397  1397 W ResourcesManager: getTopLevelResources: /data/app/com.facebook.orca-2/base.apk / 1.0 running in null rsrc of package com.facebook.orca
05-06 14:04:16.119  1397  1397 W ResourcesManager: getTopLevelResources: /data/app/com.facebook.orca-2/base.apk / 1.0 running in null rsrc of package com.facebook.orca
05-06 14:04:16.129  1397  2374 D NtpTrustedTime: currentTimeMillis() cache hit
05-06 14:04:16.129  1397  2374 V NetworkStats: removeUidsLocked() for UIDs [10284]
05-06 14:04:16.129  1397  2374 V NetworkStats: performPollLocked(flags=0x3)
05-06 14:04:16.129  1397  1397 V EnterpriseBillingAsyncHandler: packageModificationReceiver - onreceive - start - android.intent.action.PACKAGE_FULLY_REMOVED
05-06 14:04:16.129  1397  2437 V EnterpriseBillingPolicyInternal: packageModification -  start - android.intent.action.PACKAGE_FULLY_REMOVED
05-06 14:04:16.129  1397  2437 V EnterpriseBillingPolicyInternal: uID is 10284
05-06 14:04:16.129  1397  2437 V EnterpriseBillingPolicyInternal: Removed Packageuid is0
05-06 14:04:16.129  1397  2437 V EnterpriseBillingPolicyStorage: getProfileForApplication - enter
05-06 14:04:16.129  1397  1397 D EnterpriseSCEPPolicy: Package actually removal
05-06 14:04:16.129  1397  2437 V EnterpriseBillingPolicyStorage: getProfileForApplication - exit null : containerId = 0
05-06 14:04:16.129  1397  2437 V EnterpriseBillingPolicyInternal: packageModificationReceiver - onreceive - personal application - profile null
05-06 14:04:16.129  1397  1397 D EnterpriseSCEPPolicy: mPriority = 0
05-06 14:04:16.139  1397  1397 W ResourcesManager: getTopLevelResources: /system/priv-app/GoogleServicesFramework/GoogleServicesFramework.apk / 1.0 running in null rsrc of package com.google.android.gsf
05-06 14:04:16.139  1397  1397 D ResourcesManager: For user 0 new overlays fetched Null
05-06 14:04:16.139  1397  1397 W ResourcesManager: getTopLevelResources: /system/priv-app/GoogleServicesFramework/GoogleServicesFramework.apk / 1.0 running in null rsrc of package com.google.android.gsf
05-06 14:04:16.139  1397  1397 W ResourcesManager: getTopLevelResources: /system/priv-app/SCloudServiceHero/SCloudServiceHero.apk / 1.0 running in null rsrc of package com.samsung.android.scloud
05-06 14:04:16.139  1397  1397 D ResourcesManager: For user 0 new overlays fetched [/data/overlays/style/com.cambunch.MaterialDark/com.cambunch.MaterialDark.touchwiz.apk, /data/overlays/style/com.cambunch.MaterialDark/com.cambunch.MaterialDark.backup.apk, /data/overlays/style/com.cambunch.MaterialDark/com.cambunch.MaterialDark.common.apk]
05-06 14:04:16.139 15335 15335 D TimaKeyStoreProvider: TimaSignature is unavailable
05-06 14:04:16.139  1397  1397 W ResourcesManager: getTopLevelResources: /system/priv-app/SCloudServiceHero/SCloudServiceHero.apk / 1.0 running in null rsrc of package com.samsung.android.scloud
05-06 14:04:16.139  1397  1397 W ResourcesManager: getTopLevelResources: /system/priv-app/SCloudServiceHero/SCloudServiceHero.apk / 1.0 running in null rsrc of package com.samsung.android.scloud
05-06 14:04:16.139  1397  1397 W ResourcesManager: getTopLevelResources: /system/priv-app/SCloudServiceHero/SCloudServiceHero.apk / 1.0 running in null rsrc of package com.samsung.android.scloud
05-06 14:04:16.139  1397  1397 W ResourcesManager: getTopLevelResources: /system/priv-app/SCloudServiceHero/SCloudServiceHero.apk / 1.0 running in null rsrc of package com.samsung.android.scloud
05-06 14:04:16.139  1397  1397 W ResourcesManager: getTopLevelResources: /system/priv-app/SCloudServiceHero/SCloudServiceHero.apk / 1.0 running in null rsrc of package com.samsung.android.scloud
05-06 14:04:16.139  1397  1397 W ResourcesManager: getTopLevelResources: /system/priv-app/SCloudServiceHero/SCloudServiceHero.apk / 1.0 running in null rsrc of package com.samsung.android.scloud
05-06 14:04:16.139 15335 15335 D ActivityThread: Added TimaKeyStore provider
05-06 14:04:16.139  1397  1397 W ResourcesManager: getTopLevelResources: /system/priv-app/SCloudServiceHero/SCloudServiceHero.apk / 1.0 running in null rsrc of package com.samsung.android.scloud
05-06 14:04:16.139  1397  1397 W ResourcesManager: getTopLevelResources: /system/priv-app/SCloudServiceHero/SCloudServiceHero.apk / 1.0 running in null rsrc of package com.samsung.android.scloud
05-06 14:04:16.139  1397  1397 W ResourcesManager: getTopLevelResources: /system/priv-app/SCloudServiceHero/SCloudServiceHero.apk / 1.0 running in null rsrc of package com.samsung.android.scloud
05-06 14:04:16.139  1397  1397 W ResourcesManager: getTopLevelResources: /system/priv-app/SCloudServiceHero/SCloudServiceHero.apk / 1.0 running in null rsrc of package com.samsung.android.scloud
05-06 14:04:16.139  1397  1397 W ResourcesManager: getTopLevelResources: /system/priv-app/SCloudServiceHero/SCloudServiceHero.apk / 1.0 running in null rsrc of package com.samsung.android.scloud
05-06 14:04:16.139  1397  1397 W ResourcesManager: getTopLevelResources: /system/priv-app/SCloudServiceHero/SCloudServiceHero.apk / 1.0 running in null rsrc of package com.samsung.android.scloud
05-06 14:04:16.139  1397  1397 W ResourcesManager: getTopLevelResources: /system/priv-app/SCloudServiceHero/SCloudServiceHero.apk / 1.0 running in null rsrc of package com.samsung.android.scloud
05-06 14:04:16.139  1397  1397 W ResourcesManager: getTopLevelResources: /system/priv-app/SNS_v2/SNS_v2.apk / 1.0 running in null rsrc of package com.sec.android.app.sns3
05-06 14:04:16.139  1397  1397 W ResourcesManager: getTopLevelResources: /system/priv-app/SNS_v2/SNS_v2.apk / 1.0 running in null rsrc of package com.sec.android.app.sns3
05-06 14:04:16.139  1397  1397 W ResourcesManager: getTopLevelResources: /system/priv-app/SNS_v2/SNS_v2.apk / 1.0 running in null rsrc of package com.sec.android.app.sns3
05-06 14:04:16.139  1397  1397 W ResourcesManager: getTopLevelResources: /system/priv-app/SNS_v2/SNS_v2.apk / 1.0 running in null rsrc of package com.sec.android.app.sns3
05-06 14:04:16.139  1397  1397 W ResourcesManager: getTopLevelResources: /system/priv-app/SNS_v2/SNS_v2.apk / 1.0 running in null rsrc of package com.sec.android.app.sns3
05-06 14:04:16.139  1397  1397 W ResourcesManager: getTopLevelResources: /system/priv-app/SNS_v2/SNS_v2.apk / 1.0 running in null rsrc of package com.sec.android.app.sns3
05-06 14:04:16.139  1397  1397 W ResourcesManager: getTopLevelResources: /system/priv-app/SNS_v2/SNS_v2.apk / 1.0 running in null rsrc of package com.sec.android.app.sns3
05-06 14:04:16.139  1397  1397 W ResourcesManager: getTopLevelResources: /system/priv-app/SNS_v2/SNS_v2.apk / 1.0 running in null rsrc of package com.sec.android.app.sns3
05-06 14:04:16.139  1397  1397 W ResourcesManager: getTopLevelResources: /system/priv-app/SNS_v2/SNS_v2.apk / 1.0 running in null rsrc of package com.sec.android.app.sns3
05-06 14:04:16.139  1397  1397 W ResourcesManager: getTopLevelResources: /system/priv-app/SNS_v2/SNS_v2.apk / 1.0 running in null rsrc of package com.sec.android.app.sns3
05-06 14:04:16.139  1397  1397 W ResourcesManager: getTopLevelResources: /system/priv-app/SNS_v2/SNS_v2.apk / 1.0 running in null rsrc of package com.sec.android.app.sns3
05-06 14:04:16.139  1397  1397 W ResourcesManager: getTopLevelResources: /system/priv-app/SNS_v2/SNS_v2.apk / 1.0 running in null rsrc of package com.sec.android.app.sns3
05-06 14:04:16.139  1397  1397 W ResourcesManager: getTopLevelResources: /system/app/CoreApps/CoreApps.apk / 1.0 running in null rsrc of package com.samsung.android.coreapps
05-06 14:04:16.139  1397  1397 W ResourcesManager: getTopLevelResources: /system/app/CoreApps/CoreApps.apk / 1.0 running in null rsrc of package com.samsung.android.coreapps
05-06 14:04:16.139  1397  1397 W ResourcesManager: getTopLevelResources: /system/app/GoogleCalendarSyncAdapter/GoogleCalendarSyncAdapter.apk / 1.0 running in null rsrc of package com.google.android.syncadapters.calendar
05-06 14:04:16.149  1397  1397 D ResourcesManager: For user 0 new overlays fetched Null
05-06 14:04:16.149  1397  1397 W ResourcesManager: getTopLevelResources: /system/app/GoogleCalendarSyncAdapter/GoogleCalendarSyncAdapter.apk / 1.0 running in null rsrc of package com.google.android.syncadapters.calendar
05-06 14:04:16.149  1397  1397 W ResourcesManager: getTopLevelResources: /system/app/GoogleContactsSyncAdapter/GoogleContactsSyncAdapter.apk / 1.0 running in null rsrc of package com.google.android.syncadapters.contacts
05-06 14:04:16.149  1397  1397 D ResourcesManager: For user 0 new overlays fetched Null
05-06 14:04:16.149  1397  1397 W ResourcesManager: getTopLevelResources: /system/app/GoogleContactsSyncAdapter/GoogleContactsSyncAdapter.apk / 1.0 running in null rsrc of package com.google.android.syncadapters.contacts
05-06 14:04:16.149  1397  1397 W ResourcesManager: getTopLevelResources: /data/app/com.google.android.gms-1/base.apk / 1.0 running in null rsrc of package com.google.android.gms
05-06 14:04:16.149  1397  1397 W ResourcesManager: getTopLevelResources: /data/app/com.google.android.gms-1/base.apk / 1.0 running in null rsrc of package com.google.android.gms
05-06 14:04:16.149  1397  1397 W ResourcesManager: getTopLevelResources: /data/app/com.google.android.gms-1/base.apk / 1.0 running in null rsrc of package com.google.android.gms
05-06 14:04:16.149  1397  1397 W ResourcesManager: getTopLevelResources: /data/app/com.google.android.gms-1/base.apk / 1.0 running in null rsrc of package com.google.android.gms
05-06 14:04:16.149  1397  1397 W ResourcesManager: getTopLevelResources: /data/app/com.google.android.gms-1/base.apk / 1.0 running in null rsrc of package com.google.android.gms
05-06 14:04:16.149  1397  1397 W ResourcesManager: getTopLevelResources: /data/app/com.google.android.gms-1/base.apk / 1.0 running in null rsrc of package com.google.android.gms
05-06 14:04:16.149  1397  1397 W ResourcesManager: getTopLevelResources: /data/app/com.google.android.gms-1/base.apk / 1.0 running in null rsrc of package com.google.android.gms
05-06 14:04:16.149  1397  1397 W ResourcesManager: getTopLevelResources: /data/app/com.google.android.gms-1/base.apk / 1.0 running in null rsrc of package com.google.android.gms
05-06 14:04:16.149  1397  1397 W ResourcesManager: getTopLevelResources: /data/app/com.google.android.gms-1/base.apk / 1.0 running in null rsrc of package com.google.android.gms
05-06 14:04:16.149  1397  1397 W ResourcesManager: getTopLevelResources: /data/app/com.google.android.gms-1/base.apk / 1.0 running in null rsrc of package com.google.android.gms
05-06 14:04:16.149  1397  1397 W ResourcesManager: getTopLevelResources: /data/app/com.google.android.gms-1/base.apk / 1.0 running in null rsrc of package com.google.android.gms
05-06 14:04:16.149  1397  1397 W ResourcesManager: getTopLevelResources: /data/app/com.google.android.gms-1/base.apk / 1.0 running in null rsrc of package com.google.android.gms
05-06 14:04:16.149  1397  1397 W ResourcesManager: getTopLevelResources: /data/app/com.google.android.gms-1/base.apk / 1.0 running in null rsrc of package com.google.android.gms
05-06 14:04:16.149  1397  1397 W ResourcesManager: getTopLevelResources: /data/app/com.google.android.gms-1/base.apk / 1.0 running in null rsrc of package com.google.android.gms
05-06 14:04:16.149  1397  1397 W ResourcesManager: getTopLevelResources: /data/app/com.google.android.gms-1/base.apk / 1.0 running in null rsrc of package com.google.android.gms
05-06 14:04:16.149  1397  1397 W ResourcesManager: getTopLevelResources: /data/app/com.google.android.gms-1/base.apk / 1.0 running in null rsrc of package com.google.android.gms
05-06 14:04:16.149  1397  1397 W ResourcesManager: getTopLevelResources: /data/app/com.google.android.gms-1/base.apk / 1.0 running in null rsrc of package com.google.android.gms
05-06 14:04:16.149  1397  1397 W ResourcesManager: getTopLevelResources: /data/app/com.google.android.gms-1/base.apk / 1.0 running in null rsrc of package com.google.android.gms
05-06 14:04:16.149  1397  1397 W ResourcesManager: getTopLevelResources: /data/app/com.google.android.gms-1/base.apk / 1.0 running in null rsrc of package com.google.android.gms
05-06 14:04:16.149  1397  1397 W ResourcesManager: getTopLevelResources: /data/app/com.google.android.gms-1/base.apk / 1.0 running in null rsrc of package com.google.android.gms
05-06 14:04:16.149  1397  1397 W ResourcesManager: getTopLevelResources: /data/app/com.google.android.gms-1/base.apk / 1.0 running in null rsrc of package com.google.android.gms
05-06 14:04:16.149  1397  1397 W ResourcesManager: getTopLevelResources: /data/app/com.google.android.gms-1/base.apk / 1.0 running in null rsrc of package com.google.android.gms
05-06 14:04:16.149  1397  1397 W ResourcesManager: getTopLevelResources: /data/app/com.google.android.gms-1/base.apk / 1.0 running in null rsrc of package com.google.android.gms
05-06 14:04:16.149  1397  1397 W ResourcesManager: getTopLevelResources: /data/app/com.google.android.gms-1/base.apk / 1.0 running in null rsrc of package com.google.android.gms
05-06 14:04:16.149  1397  1397 W ResourcesManager: getTopLevelResources: /data/app/com.google.android.gms-1/base.apk / 1.0 running in null rsrc of package com.google.android.gms
05-06 14:04:16.149  1397  1397 W ResourcesManager: getTopLevelResources: /data/app/com.google.android.gms-1/base.apk / 1.0 running in null rsrc of package com.google.android.gms
05-06 14:04:16.149  1397  1397 W ResourcesManager: getTopLevelResources: /data/app/com.google.android.gms-1/base.apk / 1.0 running in null rsrc of package com.google.android.gms
05-06 14:04:16.149  1397  1397 W ResourcesManager: getTopLevelResources: /data/app/com.google.android.gms-1/base.apk / 1.0 running in null rsrc of package com.google.android.gms
05-06 14:04:16.149  1397  1397 W ResourcesManager: getTopLevelResources: /data/app/com.google.android.gms-1/base.apk / 1.0 running in null rsrc of package com.google.android.gms
05-06 14:04:16.149  1397  1397 W ResourcesManager: getTopLevelResources: /data/app/com.google.android.gms-1/base.apk / 1.0 running in null rsrc of package com.google.android.gms
05-06 14:04:16.149  1397  1397 W ResourcesManager: getTopLevelResources: /data/app/com.google.android.gms-1/base.apk / 1.0 running in null rsrc of package com.google.android.gms
05-06 14:04:16.149  1397  1397 W ResourcesManager: getTopLevelResources: /data/app/com.google.android.gms-1/base.apk / 1.0 running in null rsrc of package com.google.android.gms
05-06 14:04:16.149  1397  1397 W ResourcesManager: getTopLevelResources: /data/app/com.android.chrome-1/base.apk / 1.0 running in null rsrc of package com.android.chrome
05-06 14:04:16.149  1397  1397 W ResourcesManager: getTopLevelResources: /data/app/com.android.chrome-1/base.apk / 1.0 running in null rsrc of package com.android.chrome
05-06 14:04:16.149  1397  1397 W ResourcesManager: getTopLevelResources: /data/app/com.google.android.gm-1/base.apk / 1.0 running in null rsrc of package com.google.android.gm
05-06 14:04:16.149  1397  1397 W ResourcesManager: getTopLevelResources: /data/app/com.google.android.gm-1/base.apk / 1.0 running in null rsrc of package com.google.android.gm
05-06 14:04:16.149  1397  1397 W ResourcesManager: getTopLevelResources: /data/app/com.google.android.gm-1/base.apk / 1.0 running in null rsrc of package com.google.android.gm
05-06 14:04:16.149  1397  1397 W ResourcesManager: getTopLevelResources: /data/app/com.google.android.gm-1/base.apk / 1.0 running in null rsrc of package com.google.android.gm
05-06 14:04:16.149  1397  1397 W ResourcesManager: getTopLevelResources: /data/app/com.google.android.gm-1/base.apk / 1.0 running in null rsrc of package com.google.android.gm
05-06 14:04:16.149  1397  1397 W ResourcesManager: getTopLevelResources: /data/app/com.google.android.gm-1/base.apk / 1.0 running in null rsrc of package com.google.android.gm
05-06 14:04:16.149  1397  1397 W ResourcesManager: getTopLevelResources: /data/app/com.google.android.gm-1/base.apk / 1.0 running in null rsrc of package com.google.android.gm
05-06 14:04:16.149  1397  1397 W ResourcesManager: getTopLevelResources: /data/app/com.google.android.gm-1/base.apk / 1.0 running in null rsrc of package com.google.android.gm
05-06 14:04:16.149  1397  1397 W ResourcesManager: getTopLevelResources: /data/app/com.google.android.gm-1/base.apk / 1.0 running in null rsrc of package com.google.android.gm
05-06 14:04:16.149  1397  1397 W ResourcesManager: getTopLevelResources: /data/app/com.google.android.gm-1/base.apk / 1.0 running in null rsrc of package com.google.android.gm
05-06 14:04:16.149  1397  1397 W ResourcesManager: getTopLevelResources: /data/app/com.google.android.gm-1/base.apk / 1.0 running in null rsrc of package com.google.android.gm
05-06 14:04:16.149  1397  1397 W ResourcesManager: getTopLevelResources: /data/app/com.google.android.gm-1/base.apk / 1.0 running in null rsrc of package com.google.android.gm
05-06 14:04:16.149  1397  1397 W ResourcesManager: getTopLevelResources: /data/app/com.google.android.music-1/base.apk / 1.0 running in null rsrc of package com.google.android.music
05-06 14:04:16.149  1397  1397 D ResourcesManager: For user 0 new overlays fetched Null
05-06 14:04:16.159  1397  1397 W ResourcesManager: getTopLevelResources: /data/app/com.google.android.music-1/base.apk / 1.0 running in null rsrc of package com.google.android.music
05-06 14:04:16.179 15335 15335 I InjectionManager: Inside getClassLibPath + mLibMap{0=, 1=}
05-06 14:04:16.159  1397  1397 W ResourcesManager: getTopLevelResources: /data/app/com.google.android.videos-1/base.apk / 1.0 running in null rsrc of package com.google.android.videos
05-06 14:04:16.159  1397  1397 D ResourcesManager: For user 0 new overlays fetched Null
05-06 14:04:16.159  1397  1397 W ResourcesManager: getTopLevelResources: /data/app/com.google.android.videos-1/base.apk / 1.0 running in null rsrc of package com.google.android.videos
05-06 14:04:16.159  1397  1397 W ResourcesManager: getTopLevelResources: /data/app/com.google.android.apps.docs-1/base.apk / 1.0 running in null rsrc of package com.google.android.apps.docs
05-06 14:04:16.159  1397  1397 D ResourcesManager: For user 0 new overlays fetched Null
05-06 14:04:16.159  1397  1397 W ResourcesManager: getTopLevelResources: /data/app/com.google.android.apps.docs-1/base.apk / 1.0 running in null rsrc of package com.google.android.apps.docs
05-06 14:04:16.159  1397  1397 W ResourcesManager: getTopLevelResources: /data/app/com.sec.android.app.shealth-1/base.apk / 1.0 running in null rsrc of package com.sec.android.app.shealth
05-06 14:04:16.159  1397  1397 W ResourcesManager: getTopLevelResources: /data/app/com.sec.android.app.shealth-1/base.apk / 1.0 running in null rsrc of package com.sec.android.app.shealth
05-06 14:04:16.159  1397  1397 W ResourcesManager: getTopLevelResources: /data/app/com.sec.android.app.shealth-1/base.apk / 1.0 running in null rsrc of package com.sec.android.app.shealth
05-06 14:04:16.159  1397  1397 W ResourcesManager: getTopLevelResources: /data/app/com.sec.android.app.shealth-1/base.apk / 1.0 running in null rsrc of package com.sec.android.app.shealth
05-06 14:04:16.159  1397  1397 W ResourcesManager: getTopLevelResources: /data/app/com.google.android.apps.docs.editors.docs-1/base.apk / 1.0 running in null rsrc of package com.google.android.apps.docs.editors.docs
05-06 14:04:16.159  1397  1397 D ResourcesManager: For user 0 new overlays fetched Null
05-06 14:04:16.159  1397  1397 W ResourcesManager: getTopLevelResources: /data/app/com.google.android.apps.docs.editors.docs-1/base.apk / 1.0 running in null rsrc of package com.google.android.apps.docs.editors.docs
05-06 14:04:16.159  1397  1397 W ResourcesManager: getTopLevelResources: /data/app/com.google.android.apps.cloudprint-1/base.apk / 1.0 running in null rsrc of package com.google.android.apps.cloudprint
05-06 14:04:16.159  1397  1397 D ResourcesManager: For user 0 new overlays fetched Null
05-06 14:04:16.169  1397  1397 W ResourcesManager: getTopLevelResources: /data/app/com.google.android.apps.cloudprint-1/base.apk / 1.0 running in null rsrc of package com.google.android.apps.cloudprint
05-06 14:04:16.169  1397  1397 W ResourcesManager: getTopLevelResources: /data/app/com.humblebundle.library-1/base.apk / 1.0 running in null rsrc of package com.humblebundle.library
05-06 14:04:16.169  1397  1397 W ResourcesManager: getTopLevelResources: /data/app/com.humblebundle.library-1/base.apk / 1.0 running in null rsrc of package com.humblebundle.library
05-06 14:04:16.169  1397  1397 W ResourcesManager: getTopLevelResources: /data/app/com.google.android.inputmethod.latin-1/base.apk / 1.0 running in null rsrc of package com.google.android.inputmethod.latin
05-06 14:04:16.169  1397  1397 D ResourcesManager: For user 0 new overlays fetched Null
05-06 14:04:16.169  1397  1397 W ResourcesManager: getTopLevelResources: /data/app/com.google.android.inputmethod.latin-1/base.apk / 1.0 running in null rsrc of package com.google.android.inputmethod.latin
05-06 14:04:16.169  1397  1397 W ResourcesManager: getTopLevelResources: /data/app/com.google.android.apps.docs.editors.sheets-1/base.apk / 1.0 running in null rsrc of package com.google.android.apps.docs.editors.sheets
05-06 14:04:16.169  1397  1397 D ResourcesManager: For user 0 new overlays fetched Null
05-06 14:04:16.169  1397  1397 W ResourcesManager: getTopLevelResources: /data/app/com.google.android.apps.docs.editors.sheets-1/base.apk / 1.0 running in null rsrc of package com.google.android.apps.docs.editors.sheets
05-06 14:04:16.169  1397  1397 W ResourcesManager: getTopLevelResources: /data/app/com.microsoft.office.onenote-1/base.apk / 1.0 running in null rsrc of package com.microsoft.office.onenote
05-06 14:04:16.169  1397  1397 W ResourcesManager: getTopLevelResources: /data/app/com.microsoft.office.onenote-1/base.apk / 1.0 running in null rsrc of package com.microsoft.office.onenote
05-06 14:04:16.169  1397  1397 W ResourcesManager: getTopLevelResources: /data/app/com.google.android.apps.magazines-1/base.apk / 1.0 running in null rsrc of package com.google.android.apps.magazines
05-06 14:04:16.169  1397  1397 D ResourcesManager: For user 0 new overlays fetched Null
05-06 14:04:16.169  1397  1397 W ResourcesManager: getTopLevelResources: /data/app/com.google.android.apps.magazines-1/base.apk / 1.0 running in null rsrc of package com.google.android.apps.magazines
05-06 14:04:16.169  1397  1397 W ResourcesManager: getTopLevelResources: /data/app/com.google.android.apps.genie.geniewidget-1/base.apk / 1.0 running in null rsrc of package com.google.android.apps.genie.geniewidget
05-06 14:04:16.169  1397  1397 D ResourcesManager: For user 0 new overlays fetched Null
05-06 14:04:16.179  1397  1397 W ResourcesManager: getTopLevelResources: /data/app/com.google.android.apps.genie.geniewidget-1/base.apk / 1.0 running in null rsrc of package com.google.android.apps.genie.geniewidget
05-06 14:04:16.179  1397  1397 W ResourcesManager: getTopLevelResources: /data/app/com.google.android.calendar-1/base.apk / 1.0 running in null rsrc of package com.google.android.calendar
05-06 14:04:16.179 15335 15335 W ResourcesManager: getTopLevelResources: /system/priv-app/DefaultContainerService/DefaultContainerService.apk / 1.0 running in com.android.defcontainer rsrc of package com.android.defcontainer
05-06 14:04:16.179  1397  1397 D ResourcesManager: For user 0 new overlays fetched Null
05-06 14:04:16.179  1397  1397 W ResourcesManager: getTopLevelResources: /data/app/com.google.android.calendar-1/base.apk / 1.0 running in null rsrc of package com.google.android.calendar
05-06 14:04:16.179  1397  1397 W ResourcesManager: getTopLevelResources: /data/app/com.google.android.apps.books-1/base.apk / 1.0 running in null rsrc of package com.google.android.apps.books
05-06 14:04:16.179  1397  1397 D ResourcesManager: For user 0 new overlays fetched Null
05-06 14:04:16.179  1397  2531 I InjectionManagerService -AppFeature: getCoreFeaturePkgList :[]
05-06 14:04:16.179  1397  1397 W ResourcesManager: getTopLevelResources: /data/app/com.google.android.apps.books-1/base.apk / 1.0 running in null rsrc of package com.google.android.apps.books
05-06 14:04:16.179  1397  1397 W ResourcesManager: getTopLevelResources: /data/app/com.google.android.inputmethod.pinyin-1/base.apk / 1.0 running in null rsrc of package com.google.android.inputmethod.pinyin
05-06 14:04:16.179  1397  1397 D ResourcesManager: For user 0 new overlays fetched Null
05-06 14:04:16.179  1397  1397 W ResourcesManager: getTopLevelResources: /data/app/com.google.android.inputmethod.pinyin-1/base.apk / 1.0 running in null rsrc of package com.google.android.inputmethod.pinyin
05-06 14:04:16.179  1397  1397 W ResourcesManager: getTopLevelResources: /data/app/org.thoughtcrime.securesms-1/base.apk / 1.0 running in null rsrc of package org.thoughtcrime.securesms
05-06 14:04:16.179  1397  1397 W ResourcesManager: getTopLevelResources: /data/app/org.thoughtcrime.securesms-1/base.apk / 1.0 running in null rsrc of package org.thoughtcrime.securesms
05-06 14:04:16.179  1397  1397 W ResourcesManager: getTopLevelResources: /data/app/org.mozilla.firefox-2/base.apk / 1.0 running in null rsrc of package org.mozilla.firefox
05-06 14:04:16.179  1397  1397 W ResourcesManager: getTopLevelResources: /data/app/org.mozilla.firefox-2/base.apk / 1.0 running in null rsrc of package org.mozilla.firefox
05-06 14:04:16.179  1397  1397 W ResourcesManager: getTopLevelResources: /data/app/com.skype.raider-2/base.apk / 1.0 running in null rsrc of package com.skype.raider
05-06 14:04:16.179  1397  1397 W ResourcesManager: getTopLevelResources: /data/app/com.skype.raider-2/base.apk / 1.0 running in null rsrc of package com.skype.raider
05-06 14:04:16.179  1397  1397 W ResourcesManager: getTopLevelResources: /data/app/com.facebook.orca-2/base.apk / 1.0 running in null rsrc of package com.facebook.orca
05-06 14:04:16.179  1397  1397 W ResourcesManager: getTopLevelResources: /data/app/com.facebook.orca-2/base.apk / 1.0 running in null rsrc of package com.facebook.orca
05-06 14:04:16.179  1397  1397 W ResourcesManager: getTopLevelResources: /data/app/com.google.android.apps.plus-2/base.apk / 1.0 running in null rsrc of package com.google.android.apps.plus
05-06 14:04:16.189  1397  1397 D ResourcesManager: For user 0 new overlays fetched Null
05-06 14:04:16.189  1397  1397 W ResourcesManager: getTopLevelResources: /data/app/com.google.android.apps.plus-2/base.apk / 1.0 running in null rsrc of package com.google.android.apps.plus
