05-06 14:04:17.409 15392 15392 W SELinux : Function: selinux_compare_spd_ram, index[1], priority [2], priority version is VE=SEPF_SECMOBILE_6.0.1_0010
05-06 14:04:17.409 15392 15392 I libpersona: KNOX_SDCARD not a persona
05-06 14:04:17.409 15392 15392 E Zygote  : accessInfo : 0
05-06 14:04:17.409  1397  1571 W PackageManager: verifying app can be installed or not
05-06 14:04:17.409  1397  1571 D ApplicationPolicy: isApplicationInstallationEnabled
05-06 14:04:17.409  1397  1571 D ApplicationPolicy: isApplicationInstallationEnabled :  Checking PKG WL - false
05-06 14:04:17.409  1397  1571 D ApplicationPolicy: isApplicationInstallationEnabled :  Checking PKG BL - true
05-06 14:04:17.409  1397  1571 D ApplicationPolicy: isApplicationInstallationEnabled :  Checking PERM BL - true
05-06 14:04:17.409  1397  1571 D ApplicationPolicy: isApplicationInstallationEnabled :  Checking SIG BL - true
05-06 14:04:17.409  1397  1571 D ApplicationPolicy: isApplicationInstallationEnabled :  Checking PKG WL - false
05-06 14:04:17.409  1397  1571 D ApplicationPolicy: isApplicationInstallationEnabled :  Checking PKG BL - true
05-06 14:04:17.409  1397  1571 D ApplicationPolicy: isApplicationInstallationEnabled :  Checking PERM BL - true
05-06 14:04:17.409  1397  1571 D ApplicationPolicy: isApplicationInstallationEnabled :  Checking SIG BL - true
05-06 14:04:17.409  1397  1571 D ApplicationPolicy: isApplicationInstallationEnabled :  Checking PKG WL - false
05-06 14:04:17.409  1397  1571 D RestrictionPolicy: isNewAdminInstallationEnabledInternal : false
05-06 14:04:17.409  1397  1571 D ApplicationPolicy: isApplicationInstallationEnabled :  Checking PKG BL - true
05-06 14:04:17.409  1397  1571 D ApplicationPolicy: isApplicationInstallationEnabled :  Checking PERM BL - true
05-06 14:04:17.409  1397  1571 D ApplicationPolicy: isApplicationInstallationEnabled :  Checking SIG BL - true
05-06 14:04:17.409  1397  1571 D ApplicationPolicy: isApplicationInstallationEnabled :  enabled true
05-06 14:04:17.409  1397  1571 I AASAInstall: ship device
05-06 14:04:17.419  1397  1571 E NativeLibraryHelper: Failed to load assets verifier: 0
05-06 14:04:17.419  1397  2460 I ActivityManager: Start proc 15403:com.sec.android.provider.badge/u0a4 for content provider com.sec.android.provider.badge/.BadgeProvider
05-06 14:04:17.429  1397  1571 I PackageManager.DexOptimizer: Running dexopt (dex2oat) on: /data/app/vmdl1326775876.tmp/base.apk pkg=plv.colorado.edu.callinsbenchmark isa=arm64 vmSafeMode=false debuggable=true oatDir = /data/app/vmdl1326775876.tmp/oat bootComplete=true
05-06 14:04:17.429  1397  2764 V AlarmManager:  remove PendingIntent] PendingIntent{69aa5ee: PendingIntentRecord{27b5a8f com.samsung.android.intelligenceservice2 broadcastIntent}}
05-06 14:04:17.429 15403 15403 E Zygote  : v2
05-06 14:04:17.429 15403 15403 I libpersona: KNOX_SDCARD checking this for 10004
05-06 14:04:17.429 15403 15403 I libpersona: KNOX_SDCARD not a persona
05-06 14:04:17.429 15403 15403 W SELinux : Function: selinux_compare_spd_ram, index[1], priority [2], priority version is VE=SEPF_SECMOBILE_6.0.1_0010
05-06 14:04:17.429 15403 15403 E Zygote  : accessInfo : 0
05-06 14:04:17.429 15403 15403 W SELinux : SELinux: seapp_context_lookup: seinfo=platform, level=s0:c512,c768, pkgname=com.sec.android.provider.badge 
05-06 14:04:17.449 15392 15392 D TimaKeyStoreProvider: TimaSignature is unavailable
05-06 14:04:17.449 15392 15392 D ActivityThread: Added TimaKeyStore provider
05-06 14:04:17.449  1397  2648 V BroadcastQueue: [background] Process cur broadcast BroadcastRecord{1af634a u0 android.intent.action.PACKAGE_REMOVED qIdx=4}, state= (APP_RECEIVE) DELIVERED for app ProcessRecord{db7511c 15392:com.android.keychain/1000}
05-06 14:04:17.469 15378 15378 V PlaceDetection v1.0.29 : [PlaceDetection::setDisableDetection] PlaceType PLACE_OTHER disabled.
05-06 14:04:17.469 15378 15378 V PlaceDetection v1.0.29 : [PlaceDetectionManager::setChangeDetector] PlaceType PLACE_OTHER set as false.
05-06 14:04:17.469 15378 15378 V PlaceDetection v1.0.29 : [PlaceDetectionManager::setSharedData] PreferenceValue PLACE_OTHER_ACTIVITY set as false
05-06 14:04:17.469 15378 15378 V PlaceDetection v1.0.29 : [PlaceDetectionManager::setSharedData] PreferenceValue COLLECTION_GPS set as false
05-06 14:04:17.469 15378 15378 V PlaceDetection v1.0.29 : [PlaceDetectionManager::setSharedData] PreferenceValue COLLECTION_WIFI set as false
05-06 14:04:17.469 15378 15378 V PlaceDetection v1.0.29 : [PlaceDetectionManager::setSharedData] PreferenceValue COLLECTION_NETWORK set as false
05-06 14:04:17.469 15378 15378 V PlaceDetection v1.0.29 : [PlaceDetectionManager::setSharedData] PreferenceValue COLLECTION_SENSOR set as false
05-06 14:04:17.469 15378 15378 V PlaceDetection v1.0.29 : [PlaceDetection::setDisableDetection] PlaceType PLACE_HOME disabled.
05-06 14:04:17.469 15378 15378 V PlaceDetection v1.0.29 : [PlaceDetectionManager::setChangeDetector] PlaceType PLACE_HOME set as false.
05-06 14:04:17.469 15378 15378 V PlaceDetection v1.0.29 : [PlaceDetectionManager::setSharedData] PreferenceValue PLACE_HOME set as false
05-06 14:04:17.469 15378 15378 V PlaceDetection v1.0.29 : [PlaceDetectionManager::setSharedData] PreferenceValue COLLECTION_GPS set as false
05-06 14:04:17.469 15378 15378 V PlaceDetection v1.0.29 : [PlaceDetectionManager::setSharedData] PreferenceValue COLLECTION_WIFI set as false
05-06 14:04:17.469 15378 15378 V PlaceDetection v1.0.29 : [PlaceDetectionManager::setSharedData] PreferenceValue COLLECTION_NETWORK set as false
05-06 14:04:17.469 15378 15378 V PlaceDetection v1.0.29 : [PlaceDetectionManager::setSharedData] PreferenceValue COLLECTION_SENSOR set as false
05-06 14:04:17.469 15378 15378 V PlaceDetection v1.0.29 : [PlaceDetection::setDisableDetection] PlaceType PLACE_WORK disabled.
05-06 14:04:17.469 15378 15378 V PlaceDetection v1.0.29 : [PlaceDetectionManager::setChangeDetector] PlaceType PLACE_WORK set as false.
05-06 14:04:17.469 15378 15378 V PlaceDetection v1.0.29 : [PlaceDetectionManager::setSharedData] PreferenceValue PLACE_WORK set as false
05-06 14:04:17.469 15378 15378 V PlaceDetection v1.0.29 : [PlaceDetectionManager::setSharedData] PreferenceValue COLLECTION_GPS set as false
05-06 14:04:17.469 15378 15378 V PlaceDetection v1.0.29 : [PlaceDetectionManager::setSharedData] PreferenceValue COLLECTION_WIFI set as false
05-06 14:04:17.469 15378 15378 V PlaceDetection v1.0.29 : [PlaceDetectionManager::setSharedData] PreferenceValue COLLECTION_NETWORK set as false
05-06 14:04:17.479 15378 15378 V PlaceDetection v1.0.29 : [PlaceDetectionManager::setSharedData] PreferenceValue COLLECTION_SENSOR set as false
05-06 14:04:17.479 15378 15378 V PlaceDetection v1.0.29 : [PlaceDetection::setDisableDetection] PlaceType MYCAR disabled.
05-06 14:04:17.479 15378 15378 V PlaceDetection v1.0.29 : [PlaceDetectionManager::setChangeDetector] PlaceType MYCAR set as false.
05-06 14:04:17.479 15378 15378 V PlaceDetection v1.0.29 : [PlaceDetectionManager::setSharedData] PreferenceValue PLACE_CAR set as false
05-06 14:04:17.479 15392 15392 W ResourcesManager: getTopLevelResources: /system/app/KeyChain/KeyChain.apk / 1.0 running in com.android.keychain rsrc of package com.android.keychain
05-06 14:04:17.479 15403 15403 D TimaKeyStoreProvider: TimaSignature is unavailable
05-06 14:04:17.479 15403 15403 D ActivityThread: Added TimaKeyStore provider
05-06 14:04:17.479 15378 15378 D BluetoothAdapter: cancelDiscovery
05-06 14:04:17.479  1397  3317 I InjectionManagerService -AppFeature: getCoreFeaturePkgList :[]
05-06 14:04:17.479 15392 15392 I InjectionManager: Inside getClassLibPath + mLibMap{0=, 1=}
05-06 14:04:17.489 15392 15392 D ResourcesManager: For user 0 new overlays fetched Null
05-06 14:04:17.489 15409 15409 I dex2oat : /system/bin/dex2oat --debuggable
05-06 14:04:17.499 15392 15392 I InjectionManager: Inside getClassLibPath caller 
05-06 14:04:17.499 11623 12894 D BluetoothAdapterProperties: mDiscovering is false
05-06 14:04:17.499 11623 12894 E BluetoothAdapterService: This is not a scanning status. cancelDiscovery() will be not called.
05-06 14:04:17.499 15378 15378 D BluetoothAdapter: cancelDiscovery = true
05-06 14:04:17.499 15378 15378 V PlaceDetection v1.0.29 : [BTManager::unregisterReceiver] Error : Failed to unregister bluetooth broadcast receiver.
05-06 14:04:17.499 15378 15378 V PlaceDetection v1.0.29 : [PlaceDetection::stopService] Service stopped.
05-06 14:04:17.499  1397  1416 D RestrictionPolicy: userId: 0, isMicrophoneEnabledAsUser : true
05-06 14:04:17.499  1397  2649 D RestrictionPolicy: userId: 0, isMicrophoneEnabledAsUser : true
05-06 14:04:17.499  1397  3321 D RestrictionPolicy: userId: 0, isMicrophoneEnabledAsUser : true
05-06 14:04:17.499  1397  3317 D RestrictionPolicy: userId: 0, isMicrophoneEnabledAsUser : true
05-06 14:04:17.499  1397  3107 D RestrictionPolicy: userId: 0, isMicrophoneEnabledAsUser : true
05-06 14:04:17.509 15378 15378 V PlaceDetection v1.0.29 : [PlaceDetectionManager::removeDetectionListener] PlaceDetectionListener removed.
05-06 14:04:17.509 15403 15403 W ResourcesManager: getTopLevelResources: /system/priv-app/BadgeProvider_M/BadgeProvider_M.apk / 1.0 running in com.sec.android.provider.badge rsrc of package com.sec.android.provider.badge
05-06 14:04:17.509  1397  3322 D RestrictionPolicy: userId: 0, isMicrophoneEnabledAsUser : true
05-06 14:04:17.509  1397  2531 D RestrictionPolicy: userId: 0, isMicrophoneEnabledAsUser : true
05-06 14:04:17.509 15392 15392 W System  : ClassLoader referenced unknown path: /system/app/KeyChain/lib/arm64
05-06 14:04:17.509  1397  2697 I InjectionManagerService -AppFeature: getCoreFeaturePkgList :[]
05-06 14:04:17.509 15403 15403 I InjectionManager: Inside getClassLibPath + mLibMap{0=, 1=}
05-06 14:04:17.509 15403 15403 D ResourcesManager: For user 0 new overlays fetched Null
05-06 14:04:17.509 15392 15392 D InjectionManager: InjectionManager
05-06 14:04:17.509 15392 15392 D InjectionManager: fillFeatureStoreMap com.android.keychain
05-06 14:04:17.509 15392 15392 I InjectionManager: Constructor com.android.keychain, Feature store :{}
05-06 14:04:17.509 15392 15392 I InjectionManager: featureStore :{}
05-06 14:04:17.519 15392 15392 W ContextImpl: Calling a method in the system process without a qualified user: android.app.ContextImpl.startService:1305 android.content.ContextWrapper.startService:606 android.content.ContextWrapper.startService:606 com.android.keychain.KeyChainBroadcastReceiver.onReceive:12 android.app.ActivityThread.handleReceiver:3634 
05-06 14:04:17.519  1397  1415 V AlarmManager:  remove PendingIntent] PendingIntent{f766308: PendingIntentRecord{27b5a8f com.samsung.android.intelligenceservice2 broadcastIntent}}
05-06 14:04:17.519  1397  2649 D PackageManager: setEnabledSetting : userId = 0 packageName = com.samsung.android.intelligenceservice2 cmp = com.samsung.android.intelligenceservice.useranalysis.predictor.PlacePredictor$AirplaneAndLocationModeReceiver newState = 2 callingPackage = 5010
05-06 14:04:17.529  1397  2531 D PackageManager: setEnabledSetting : userId = 0 packageName = com.samsung.android.intelligenceservice2 cmp = com.samsung.android.intelligenceservice.useranalysis.predictor.PlacePredictor$BtConnectionReceiver newState = 2 callingPackage = 5010
05-06 14:04:17.539 15421 15421 E Zygote  : v2
05-06 14:04:17.539 15421 15421 I libpersona: KNOX_SDCARD checking this for 1000
05-06 14:04:17.539 15421 15421 I libpersona: KNOX_SDCARD not a persona
05-06 14:04:17.539 15403 15403 I InjectionManager: Inside getClassLibPath caller 
05-06 14:04:17.539 15421 15421 W SELinux : Function: selinux_compare_spd_ram, index[1], priority [2], priority version is VE=SEPF_SECMOBILE_6.0.1_0010
05-06 14:04:17.539  1397  3321 I ActivityManager: Start proc 15421:com.sec.android.app.popupuireceiver/1000 for broadcast-3 com.sec.android.app.popupuireceiver/.PopupuiReceiver
05-06 14:04:17.539 15421 15421 E Zygote  : accessInfo : 0
05-06 14:04:17.549  1397  3209 I ActivityManager: Killing 13046:com.samsung.android.app.mirrorlink/1000 (adj 15): DHA:empty #33
05-06 14:04:17.559 15403 15403 W System  : ClassLoader referenced unknown path: /system/priv-app/BadgeProvider_M/lib/arm64
05-06 14:04:17.559 15403 15403 D BadgeProvider: onCreate
05-06 14:04:17.559 15403 15403 D BadgeProvider: DatabaseHelper
05-06 14:04:17.569  1397  2764 D ActivityManager: isAutoRunBlockedApp:: com.samsung.android.app.mirrorlink, Auto Run ON
05-06 14:04:17.579  2984  2984 D WfcPhoneStateListener: onSignalStrengthsChanged(): signal strength did not change
05-06 14:04:17.579  2592  2933 D NetworkController.MobileSignalController(0/1): onSignalStrengthsChanged signalStrength=SignalStrength: 99 99 -120 -160 -120 -1 -1 13 -116 -12 36 -1 2147483647 0x2000 gsm|lte level=2
05-06 14:04:17.579 11623 11623 D HeadsetPhoneState: Signal level : previous=2 curr=2
05-06 14:04:17.579  2592  2933 D NetworkController.MobileSignalController(0/1): getMobileIconGroup(): 13
05-06 14:04:17.579  2592  2933 D NetworkController.MobileSignalController(0/1): updateTMOMobileIconGroup(): 13
05-06 14:04:17.579 15403 15403 D InjectionManager: InjectionManager
05-06 14:04:17.579 15403 15403 D InjectionManager: fillFeatureStoreMap com.sec.android.provider.badge
05-06 14:04:17.579 15403 15403 I InjectionManager: Constructor com.sec.android.provider.badge, Feature store :{}
05-06 14:04:17.579 15403 15403 I InjectionManager: featureStore :{}
05-06 14:04:17.589 15421 15421 D TimaKeyStoreProvider: TimaSignature is unavailable
05-06 14:04:17.589 15421 15421 D ActivityThread: Added TimaKeyStore provider
05-06 14:04:17.599 15403 15418 D BaseReflect: null getOwnClass TEST
05-06 14:04:17.599  1397  3355 V BroadcastQueue: [background] Process cur broadcast BroadcastRecord{1af634a u0 android.intent.action.PACKAGE_REMOVED qIdx=4}, state= (APP_RECEIVE) DELIVERED for app ProcessRecord{e0d84c6 15421:com.sec.android.app.popupuireceiver/1000}
05-06 14:04:17.599 15403 15418 D MethodReflector: android.content.ContentResolver getClass TEST
05-06 14:04:17.599 15403 15418 D BaseReflect: class android.content.ContentResolver isSupportClass TEST
05-06 14:04:17.599 15403 15418 D BaseReflect: class android.content.ContentResolver getOwnClass TEST
05-06 14:04:17.599 15403 15418 D MethodReflector: notifyChange is called
05-06 14:04:17.599 15403 15418 D BadgeProvider: sendNotify entered. [uri] : content://com.sec.badge/apps
05-06 14:04:17.599 15403 15418 D BadgeProvider: sendNotify, [notify] : null
05-06 14:04:17.599 15403 15418 D BadgeProvider: update, getCallingPackage() : com.samsung.android.sm
05-06 14:04:17.599 15403 15418 D BadgeProvider: update, [uri] : content://com.sec.badge/apps
05-06 14:04:17.599 15403 15418 D BadgeProvider: update, [uri.query] : null
05-06 14:04:17.599 15403 15418 D BadgeProvider: update, [BadgeCount] : badgecount=0
05-06 14:04:17.599 15403 15418 D BadgeProvider: update, [UpdateCount] : 1
05-06 14:04:17.599 15421 15421 W ResourcesManager: getTopLevelResources: /system/app/PopupuiReceiver_M/PopupuiReceiver_M.apk / 1.0 running in com.sec.android.app.popupuireceiver rsrc of package com.sec.android.app.popupuireceiver
05-06 14:04:17.609  1397  3322 I InjectionManagerService -AppFeature: getCoreFeaturePkgList :[]
05-06 14:04:17.609 15421 15421 I InjectionManager: Inside getClassLibPath + mLibMap{0=, 1=}
05-06 14:04:17.609 15421 15421 D ResourcesManager: For user 0 new overlays fetched [/data/overlays/style/com.cambunch.MaterialDark/com.cambunch.MaterialDark.touchwiz.apk, /data/overlays/style/com.cambunch.MaterialDark/com.cambunch.MaterialDark.common.apk]
05-06 14:04:17.619 15421 15421 I InjectionManager: Inside getClassLibPath caller 
05-06 14:04:17.629  1397  2632 D RestrictionPolicy: userId: 0, isMicrophoneEnabledAsUser : true
05-06 14:04:17.629  1397  3209 D RestrictionPolicy: userId: 0, isMicrophoneEnabledAsUser : true
05-06 14:04:17.629 15421 15421 W System  : ClassLoader referenced unknown path: /system/app/PopupuiReceiver_M/lib/arm64
05-06 14:04:17.629  1397  3355 D RestrictionPolicy: userId: 0, isMicrophoneEnabledAsUser : true
05-06 14:04:17.629  1397  1415 D RestrictionPolicy: userId: 0, isMicrophoneEnabledAsUser : true
05-06 14:04:17.639  1397  2649 D RestrictionPolicy: userId: 0, isMicrophoneEnabledAsUser : true
05-06 14:04:17.639  1397  3107 D RestrictionPolicy: userId: 0, isMicrophoneEnabledAsUser : true
05-06 14:04:17.639 15421 15421 D InjectionManager: InjectionManager
05-06 14:04:17.639 15421 15421 D InjectionManager: fillFeatureStoreMap com.sec.android.app.popupuireceiver
05-06 14:04:17.639 15421 15421 I InjectionManager: Constructor com.sec.android.app.popupuireceiver, Feature store :{}
05-06 14:04:17.639 15421 15421 I InjectionManager: featureStore :{}
05-06 14:04:17.639 15421 15421 D PR.PopupuiReceiver: >> onReceive() : android.intent.action.PACKAGE_REMOVED
05-06 14:04:17.639  1397  3317 D SecContentProvider2: query(), uri = -1 selection = getSealedState
05-06 14:04:17.639  1397  2764 D SecContentProvider2: query(), uri = 15 selection = getSealedHideNotificationMessages
05-06 14:04:17.649  1397  2697 D SecContentProvider2: query(), uri = 15 selection = getCheckCoverPopupState
05-06 14:04:17.649 15421 15421 I PR.PopupuiReceiver_KNOX: knoxSealedHideNotiMsg : 0, knoxCheckCoverPopupState : true
05-06 14:04:17.649 15421 15421 D PR.PopupuiReceiver: actionPackageRemoved()
05-06 14:04:17.649 15421 15421 I PR.PopupuiReceiver: finish = true, dialog = false, toast = false
05-06 14:04:17.649 15421 15421 I PR.Utilities: finish from : null [0ms]
05-06 14:04:17.649 15421 15421 I Process : Sending signal. PID: 15421 SIG: 9
05-06 14:04:17.659 15436 15436 E Zygote  : v2
05-06 14:04:17.659 15436 15436 I libpersona: KNOX_SDCARD checking this for 10142
05-06 14:04:17.659 15436 15436 I libpersona: KNOX_SDCARD not a persona
05-06 14:04:17.659 15436 15436 W SELinux : Function: selinux_compare_spd_ram, index[1], priority [2], priority version is VE=SEPF_SECMOBILE_6.0.1_0010
05-06 14:04:17.659  1397  2632 I ActivityManager: Start proc 15436:com.android.calendar/u0a142 for broadcast-3 com.android.calendar/.subscription.SubscriptionAppUninstallReceiver
05-06 14:04:17.659   647   647 E lowmemorykiller: Error writing /proc/15421/oom_score_adj; errno=22
05-06 14:04:17.659  1397  2632 E JavaBinder: !!! FAILED BINDER TRANSACTION !!!  (parcel size = 76)
05-06 14:04:17.659 15436 15436 E Zygote  : accessInfo : 0
05-06 14:04:17.659 15436 15436 W SELinux : SELinux: seapp_context_lookup: seinfo=platform, level=s0:c512,c768, pkgname=com.android.calendar 
05-06 14:04:17.669  1397  2632 I ActivityManager: Killing 13072:com.facebook.system/u0a12 (adj 15): DHA:empty #33
05-06 14:04:17.679  1397  2460 I ActivityManager: Process com.sec.android.app.popupuireceiver (pid 15421)(adj 9) has died(65,1210)
05-06 14:04:17.679  1397  2460 D ActivityManager: isAutoRunBlockedApp:: com.sec.android.app.popupuireceiver, Auto Run ON
05-06 14:04:17.679  1397  2460 W ContextImpl: Calling a method in the system process without a qualified user: android.app.ContextImpl.sendBroadcast:830 com.android.server.am.ActivityManagerService.updateOomAdjLocked:26652 com.android.server.am.ActivityManagerService.appDiedLocked:7551 com.android.server.am.ActivityManagerService$AppDeathRecipient.binderDied:1915 android.os.BinderProxy.sendDeathNotice:558 
05-06 14:04:17.679  1397  1468 V MARsPolicyManager: executePolicy policy  spcmpolicy(1) reason Adj 14 BG Killed
05-06 14:04:17.679  1397  1468 I ActivityManager: Force stopping com.jasonflaherty.snoteldata appid=10235 user=0: MARs-NonSticky-Kill-spcmpolicy(1)
05-06 14:04:17.679  1397  1468 I ActivityManager: Killing 15043:com.jasonflaherty.snoteldata/u0a235 (adj 15): stop com.jasonflaherty.snoteldata cause MARs-NonSticky-Kill-spcmpolicy(1)
05-06 14:04:17.689 15409 15409 W dex2oat : Before Android 4.1, method int android.support.v7.widget.ListViewCompat.lookForSelectablePosition(int, boolean) would have incorrectly overridden the package-private method in android.widget.ListView
05-06 14:04:17.689  1397  1468 D ActivityManager: isAutoRunBlockedApp:: com.jasonflaherty.snoteldata, Auto Run ON
05-06 14:04:17.689 15436 15436 D TimaKeyStoreProvider: TimaSignature is unavailable
05-06 14:04:17.689 15436 15436 D ActivityThread: Added TimaKeyStore provider
05-06 14:04:17.699 15409 15435 W dex2oat : Before Android 4.1, method android.graphics.PorterDuffColorFilter android.support.graphics.drawable.VectorDrawableCompat.updateTintFilter(android.graphics.PorterDuffColorFilter, android.content.res.ColorStateList, android.graphics.PorterDuff$Mode) would have incorrectly overridden the package-private method in android.graphics.drawable.Drawable
05-06 14:04:17.699  1397  3343 V BroadcastQueue: [background] Process cur broadcast BroadcastRecord{1af634a u0 android.intent.action.PACKAGE_REMOVED qIdx=4}, state= (APP_RECEIVE) DELIVERED for app ProcessRecord{15a0c87 15436:com.android.calendar/u0a142}
05-06 14:04:17.709 15436 15436 W ResourcesManager: getTopLevelResources: /system/app/SPlanner_M/SPlanner_M.apk / 1.0 running in com.android.calendar rsrc of package com.android.calendar
05-06 14:04:17.709 15436 15436 I InjectionManager: Inside getClassLibPath + mLibMap{0=, 1=}
05-06 14:04:17.709  1397  1416 I InjectionManagerService -AppFeature: getCoreFeaturePkgList :[]
05-06 14:04:17.709 15436 15436 D ResourcesManager: For user 0 new overlays fetched [/data/overlays/style/com.cambunch.MaterialDark/com.cambunch.MaterialDark.touchwiz.apk, /data/overlays/style/com.cambunch.MaterialDark/com.cambunch.MaterialDark.calendar.apk, /data/overlays/style/com.cambunch.MaterialDark/com.cambunch.MaterialDark.common.apk]
05-06 14:04:17.719 15436 15436 I InjectionManager: Inside getClassLibPath caller 
05-06 14:04:17.719 15436 15436 W System  : ClassLoader referenced unknown path: /system/app/SPlanner_M/lib/arm64
05-06 14:04:17.729  1397  2697 D ActivityManager: isAutoRunBlockedApp:: com.facebook.system, Auto Run ON
05-06 14:04:17.749 15436 15436 I BNRClientProivder, VERSION : 1.7.8: register - started.
05-06 14:04:17.749  1397  2632 D RestrictionPolicy: userId: 0, isMicrophoneEnabledAsUser : true
05-06 14:04:17.749  1397  1415 D RestrictionPolicy: userId: 0, isMicrophoneEnabledAsUser : true
05-06 14:04:17.749  1397  1416 D RestrictionPolicy: userId: 0, isMicrophoneEnabledAsUser : true
05-06 14:04:17.749  1397  2649 D RestrictionPolicy: userId: 0, isMicrophoneEnabledAsUser : true
05-06 14:04:17.749  1397  3107 D RestrictionPolicy: userId: 0, isMicrophoneEnabledAsUser : true
05-06 14:04:17.749  1397  2648 D RestrictionPolicy: userId: 0, isMicrophoneEnabledAsUser : true
05-06 14:04:17.779 15436 15436 I BNRClientProivder, VERSION : 1.7.8: register - xml6 quick_backup : CALENDARSETTING, ztQlGIvsvZ, com.android.calendar.preference.KiesBackupReceiver
05-06 14:04:17.779 15436 15436 I QBNRClientHelper: init SyncClientHelper : CALENDARSETTING
05-06 14:04:17.779 15436 15436 W ResourcesManager: getTopLevelResources: /system/app/SPlanner_M/SPlanner_M.apk / 1.0 running in com.android.calendar rsrc of package com.android.calendar
05-06 14:04:17.789  4531  4531 I PedometerService: onStartCommand  true, true, false
05-06 14:04:17.789  1397  2200 V AlarmManager: Expired Alarm result :4
05-06 14:04:17.789  1397  3322 D SContextService: updateSContext() : event = Sensor Status Check
05-06 14:04:17.789  1397  2200 W ActivityManager: Unable to start service Intent { flg=0x24 cmp=com.sec.android.app.shealth/com.baidu.android.pushservice.PushService VirtualScreenParam=Params{mDisplayId=-1, null, mFlags=0x00000000)} (has extras) } U=0: not found
05-06 14:04:17.789  1397  3322 D SContextService: requestToUpdate() : service = Sensor Status Check
05-06 14:04:17.789  4531  4531 D SContextManager:   .requestToUpdate : listener = com.samsung.android.app.shealth.tracker.pedometer.service.PedometerNoAccelerometerLogger@233671d, service=Sensor Status Check
05-06 14:04:17.799  1397  2200 W ActivityManager: Unable to start service Intent { flg=0x4 cmp=com.amazon.mShop.android/com.amazon.avod.syncservice.MShopSyncServiceProxy VirtualScreenParam=Params{mDisplayId=-1, null, mFlags=0x00000000)} (has extras) } U=0: not found
05-06 14:04:17.819 15436 15436 D InjectionManager: InjectionManager
05-06 14:04:17.819 15436 15436 D InjectionManager: fillFeatureStoreMap com.android.calendar
05-06 14:04:17.819 15436 15436 I InjectionManager: Constructor com.android.calendar, Feature store :{}
05-06 14:04:17.819 15436 15436 I InjectionManager: featureStore :{}
05-06 14:04:17.829  1397  3355 I ActivityManager: Start proc 15450:com.qualcomm.qti.seemp.service:seemp_service/1000 for broadcast-3 com.qualcomm.qti.seemp.service/.SeempBroadcastReceiver
05-06 14:04:17.839 15450 15450 E Zygote  : v2
05-06 14:04:17.839 15450 15450 I libpersona: KNOX_SDCARD checking this for 1000
05-06 14:04:17.839 15450 15450 I libpersona: KNOX_SDCARD not a persona
05-06 14:04:17.839 15450 15450 W SELinux : Function: selinux_compare_spd_ram, index[1], priority [2], priority version is VE=SEPF_SECMOBILE_6.0.1_0010
05-06 14:04:17.839 15450 15450 E Zygote  : accessInfo : 0
05-06 14:04:17.859 15450 15450 D TimaKeyStoreProvider: TimaSignature is unavailable
05-06 14:04:17.859 15450 15450 D ActivityThread: Added TimaKeyStore provider
05-06 14:04:17.869  1397  1416 V BroadcastQueue: [background] Process cur broadcast BroadcastRecord{1af634a u0 android.intent.action.PACKAGE_REMOVED qIdx=4}, state= (APP_RECEIVE) DELIVERED for app ProcessRecord{c72669e 15450:com.qualcomm.qti.seemp.service:seemp_service/1000}
05-06 14:04:17.879 15450 15450 W ResourcesManager: getTopLevelResources: /system/app/SeempService/SeempService.apk / 1.0 running in com.qualcomm.qti.seemp.service rsrc of package com.qualcomm.qti.seemp.service
05-06 14:04:17.879  1397  2764 D RestrictionPolicy: userId: 0, isMicrophoneEnabledAsUser : true
05-06 14:04:17.879  1397  2460 D RestrictionPolicy: userId: 0, isMicrophoneEnabledAsUser : true
05-06 14:04:17.879  1397  3322 D RestrictionPolicy: userId: 0, isMicrophoneEnabledAsUser : true
05-06 14:04:17.879  1397  2531 D RestrictionPolicy: userId: 0, isMicrophoneEnabledAsUser : true
05-06 14:04:17.879  1397  2697 D RestrictionPolicy: userId: 0, isMicrophoneEnabledAsUser : true
05-06 14:04:17.879  1397  3343 D RestrictionPolicy: userId: 0, isMicrophoneEnabledAsUser : true
05-06 14:04:17.879  1397  3321 D RestrictionPolicy: userId: 0, isMicrophoneEnabledAsUser : true
05-06 14:04:17.879  1397  3209 I InjectionManagerService -AppFeature: getCoreFeaturePkgList :[]
05-06 14:04:17.879 15450 15450 I InjectionManager: Inside getClassLibPath + mLibMap{0=, 1=}
05-06 14:04:17.889 15450 15450 D ResourcesManager: For user 0 new overlays fetched Null
05-06 14:04:17.889 15450 15450 I InjectionManager: Inside getClassLibPath caller 
05-06 14:04:17.889 15450 15450 W System  : ClassLoader referenced unknown path: /system/app/SeempService/lib/arm64
05-06 14:04:17.889 15450 15450 D InjectionManager: InjectionManager
05-06 14:04:17.889 15450 15450 D InjectionManager: fillFeatureStoreMap com.qualcomm.qti.seemp.service
05-06 14:04:17.889 15450 15450 I InjectionManager: Constructor com.qualcomm.qti.seemp.service, Feature store :{}
05-06 14:04:17.889 15450 15450 I InjectionManager: featureStore :{}
05-06 14:04:17.899 15450 15450 W ContextImpl: Calling a method in the system process without a qualified user: android.app.ContextImpl.startService:1305 android.content.ContextWrapper.startService:606 android.content.ContextWrapper.startService:606 com.qualcomm.qti.seemp.service.SeempBroadcastReceiver.onReceive:52 android.app.ActivityThread.handleReceiver:3634 
05-06 14:04:17.909 15450 15450 D SEEMP_ISEEMPNSERVICE_STUB: asInterface:  object is NULL!
05-06 14:04:17.909 15450 15450 D SEEMP_OBJ: ISeempNService -as interface- returns NULL,could not get binder! 
05-06 14:04:17.909 15450 15450 D SEEMP_OBJ: ServiceManager.getService returns NULL: Native service not found
05-06 14:04:17.909 15462 15462 E Zygote  : v2
05-06 14:04:17.909 15462 15462 I libpersona: KNOX_SDCARD checking this for 10159
05-06 14:04:17.909 15462 15462 I libpersona: KNOX_SDCARD not a persona
05-06 14:04:17.909 15462 15462 W SELinux : Function: selinux_compare_spd_ram, index[1], priority [2], priority version is VE=SEPF_SECMOBILE_6.0.1_0010
05-06 14:04:17.909  1397  3317 I ActivityManager: Start proc 15462:com.sec.enterprise.knox.cloudmdm.smdms/u0a159 for broadcast-3 com.sec.enterprise.knox.cloudmdm.smdms/.core.CoreReceiver
05-06 14:04:17.909 15462 15462 E Zygote  : accessInfo : 0
05-06 14:04:17.909 15462 15462 W SELinux : SELinux: seapp_context_lookup: seinfo=platform, level=s0:c512,c768, pkgname=com.sec.enterprise.knox.cloudmdm.smdms 
05-06 14:04:17.919 15450 15467 D SEEMP_ISEEMPNSERVICE_STUB: asInterface:  object is NULL!
05-06 14:04:17.919 15450 15467 D SEEMP_OBJ: ISeempNService -as interface- returns NULL,could not get binder! 
05-06 14:04:17.919 15450 15467 D SEEMP_OBJ: ServiceManager.getService returns NULL: Native service not found
05-06 14:04:17.919 15450 15467 E SEEMP_JSERVICE: onHandleIntent:  Unable to get Seemp instance!
05-06 14:04:17.919 15450 15450 D SEEMP_JSERVICE: onDestroy:  SeempJService destroyed!
05-06 14:04:17.919 15450 15450 D SEEMP_ISEEMPNSERVICE_STUB: asInterface:  object is NULL!
05-06 14:04:17.919 15450 15450 D SEEMP_OBJ: ISeempNService -as interface- returns NULL,could not get binder! 
05-06 14:04:17.919 15450 15450 D SEEMP_OBJ: ServiceManager.getService returns NULL: Native service not found
05-06 14:04:17.919 15450 15450 E SEEMP_JSERVICE: Unable to get Seemp instance!
05-06 14:04:17.949 15462 15462 D TimaKeyStoreProvider: TimaSignature is unavailable
05-06 14:04:17.949 15462 15462 D ActivityThread: Added TimaKeyStore provider
05-06 14:04:17.959  1397  3209 V BroadcastQueue: [background] Process cur broadcast BroadcastRecord{1af634a u0 android.intent.action.PACKAGE_REMOVED qIdx=4}, state= (APP_RECEIVE) DELIVERED for app ProcessRecord{c7f394c 15462:com.sec.enterprise.knox.cloudmdm.smdms/u0a159}
05-06 14:04:17.969 15462 15462 W ResourcesManager: getTopLevelResources: /system/app/UniversalMDMClient/UniversalMDMClient.apk / 1.0 running in com.sec.enterprise.knox.cloudmdm.smdms rsrc of package com.sec.enterprise.knox.cloudmdm.smdms
05-06 14:04:17.969  1397  1416 I InjectionManagerService -AppFeature: getCoreFeaturePkgList :[]
05-06 14:04:17.969 15462 15462 I InjectionManager: Inside getClassLibPath + mLibMap{0=, 1=}
05-06 14:04:17.969 15462 15462 D ResourcesManager: For user 0 new overlays fetched Null
05-06 14:04:17.969 15462 15462 I InjectionManager: Inside getClassLibPath caller 
05-06 14:04:17.979 15462 15462 W System  : ClassLoader referenced unknown path: /system/app/UniversalMDMClient/lib/arm64
05-06 14:04:17.979 15462 15462 D [0]UMC:UMCContentProvider: @onCreate
05-06 14:04:17.989 15462 15462 D [0]UMC:Core: onCreate(): 
05-06 14:04:17.989 15462 15462 D [0]UMC:Core: @isManagedProfileUser
05-06 14:04:17.989 15462 15462 D [0]UMC:Core: userInfo.isManagedProfile() : false
05-06 14:04:17.999 15462 15462 D [0]UMC:DeviceInfo: USA==US==us
05-06 14:04:18.009  1397  2649 D RestrictionPolicy: userId: 0, isMicrophoneEnabledAsUser : true
05-06 14:04:18.009  1397  1416 D RestrictionPolicy: userId: 0, isMicrophoneEnabledAsUser : true
05-06 14:04:18.009  1397  3107 D RestrictionPolicy: userId: 0, isMicrophoneEnabledAsUser : true
05-06 14:04:18.009  1397  2648 D RestrictionPolicy: userId: 0, isMicrophoneEnabledAsUser : true
05-06 14:04:18.009  1397  3317 D RestrictionPolicy: userId: 0, isMicrophoneEnabledAsUser : true
05-06 14:04:18.009  1397  2460 D RestrictionPolicy: userId: 0, isMicrophoneEnabledAsUser : true
05-06 14:04:18.019 15462 15462 D USER_AGENT: UMC/1.7.6 (SM-G930T) SAFE-5.6 KNOX-2.6 en_US
05-06 14:04:18.019 15462 15462 D [0]UMC:AdminManager: init - start
05-06 14:04:18.029 15462 15462 D [0]UMC:AdminManager: loadAdmins
05-06 14:04:18.049 15462 15462 D [0]UMC:AdminManager: init - end
05-06 14:04:18.049 15462 15462 D GSLBManager: migrateStoredUrlFromOldPref
05-06 14:04:18.059 15462 15462 D GSLBManager:  key : segd-api
05-06 14:04:18.059 15462 15462 D GSLBManager:  value : https://us-segd-api.secb2b.com:443/v2
05-06 14:04:18.069 15462 15462 D GSLBManager: migrateStoredUrlFromOldPref : Finished Migrating
05-06 14:04:18.069 15462 15462 D InjectionManager: InjectionManager
05-06 14:04:18.069 15462 15462 D InjectionManager: fillFeatureStoreMap com.sec.enterprise.knox.cloudmdm.smdms
05-06 14:04:18.069 15462 15462 I InjectionManager: Constructor com.sec.enterprise.knox.cloudmdm.smdms, Feature store :{}
05-06 14:04:18.069 15462 15462 I InjectionManager: featureStore :{}
05-06 14:04:18.069 15462 15462 D [0]UMC:CoreReceiver: Intent : android.intent.action.PACKAGE_REMOVED
05-06 14:04:18.069 15462 15462 D [0]UMC:CoreReceiver: PackageName : plv.colorado.edu.callinsbenchmark
05-06 14:04:18.069 15462 15462 D [0]UMC:CoreReceiver: Intent Replacing : false
05-06 14:04:18.079 15462 15462 D [0]UMC:CoreReceiver: bulk enrolled package: null
05-06 14:04:18.079 15462 15462 V [0]UMC:ProfileStorage: Enter loadList
05-06 14:04:18.079 15462 15462 D [0]UMC:CoreReceiver: handleAutoEnrollmentAndUMCAdminDeactivation
05-06 14:04:18.079  1397  3343 V BroadcastQueue: [background] Process cur broadcast BroadcastRecord{1af634a u0 android.intent.action.PACKAGE_REMOVED qIdx=4}, state= (APP_RECEIVE) DELIVERED for app ProcessRecord{32cb73e 2613:com.sec.imsservice/1000}
05-06 14:04:18.089  1397  3343 V BroadcastQueue: [background] Process cur broadcast BroadcastRecord{1af634a u0 android.intent.action.PACKAGE_REMOVED qIdx=4}, state= (APP_RECEIVE) DELIVERED for app ProcessRecord{b240b61 5227:com.facebook.appmanager/u0a105}
05-06 14:04:18.099  1397  3343 V BroadcastQueue: [background] Process cur broadcast BroadcastRecord{1af634a u0 android.intent.action.PACKAGE_REMOVED qIdx=4}, state= (APP_RECEIVE) DELIVERED for app ProcessRecord{5045294 4481:com.google.android.googlequicksearchbox:search/u0a73}
05-06 14:04:18.119  1397  3317 V BroadcastQueue: [background] Process cur broadcast BroadcastRecord{1af634a u0 android.intent.action.PACKAGE_REMOVED qIdx=4}, state= (APP_RECEIVE) DELIVERED for app ProcessRecord{5045294 4481:com.google.android.googlequicksearchbox:search/u0a73}
05-06 14:04:18.149  1397  3355 D RestrictionPolicy: userId: 0, isMicrophoneEnabledAsUser : true
05-06 14:04:18.149  1397  3343 D RestrictionPolicy: userId: 0, isMicrophoneEnabledAsUser : true
05-06 14:04:18.149  1397  3107 D RestrictionPolicy: userId: 0, isMicrophoneEnabledAsUser : true
05-06 14:04:18.149  1397  2648 D RestrictionPolicy: userId: 0, isMicrophoneEnabledAsUser : true
05-06 14:04:18.149  1397  2649 D RestrictionPolicy: userId: 0, isMicrophoneEnabledAsUser : true
05-06 14:04:18.149  1397  2460 D RestrictionPolicy: userId: 0, isMicrophoneEnabledAsUser : true
05-06 14:04:18.149  1397  2764 D RestrictionPolicy: userId: 0, isMicrophoneEnabledAsUser : true
05-06 14:04:18.169  1397  3321 V BroadcastQueue: [background] Process cur broadcast BroadcastRecord{1af634a u0 android.intent.action.PACKAGE_REMOVED qIdx=4}, state= (APP_RECEIVE) DELIVERED for app ProcessRecord{582eece 10583:com.google.android.googlequicksearchbox/u0a73}
05-06 14:04:18.179  1397  2648 V BroadcastQueue: [background] Process cur broadcast BroadcastRecord{1af634a u0 android.intent.action.PACKAGE_REMOVED qIdx=4}, state= (APP_RECEIVE) DELIVERED for app ProcessRecord{3c2542f 4931:com.android.vending/u0a34}
05-06 14:04:18.189  4931  4931 I Finsky  : [1] com.google.android.finsky.wear.WearSupportService.a(274): Wear auto uninstall disabled for package plv.colorado.edu.callinsbenchmark
05-06 14:04:18.199  1397  2632 V BroadcastQueue: [background] Process cur broadcast BroadcastRecord{1af634a u0 android.intent.action.PACKAGE_REMOVED qIdx=4}, state= (APP_RECEIVE) DELIVERED for app ProcessRecord{327f5d4 3292:com.google.android.gms.persistent/u0a18}
05-06 14:04:18.209  1397  2460 V BroadcastQueue: [background] Process cur broadcast BroadcastRecord{1af634a u0 android.intent.action.PACKAGE_REMOVED qIdx=4}, state= (APP_RECEIVE) DELIVERED for app ProcessRecord{922b64f 11169:com.google.android.gms/u0a18}
05-06 14:04:18.219 11169 15482 D PkgBroadcastIntentOp: Received broadcast action=android.intent.action.PACKAGE_REMOVED and uri=plv.colorado.edu.callinsbenchmark
05-06 14:04:18.229  1397  3321 V BroadcastQueue: [background] Process cur broadcast BroadcastRecord{1af634a u0 android.intent.action.PACKAGE_REMOVED qIdx=4}, state= (APP_RECEIVE) DELIVERED for app ProcessRecord{922b64f 11169:com.google.android.gms/u0a18}
05-06 14:04:18.229 11169 11169 W ResourcesManager: getTopLevelResources: /data/app/com.google.android.play.games-1/base.apk / 1.0 running in com.google.android.gms rsrc of package com.google.android.play.games
05-06 14:04:18.229 11169 11169 D ResourcesManager: For user 0 new overlays fetched Null
05-06 14:04:18.239 11169 15482 D AccountUtils: Clearing selected account for plv.colorado.edu.callinsbenchmark
05-06 14:04:18.259 11169 11169 W ResourcesManager: getTopLevelResources: /data/app/com.google.android.play.games-1/base.apk / 1.0 running in com.google.android.gms rsrc of package com.google.android.play.games
05-06 14:04:18.259 11169 15482 I LocationSettingsChecker: Removing dialog suppression flag for package plv.colorado.edu.callinsbenchmark
05-06 14:04:18.259  1397  2649 V BroadcastQueue: [background] Process cur broadcast BroadcastRecord{1af634a u0 android.intent.action.PACKAGE_REMOVED qIdx=4}, state= (APP_RECEIVE) DELIVERED for app ProcessRecord{327f5d4 3292:com.google.android.gms.persistent/u0a18}
05-06 14:04:18.279  1397  3107 D RestrictionPolicy: userId: 0, isMicrophoneEnabledAsUser : true
05-06 14:04:18.279  1397  2764 D RestrictionPolicy: userId: 0, isMicrophoneEnabledAsUser : true
05-06 14:04:18.279  1397  3322 D RestrictionPolicy: userId: 0, isMicrophoneEnabledAsUser : true
05-06 14:04:18.279  1397  2632 D RestrictionPolicy: userId: 0, isMicrophoneEnabledAsUser : true
05-06 14:04:18.279  1397  2531 D RestrictionPolicy: userId: 0, isMicrophoneEnabledAsUser : true
05-06 14:04:18.279  1397  3209 D RestrictionPolicy: userId: 0, isMicrophoneEnabledAsUser : true
05-06 14:04:18.279  1397  2649 V BroadcastQueue: [background] Process cur broadcast BroadcastRecord{1af634a u0 android.intent.action.PACKAGE_REMOVED qIdx=4}, state= (APP_RECEIVE) DELIVERED for app ProcessRecord{327f5d4 3292:com.google.android.gms.persistent/u0a18}
05-06 14:04:18.289  3292  3292 E NetworkScheduler.SchedulerReceiver: Invalid parameter app
05-06 14:04:18.289  3292  3292 E NetworkScheduler.SchedulerReceiver: Invalid package name : Perhaps you didn't include a PendingIntent in the extras?
05-06 14:04:18.289 27051 27051 E SPPClientService: [PackageInfoChangeReceiver] android.intent.action.PACKAGE_REMOVED
05-06 14:04:18.289  1397  2649 V BroadcastQueue: [background] Process cur broadcast BroadcastRecord{1af634a u0 android.intent.action.PACKAGE_REMOVED qIdx=4}, state= (APP_RECEIVE) DELIVERED for app ProcessRecord{341159 27051:com.sec.spp.push/u0a42}
05-06 14:04:18.289 27051 27051 E SPPClientService: [PackageInfoChangeReceiver] [handlePkgRemovedEvent] PackageName : plv.colorado.edu.callinsbenchmark, false, true
05-06 14:04:18.299 27051 27051 E SPPClientService: [PackageInfoChangeReceiver] [handlePkgRemovedEvent] User : Owner, appId : null
05-06 14:04:18.299  4481 15479 I AppIncrementalLogger: logEvent(): Logged 103 bytes in 180 ms
05-06 14:04:18.309  1397  2649 V BroadcastQueue: [background] Process cur broadcast BroadcastRecord{1af634a u0 android.intent.action.PACKAGE_REMOVED qIdx=4}, state= (APP_RECEIVE) DELIVERED for app ProcessRecord{f4b2d0e 5239:com.google.android.apps.docs/u0a100}
05-06 14:04:18.309  1397  2697 V AlarmManager:  remove PendingIntent] PendingIntent{6e98d7c: PendingIntentRecord{514982f com.google.android.gms broadcastIntent}}
05-06 14:04:18.319  4481 15479 I UpdateIcingCorporaServi: Updating corpora: APPS=plv.colorado.edu.callinsbenchmark, CONTACTS=MAYBE
05-06 14:04:18.329 11169 15482 D WearableController: Received broadcast action=android.intent.action.PACKAGE_REMOVED and uri=plv.colorado.edu.callinsbenchmark
05-06 14:04:18.339 11169 11186 I Icing   : doRemovePackageData plv.colorado.edu.callinsbenchmark
05-06 14:04:18.349  1397  1415 V BroadcastQueue: [background] Process cur broadcast BroadcastRecord{1af634a u0 android.intent.action.PACKAGE_REMOVED qIdx=4}, state= (APP_RECEIVE) DELIVERED for app ProcessRecord{95602c6 24069:com.samsung.oh/u0a37}
05-06 14:04:18.369  1397  3321 V BroadcastQueue: [background] Process cur broadcast BroadcastRecord{1af634a u0 android.intent.action.PACKAGE_REMOVED qIdx=4}, state= (APP_RECEIVE) DELIVERED for app ProcessRecord{95602c6 24069:com.samsung.oh/u0a37}
05-06 14:04:18.379 24069 24069 I RemoteSupport: (SystemEventReceiver, 40) android.intent.action.PACKAGE_REMOVED
05-06 14:04:18.389  1397  2649 D RestrictionPolicy: userId: 0, isMicrophoneEnabledAsUser : true
05-06 14:04:18.389  1397  3343 D RestrictionPolicy: userId: 0, isMicrophoneEnabledAsUser : true
05-06 14:04:18.389  1397  1415 D RestrictionPolicy: userId: 0, isMicrophoneEnabledAsUser : true
05-06 14:04:18.389  1397  3107 D PackageManager: setEnabledSetting : userId = 0 packageName = com.google.android.gms cmp = com.google.android.gms.people.pub.PeopleProfileActionGatewayActivity newState = 2 callingPackage = 10018
05-06 14:04:18.389  1397  1416 D RestrictionPolicy: userId: 0, isMicrophoneEnabledAsUser : true
05-06 14:04:18.389  1397  2632 D RestrictionPolicy: userId: 0, isMicrophoneEnabledAsUser : true
05-06 14:04:18.389  1397  2649 D RestrictionPolicy: userId: 0, isMicrophoneEnabledAsUser : true
05-06 14:04:18.399 24069 15491 I RemoteSupport: (SystemEventReceiver, 150) packageMonitor @ intent : android.intent.action.PACKAGE_REMOVED
05-06 14:04:18.399 24069 15491 E RemoteSupport: (ServiceBind, 80) ServiceBind Class has not been initialized.
05-06 14:04:18.419 11169 15493 W System.err: remove failed: ENOENT (No such file or directory) : /data/user/0/com.google.android.gms/databases/history_query.db
05-06 14:04:18.419 11169 15493 W System.err: remove failed: ENOENT (No such file or directory) : /data/user/0/com.google.android.gms/databases/history_query.db-journal
05-06 14:04:18.419 11169 15493 W System.err: remove failed: ENOENT (No such file or directory) : /data/user/0/com.google.android.gms/databases/history_query.db-shm
05-06 14:04:18.419 11169 15493 W System.err: remove failed: ENOENT (No such file or directory) : /data/user/0/com.google.android.gms/databases/history_query.db-wal
05-06 14:04:18.419  1397  3321 I ActivityManager: Start proc 15495:com.samsung.android.app.watchmanager/u0a17 for broadcast-3 com.samsung.android.app.watchmanager/com.samsung.android.app.twatchmanager.receiver.PackageControlReceiver
05-06 14:04:18.429 15495 15495 E Zygote  : v2
05-06 14:04:18.429 15495 15495 I libpersona: KNOX_SDCARD checking this for 10017
05-06 14:04:18.429 15495 15495 W SELinux : Function: selinux_compare_spd_ram, index[1], priority [2], priority version is VE=SEPF_SECMOBILE_6.0.1_0010
05-06 14:04:18.429 15495 15495 I libpersona: KNOX_SDCARD not a persona
05-06 14:04:18.429 15495 15495 E Zygote  : accessInfo : 0
05-06 14:04:18.429 15495 15495 W SELinux : SELinux: seapp_context_lookup: seinfo=platform, level=s0:c512,c768, pkgname=com.samsung.android.app.watchmanager 
05-06 14:04:18.439 11169 15493 D gH_CompatibleDatabase: Open SQLiteDatabase: /data/user/0/com.google.android.gms/databases/metrics.db, release reference: 1
05-06 14:04:18.439 11169 15493 D gH_CompatibleDatabase: Acquire reference of SQLiteDatabase: /data/user/0/com.google.android.gms/databases/metrics.db: 2
05-06 14:04:18.439 11169 15493 D gH_MetricsDatabase: 0 metrics were deleted when clearing package plv.colorado.edu.callinsbenchmark.
05-06 14:04:18.439 11169 15493 D gH_CompatibleDatabase: Release reference of SQLiteDatabase: /data/user/0/com.google.android.gms/databases/metrics.db: 1
05-06 14:04:18.439 11169 15493 D gH_CompatibleDatabase: Open SQLiteDatabase: /data/user/0/com.google.android.gms/databases/help_responses.db, release reference: 1
05-06 14:04:18.439 11169 15493 D gH_CompatibleDatabase: Acquire reference of SQLiteDatabase: /data/user/0/com.google.android.gms/databases/help_responses.db: 2
05-06 14:04:18.459 11169 15493 D gH_CompatibleDatabase: Release reference of SQLiteDatabase: /data/user/0/com.google.android.gms/databases/help_responses.db: 1
05-06 14:04:18.459 15495 15495 D TimaKeyStoreProvider: TimaSignature is unavailable
05-06 14:04:18.459 15495 15495 D ActivityThread: Added TimaKeyStore provider
05-06 14:04:18.469 11169 15493 D gH_CompatibleDatabase: Open SQLiteDatabase: /data/user/0/com.google.android.gms/databases/auto_complete_suggestions.db, release reference: 1
05-06 14:04:18.469 11169 15493 D gH_CompatibleDatabase: Acquire reference of SQLiteDatabase: /data/user/0/com.google.android.gms/databases/auto_complete_suggestions.db: 2
05-06 14:04:18.469 11169 15493 D gH_CompatibleDatabase: Release reference of SQLiteDatabase: /data/user/0/com.google.android.gms/databases/auto_complete_suggestions.db: 1
05-06 14:04:18.469 11169 15493 D gH_CompatibleDatabase: Close SQLiteDatabase: /data/user/0/com.google.android.gms/databases/metrics.db, release reference: 0
05-06 14:04:18.469 11169 15493 D gH_CompatibleDatabase: Close SQLiteDatabase: /data/user/0/com.google.android.gms/databases/help_responses.db, release reference: 0
05-06 14:04:18.469 11169 15493 D gH_CompatibleDatabase: Close SQLiteDatabase: /data/user/0/com.google.android.gms/databases/auto_complete_suggestions.db, release reference: 0
05-06 14:04:18.469  1397  2649 V BroadcastQueue: [background] Process cur broadcast BroadcastRecord{1af634a u0 android.intent.action.PACKAGE_REMOVED qIdx=4}, state= (APP_RECEIVE) DELIVERED for app ProcessRecord{93c0bb9 15495:com.samsung.android.app.watchmanager/u0a17}
05-06 14:04:18.489 15495 15495 W ResourcesManager: getTopLevelResources: /data/app/com.samsung.android.app.watchmanager-1/base.apk / 1.0 running in com.samsung.android.app.watchmanager rsrc of package com.samsung.android.app.watchmanager
05-06 14:04:18.499  1397  2460 I InjectionManagerService -AppFeature: getCoreFeaturePkgList :[]
05-06 14:04:18.499 15495 15495 I InjectionManager: Inside getClassLibPath + mLibMap{0=, 1=}
05-06 14:04:18.499 15495 15495 D ResourcesManager: For user 0 new overlays fetched Null
05-06 14:04:18.509 15495 15495 I InjectionManager: Inside getClassLibPath caller 
05-06 14:04:18.509 15495 15495 W System  : ClassLoader referenced unknown path: /data/app/com.samsung.android.app.watchmanager-1/lib/arm64
05-06 14:04:18.519 15495 15495 D tUHM:HostManagerUtils: Build.Type : user
05-06 14:04:18.519 15495 15495 D tUHM:HostManagerUtils: Build.Type : user
05-06 14:04:18.519  1397  3355 D RestrictionPolicy: userId: 0, isMicrophoneEnabledAsUser : true
05-06 14:04:18.519  1397  2697 D RestrictionPolicy: userId: 0, isMicrophoneEnabledAsUser : true
05-06 14:04:18.519  1397  1415 D RestrictionPolicy: userId: 0, isMicrophoneEnabledAsUser : true
05-06 14:04:18.519  1397  2460 D RestrictionPolicy: userId: 0, isMicrophoneEnabledAsUser : true
05-06 14:04:18.519  1397  2649 D RestrictionPolicy: userId: 0, isMicrophoneEnabledAsUser : true
05-06 14:04:18.519  1397  3321 D RestrictionPolicy: userId: 0, isMicrophoneEnabledAsUser : true
05-06 14:04:18.519  1397  2648 D RestrictionPolicy: userId: 0, isMicrophoneEnabledAsUser : true
05-06 14:04:18.519 15495 15495 V tUHM:TWatchManagerApplication: onCreate
05-06 14:04:18.519 15495 15495 D InjectionManager: InjectionManager
05-06 14:04:18.519 15495 15495 D InjectionManager: fillFeatureStoreMap com.samsung.android.app.watchmanager
05-06 14:04:18.519 15495 15495 I InjectionManager: Constructor com.samsung.android.app.watchmanager, Feature store :{}
05-06 14:04:18.519 15495 15495 I InjectionManager: featureStore :{}
05-06 14:04:18.529 15495 15495 I PackageControlReceiver: intent getAction=android.intent.action.PACKAGE_REMOVED
05-06 14:04:18.529 15495 15495 I PackageControlReceiver: forReplacing=false intent=Intent { act=android.intent.action.PACKAGE_REMOVED dat=package:plv.colorado.edu.callinsbenchmark flg=0x4000010 cmp=com.samsung.android.app.watchmanager/com.samsung.android.app.twatchmanager.receiver.PackageControlReceiver bqHint=4 VirtualScreenParam=Params{mDisplayId=-1, null, mFlags=0x00000000)} (has extras) }
05-06 14:04:18.529 15495 15495 D PackageControlReceiver: Uninstalled Package :plv.colorado.edu.callinsbenchmark
05-06 14:04:18.529  4481 15479 I UpdateIcingCorporaServi: UpdateCorporaTask done [took 214 ms] updated apps [took 214 ms] 
05-06 14:04:18.539 15495 15495 D tUHM:InstallationUtils: hasInstallPermission() res:0
05-06 14:04:18.539 15495 15495 D PackageControlReceiver:  removeBlockedPackage [plv.colorado.edu.callinsbenchmark]
05-06 14:04:18.539 15495 15495 D tUHM:TWatchManagerApplication: getAppContext()
05-06 14:04:18.539 15495 15495 D tUHM:TWatchManagerApplication: mAppContext = com.samsung.android.app.twatchmanager.TWatchManagerApplication@4f6cf81
05-06 14:04:18.539 15495 15495 D PackageControlReceiver:  current list of blocked apps [null]
05-06 14:04:18.549 15495 15495 D PackageControlReceiver: Parent package :null
05-06 14:04:18.549  1397  3355 I ActivityManager: Killing 13105:com.samsung.android.app.assistantmenu/1000 (adj 15): DHA:empty #33
05-06 14:04:18.549  1397  3355 V BroadcastQueue: [background] Process cur broadcast BroadcastRecord{1af634a u0 android.intent.action.PACKAGE_REMOVED qIdx=4}, state= (APP_RECEIVE) DELIVERED for app ProcessRecord{8a814eb 4531:com.sec.android.app.shealth:remote/u0a39}
05-06 14:04:18.579  1397  1415 V BroadcastQueue: [background] Process cur broadcast BroadcastRecord{1af634a u0 android.intent.action.PACKAGE_REMOVED qIdx=4}, state= (APP_RECEIVE) DELIVERED for app ProcessRecord{e0eaacd 12928:org.mozilla.firefox/u0a270}
05-06 14:04:18.579  1397  2649 D ActivityManager: isAutoRunBlockedApp:: com.samsung.android.app.assistantmenu, Auto Run ON
