05-06 14:04:16.489  1397  1397 D JobSchedulerService: Receieved: android.intent.action.PACKAGE_REMOVED
05-06 14:04:16.499  1397  1397 V EnterpriseBillingAsyncHandler: packageModificationReceiver - onreceive - start - android.intent.action.PACKAGE_REMOVED
05-06 14:04:16.499  1397  2437 V EnterpriseBillingPolicyInternal: packageModification -  start - android.intent.action.PACKAGE_REMOVED
05-06 14:04:16.499  1397  2437 V EnterpriseBillingPolicyInternal: uID is 10284
05-06 14:04:16.499  1397  2437 V EnterpriseBillingPolicyInternal: Removed Packageuid is0
05-06 14:04:16.499  1397  2437 V EnterpriseBillingPolicyStorage: getProfileForApplication - enter
05-06 14:04:16.499  1397  2437 V EnterpriseBillingPolicyStorage: getProfileForApplication - exit null : containerId = 0
05-06 14:04:16.499  1397  2437 V EnterpriseBillingPolicyInternal: packageModificationReceiver - onreceive - personal application - profile null
05-06 14:04:16.519  1397  2375 V NetworkPolicy: ACTION_PACKAGE_REMOVED for uid=10284
05-06 14:04:16.519  1397  1397 D SdpManagerService:  ActionReceiver::onReceive() Intent { act=android.intent.action.PACKAGE_REMOVED dat=package:plv.colorado.edu.callinsbenchmark flg=0x4000010 bqHint=4 VirtualScreenParam=Params{mDisplayId=-1, null, mFlags=0x00000000)} (has extras) }
05-06 14:04:16.519  1397  1397 D SdpManagerService: ACTION_PACKAGE_REMOVED Intent { act=android.intent.action.PACKAGE_REMOVED dat=package:plv.colorado.edu.callinsbenchmark flg=0x4000010 bqHint=4 VirtualScreenParam=Params{mDisplayId=-1, null, mFlags=0x00000000)} (has extras) } DATA= package:plv.colorado.edu.callinsbenchmark UID 1000 userId 0
05-06 14:04:16.519  1397  1397 D SdpManagerService: ACTION_PACKAGE_REMOVED packageName:: plv.colorado.edu.callinsbenchmark
05-06 14:04:16.519  1397  1397 D EnterprisePartitionManager: SND -> {secure_fs remove_enc_dir}
05-06 14:04:16.529   591   624 D epmd    : Partition obj created
05-06 14:04:16.529   591   624 D epmd    : Partition::dump============== 0
05-06 14:04:16.529   591   624 D epmd    : Partition::mType > INTERNAL-SDCARD mSrcPath > /data/knox/secure_fs/enc_user mMntPath > /data/enc_user
05-06 14:04:16.529  1397  1575 D EnterprisePartitionManager: RCV <-
05-06 14:04:16.529   591   624 D epmd    : Partition::SDP > not supported
05-06 14:04:16.529  1397  1397 D EnterprisePartitionManager: RMV <-
05-06 14:04:16.529   591   624 E epmd    : removeEncPkgDir ERROR
05-06 14:04:16.529  1397  1397 D EnterprisePartitionManager: event : 281 31 remove_enc_dir failed
05-06 14:04:16.529   591   624 D epmd    : deleting Partition object.
05-06 14:04:16.529  1397  1397 D SdpManagerService: start document   : 
05-06 14:04:16.529   591   624 W FrameworkListener: Handler 'secure_fs' error (No such file or directory)
05-06 14:04:16.529  1397  1397 D SdpManagerService: start element    : engine_list
05-06 14:04:16.529  1397  1397 D SdpManagerService: start characters : 
05-06 14:04:16.529  1397  1397 D SdpManagerService: start element    : engine
05-06 14:04:16.529  1397  1397 D SdpManagerService:  attribte alias: android_0
05-06 14:04:16.529  1397  1397 D SdpManagerService:  attribte id: 0
05-06 14:04:16.529  1397  1397 D SdpManagerService: end element      : engine
05-06 14:04:16.529  1397  1397 D SdpManagerService: start characters : 
05-06 14:04:16.529  1397  1397 D SdpManagerService: end element      : engine_list
05-06 14:04:16.529  1397  1397 D SdpManagerService: end document     : 
05-06 14:04:16.529  1397  1397 W System.err: mkdir failed: EEXIST (File exists) : /data/system/users/0
05-06 14:04:16.529  1397  1397 E SdpManagerService: cant make directory /data/system/users/0
05-06 14:04:16.529  1397  1397 D SdpManagerService: start document   : 
05-06 14:04:16.529  1397  1397 D SdpManagerService: start element    : user
05-06 14:04:16.529  1397  1397 D SdpManagerService: end element      : user
05-06 14:04:16.529  1397  1397 D SdpUtil : num:0 index-0
05-06 14:04:16.529  1397  1397 D SdpUtil : detecected userId : 0
05-06 14:04:16.529  1397  1397 D SdpManagerService: end document     : 
05-06 14:04:16.529  1397  1397 E SdpManagerService: Can't find engine info [android_0]
05-06 14:04:16.539  2613  2839 D PresenceModule: onReceive: package removed
05-06 14:04:16.539  2613  2839 D PresenceModule: handleMessage: msg 50
05-06 14:04:16.539  2613  2839 D PresenceModule: Application package removed
05-06 14:04:16.539  2613  2839 D PresenceModule: onAppPackageRemoved: app package: plv.colorado.edu.callinsbenchmark
05-06 14:04:16.539  2613  2839 D PresenceModule: onAppPackageRemoved: invalid package
05-06 14:04:16.539  2592  2592 D ShortcutManager: onReceive : android.intent.action.PACKAGE_REMOVED
05-06 14:04:16.539  2592  2592 D ShortcutManager: onReceive : Intent.EXTRA_REPLACING false,plv.colorado.edu.callinsbenchmark
05-06 14:04:16.559  2663  2663 I Recents_MultiWindowAppListInfo: android.intent.action.PACKAGE_REMOVE
05-06 14:04:16.559  1397  1498 W ResourcesManager: getTopLevelResources: /system/priv-app/InputDevices/InputDevices.apk / 1.0 running in null rsrc of package com.android.inputdevices
05-06 14:04:16.569  1397  2213 I InputReader: Reconfiguring input devices.  changes=0x00000010
05-06 14:04:16.569  1397  1498 D ResourcesManager: For user 0 new overlays fetched Null
05-06 14:04:16.569  1397  1498 W ResourcesManager: getTopLevelResources: /system/priv-app/InputDevices/InputDevices.apk / 1.0 running in null rsrc of package com.android.inputdevices
05-06 14:04:16.589  3010  3010 W ResourcesManager: getTopLevelResources: /data/app/com.google.android.gms-1/base.apk / 1.0 running in com.android.nfc rsrc of package com.google.android.gms
05-06 14:04:16.589  3010  3010 W ResourcesManager: getTopLevelResources: /data/app/com.google.android.gms-1/base.apk / 1.0 running in com.android.nfc rsrc of package com.google.android.gms
05-06 14:04:16.589  3010  3010 D ApduServiceInfo: seId: 0
05-06 14:04:16.589  3010  3010 W ResourcesManager: getTopLevelResources: /data/app/com.google.android.apps.walletnfcrel-2/base.apk / 1.0 running in com.android.nfc rsrc of package com.google.android.apps.walletnfcrel
05-06 14:04:16.589  3010  3010 W ResourcesManager: getTopLevelResources: /data/app/com.google.android.apps.walletnfcrel-2/base.apk / 1.0 running in com.android.nfc rsrc of package com.google.android.apps.walletnfcrel
05-06 14:04:16.589  3010  3010 D ApduServiceInfo: seId: 0
05-06 14:04:16.609  3010 15355 W ResourcesManager: getTopLevelResources: /data/app/com.sec.android.app.shealth-1/base.apk / 1.0 running in com.android.nfc rsrc of package com.sec.android.app.shealth
05-06 14:04:16.609  3010 15355 W ResourcesManager: getTopLevelResources: /data/app/com.sec.android.app.shealth-1/base.apk / 1.0 running in com.android.nfc rsrc of package com.sec.android.app.shealth
05-06 14:04:16.609  1397  2697 D RestrictionPolicy: userId: 0, isMicrophoneEnabledAsUser : true
05-06 14:04:16.609  1397  3209 D RestrictionPolicy: userId: 0, isMicrophoneEnabledAsUser : true
05-06 14:04:16.619 15354 15354 I FIPS_bssl: FIPS approved mode (1) | 15354 | app_process
05-06 14:04:16.619  3010 15355 W ResourcesManager: getTopLevelResources: /system/priv-app/Tag/Tag.apk / 1.0 running in com.android.nfc rsrc of package com.android.apps.tag
05-06 14:04:16.619  3010 15355 W ResourcesManager: getTopLevelResources: /system/priv-app/Tag/Tag.apk / 1.0 running in com.android.nfc rsrc of package com.android.apps.tag
05-06 14:04:16.619  3010 15355 D RegisteredComponentCache: Collect Tech packages for Knox
05-06 14:04:16.619  1397  1415 D RestrictionPolicy: userId: 0, isMicrophoneEnabledAsUser : true
05-06 14:04:16.619  1397  2632 D RestrictionPolicy: userId: 0, isMicrophoneEnabledAsUser : true
05-06 14:04:16.619  1397  1416 D RestrictionPolicy: userId: 0, isMicrophoneEnabledAsUser : true
05-06 14:04:16.619  1397  1416 D RestrictionPolicy: userId: 0, isMicrophoneEnabledAsUser : true
05-06 14:04:16.619  1397  3355 D RestrictionPolicy: userId: 0, isMicrophoneEnabledAsUser : true
05-06 14:04:16.629 15354 15354 D AndroidRuntime: >>>>>> START com.android.internal.os.RuntimeInit uid 2000 <<<<<<
05-06 14:04:16.639 15354 15354 D AndroidRuntime: CheckJNI is OFF
05-06 14:04:16.639 15354 15354 D AndroidRuntime: readGMSProperty: start
05-06 14:04:16.639 15354 15354 D AndroidRuntime: readGMSProperty: already setted!!
05-06 14:04:16.639 15354 15354 D AndroidRuntime: propertySet: couldn't set property (it is from app)
05-06 14:04:16.639 15354 15354 D AndroidRuntime: readGMSProperty: could not set the property(default)!!
05-06 14:04:16.639 15354 15354 D AndroidRuntime: propertySet: couldn't set property (it is from app)
05-06 14:04:16.639 15354 15354 D AndroidRuntime: propertySet: couldn't set property (it is from app)
05-06 14:04:16.639 15354 15354 D AndroidRuntime: propertySet: couldn't set property (it is from app)
05-06 14:04:16.639 15354 15354 D AndroidRuntime: propertySet: couldn't set property (it is from app)
05-06 14:04:16.639 15354 15354 D AndroidRuntime: readGMSProperty: end
05-06 14:04:16.639 15354 15354 D AndroidRuntime: addProductProperty: start
05-06 14:04:16.669 15354 15354 D ICU     : No timezone override file found: /data/misc/zoneinfo/current/icu/icu_tzdata.dat
05-06 14:04:16.709 15354 15354 I Radio-JNI: register_android_hardware_Radio DONE
05-06 14:04:16.709 15354 15354 E AffinityControl: AffinityControl: registerfunction enter
05-06 14:04:16.729 15354 15354 D AndroidRuntime: Calling main entry com.android.commands.pm.Pm
05-06 14:04:16.729  1397  3355 I PackageManager: installPackageAsUser params originPath =/data/local/tmp/app-debug.apk installerPackageName =null
05-06 14:04:16.739  1397  3355 D PackageManager: START_PACKAGE_INSTALL: observer{40906407}
05-06 14:04:16.739  1397  3355 D PackageManager:           originPath{/data/local/tmp/app-debug.apk}
05-06 14:04:16.739  1397  3355 D RestrictionPolicy: isNonMarketAppAllowed : true
05-06 14:04:16.739  1397  3343 D RestrictionPolicy: userId: 0, isMicrophoneEnabledAsUser : true
05-06 14:04:16.739  1397  2649 D RestrictionPolicy: userId: 0, isMicrophoneEnabledAsUser : true
05-06 14:04:16.739  1397  2649 D RestrictionPolicy: userId: 0, isMicrophoneEnabledAsUser : true
05-06 14:04:16.739  1397  2632 D RestrictionPolicy: userId: 0, isMicrophoneEnabledAsUser : true
05-06 14:04:16.739  1397  1415 D RestrictionPolicy: userId: 0, isMicrophoneEnabledAsUser : true
05-06 14:04:16.739  1397  3343 D RestrictionPolicy: userId: 0, isMicrophoneEnabledAsUser : true
05-06 14:04:16.739  1397  1571 D PackageManager: [MSG] INIT_COPY: observer{40906407}
05-06 14:04:16.739  1397  1571 D PackageManager:           idx{0}
05-06 14:04:16.739  1397  1571 D PackageManager:           for_user{UserHandle{-1}}
05-06 14:04:16.749  1397  1571 D PackageManager: [MSG] MCS_BOUND: observer{40906407}
05-06 14:04:16.749  1397  1571 D PackageManager:           for_user{UserHandle{-1}}
05-06 14:04:16.759 15335 15346 E NativeLibraryHelper: Failed to load assets verifier: 0
05-06 14:04:16.759  1397  1571 I PackageManager: EAS IT Policy AllowList = ,,
05-06 14:04:16.759  1397  1571 I PackageManager: isAppBlockedByDPM?? = false
05-06 14:04:16.769 15335 15345 E NativeLibraryHelper: Failed to load assets verifier: 0
05-06 14:04:16.769  1397  1571 D PackageManager: [VERIFY] getRequiredVerifiersLPr: 2 verifiers
05-06 14:04:16.769  1397  1571 D PackageManager: [VERIFY]     com.android.vending(10034)
05-06 14:04:16.769  1397  1571 D PackageManager: [VERIFY]     com.samsung.android.sm.devicesecurity(5012)
05-06 14:04:16.769  1397  1571 D PersonaManagerService: needVerificationForPackage  
05-06 14:04:16.769  1397  1571 D PersonaManagerService: needVerificationForPackage plv.colorado.edu.callinsbenchmark
05-06 14:04:16.769  1397  1571 D PersonaManagerService: needVerificationForPackage return true for  at the end plv.colorado.edu.callinsbenchmark
05-06 14:04:16.769  1397  1571 I PackageManager: installerUid : 2000
05-06 14:04:16.769  1397  1571 D PackageManager: [VERIFY] Found 2 verifiers for intent Intent { act=android.intent.action.PACKAGE_NEEDS_VERIFICATION dat=file:///data/local/tmp/app-debug.apk typ=application/vnd.android.package-archive flg=0x10000001 VirtualScreenParam=Params{mDisplayId=-1, null, mFlags=0x00000000)} } with 0 optional verifiers
05-06 14:04:16.769  1397  1571 D PackageManager: [VERIFY] sendOrderedBroadcastToPendingVerifier:
05-06 14:04:16.769  1397  1571 D PackageManager: PackageVerificationState{
05-06 14:04:16.769  1397  1571 D PackageManager:     verifier packages=com.android.vending(10034),com.samsung.android.sm.devicesecurity(5012),
05-06 14:04:16.769  1397  1571 D PackageManager:     intent=Intent { act=android.intent.action.PACKAGE_NEEDS_VERIFICATION dat=file:///data/local/tmp/app-debug.apk typ=application/vnd.android.package-archive flg=0x10000001 VirtualScreenParam=Params{mDisplayId=-1, null, mFlags=0x00000000)} (has extras) }
05-06 14:04:16.769  1397  1571 D PackageManager:     others=141, false, false, false, false, false
05-06 14:04:16.769  1397  1571 D PackageManager: }
05-06 14:04:16.769  1397  1571 I HarmonyEASService: Updating for all 1
05-06 14:04:16.769  1397  1571 D PackageManager: remove MCS_UNBIND message and Posting MCS_UNBIND 10 secs later
05-06 14:04:16.769  1397  1468 V BroadcastQueue: [foreground] Process cur broadcast BroadcastRecord{e70e43 u0 android.intent.action.PACKAGE_NEEDS_VERIFICATION qIdx=2}, state= (APP_RECEIVE) DELIVERED for app ProcessRecord{3c2542f 4931:com.android.vending/u0a34}
05-06 14:04:16.779  4931  4931 I Finsky  : [1] com.google.android.vending.verifier.PackageVerificationReceiver.onReceive(40): Verification requested, id = 141
05-06 14:04:16.789  1397  1397 D PackageManager: [VERIFY] onReceive for RequiredVerifier id=141
05-06 14:04:16.789  1397  1397 D PackageManager: [VERIFY] sendMessageDelayed(CHECK_PENDING_VERIFICATION, 141, 10000)
05-06 14:04:16.789  4931  4931 I Finsky  : [1] com.google.android.vending.verifier.n.onPreExecute(442): Verification Requested for id=141 data=file:///data/local/tmp/app-debug.apk flags=112 fromVerificationActivity=false
05-06 14:04:16.879  1397  3343 D RestrictionPolicy: userId: 0, isMicrophoneEnabledAsUser : true
05-06 14:04:16.879  1397  2697 D RestrictionPolicy: userId: 0, isMicrophoneEnabledAsUser : true
05-06 14:04:16.879  1397  1416 D RestrictionPolicy: userId: 0, isMicrophoneEnabledAsUser : true
05-06 14:04:16.879  1397  3107 D RestrictionPolicy: userId: 0, isMicrophoneEnabledAsUser : true
05-06 14:04:16.879  1397  2460 D RestrictionPolicy: userId: 0, isMicrophoneEnabledAsUser : true
05-06 14:04:16.879  1397  3355 D RestrictionPolicy: userId: 0, isMicrophoneEnabledAsUser : true
05-06 14:04:16.879  1397  3209 D RestrictionPolicy: userId: 0, isMicrophoneEnabledAsUser : true
05-06 14:04:16.889  1397  1495 D MARsDBManager: onChange - mSmartManagerObserver! Uri = content://com.samsung.android.sm/AppFreezer
05-06 14:04:16.889  1397  1495 V MARsDBManager: getManagedPackagesFromDB!
05-06 14:04:16.909  3018  3018 D CarrierServiceBindHelper: Receive action: android.intent.action.PACKAGE_REMOVED
05-06 14:04:16.909  4931  4964 W ResourcesManager: getTopLevelResources: /data/local/tmp/app-debug.apk / 1.0 running in com.android.vending rsrc of package plv.colorado.edu.callinsbenchmark
05-06 14:04:16.919  1397  1495 V MARsPolicyManager: updateManagedPackages! size = 91
05-06 14:04:16.959  1397  5400 D SSRM:aY : MSG_TYPE_APP_REMOVED::
05-06 14:04:16.979  1397  1397 D EnterpriseSSOPolicyService: inside mBReciever onReceive : android.intent.action.PACKAGE_REMOVED
05-06 14:04:16.979   930  2080 D EnterpriseController: netId is 0
05-06 14:04:16.979   930  2080 D Netd    : getNetworkForDns: using netid 675 for uid 10034
05-06 14:04:16.989  1397  1397 D EnterpriseUserSpaceSSOPolicy: inside mBReciever onReceive : android.intent.action.PACKAGE_REMOVED
05-06 14:04:16.989  1397  1397 D EnterpriseSCEPPolicy: Package actually removal
05-06 14:04:16.989  1397  1397 D EnterpriseSCEPPolicy: mPriority = 0
05-06 14:04:16.999  1397  3322 D RestrictionPolicy: userId: 0, isMicrophoneEnabledAsUser : true
05-06 14:04:16.999  1397  3107 D RestrictionPolicy: userId: 0, isMicrophoneEnabledAsUser : true
05-06 14:04:16.999  1397  2648 D RestrictionPolicy: userId: 0, isMicrophoneEnabledAsUser : true
05-06 14:04:16.999  1397  2460 D RestrictionPolicy: userId: 0, isMicrophoneEnabledAsUser : true
05-06 14:04:16.999  1397  3317 D RestrictionPolicy: userId: 0, isMicrophoneEnabledAsUser : true
05-06 14:04:16.999  1397  2531 D RestrictionPolicy: userId: 0, isMicrophoneEnabledAsUser : true
05-06 14:04:17.009  1397  1397 D EnterprisePremiumVpnPolicyServiceV2: Vpn Receiver : android.intent.action.PACKAGE_REMOVED
05-06 14:04:17.009  1397 15152 I EnterprisePremiumVpnPolicyServiceV2: vpn handle : Message received
05-06 14:04:17.009  1397 15152 D EnterprisePremiumVpnPolicyServiceV2: Package removal intent is reached
05-06 14:04:17.009  1397 15152 D EnterprisePremiumVpnPolicyServiceV2: handleActionPackageRemoved : packageName = plv.colorado.edu.callinsbenchmark : replacing = false
05-06 14:04:17.009  1397  1397 D KnoxVpnEngineService: Vpn Receiver : android.intent.action.PACKAGE_REMOVED
05-06 14:04:17.009  1397 15154 I KnoxVpnEngineService: vpn handle : Message received
05-06 14:04:17.009  1397 15154 D KnoxVpnEngineService: handleActionPackageRemoved
05-06 14:04:17.009  1397 15154 D KnoxVpnEngineService: handleActionPackageRemoved : packageName = 0_plv.colorado.edu.callinsbenchmark : replacing = false
05-06 14:04:17.019  1397  1397 V DomainFilter: onReceive Intent { act=android.intent.action.PACKAGE_REMOVED dat=package:plv.colorado.edu.callinsbenchmark flg=0x4000010 bqHint=4 VirtualScreenParam=Params{mDisplayId=-1, null, mFlags=0x00000000)} (has extras) }
05-06 14:04:17.019  6377  6377 D ThemeManagerService: BroadcastReceiver packageName :plv.colorado.edu.callinsbenchmark, action = android.intent.action.PACKAGE_REMOVED
05-06 14:04:17.029 23568 23568 I Keyboard.Facilitator: resetDictionaries() : en_US
05-06 14:04:17.039 10583 13108 W ResourcesManager: getTopLevelResources: /data/app/com.audible.application-1/base.apk / 1.0 running in com.google.android.googlequicksearchbox rsrc of package com.audible.application
05-06 14:04:17.039 10583 13108 D ResourcesManager: For user 0 new overlays fetched Null
05-06 14:04:17.039 10583 13108 W ResourcesManager: getTopLevelResources: /data/app/com.audible.application-1/base.apk / 1.0 running in com.google.android.googlequicksearchbox rsrc of package com.audible.application
05-06 14:04:17.049 10583 13108 W ResourcesManager: getTopLevelResources: /system/app/ClockPackage_M/ClockPackage_M.apk / 1.0 running in com.google.android.googlequicksearchbox rsrc of package com.sec.android.app.clockpackage
05-06 14:04:17.049 10583 13108 D ResourcesManager: For user 0 new overlays fetched [/data/overlays/style/com.cambunch.MaterialDark/com.cambunch.MaterialDark.touchwiz.apk, /data/overlays/style/com.cambunch.MaterialDark/com.cambunch.MaterialDark.clockpackage.apk, /data/overlays/style/com.cambunch.MaterialDark/com.cambunch.MaterialDark.common.apk]
05-06 14:04:17.049 23568 15372 I Keyboard.Facilitator.DecoderInitializer: run()
05-06 14:04:17.049 23568 15372 I Decoder : createOrResetDecoder
05-06 14:04:17.059  1397  3209 V BroadcastQueue: [background] Process cur broadcast BroadcastRecord{1af634a u0 android.intent.action.PACKAGE_REMOVED qIdx=4}, state= (APP_RECEIVE) DELIVERED for app ProcessRecord{2465eef 18899:com.samsung.klmsagent/u0a26}
05-06 14:04:17.059 18899 18899 I KLMS-2.6.032: : KLMSAbstractReciever(): onReceive(): Intent { act=android.intent.action.PACKAGE_REMOVED dat=package:plv.colorado.edu.callinsbenchmark flg=0x4000010 cmp=com.samsung.klmsagent/.listner.MainReciver bqHint=4 VirtualScreenParam=Params{mDisplayId=-1, null, mFlags=0x00000000)} (has extras) } | timestamp: Fri May 06 14:04:17 MDT 2016
05-06 14:04:17.059 10583 13108 W ResourcesManager: getTopLevelResources: /system/app/ClockPackage_M/ClockPackage_M.apk / 1.0 running in com.google.android.googlequicksearchbox rsrc of package com.sec.android.app.clockpackage
05-06 14:04:17.059 10583 13108 W ResourcesManager: getTopLevelResources: /system/app/ClockPackage_M/ClockPackage_M.apk / 1.0 running in com.google.android.googlequicksearchbox rsrc of package com.sec.android.app.clockpackage
05-06 14:04:17.069 18899 18899 I KLMS-2.6.032: : KLMSAbstractReciever(): onReceive().END.
05-06 14:04:17.069 10583 13108 W ResourcesManager: getTopLevelResources: /data/app/com.google.android.deskclock-1/base.apk / 1.0 running in com.google.android.googlequicksearchbox rsrc of package com.google.android.deskclock
05-06 14:04:17.069 18899 18899 I KLMS-2.6.032: : KLMSIntentService(): onCreate()
05-06 14:04:17.069 18899 18899 I KLMS-2.6.032: : KLMSSystemProperties(): getBoolean(): ro.product_ship = true
05-06 14:04:17.069 18899 18899 I KLMS-2.6.032: : KLMSUtility(): isTestMode(): product_ship: true | testApk: false
05-06 14:04:17.069 18899 15373 I KLMS-2.6.032: : KLMSIntentService(): onHandleIntent().START: Intent { act=android.intent.action.PACKAGE_REMOVED dat=package:plv.colorado.edu.callinsbenchmark flg=0x4000010 cmp=com.samsung.klmsagent/.service.KLMSIntentService bqHint=4 VirtualScreenParam=Params{mDisplayId=-1, null, mFlags=0x00000000)} (has extras) }
05-06 14:04:17.069  1397  2632 V BroadcastQueue: [background] Process cur broadcast BroadcastRecord{1af634a u0 android.intent.action.PACKAGE_REMOVED qIdx=4}, state= (APP_RECEIVE) DELIVERED for app ProcessRecord{dd8f714 1397:system/1000}
05-06 14:04:17.069 18899 15373 D KLMS-2.6.032: : KLMSIntentService(): PACKAGE_REMOVED
05-06 14:04:17.069 18899 15373 I KLMS-2.6.032: : Systemprocess(): listeningToPackageRemoved().START
05-06 14:04:17.069 18899 15373 I KLMS-2.6.032: : Systemprocess(): listeningToPackageRemoved().packageName: plv.colorado.edu.callinsbenchmark
05-06 14:04:17.069 18899 15373 I KLMS-2.6.032: : Systemprocess(): listeningToPackageRemovedforELM().START - plv.colorado.edu.callinsbenchmark
05-06 14:04:17.079 18899 15373 I KLMS-2.6.032: : MDMBridge(): getAllLicenseInfoFromSDK()
05-06 14:04:17.079 18899 15373 I KLMS-2.6.032: : MDMBridge(): getAllLicenseInfoFromSDK()
05-06 14:04:17.079 18899 15373 D KLMS-2.6.032: : Systemprocess(): arrayLicenseInfo size : 1
05-06 14:04:17.079 18899 15373 I KLMS-2.6.032: : Systemprocess(): listeningToPackageRemovedforELM().END
05-06 14:04:17.079 18899 15373 I KLMS-2.6.032: : Systemprocess(): listeningToPackageRemovedforKLM().START - plv.colorado.edu.callinsbenchmark
05-06 14:04:17.079 10583 13108 D ResourcesManager: For user 0 new overlays fetched Null
05-06 14:04:17.079 10583 13108 W ResourcesManager: getTopLevelResources: /data/app/com.google.android.deskclock-1/base.apk / 1.0 running in com.google.android.googlequicksearchbox rsrc of package com.google.android.deskclock
05-06 14:04:17.079 10583 13108 W ResourcesManager: getTopLevelResources: /system/priv-app/SecContacts_M/SecContacts_M.apk / 1.0 running in com.google.android.googlequicksearchbox rsrc of package com.android.contacts
05-06 14:04:17.089  1397  1397 V BroadcastQueue: [background] Process cur broadcast BroadcastRecord{1af634a u0 android.intent.action.PACKAGE_REMOVED qIdx=4}, state= (APP_RECEIVE) DELIVERED for app ProcessRecord{a294a57 2549:android.process.acore/u0a5}
05-06 14:04:17.089 10583 13108 D ResourcesManager: For user 0 new overlays fetched [/data/overlays/style/com.cambunch.MaterialDark/com.cambunch.MaterialDark.touchwiz.apk, /data/overlays/style/com.cambunch.MaterialDark/com.cambunch.MaterialDark.contacts.apk, /data/overlays/style/com.cambunch.MaterialDark/com.cambunch.MaterialDark.common.apk]
05-06 14:04:17.089 10583 13108 W ResourcesManager: getTopLevelResources: /system/priv-app/SecContacts_M/SecContacts_M.apk / 1.0 running in com.google.android.googlequicksearchbox rsrc of package com.android.contacts
05-06 14:04:17.089 10583 13108 W ResourcesManager: getTopLevelResources: /system/priv-app/SecContacts_M/SecContacts_M.apk / 1.0 running in com.google.android.googlequicksearchbox rsrc of package com.android.contacts
05-06 14:04:17.099 10583 13108 W ResourcesManager: getTopLevelResources: /data/app/com.google.android.apps.docs-1/base.apk / 1.0 running in com.google.android.googlequicksearchbox rsrc of package com.google.android.apps.docs
05-06 14:04:17.099 10583 13108 D ResourcesManager: For user 0 new overlays fetched Null
05-06 14:04:17.109 10583 13108 W ResourcesManager: getTopLevelResources: /data/app/com.google.android.apps.docs-1/base.apk / 1.0 running in com.google.android.googlequicksearchbox rsrc of package com.google.android.apps.docs
05-06 14:04:17.109 10583 13108 W ResourcesManager: getTopLevelResources: /data/app/com.google.android.apps.docs-1/base.apk / 1.0 running in com.google.android.googlequicksearchbox rsrc of package com.google.android.apps.docs
05-06 14:04:17.109 10583 13108 W ResourcesManager: getTopLevelResources: /data/app/com.google.android.gm-1/base.apk / 1.0 running in com.google.android.googlequicksearchbox rsrc of package com.google.android.gm
05-06 14:04:17.109 10583 13108 D ResourcesManager: For user 0 new overlays fetched Null
05-06 14:04:17.119 10583 13108 W ResourcesManager: getTopLevelResources: /data/app/com.google.android.gm-1/base.apk / 1.0 running in com.google.android.googlequicksearchbox rsrc of package com.google.android.gm
05-06 14:04:17.129  1397  2764 D RestrictionPolicy: userId: 0, isMicrophoneEnabledAsUser : true
05-06 14:04:17.129  1397  3321 D RestrictionPolicy: userId: 0, isMicrophoneEnabledAsUser : true
05-06 14:04:17.129 10583 13108 W ResourcesManager: getTopLevelResources: /data/app/com.google.android.apps.books-1/base.apk / 1.0 running in com.google.android.googlequicksearchbox rsrc of package com.google.android.apps.books
05-06 14:04:17.129  1397  2632 V BroadcastQueue: [background] Process cur broadcast BroadcastRecord{1af634a u0 android.intent.action.PACKAGE_REMOVED qIdx=4}, state= (APP_RECEIVE) DELIVERED for app ProcessRecord{463b1a7 5024:com.android.settings/1000}
05-06 14:04:17.129  1397  2649 D RestrictionPolicy: userId: 0, isMicrophoneEnabledAsUser : true
05-06 14:04:17.129  1397  2531 D RestrictionPolicy: userId: 0, isMicrophoneEnabledAsUser : true
05-06 14:04:17.129 10583 13108 D ResourcesManager: For user 0 new overlays fetched Null
05-06 14:04:17.129  1397  1416 D RestrictionPolicy: userId: 0, isMicrophoneEnabledAsUser : true
05-06 14:04:17.129 10583 13108 W ResourcesManager: getTopLevelResources: /data/app/com.google.android.apps.books-1/base.apk / 1.0 running in com.google.android.googlequicksearchbox rsrc of package com.google.android.apps.books
05-06 14:04:17.129  1397  3343 D RestrictionPolicy: userId: 0, isMicrophoneEnabledAsUser : true
05-06 14:04:17.129 10583 13108 W ResourcesManager: getTopLevelResources: /data/app/com.google.android.music-1/base.apk / 1.0 running in com.google.android.googlequicksearchbox rsrc of package com.google.android.music
05-06 14:04:17.139  1397  2649 V BroadcastQueue: [background] Process cur broadcast BroadcastRecord{1af634a u0 android.intent.action.PACKAGE_REMOVED qIdx=4}, state= (APP_RECEIVE) DELIVERED for app ProcessRecord{463b1a7 5024:com.android.settings/1000}
05-06 14:04:17.139  1397  2764 V BroadcastQueue: [background] Process cur broadcast BroadcastRecord{1af634a u0 android.intent.action.PACKAGE_REMOVED qIdx=4}, state= (APP_RECEIVE) DELIVERED for app ProcessRecord{463b1a7 5024:com.android.settings/1000}
05-06 14:04:17.139 10583 13108 D ResourcesManager: For user 0 new overlays fetched Null
05-06 14:04:17.149  5024  5024 I DataWarningReceiver: DataWarningReceiver
05-06 14:04:17.149 10583 13108 W ResourcesManager: getTopLevelResources: /data/app/com.google.android.music-1/base.apk / 1.0 running in com.google.android.googlequicksearchbox rsrc of package com.google.android.music
05-06 14:04:17.149 10583 13108 W ResourcesManager: getTopLevelResources: /data/app/com.android.vending-1/base.apk / 1.0 running in com.google.android.googlequicksearchbox rsrc of package com.android.vending
05-06 14:04:17.159 10583 13108 D ResourcesManager: For user 0 new overlays fetched Null
05-06 14:04:17.159 10583 13108 W ResourcesManager: getTopLevelResources: /data/app/com.android.vending-1/base.apk / 1.0 running in com.google.android.googlequicksearchbox rsrc of package com.android.vending
05-06 14:04:17.169  1397  2764 V BroadcastQueue: [background] Process cur broadcast BroadcastRecord{1af634a u0 android.intent.action.PACKAGE_REMOVED qIdx=4}, state= (APP_RECEIVE) DELIVERED for app ProcessRecord{8d54455 12730:com.samsung.android.provider.shootingmodeprovider/u0a61}
05-06 14:04:17.169 10583 13108 W ResourcesManager: getTopLevelResources: /data/app/com.android.vending-1/base.apk / 1.0 running in com.google.android.googlequicksearchbox rsrc of package com.android.vending
05-06 14:04:17.169 10583 13108 W ResourcesManager: getTopLevelResources: /data/app/com.google.android.apps.googlevoice-2/base.apk / 1.0 running in com.google.android.googlequicksearchbox rsrc of package com.google.android.apps.googlevoice
05-06 14:04:17.169 10583 13108 D ResourcesManager: For user 0 new overlays fetched Null
05-06 14:04:17.179 10583 13108 W ResourcesManager: getTopLevelResources: /data/app/com.google.android.apps.googlevoice-2/base.apk / 1.0 running in com.google.android.googlequicksearchbox rsrc of package com.google.android.apps.googlevoice
05-06 14:04:17.179 10583 13108 W ResourcesManager: getTopLevelResources: /data/app/com.google.android.apps.plus-2/base.apk / 1.0 running in com.google.android.googlequicksearchbox rsrc of package com.google.android.apps.plus
05-06 14:04:17.179 23568 15372 I Keyboard.Facilitator.MainLanguageModelLoader: run()
05-06 14:04:17.179  1397  1415 V BroadcastQueue: [background] Process cur broadcast BroadcastRecord{1af634a u0 android.intent.action.PACKAGE_REMOVED qIdx=4}, state= (APP_RECEIVE) DELIVERED for app ProcessRecord{be74068 12482:com.samsung.android.sm.devicesecurity/5012}
05-06 14:04:17.179 10583 13108 D ResourcesManager: For user 0 new overlays fetched Null
05-06 14:04:17.189 10583 13108 W ResourcesManager: getTopLevelResources: /data/app/com.google.android.apps.plus-2/base.apk / 1.0 running in com.google.android.googlequicksearchbox rsrc of package com.google.android.apps.plus
05-06 14:04:17.189 10583 13108 W ResourcesManager: getTopLevelResources: /data/app/com.google.android.apps.inbox-2/base.apk / 1.0 running in com.google.android.googlequicksearchbox rsrc of package com.google.android.apps.inbox
05-06 14:04:17.189 10583 13108 D ResourcesManager: For user 0 new overlays fetched Null
05-06 14:04:17.199 10583 13108 W ResourcesManager: getTopLevelResources: /data/app/com.google.android.apps.inbox-2/base.apk / 1.0 running in com.google.android.googlequicksearchbox rsrc of package com.google.android.apps.inbox
05-06 14:04:17.199 10583 13108 W ResourcesManager: getTopLevelResources: /data/app/com.google.android.keep-1/base.apk / 1.0 running in com.google.android.googlequicksearchbox rsrc of package com.google.android.keep
05-06 14:04:17.199 10583 13108 D ResourcesManager: For user 0 new overlays fetched Null
05-06 14:04:17.199  1397  2531 V BroadcastQueue: [background] Process cur broadcast BroadcastRecord{1af634a u0 android.intent.action.PACKAGE_REMOVED qIdx=4}, state= (APP_RECEIVE) DELIVERED for app ProcessRecord{76d924a 13835:com.samsung.android.sm/1000}
05-06 14:04:17.199 10583 13108 W ResourcesManager: getTopLevelResources: /data/app/com.google.android.apps.maps-1/base.apk / 1.0 running in com.google.android.googlequicksearchbox rsrc of package com.google.android.apps.maps
05-06 14:04:17.209 10583 13108 D ResourcesManager: For user 0 new overlays fetched Null
05-06 14:04:17.209 10583 13108 W ResourcesManager: getTopLevelResources: /data/app/com.google.android.apps.maps-1/base.apk / 1.0 running in com.google.android.googlequicksearchbox rsrc of package com.google.android.apps.maps
05-06 14:04:17.209 10583 13108 W ResourcesManager: getTopLevelResources: /data/app/com.google.android.apps.messaging-1/base.apk / 1.0 running in com.google.android.googlequicksearchbox rsrc of package com.google.android.apps.messaging
05-06 14:04:17.209 18899 15373 D KLMS-2.6.032: : KLMSUtility(): IsPackageExistInDevice().mAppInfoList: 427
05-06 14:04:17.209 18899 15373 D KLMS-2.6.032: : KLMSSharedPreferences(): deleteNotificationAppList().pkgName: plv.colorado.edu.callinsbenchmark
05-06 14:04:17.209 18899 15373 I KLMS-2.6.032: : KLMSSharedPreferences(): getNotificationAppList(): null
05-06 14:04:17.209 18899 15373 D KLMS-2.6.032: : Systemprocess(): Notification App List is Null. Remove Notification.
05-06 14:04:17.209 10583 13108 D ResourcesManager: For user 0 new overlays fetched Null
05-06 14:04:17.219  1397  3355 V BroadcastQueue: [background] Process cur broadcast BroadcastRecord{1af634a u0 android.intent.action.PACKAGE_REMOVED qIdx=4}, state= (APP_RECEIVE) DELIVERED for app ProcessRecord{3947c0a 3018:com.android.phone/1001}
05-06 14:04:17.219 18899 15373 I KLMS-2.6.032: : Systemprocess(): IsTrackerIDExistInDeviceDB().START: plv.colorado.edu.callinsbenchmark
05-06 14:04:17.219  4931  4931 I Finsky  : [1] com.google.android.vending.verifier.e.a_(2372): Verification id=141 response=0
05-06 14:04:17.219 10583 13108 W ResourcesManager: getTopLevelResources: /data/app/com.google.android.apps.messaging-1/base.apk / 1.0 running in com.google.android.googlequicksearchbox rsrc of package com.google.android.apps.messaging
05-06 14:04:17.229  1397  3321 D PackageManager: [VERIFY] verifyPendingInstall(141, VERIFICATION_ALLOW), uid=10034
05-06 14:04:17.229  1397  1571 D PackageManager: [MSG] PACKAGE_VERIFIED: observer{40906407}
05-06 14:04:17.229  1397  1571 D PackageManager: [VERIFY] PACKAGE_VERIFIED: 
05-06 14:04:17.229  1397  1571 D PackageManager: PackageVerificationState{
05-06 14:04:17.229  1397  1571 D PackageManager:     verifier packages=com.android.vending(10034),com.samsung.android.sm.devicesecurity(5012),
05-06 14:04:17.229  1397  1571 D PackageManager:     intent=Intent { act=android.intent.action.PACKAGE_NEEDS_VERIFICATION dat=file:///data/local/tmp/app-debug.apk typ=application/vnd.android.package-archive flg=0x10000001 cmp=com.android.vending/com.google.android.vending.verifier.PackageVerificationReceiver VirtualScreenParam=Params{mDisplayId=-1, null, mFlags=0x00000000)} (has extras) }
05-06 14:04:17.229  1397  1571 D PackageManager:     others=141, false, false, false, false, false
05-06 14:04:17.229  1397  1571 D PackageManager: }
05-06 14:04:17.229  1397  1571 D PackageVerificationState: [VERIFY] setVerifierResponse {verificationID=141, uid=10034, code=1
05-06 14:04:17.229  1397  1571 D PackageManager: [VERIFY] sendOrderedBroadcastToPendingVerifier:
05-06 14:04:17.229  1397  1571 D PackageManager: PackageVerificationState{
05-06 14:04:17.229  1397  1571 D PackageManager:     verifier packages=com.samsung.android.sm.devicesecurity(5012),
05-06 14:04:17.229  1397  1571 D PackageManager:     intent=Intent { act=android.intent.action.PACKAGE_NEEDS_VERIFICATION dat=file:///data/local/tmp/app-debug.apk typ=application/vnd.android.package-archive flg=0x10000001 cmp=com.android.vending/com.google.android.vending.verifier.PackageVerificationReceiver VirtualScreenParam=Params{mDisplayId=-1, null, mFlags=0x00000000)} (has extras) }
05-06 14:04:17.229  1397  1571 D PackageManager:     others=141, false, false, false, false, false
05-06 14:04:17.229  1397  1571 D PackageManager: }
05-06 14:04:17.229 10583 13108 W ResourcesManager: getTopLevelResources: /data/app/com.google.android.apps.genie.geniewidget-1/base.apk / 1.0 running in com.google.android.googlequicksearchbox rsrc of package com.google.android.apps.genie.geniewidget
05-06 14:04:17.229 10583 13108 D ResourcesManager: For user 0 new overlays fetched Null
05-06 14:04:17.239  1397  1416 I ActivityManager: Start proc 15378:com.samsung.android.intelligenceservice2/5010 for broadcast-3 com.samsung.android.intelligenceservice2/com.samsung.android.intelligenceservice.useranalysis.UserAnalysisBroadcastReceiver
05-06 14:04:17.239 10583 13108 W ResourcesManager: getTopLevelResources: /data/app/com.microsoft.office.onenote-1/base.apk / 1.0 running in com.google.android.googlequicksearchbox rsrc of package com.microsoft.office.onenote
05-06 14:04:17.239 10583 13108 D ResourcesManager: For user 0 new overlays fetched Null
05-06 14:04:17.239  1397  3322 D RestrictionPolicy: userId: 0, isMicrophoneEnabledAsUser : true
05-06 14:04:17.239 15378 15378 E Zygote  : v2
05-06 14:04:17.239 15378 15378 I libpersona: KNOX_SDCARD checking this for 5010
05-06 14:04:17.239 15378 15378 I libpersona: KNOX_SDCARD not a persona
05-06 14:04:17.239  1397  3321 D RestrictionPolicy: userId: 0, isMicrophoneEnabledAsUser : true
05-06 14:04:17.239 10583 13108 W ResourcesManager: getTopLevelResources: /data/app/com.microsoft.office.onenote-1/base.apk / 1.0 running in com.google.android.googlequicksearchbox rsrc of package com.microsoft.office.onenote
05-06 14:04:17.239 15378 15378 W SELinux : Function: selinux_compare_spd_ram, index[1], priority [2], priority version is VE=SEPF_SECMOBILE_6.0.1_0010
05-06 14:04:17.239 15378 15378 E Zygote  : accessInfo : 0
05-06 14:04:17.239 15378 15378 W SELinux : SELinux: seapp_context_lookup: seinfo=platform, level=s0:c512,c768, pkgname=com.samsung.android.intelligenceservice2 
05-06 14:04:17.249  1397  2531 D RestrictionPolicy: userId: 0, isMicrophoneEnabledAsUser : true
05-06 14:04:17.249  1397  2460 D RestrictionPolicy: userId: 0, isMicrophoneEnabledAsUser : true
05-06 14:04:17.249  1397  2649 D RestrictionPolicy: userId: 0, isMicrophoneEnabledAsUser : true
05-06 14:04:17.249 10583 13108 W ResourcesManager: getTopLevelResources: /data/app/com.microsoft.office.onenote-1/base.apk / 1.0 running in com.google.android.googlequicksearchbox rsrc of package com.microsoft.office.onenote
05-06 14:04:17.249  1397  3355 D RestrictionPolicy: userId: 0, isMicrophoneEnabledAsUser : true
05-06 14:04:17.249  1397  1416 D RestrictionPolicy: userId: 0, isMicrophoneEnabledAsUser : true
05-06 14:04:17.249 10583 13108 W ResourcesManager: getTopLevelResources: /data/app/com.microsoft.office.onenote-1/base.apk / 1.0 running in com.google.android.googlequicksearchbox rsrc of package com.microsoft.office.onenote
05-06 14:04:17.249 10583 13108 W ResourcesManager: getTopLevelResources: /data/app/com.microsoft.office.onenote-1/base.apk / 1.0 running in com.google.android.googlequicksearchbox rsrc of package com.microsoft.office.onenote
05-06 14:04:17.259 10583 13108 W ResourcesManager: getTopLevelResources: /data/app/com.sec.android.app.shealth-1/base.apk / 1.0 running in com.google.android.googlequicksearchbox rsrc of package com.sec.android.app.shealth
05-06 14:04:17.259 10583 13108 D ResourcesManager: For user 0 new overlays fetched Null
05-06 14:04:17.259 18899 15373 D KLMS-2.6.032: : DataSource(): Fetched Data from data base count : 0
05-06 14:04:17.259 18899 15373 D KLMS-2.6.032: : Systemprocess(): PackageName is not Exist.
05-06 14:04:17.269 18899 15373 I KLMS-2.6.032: : Systemprocess(): IsTrackerIDExistInDeviceDB().END
05-06 14:04:17.269 18899 15373 I KLMS-2.6.032: : Systemprocess(): listeningToPackageRemovedforKLM().END
05-06 14:04:17.269 18899 15373 I KLMS-2.6.032: : Systemprocess(): listeningToPackageRemoved().END
05-06 14:04:17.269 10583 13108 W ResourcesManager: getTopLevelResources: /data/app/com.sec.android.app.shealth-1/base.apk / 1.0 running in com.google.android.googlequicksearchbox rsrc of package com.sec.android.app.shealth
05-06 14:04:17.269 10583 13108 W ResourcesManager: getTopLevelResources: /data/app/com.sec.android.app.shealth-1/base.apk / 1.0 running in com.google.android.googlequicksearchbox rsrc of package com.sec.android.app.shealth
05-06 14:04:17.269 10583 13108 W ResourcesManager: getTopLevelResources: /data/app/com.Relmtech.RemotePaid-1/base.apk / 1.0 running in com.google.android.googlequicksearchbox rsrc of package com.Relmtech.RemotePaid
05-06 14:04:17.269 10583 13108 D ResourcesManager: For user 0 new overlays fetched Null
05-06 14:04:17.269 10583 13108 W ResourcesManager: getTopLevelResources: /data/app/com.Relmtech.RemotePaid-1/base.apk / 1.0 running in com.google.android.googlequicksearchbox rsrc of package com.Relmtech.RemotePaid
05-06 14:04:17.269 10583 13108 W ResourcesManager: getTopLevelResources: /data/app/com.Relmtech.RemotePaid-1/base.apk / 1.0 running in com.google.android.googlequicksearchbox rsrc of package com.Relmtech.RemotePaid
05-06 14:04:17.269 12482 12482 I seatbelt: feature is disabled or not activated
05-06 14:04:17.269  1397  1468 V BroadcastQueue: [foreground] Process cur broadcast BroadcastRecord{5086a16 u0 android.intent.action.PACKAGE_NEEDS_VERIFICATION qIdx=2}, state= (APP_RECEIVE) DELIVERED for app ProcessRecord{be74068 12482:com.samsung.android.sm.devicesecurity/5012}
05-06 14:04:17.269  1397  3343 D PackageManager: [VERIFY] verifyPendingInstall(141, VERIFICATION_ALLOW), uid=5012
05-06 14:04:17.269 10583 13108 W ResourcesManager: getTopLevelResources: /data/app/com.Relmtech.RemotePaid-1/base.apk / 1.0 running in com.google.android.googlequicksearchbox rsrc of package com.Relmtech.RemotePaid
05-06 14:04:17.269  1397  1571 D PackageManager: [MSG] PACKAGE_VERIFIED: observer{40906407}
05-06 14:04:17.279  1397  1571 D PackageVerificationState: [VERIFY] setVerifierResponse {verificationID=141, uid=5012, code=1
05-06 14:04:17.269  1397  1397 D PackageManager: [VERIFY] onReceive for RequiredVerifier id=141
05-06 14:04:17.269  1397  1397 D PackageManager: [VERIFY] sendMessageDelayed(CHECK_PENDING_VERIFICATION, 141, 10000)
05-06 14:04:17.279  1397  1571 D PackageManager: [VERIFY] PACKAGE_VERIFIED: 
05-06 14:04:17.279  1397  1571 D PackageManager: PackageVerificationState{
05-06 14:04:17.279  1397  1571 D PackageManager:     verifier packages=com.samsung.android.sm.devicesecurity(5012),
05-06 14:04:17.279  1397  1571 D PackageManager:     intent=Intent { act=android.intent.action.PACKAGE_NEEDS_VERIFICATION dat=file:///data/local/tmp/app-debug.apk typ=application/vnd.android.package-archive flg=0x10000001 cmp=com.samsung.android.sm.devicesecurity/.AppVerificationReceiver VirtualScreenParam=Params{mDisplayId=-1, null, mFlags=0x00000000)} (has extras) }
05-06 14:04:17.279  1397  1571 D PackageManager:     others=141, false, false, false, false, false
05-06 14:04:17.279  1397  1571 D PackageManager: }
05-06 14:04:17.279  1397  1571 D PackageManager: [VERIFY] packageVerificationCompletion: completed id=141
05-06 14:04:17.279  1397  1571 D PackageManager: [VERIFY] broadcastPackageVerified(141, VERIFICATION_ALLOW, file:///data/local/tmp/app-debug.apk)
05-06 14:04:17.279 10583 13108 W ResourcesManager: getTopLevelResources: /data/app/com.Relmtech.RemotePaid-1/base.apk / 1.0 running in com.google.android.googlequicksearchbox rsrc of package com.Relmtech.RemotePaid
05-06 14:04:17.279 15378 15378 D TimaKeyStoreProvider: TimaSignature is unavailable
05-06 14:04:17.279 15378 15378 D ActivityThread: Added TimaKeyStore provider
05-06 14:04:17.279 18899 18899 I KLMS-2.6.032: : KLMSIntentService(): onDestroy()
05-06 14:04:17.279 10583 13108 W ResourcesManager: getTopLevelResources: /data/app/com.Relmtech.RemotePaid-1/base.apk / 1.0 running in com.google.android.googlequicksearchbox rsrc of package com.Relmtech.RemotePaid
05-06 14:04:17.279 10583 13108 W ResourcesManager: getTopLevelResources: /data/app/com.Relmtech.RemotePaid-1/base.apk / 1.0 running in com.google.android.googlequicksearchbox rsrc of package com.Relmtech.RemotePaid
05-06 14:04:17.279 10583 13108 W ResourcesManager: getTopLevelResources: /data/app/com.Relmtech.RemotePaid-1/base.apk / 1.0 running in com.google.android.googlequicksearchbox rsrc of package com.Relmtech.RemotePaid
05-06 14:04:17.289 10583 13108 W ResourcesManager: getTopLevelResources: /data/app/com.Relmtech.RemotePaid-1/base.apk / 1.0 running in com.google.android.googlequicksearchbox rsrc of package com.Relmtech.RemotePaid
05-06 14:04:17.289 10583 13108 W ResourcesManager: getTopLevelResources: /data/app/com.quirky.android.wink.wink-2/base.apk / 1.0 running in com.google.android.googlequicksearchbox rsrc of package com.quirky.android.wink.wink
05-06 14:04:17.289 15335 15346 D DefContainer: Copying /data/local/tmp/app-debug.apk to base.apk
05-06 14:04:17.289 10583 13108 D ResourcesManager: For user 0 new overlays fetched Null
05-06 14:04:17.289  1397  2649 V BroadcastQueue: [background] Process cur broadcast BroadcastRecord{1af634a u0 android.intent.action.PACKAGE_REMOVED qIdx=4}, state= (APP_RECEIVE) DELIVERED for app ProcessRecord{7ec0f97 15378:com.samsung.android.intelligenceservice2/5010}
05-06 14:04:17.309 15378 15378 W ResourcesManager: getTopLevelResources: /system/priv-app/intelligenceservice2/intelligenceservice2.apk / 1.0 running in com.samsung.android.intelligenceservice2 rsrc of package com.samsung.android.intelligenceservice2
05-06 14:04:17.319  1397  1571 D PackageManager: checking allow list after copying finished
05-06 14:04:17.319  1397  2648 I InjectionManagerService -AppFeature: getCoreFeaturePkgList :[]
05-06 14:04:17.319 15378 15378 I InjectionManager: Inside getClassLibPath + mLibMap{0=, 1=}
05-06 14:04:17.319 15378 15378 D ResourcesManager: For user 0 new overlays fetched Null
05-06 14:04:17.319  1397  1571 W System.err: remove failed: ENOENT (No such file or directory) : /data/app/vmdl1326775876.tmp/lib
05-06 14:04:17.319 15378 15378 I InjectionManager: Inside getClassLibPath caller 
05-06 14:04:17.329  1397  1571 E NativeLibraryHelper: Failed to load assets verifier: 0
05-06 14:04:17.329  1397  1571 D PackageManager: remove MCS_UNBIND and Posting MCS_UNBIND
05-06 14:04:17.329  1397  1571 D PackageManager: [MSG] PROCESS_PENDING_INSTALL: observer{40906407}
05-06 14:04:17.329  1397  1571 D PackageManager: currentStatus{1}
05-06 14:04:17.329  1397  1571 D PackageManager: installPackageLI: path
05-06 14:04:17.329 23568 15372 I Keyboard.Facilitator.MainLanguageModelLoader: loadStaticLm() : Loading File = /data/user/0/com.google.android.inputmethod.latin/files/dicts/en_US/main%00003aen_us (offset=0, length=4430832) with up to date LoudsLmContentVersion = 20160111
05-06 14:04:17.329 15378 15378 W System  : ClassLoader referenced unknown path: /system/priv-app/intelligenceservice2/lib/arm64
05-06 14:04:17.329 23568 15372 I Keyboard.Facilitator.DynamicLanguageModelLoader: run()
05-06 14:04:17.329 23568 15372 I Keyboard.Facilitator.DynamicLanguageModelLoader: run() : Loading LM = history
05-06 14:04:17.329 23568 15372 I Keyboard.Facilitator.DynamicLanguageModelLoader: run() : Loaded File = UserHistory.en_US.dict
05-06 14:04:17.329 23568 15372 I Keyboard.Facilitator.DynamicLanguageModelLoader: run() : Loading LM = user
05-06 14:04:17.329 23568 15372 I Keyboard.Facilitator.DynamicLanguageModelLoader: run() : Loaded File = Personal.en_US.dict
05-06 14:04:17.329 23568 15372 I Keyboard.Facilitator.PersonalDictionaryLoader: run() : Loaded (exit)
05-06 14:04:17.329 23568 15372 I Keyboard.Facilitator.Delight2FileSweeper: run()
05-06 14:04:17.339 23568 15372 I Keyboard.Facilitator.RecurringTaskScheduler: run()
05-06 14:04:17.339 23568 15372 I StatsUtilsManager: startPeriodStatsRecorder() : Success
05-06 14:04:17.339 23568 15372 I PeriodicStatsRecorder: shouldRecordStats() = Too Soon
05-06 14:04:17.339 15378 15378 D UserAnalysis.Provider: PlaceProvider onCreate()
05-06 14:04:17.359 15378 15378 D UserAnalysis.Secu: Key for secure DB is newly created
05-06 14:04:17.359 15378 15378 D UserAnalysis.SDBH: SecurePlaceDbHelper() 
05-06 14:04:17.359 15378 15378 D UserAnalysis: Create SecureDbHelper
05-06 14:04:17.369 15378 15378 D UserAnalysis.App: onCreate()
05-06 14:04:17.369 15378 15378 D InjectionManager: InjectionManager
05-06 14:04:17.369 15378 15378 D InjectionManager: fillFeatureStoreMap com.samsung.android.intelligenceservice2
05-06 14:04:17.369 15378 15378 I InjectionManager: Constructor com.samsung.android.intelligenceservice2, Feature store :{}
05-06 14:04:17.369 15378 15378 I InjectionManager: featureStore :{}
05-06 14:04:17.369 15378 15378 D UserAnalysis.MainBR: Intent(action: android.intent.action.PACKAGE_REMOVED) is received.
05-06 14:04:17.369 15378 15378 D UserAnalysis.App: no applications having user consent for prediction
05-06 14:04:17.369  1397  1416 D RestrictionPolicy: userId: 0, isMicrophoneEnabledAsUser : true
05-06 14:04:17.369  1397  2649 D RestrictionPolicy: userId: 0, isMicrophoneEnabledAsUser : true
05-06 14:04:17.369  1397  3321 D RestrictionPolicy: userId: 0, isMicrophoneEnabledAsUser : true
05-06 14:04:17.369  1397  3343 V BroadcastQueue: [background] Process cur broadcast BroadcastRecord{1af634a u0 android.intent.action.PACKAGE_REMOVED qIdx=4}, state= (APP_RECEIVE) DELIVERED for app ProcessRecord{95f4321 12796:com.samsung.android.app.filterinstaller/1000}
05-06 14:04:17.369  1397  3107 D RestrictionPolicy: userId: 0, isMicrophoneEnabledAsUser : true
05-06 14:04:17.379  1397  3322 D RestrictionPolicy: userId: 0, isMicrophoneEnabledAsUser : true
05-06 14:04:17.379  1397  2531 D RestrictionPolicy: userId: 0, isMicrophoneEnabledAsUser : true
05-06 14:04:17.379 12796 12796 D FilterPackageIntentReceiver: FilterInstaller does not have information of this package plv.colorado.edu.callinsbenchmark
05-06 14:04:17.379 15378 15378 V PlaceDetection v1.0.29 : [PlaceDetection::stopService] Service stopped.
05-06 14:04:17.379  1397  3209 V BroadcastQueue: [background] Process cur broadcast BroadcastRecord{1af634a u0 android.intent.action.PACKAGE_REMOVED qIdx=4}, state= (APP_RECEIVE) DELIVERED for app ProcessRecord{3c7da34 12810:com.sec.android.widgetapp.samsungapps/u0a112}
05-06 14:04:17.389 15378 15378 V PlaceDetection v1.0.29 : [PlaceDetectionManager::removeDetectionListener] PlaceDetectionListener removed.
05-06 14:04:17.399  1397  3209 I ActivityManager: Start proc 15392:com.android.keychain/1000 for broadcast-3 com.android.keychain/.KeyChainBroadcastReceiver
05-06 14:04:17.409 15392 15392 E Zygote  : v2
05-06 14:04:17.409 15392 15392 I libpersona: KNOX_SDCARD checking this for 1000
