05-06 14:06:06.609  1397  1543 D ColorFade: ColorFade is ready
05-06 14:06:06.609  1397  1543 D DisplayPowerController: ColorFade: onAnimationStart
05-06 14:06:06.609  1397  1543 D DisplayPowerController: [Dual Screen Compatible] state[0] :2
05-06 14:06:06.609  1397  1543 D DisplayPowerController: getFinalBrightness : Summary is 33 -> 33
05-06 14:06:06.659   649   649 D libEGL  : eglInitialize EGLDisplay = 0x7fda953ba8
05-06 14:06:06.679   649   649 D libEGL  : eglInitialize EGLDisplay = 0x7fda953ba8
05-06 14:06:06.709   649   649 D libEGL  : eglInitialize EGLDisplay = 0x7fda953ba8
05-06 14:06:06.909  1397  1543 D DisplayPowerState: !@ [0] ColorFade entry
05-06 14:06:06.909  1397  1543 D PowerManagerService: [input device light] onColorFadeExit(false)
05-06 14:06:06.909  1397  1543 D DisplayPowerController: ColorFade: onAnimationEnd
05-06 14:06:06.919  1397  2443 D lights  : lcd : 0 +
05-06 14:06:06.919  1397  1543 D DisplayPowerController: animateScreenStateChange[0]: target=1
05-06 14:06:06.919  1397  1543 D DisplayPowerController: [M OS] 0 REPORTED_TO_POLICY_SCREEN_* -> REPORTED_TO_POLICY_SCREEN_OFF.
05-06 14:06:06.919  1397  2443 D lights  : lcd : 0 -
05-06 14:06:07.129  1397  1543 D SContextService: unregisterCallback() : Listener = android.hardware.scontext.SContextService$Listener@1bb98ac, Service = Auto Rotation, used = 0
05-06 14:06:07.129  1397  1543 W CAE     : unregisterCallback(ContextAwareService.java:206) - [unregi 01] Mutex is locked for AUTO_ROTATION
05-06 14:06:07.129  1397  1543 V CAE     : stop(ContextProvider.java:155)
05-06 14:06:07.129  1397  1543 V CAE     : clear(AutoRotationRunner.java:182)
05-06 14:06:07.129  1397  1543 V CAE     : disable(AutoRotationRunner.java:171)
05-06 14:06:07.129  1397  1543 I CAE     : sendCmdToSensorHub(SensorHubCommManager.java:162) - -78, 7, 0, 0,
05-06 14:06:07.129  1397  1543 D SensorHubManager: SendSensorHubData: send data = -78, 7, 0, 0
05-06 14:06:07.129   945 30223 I qti_sensorhub_hal: AutoRotation en=0
05-06 14:06:07.139  1397  1543 D CAE     : getFaultDetectionResult(AutoRotationRunner.java:195) - true
05-06 14:06:07.139 15631 15631 V ActivityThread: updateVisibility : ActivityRecord{ee2261 token=android.os.BinderProxy@be49a14 {plv.colorado.edu.callinsbenchmark/plv.colorado.edu.callinsbenchmark.CallinsBenchmark}} show : true
05-06 14:06:07.139  1397  1543 I CAE     : notifyCmdProcessResultObserver(ContextProvider.java:627) - CheckResult = 0, Cause = Success
05-06 14:06:07.139   945  1173 I qti_sensorhub_hal: OEM_1_CANCEL_RESP
05-06 14:06:07.149  1397  1543 D CAE     : doCommendProcess(ContextAwareService.java:433) - complete notify the operation result.
05-06 14:06:07.149  1397  1543 I CAE     : displayUsedCountForService(ContextAwareService.java:525) - totalCnt = 0, serviceCount = 0, subCollectionCount = 0
05-06 14:06:07.149  1397  1543 D CAE     : showListenerList(ContextAwareService.java:366) - ===== Context Aware Service List =====
05-06 14:06:07.149  1397  1543 I CAE     : showListenerList(ContextAwareService.java:375) - Listener : com.samsung.android.contextaware.manager.ContextAwareService$Listener@5a0d78a, Service : ACTIVITY_TRACKER_CURRENT_INFO(1)
05-06 14:06:07.149  1397  1543 I CAE     : showListenerList(ContextAwareService.java:375) - Listener : com.samsung.android.contextaware.manager.ContextAwareService$Listener@5a0d78a, Service : ACTIVITY_TRACKER(1)
05-06 14:06:07.149  1397  1543 I CAE     : showListenerList(ContextAwareService.java:375) - Listener : com.samsung.android.contextaware.manager.ContextAwareService$Listener@f5ca2c, Service : ACTIVITY_TRACKER_BATCH(1)
05-06 14:06:07.149  1397  1543 I CAE     : showListenerList(ContextAwareService.java:375) - Listener : com.samsung.android.contextaware.manager.ContextAwareService$Listener@c227a8a, Service : STEP_LEVEL_MONITOR(1)
05-06 14:06:07.149  1397  1543 I CAE     : showListenerList(ContextAwareService.java:375) - Listener : com.samsung.android.contextaware.manager.ContextAwareService$Listener@1ddc10e, Service : PEDOMETER(1)
05-06 14:06:07.149  1397  1543 I CAE     : showListenerList(ContextAwareService.java:375) - Listener : com.samsung.android.contextaware.manager.ContextAwareService$Listener@1ddc10e, Service : PEDOMETER_CURRENT_INFO(1)
05-06 14:06:07.149  1397  1543 I CAE     : showListenerList(ContextAwareService.java:375) - Listener : com.samsung.android.contextaware.manager.ContextAwareService$Listener@bfbc605, Service : SENSOR_STATUS_CHECK_RUNNER(1)
05-06 14:06:07.149  1397  1543 I CAE     : showListenerList(ContextAwareService.java:375) - Listener : com.samsung.android.contextaware.manager.ContextAwareService$Listener@af0e0a1, Service : ANY_MOTION_DETECTOR_RUNNER(1)
05-06 14:06:07.149  1397  1543 I CAE     : showListenerList(ContextAwareService.java:375) - Listener : com.samsung.android.contextaware.manager.ContextAwareService$Listener@c692c95, Service : AUTO_BRIGHTNESS(1)
05-06 14:06:07.149  1397  1543 W CAE     : unregisterCallback(ContextAwareService.java:241) - [unregi 02] Mutex is unlocked for AUTO_ROTATION
05-06 14:06:07.159  1397  1543 D SContextService: 	.unregisterCallback : 11, client=
05-06 14:06:07.159  1397  1543 D SContextService: ===== SContext Service List =====
05-06 14:06:07.159  1397  1543 D SContextService: Listener : android.hardware.scontext.SContextService$Listener@a86e2c6, Service : Any Motion Detector
05-06 14:06:07.159  1397  1543 D SContextService: Listener : android.hardware.scontext.SContextService$Listener@2b8c9f0, Service : Pedometer
05-06 14:06:07.159  1397  1543 D SContextService: Listener : android.hardware.scontext.SContextService$Listener@2b8c9f0, Service : Step Level Monitor
05-06 14:06:07.159  1397  1543 D SContextService: Listener : android.hardware.scontext.SContextService$Listener@5d54b69, Service : Activity Batch
05-06 14:06:07.159  1397  1543 D SContextService: Listener : android.hardware.scontext.SContextService$Listener@11e2dea, Service : Sensor Status Check
05-06 14:06:07.159  1397  1543 D SContextService: Listener : android.hardware.scontext.SContextService$Listener@49b91aa, Service : Auto Brightness
05-06 14:06:07.159  1397  1543 D SContextService: Listener : android.hardware.scontext.SContextService$Listener@4441126, Service : Activity Tracker
05-06 14:06:07.159  1397  1543 D SContextManager:   .unregisterListener : listener = com.android.server.policy.WindowOrientationListener$OrientationSensorJudge@7efae2, service=Auto Rotation
05-06 14:06:07.159  1397  1543 V KeyguardServiceDelegate: onScreenTurnedOff()
05-06 14:06:07.159  2592  4239 D KeyguardViewMediator: notifyScreenTurnedOff
05-06 14:06:07.159  2592  2592 D KeyguardViewMediator: handleNotifyScreenTurnedOff
05-06 14:06:07.159  2592  2592 D vol.SecVolumeDialog: onScreenTurnedOff()
05-06 14:06:07.159  2592  2592 D vol.SecVolumeDialog: dismissH reason: 4
05-06 14:06:07.159  2592  2592 D vol.SecVolumeDialog: dismissH : false
05-06 14:06:07.159  1397  2442 D SContextService: unregisterCallback() : Listener = android.hardware.scontext.SContextService$Listener@49b91aa, Service = Auto Brightness, used = 0
05-06 14:06:07.159  1397  1543 D DisplayPowerController: mWindowManagerPolicy.screenTurnedOff(0)
05-06 14:06:07.159  1397  2442 W CAE     : unregisterCallback(ContextAwareService.java:206) - [unregi 01] Mutex is locked for AUTO_BRIGHTNESS
05-06 14:06:07.159  1397  1543 D DisplayPowerController: [Dual Screen Compatible] state[0] :1
05-06 14:06:07.159  1397  2442 V CAE     : stop(ContextProvider.java:155)
05-06 14:06:07.159  1397  1543 D PowerManagerUtil: fileWriteInt to /sys/class/tcon/tcon/auto_br, 0
05-06 14:06:07.159  1397  2442 V CAE     : clear(AutoBrightnessRunner.java:297)
05-06 14:06:07.159  1397  2442 D AutomaticBrightnessController: [DAB] setLightSensorEnabled : unregisterListenerRunnable
05-06 14:06:07.159  1397  2442 V CAE     : disable(AutoBrightnessRunner.java:286)
05-06 14:06:07.159  1397  1543 D PowerManagerUtil: fileWriteInt to /sys/class/backlight/panel/auto_brightness, 0
05-06 14:06:07.159  1397  2442 I CAE     : sendCmdToSensorHub(SensorHubCommManager.java:162) - -78, 48, 0, 0,
05-06 14:06:07.159  1397  1543 D PowerManagerUtil: fileWriteInt to /sys/class/mdnie/mdnie/auto_brightness, 0
05-06 14:06:07.159  1397  2442 D SensorHubManager: SendSensorHubData: send data = -78, 48, 0, 0
05-06 14:06:07.159  1397  1543 D AutomaticBrightnessController: [DAB] no lux value from sensor manager
05-06 14:06:07.159   945  1199 E qti_sensorhub_hal: TEST SS_AUTO_BRIGHTNESS 4 b2
05-06 14:06:07.159  1397  1543 D DisplayPowerController: getFinalBrightness : Summary is 0 -> 0
05-06 14:06:07.159   945  1199 I qti_sensorhub_hal: enable: handle=12
05-06 14:06:07.159  1397  1543 D DisplayPowerController: Animating brightness: target=0, rate=0 (PSM:false, AB limit:(-1 ~ -1) MB Limit:(-1 ~ 255))
05-06 14:06:07.159   945  1199 E qti_sensorhub_hal: enable: Disabling sensor handle=12
05-06 14:06:07.169  1397  1543 D DisplayPowerController: animateScreenStateChange[0]: target=1
05-06 14:06:07.159  1397  2442 D CAE     : getFaultDetectionResult(AutoBrightnessRunner.java:311) - true
05-06 14:06:07.169  1397  1543 D DisplayPowerController: [Dual Screen Compatible] state[0] :1
05-06 14:06:07.159  1397  2442 I CAE     : notifyCmdProcessResultObserver(ContextProvider.java:627) - CheckResult = 0, Cause = Success
05-06 14:06:07.169  1397  1543 D DisplayPowerController: getFinalBrightness : Summary is 0 -> 0
05-06 14:06:07.169   945  1186 I qti_sensorhub_hal: SS_AUTO_BRIGHTNESS_CANCEL_RESP
05-06 14:06:07.169  1397  1543 D DisplayPowerController: Animating brightness: target=0, rate=0 (PSM:false, AB limit:(-1 ~ -1) MB Limit:(-1 ~ 255))
05-06 14:06:07.169  1397 16213 D MISC PowerHAL: sysfs_write +: /sys/class/input/event1/device/enabled: 0
05-06 14:06:07.169  1397 16214 D MISC PowerHAL: sysfs_write +: /sys/class/input/event2/device/enabled: 0
05-06 14:06:07.169  1397 16214 D MISC PowerHAL: sysfs_write -: /sys/class/input/event2/device/enabled: 0
05-06 14:06:07.169  1397 16213 D MISC PowerHAL: sysfs_write -: /sys/class/input/event1/device/enabled: 0
05-06 14:06:07.169  1397  1561 D MISC PowerHAL: sysfs_write +: /sys/class/power_supply/battery/lcd: 0
05-06 14:06:07.169  1397  1561 D DisplayManagerService: !@display_state: ON -> OFF brightness: 0 -> 0
05-06 14:06:07.169  1397  1561 D MISC PowerHAL: sysfs_write -: /sys/class/power_supply/battery/lcd: 0
05-06 14:06:07.169  1397  1498 I DisplayManagerService: Display device changed state: "Built-in Screen", OFF
05-06 14:06:07.179  1397  2442 D CAE     : doCommendProcess(ContextAwareService.java:433) - complete notify the operation result.
05-06 14:06:07.179  1397  2442 I CAE     : displayUsedCountForService(ContextAwareService.java:525) - totalCnt = 0, serviceCount = 0, subCollectionCount = 0
05-06 14:06:07.189  1397  2442 D PowerManagerUtil: Excessive delay in SensorHubAutoBrightnessEnabled::unregisterListener done: 32ms
05-06 14:06:07.179  1397  2442 D CAE     : showListenerList(ContextAwareService.java:366) - ===== Context Aware Service List =====
05-06 14:06:07.179  1397  2442 I CAE     : showListenerList(ContextAwareService.java:375) - Listener : com.samsung.android.contextaware.manager.ContextAwareService$Listener@5a0d78a, Service : ACTIVITY_TRACKER_CURRENT_INFO(1)
05-06 14:06:07.179   649   649 D SurfaceFlinger: Set power mode=0, type=0 flinger=0x7f9eb43c00
05-06 14:06:07.179   649   649 I SDM     : HWCDisplay::SetPowerMode: display = 0, mode = 0
05-06 14:06:07.179   649   649 I SDM     : DisplayBase::SetDisplayState: Set state = 0, display 0
05-06 14:06:07.189  1397  2442 I CAE     : showListenerList(ContextAwareService.java:375) - Listener : com.samsung.android.contextaware.manager.ContextAwareService$Listener@5a0d78a, Service : ACTIVITY_TRACKER(1)
05-06 14:06:07.189  1397  2442 I CAE     : showListenerList(ContextAwareService.java:375) - Listener : com.samsung.android.contextaware.manager.ContextAwareService$Listener@f5ca2c, Service : ACTIVITY_TRACKER_BATCH(1)
05-06 14:06:07.189  1397  2442 I CAE     : showListenerList(ContextAwareService.java:375) - Listener : com.samsung.android.contextaware.manager.ContextAwareService$Listener@c227a8a, Service : STEP_LEVEL_MONITOR(1)
05-06 14:06:07.189  1397  2442 I CAE     : showListenerList(ContextAwareService.java:375) - Listener : com.samsung.android.contextaware.manager.ContextAwareService$Listener@1ddc10e, Service : PEDOMETER(1)
05-06 14:06:07.189  1397  2442 I CAE     : showListenerList(ContextAwareService.java:375) - Listener : com.samsung.android.contextaware.manager.ContextAwareService$Listener@1ddc10e, Service : PEDOMETER_CURRENT_INFO(1)
05-06 14:06:07.189  1397  2442 I CAE     : showListenerList(ContextAwareService.java:375) - Listener : com.samsung.android.contextaware.manager.ContextAwareService$Listener@bfbc605, Service : SENSOR_STATUS_CHECK_RUNNER(1)
05-06 14:06:07.189  1397  2442 I CAE     : showListenerList(ContextAwareService.java:375) - Listener : com.samsung.android.contextaware.manager.ContextAwareService$Listener@af0e0a1, Service : ANY_MOTION_DETECTOR_RUNNER(1)
05-06 14:06:07.189  1397  2442 W CAE     : unregisterCallback(ContextAwareService.java:241) - [unregi 02] Mutex is unlocked for AUTO_BRIGHTNESS
05-06 14:06:07.189  1397  2442 D SContextService: 	.unregisterCallback : 10, client=
05-06 14:06:07.189  1397  2442 D SContextService: ===== SContext Service List =====
05-06 14:06:07.189  1397  2442 D SContextService: Listener : android.hardware.scontext.SContextService$Listener@a86e2c6, Service : Any Motion Detector
05-06 14:06:07.189  1397  2442 D SContextService: Listener : android.hardware.scontext.SContextService$Listener@2b8c9f0, Service : Pedometer
05-06 14:06:07.189  1397  2442 D SContextService: Listener : android.hardware.scontext.SContextService$Listener@2b8c9f0, Service : Step Level Monitor
05-06 14:06:07.189  1397  2442 D SContextService: Listener : android.hardware.scontext.SContextService$Listener@5d54b69, Service : Activity Batch
05-06 14:06:07.189  1397  2442 D SContextService: Listener : android.hardware.scontext.SContextService$Listener@11e2dea, Service : Sensor Status Check
05-06 14:06:07.189  1397  2442 D SContextService: Listener : android.hardware.scontext.SContextService$Listener@4441126, Service : Activity Tracker
05-06 14:06:07.189  1397  2442 D SContextManager:   .unregisterListener : listener = com.android.server.display.AutomaticBrightnessController$5@7b25666, service=Auto Brightness
05-06 14:06:07.199  2984  2984 D WfcPhoneStateListener: onSignalStrengthsChanged(): signal strength did not change
05-06 14:06:07.199 11623 11623 D HeadsetPhoneState: Signal level : previous=3 curr=3
05-06 14:06:07.199  2592  2933 D NetworkController.MobileSignalController(0/1): onSignalStrengthsChanged signalStrength=SignalStrength: 99 99 -120 -160 -120 -1 -1 13 -112 -10 22 -1 2147483647 0x3000 gsm|lte level=3
05-06 14:06:07.209  2592  2933 D NetworkController.MobileSignalController(0/1): getMobileIconGroup(): 13
05-06 14:06:07.209  2592  2933 D NetworkController.MobileSignalController(0/1): updateTMOMobileIconGroup(): 13
05-06 14:06:07.239  1397  1409 I art     : Background partial concurrent mark sweep GC freed 158198(10MB) AllocSpace objects, 42(840KB) LOS objects, 16% free, 80MB/96MB, paused 1.680ms total 263.497ms
05-06 14:06:07.339  1397  2855 E Watchdog: !@Sync 6266 [05-06 14:06:07.344]
05-06 14:06:07.359  1397  1561 D SurfaceControl: Excessive delay in setPowerMode(): 181ms
05-06 14:06:07.359  1397  1561 D PowerManagerUtil: Excessive delay in !@display_state: OFF: 182ms
05-06 14:06:07.359  1397  1561 D PowerManagerUtil: Excessive delay in DisplayManagerInternal.requestDesiredDisplayState: 191ms
05-06 14:06:07.359  1397  1543 D DisplayPowerController: animateScreenStateChange[0]: target=1
05-06 14:06:07.359  1397  1543 D DisplayPowerController: [Dual Screen Compatible] state[0] :1
05-06 14:06:07.359  1397  1543 D DisplayPowerController: getFinalBrightness : Summary is 0 -> 0
05-06 14:06:07.359  1397  1543 D DisplayPowerController: Animating brightness: target=0, rate=0 (PSM:false, AB limit:(-1 ~ -1) MB Limit:(-1 ~ 255))
05-06 14:06:07.359  1397  1543 I PowerManagerService: [PWL] Off : 0s ago
05-06 14:06:07.359  1397  1543 I PowerManagerService: [PWL]   PowerManagerService.Display: ref count=2
05-06 14:06:07.359  1397  1543 I PowerManagerService: [PWL]     mUserActivitySummary : 0x4
05-06 14:06:07.359  1397  1543 I PowerManagerService: [PWL]     mDisplayReady : false
05-06 14:06:07.359  1397  1543 D DisplayPowerController: animateScreenStateChange[0]: target=1
05-06 14:06:07.359  1397  1543 D DisplayPowerController: [Dual Screen Compatible] state[0] :1
05-06 14:06:07.359  1397  1543 D DisplayPowerController: getFinalBrightness : Summary is 0 -> 0
05-06 14:06:07.359  1397  1543 I libsuspend: !@autosuspend_wakeup_count_enable
05-06 14:06:07.359  1397  1543 D DisplayPowerController: Animating brightness: target=0, rate=0 (PSM:false, AB limit:(-1 ~ -1) MB Limit:(-1 ~ 255))
05-06 14:06:07.359  1397  1543 D PowerManagerService: [s] DisplayPowerCallbacks : onStateChanged()
05-06 14:06:07.359  1397  1543 I libsuspend: !@autosuspend_wakeup_count_enable done
05-06 14:06:07.359  1397  1543 D PowerManagerService: mDisplayReady: true
05-06 14:06:07.359  1397  1543 D PowerManagerService: [PWL] sb release: PowerManagerService.Display
05-06 14:06:07.359  1397  1543 D PowerManagerService: handleSandman : startDreaming: true  (canDreamLocked: false  canDozeLocked: true)
05-06 14:06:07.359  1397  1543 D PowerManagerService: handleSandman : startDream(true)
05-06 14:06:07.359  1397  1543 E PowerManagerService: handleSandman : startDreaming, but isDreaming false
05-06 14:06:07.359  1397  1543 I PowerManagerService: Sleeping (uid 1000)...
05-06 14:06:07.359  1397  1543 D PowerManagerService: [s] UserActivityState : 4 -> 0
05-06 14:06:07.359  1397  1543 D PowerManagerService: [PWL] sb acquire: PowerManagerService.Broadcasts
05-06 14:06:07.359  1397  2440 D PersonaManagerService: onfinishedGoingToSleep why = 3
05-06 14:06:07.359  2592 23128 D KeyguardViewMediator: onFinishedGoingToSleep(3)
05-06 14:06:07.359  2592 23128 D KeyguardViewMediator: notifyFinishedGoingToSleep
05-06 14:06:07.359  1397  1590 D PersonaManagerServiceHandler: MSG_ACTION_SCREEN_OFF called
05-06 14:06:07.359  2592  2592 D KeyguardViewMediator: handleNotifyFinishedGoingToSleep
05-06 14:06:07.369  2663  2663 D Recents_RecentsActivity: Screen off broadcast is received
05-06 14:06:07.359  2592  2592 D KeyguardEffectViewController: onScreenTurnedOff
05-06 14:06:07.369  2663  2663 D Recents_RecentsActivity: clearWindowFlag is getting called
05-06 14:06:07.359  2592  2592 D KeyguardEffectViewController: ## mBackgroundView.onPause()
05-06 14:06:07.369  2663  2663 D Recents_RecentsActivity: dismissRecentsToHome, animated=false
05-06 14:06:07.359  2592  2592 D KeyguardEffectViewWallpaper: onPause()
05-06 14:06:07.369  2592  2592 D SecKeyguardStatusView: onFinishedGoingToSleep() why=3
05-06 14:06:07.369  2592  2592 V KeyguardUpdateMonitor: handleFinishedGoingToSleep( requestSessionOpen )
05-06 14:06:07.369  1397  1415 V FingerprintService: request(2) called from pid=2592
05-06 14:06:07.369   998   998 V fingerprintd: request()
05-06 14:06:07.369   998   998 D bauth_service: BAuthService, 717
05-06 14:06:07.369   998   998 D bauth_FPBAuthService: FPBAuthService, 5922
05-06 14:06:07.369   998   998 D bauth_TLC_Communicator: Call FUNC ID 0x3, 1
05-06 14:06:07.369   998   998 D bauth_TLC_Communicator: Call FUNC ID 0x10
05-06 14:06:07.369   998   998 I bauth_TLC_Communicator: QSApp SB Size is 2008576
05-06 14:06:07.369   998   998 D QSEECOMAPI: : QSEECom_get_handle sb_length = 0x1ea600
05-06 14:06:07.369   998   998 D QSEECOMAPI: : App is not loaded in QSEE
05-06 14:06:07.369   998   998 D QSEECOMAPI: : app_arch = 2, total_files = 8
05-06 14:06:07.389  1397  1397 D LightsService: [api] [SvcLED] setFlashing :: id = 5, color = 0, mode = 14, onMS = 0, offMS = 0,  (uid: 1000 pid: 1397) 
05-06 14:06:07.389  1397  1397 D SensorService: SensorEventConnection::SocketBufferSize, SystemSocketBufferSize - 102400, 8388608
05-06 14:06:07.389  1397  1397 D LightsService: [SvcLED] setSvcLedStateLocked:: SvcLEDState : 0x0 -> 0x40 | SvcLED(id=5) set On
05-06 14:06:07.399  1397  1397 D SensorManager: registerListener :: 7, TMD490X ALS_PRX, 200000, 0,  
05-06 14:06:07.399  1397  1397 D BatteryService: turn on LED for fully charged
05-06 14:06:07.429  1397  1397 I CAE     : handleMessage(CaPowerManager.java:182) - AP_SLEEP
05-06 14:06:07.429  1397  1397 I CAE     : updateApPowerStatus(SensorHubParserProvider.java:443) - AP_SLEEP
05-06 14:06:07.429  1397  1397 I CAE     : sendCmdToSensorHub(SensorHubCommManager.java:162) - -76, 13, -46, 0,
05-06 14:06:07.429  1397  1397 D SensorHubManager: SendSensorHubData: send data = -76, 13, -46, 0
05-06 14:06:07.429   945 30222 I qti_sensorhub_hal: Activities: h: 180, m:13, s: 210 
05-06 14:06:07.429   945  1191 I qti_sensorhub_hal: SNS_SAM_OEM_UPDATE_RESP
05-06 14:06:07.429   945 30222 I qti_sensorhub_hal: CommonInfo: h: 180, m:13, s: 210 
05-06 14:06:07.439   945  1195 I qti_sensorhub_hal: SNS_SAM_OEM_UPDATE_RESP
05-06 14:06:07.439  1397  1397 I CAE     : sendCmdToSensorHub(SensorHubCommManager.java:162) - -63, 14, 20, 6, 7,
05-06 14:06:07.439  1397  1397 D SensorHubManager: SendSensorHubData: send data = -63, 14, 20, 6, 7
05-06 14:06:07.439   945   945 I qti_sensorhub_hal: Activities: h: 193, m:14, s: 20 
05-06 14:06:07.439   945  1191 I qti_sensorhub_hal: SNS_SAM_OEM_UPDATE_RESP
05-06 14:06:07.439   945   945 I qti_sensorhub_hal: CommonInfo: h: 193, m:14, s: 20 
05-06 14:06:07.449   945  1195 I qti_sensorhub_hal: SNS_SAM_OEM_UPDATE_RESP
05-06 14:06:07.449  1397  1397 D MotionRecognitionService:   mReceiver.onReceive : ACTION_SCREEN_OFF
05-06 14:06:07.469  1397  1397 D UniversalCredentialManagerService: inside mBReciever onReceive : android.intent.action.SCREEN_OFF
05-06 14:06:07.469  1397  2206 D MotionRecognitionService: Screen off setAccIntStatus 
05-06 14:06:07.469  1397  2206 E MotionRecognitionService:  handler : SCREEN_OFF end 
05-06 14:06:07.469  1397  1397 D UniversalCredentialManagerService: ****MSG_LOCK_STATUS_UPDATE block started****
05-06 14:06:07.469  1397  1397 D UniversalCredentialManagerService: notifyChangeToPlugin is called for Lock status update...
05-06 14:06:07.469  1397  1397 D UcmService: notifyChangeToPlugin event 16
05-06 14:06:07.469  1397  1397 D UcmService: checkCallerPermissionFor is called for method-notifyChangeToPlugin
05-06 14:06:07.469  1397  1397 I UcmService: checkIfNotify for cs Name = com.samsung.ucs.agent.boot:com.samsung.ucs.agent.boot Package name = com.samsung.ucs.agent.boot
05-06 14:06:07.469  1397  1397 D UcmService: notifying to unmanaged plugin
05-06 14:06:07.469  3332  3353 D BootAgentService: notifyChange eventId-16
05-06 14:06:07.469  1397  1397 D UcmService: agentService com.samsung.ucs.agent.boot:com.samsung.ucs.agent.boot notify status - -1
05-06 14:06:07.469  1397  1397 D UcmService: agentService status--1
05-06 14:06:07.469  1397  1397 I UcmService: checkIfNotify for cs Name = com.sec.smartcard.manager:com.samsung.ucs.agent.baiMobile Package name = com.sec.smartcard.manager
05-06 14:06:07.469  1397  1397 D UcmService: notifying to unmanaged plugin
05-06 14:06:07.469 28275 28287 E ucsBai_agentService: notifyChange NOT SUPPORTED
05-06 14:06:07.469  1397  1397 D UcmService: agentService com.sec.smartcard.manager:com.samsung.ucs.agent.baiMobile notify status - 0
05-06 14:06:07.469  1397  1397 D UcmService: agentService status-0
05-06 14:06:07.469  1397  1397 I UcmService: checkIfNotify for cs Name = com.samsung.ucs.agent.ese:eSE Credential Storage Package name = com.samsung.ucs.agent.ese
05-06 14:06:07.469  1397  1397 D UcmService: notifying to managed plugin
05-06 14:06:07.469  1397  1397 D UcmService: checkIfNotify: Valid userid - 0
05-06 14:06:07.469  1397  1397 D PolicyManager: PolicyManager.isStorageEnabled() for userId = 0
05-06 14:06:07.469  1397  1397 D UniversalCredentialManagerService: checkCallerPermissionFor is called for method-isCredentialStorageManagedAsUser
05-06 14:06:07.469  1397  1397 D UniversalCredentialManagerService: isCredentialStorageManagedAsUser is called....
05-06 14:06:07.469  1397  1397 D PolicyManager: PolicyManager.isStorageEnabled() result = false
05-06 14:06:07.469  1397  1397 D UcmService: agentService com.samsung.ucs.agent.ese:eSE Credential Storage not notified
05-06 14:06:07.469  1397  1397 D UcmService: agentService status-0
05-06 14:06:07.469  1397  1397 D UniversalCredentialManagerService: ****MSG_LOCK_STATUS_UPDATE block ended****
05-06 14:06:07.489  1397  1468 I ActivityManager: Start proc 16216:com.samsung.android.SettingsReceiver/1000 for broadcast-3 com.samsung.android.SettingsReceiver/.AccessibilityReceiver
05-06 14:06:07.499 16216 16216 E Zygote  : v2
05-06 14:06:07.499 16216 16216 I libpersona: KNOX_SDCARD checking this for 1000
05-06 14:06:07.499 16216 16216 I libpersona: KNOX_SDCARD not a persona
05-06 14:06:07.499 16216 16216 W SELinux : Function: selinux_compare_spd_ram, index[1], priority [2], priority version is VE=SEPF_SECMOBILE_6.0.1_0010
05-06 14:06:07.499 16216 16216 E Zygote  : accessInfo : 0
05-06 14:06:07.509  1397  1397 D NotificationService: ACTION_SCREEN_OFF
05-06 14:06:07.509  1397  1397 W NotificationService: Pray mode not found android.content.pm.PackageManager$NameNotFoundException: Application package com.sec.android.settings.praymodewidget not found
05-06 14:06:07.509  1397  1397 D LightsService: [api] [SvcLED] setFlashing :: id = 6, color = ffffffff, mode = 12, onMS = 500, offMS = 2000,  (uid: 1000 pid: 1397) 
05-06 14:06:07.509  1397  1397 D LightsService: [SvcLED] setSvcLedStateLocked:: SvcLEDState : 0x40 -> 0x42 | SvcLED(id=6) set On
05-06 14:06:07.509  1397  1397 D EdgeLight: Turning on edge light for notification (NotificationRecord(0x082e01c4: pkg=com.google.android.gm user=UserHandle{0} id=1632389468 tag=null score=0 key=0|com.google.android.gm|1632389468|null|10115: Notification(pri=0 contentView=null vibrate=null sound=content://settings/system/notification_sound tick defaults=0x4 flags=0x11 color=0xffdb4437 category=email actions=2 vis=PRIVATE publicVersion=Notification(pri=0 contentView=com.google.android.gm/0x10900a3 vibrate=null sound=null defaults=0x0 flags=0x0 color=0xffdb4437 category=email vis=PUBLIC secFlags=0x0 secPriority=0) secFlags=0x0 secPriority=0))) with color=ffffffff
05-06 14:06:07.509   938 23434 D audio_hw_primary: adev_set_parameters: enter: screen_state=off
05-06 14:06:07.509   938 23434 V audio_hw_primary: factory_set_parameters: enter: screen_state=off
05-06 14:06:07.509   938 23434 V voice   : voice_set_parameters: enter: screen_state=off
05-06 14:06:07.509   938 23434 V voice   : voice_set_parameters: exit with code(0)
05-06 14:06:07.509   938 23434 V msm8974_platform: platform_set_parameters: enter: screen_state=off
05-06 14:06:07.509   938 23434 V msm8974_platform: platform_set_parameters: exit with code(0)
05-06 14:06:07.509   938 23434 V audio_hw_primary: adev_set_parameters: exit with code(0)
05-06 14:06:07.519  1397  1559 D LightsService: [SvcLED]  onSensorChanged::light value = 116
05-06 14:06:07.519  1397  1559 D SensorManager: unregisterListener ::   
05-06 14:06:07.519  1397  1559 I LightsService: fileWriteInt : /sys/class/sec/led/led_lowpower  value : 0
05-06 14:06:07.519  1397  1559 D lights  : led_pattern : 3 +
05-06 14:06:07.529 16216 16216 D TimaKeyStoreProvider: TimaSignature is unavailable
05-06 14:06:07.529 16216 16216 D ActivityThread: Added TimaKeyStore provider
05-06 14:06:07.529  1397  1397 I MdnieScenarioControlService: action  :  android.intent.action.SCREEN_OFF
05-06 14:06:07.529  1397  2377 D WifiStateMachine: handleScreenStateChanged, screen off, set scan interval as max value  !!!
05-06 14:06:07.529  1397  2377 D WifiNative-wlan0: callSECApiVoid - ID [19]
05-06 14:06:07.529 12613 12613 I wpa_supplicant: set PERIODIC_SCAN_INTERVAL_MAX to 128sec !!!
05-06 14:06:07.529  1397  1397 I FingerprintService: onReceive: android.intent.action.SCREEN_OFF
05-06 14:06:07.529   998   998 D QSEECOMAPI: : Loaded image: APP id = 3799
05-06 14:06:07.539   998   998 D bauth_TLC_Communicator: FUNC ID 0x10 is completed
05-06 14:06:07.539   998   998 D bauth_TLC_Communicator: FUNC ID 0x3 is completed
05-06 14:06:07.539   998   998 D         : fprc : rc 
05-06 14:06:07.539   998   998 D bauth_FPBAuthSensorControl: FPBAuthSensorControl, 534
05-06 14:06:07.539   998   998 D bauth_FPBAuthService: FPBAuthService, 5947
05-06 14:06:07.539   998   998 D bauth_FPBAuthSensorControl: FPBAuthSensorControl, 388
05-06 14:06:07.539   998   998 D bauth_FPBAuthSensorControl: FPBAuthSensorControl, 394
05-06 14:06:07.539   998   998 D bauth_FPBAuthServiceStorage: FPBAuthServiceStorage, 542
05-06 14:06:07.539   998   998 D bauth_TLC_Communicator: Call FP cmd 0xc (48)
05-06 14:06:07.539   998   998 I bauth_TLC_Communicator: change qseecom bandwidth to high
05-06 14:06:07.539  1397  3107 V BroadcastQueue: [background] Process cur broadcast BroadcastRecord{12b9a41 u-1 com.samsung.settings.action.directaccess.CLOSE_DIALOG qIdx=4}, state= (APP_RECEIVE) DELIVERED for app ProcessRecord{7d6abe6 16216:com.samsung.android.SettingsReceiver/1000}
05-06 14:06:07.539  1397  1559 D lights  : led_pattern : 3 -
05-06 14:06:07.539  1397  1559 D LightsService: [SvcLED]  setSvcLedLightLocked :: priority changed! SvcLED(id=5) OUT; SvcLED(id=6) IN
05-06 14:06:07.539  1397  1559 V AlarmManager:  remove PendingIntent] PendingIntent{34d911f: PendingIntentRecord{7386c6c android broadcastIntent}}
05-06 14:06:07.549  1397  2377 E WifiNative-wlan0: do suspend true
05-06 14:06:07.549  1397  1559 E Sensors : ~SensorEventQueue 0
05-06 14:06:07.549  1397  1559 E         : BitTube(): close sendFd (521)
05-06 14:06:07.549  1397  1559 E         : BitTube(): close receivedFd (520)
05-06 14:06:07.559   998   998 D bauth_TLC_Communicator: Check the Trustlet return code is completed
05-06 14:06:07.559   998   998 D bauth_FPBAuthService: check_opcode status = 5, opcode = 0, func_ret_val = 0, function_status = 0, timeout = 0
05-06 14:06:07.559   998   998 D bauth_TLC_Communicator: Call FP cmd 0xc (49)
05-06 14:06:07.569 16216 16216 W ResourcesManager: getTopLevelResources: /system/priv-app/SettingsReceiver/SettingsReceiver.apk / 1.0 running in com.samsung.android.SettingsReceiver rsrc of package com.samsung.android.SettingsReceiver
05-06 14:06:07.569  1397  3322 I InjectionManagerService -AppFeature: getCoreFeaturePkgList :[]
05-06 14:06:07.569 16216 16216 I InjectionManager: Inside getClassLibPath + mLibMap{0=, 1=}
05-06 14:06:07.569 16216 16216 D ResourcesManager: For user 0 new overlays fetched [/data/overlays/style/com.cambunch.MaterialDark/com.cambunch.MaterialDark.touchwiz.apk, /data/overlays/style/com.cambunch.MaterialDark/com.cambunch.MaterialDark.common.apk]
05-06 14:06:07.579   998   998 D bauth_TLC_Communicator: Check the Trustlet return code is completed
05-06 14:06:07.579   998   998 D bauth_TLC_Communicator: Call FP cmd 0xc (37)
05-06 14:06:07.579   998   998 D bauth_TLC_Communicator: reqUserID = User_0 | User_0
05-06 14:06:07.589 16216 16216 I InjectionManager: Inside getClassLibPath caller 
05-06 14:06:07.589 16216 16216 W System  : ClassLoader referenced unknown path: /system/priv-app/SettingsReceiver/lib/arm64
05-06 14:06:07.589 16216 16216 D InjectionManager: InjectionManager
05-06 14:06:07.589 16216 16216 D InjectionManager: fillFeatureStoreMap com.samsung.android.SettingsReceiver
05-06 14:06:07.599 16216 16216 I InjectionManager: Constructor com.samsung.android.SettingsReceiver, Feature store :{}
05-06 14:06:07.599 16216 16216 I InjectionManager: featureStore :{}
05-06 14:06:07.629   998   998 I bauth_TLC_Communicator: change qseecom bandwidth to low
05-06 14:06:07.629   998   998 D bauth_TLC_Communicator: Check the Trustlet return code is completed
05-06 14:06:07.629   998   998 D bauth_FPBAuthService: check_opcode status = 5, opcode = 0, func_ret_val = 0, function_status = 0, timeout = 0
05-06 14:06:07.629   998   998 D bauth_TLC_Communicator: Call FP cmd 0xc (47)
05-06 14:06:07.629   998   998 D bauth_TLC_Communicator: reqUserID = User_0 | User_0
05-06 14:06:07.629   998   998 I bauth_TLC_Communicator: change qseecom bandwidth to high
05-06 14:06:07.649   998   998 D bauth_TLC_Communicator: Check the Trustlet return code is completed
05-06 14:06:07.649   998   998 D bauth_FPBAuthService: check_opcode status = 5, opcode = 0, func_ret_val = 0, function_status = 0, timeout = 0
05-06 14:06:07.649  1397  1415 W FingerprintService: startRequest[2] FP_FINISH (277ms) RESULT: 0
05-06 14:06:07.649  1397  1397 I BackgroundCompactionService: Schedule Type1 BGCompaction
05-06 14:06:07.649  2592  2592 V KeyguardFingerPrint: updateFingerprintListeningState(false)
05-06 14:06:07.659  2592  2592 D KeyguardFingerPrint: shouldListenForFingerprint ( mKeyguardIsVisible = false , mDeviceInteractive = false , mSwitchingUser = false , mGoingToSleep = false
05-06 14:06:07.659  2592  2592 V KeyguardUpdateMonitor: stopListeningForFingerprint()
05-06 14:06:07.679  1397  1397 D WifiService: ACTION_SCREEN_OFF, mSContextManager.unregisterListener !!
05-06 14:06:07.679  1397  2388 D WifiController: ApOrStaEnabledState  msg.what= 155651
05-06 14:06:07.679  1397  1397 D SContextService: unregisterCallback() : Listener = android.hardware.scontext.SContextService$Listener@4441126, Service = Activity Tracker, used = 0
05-06 14:06:07.679  1397  1397 W CAE     : unregisterCallback(ContextAwareService.java:206) - [unregi 01] Mutex is locked for ACTIVITY_TRACKER
05-06 14:06:07.679  1397  1397 V CAE     : stop(ContextProvider.java:155)
05-06 14:06:07.689  1397  1397 V CAE     : clear(ActivityTrackerRunner.java:108)
05-06 14:06:07.689  1397  1397 V CAE     : disable(ActivityTrackerRunner.java:96)
05-06 14:06:07.689  1397  1397 I CAE     : sendCmdToSensorHub(SensorHubCommManager.java:162) - -78, 26, 0, 0, 0, 0, 0, 0, 0, 0,
05-06 14:06:07.689  1397  1397 D SensorHubManager: SendSensorHubData: send data = -78, 26, 0, 0, 0, 0, 0, 0, 0, 0
05-06 14:06:07.689   945 30223 I qti_sensorhub_hal: Activities: h: 178, m:26, s: 0 
05-06 14:06:07.699   945  1191 I qti_sensorhub_hal: SNS_SAM_OEM_UPDATE_RESP
05-06 14:06:07.699   945 30223 I qti_sensorhub_hal: Activities::disable clientNum(3)
05-06 14:06:07.699  1397  1397 D CAE     : getFaultDetectionResult(ActivityTrackerRunner.java:154) - true
05-06 14:06:07.699  1397  1397 I CAE     : notifyCmdProcessResultObserver(ContextProvider.java:627) - CheckResult = 0, Cause = Success
05-06 14:06:07.709  1397  1397 D CAE     : doCommendProcess(ContextAwareService.java:433) - complete notify the operation result.
05-06 14:06:07.719  1397  1397 I CAE     : displayUsedCountForService(ContextAwareService.java:525) - totalCnt = 0, serviceCount = 0, subCollectionCount = 0
05-06 14:06:07.719  1397  1397 D CAE     : showListenerList(ContextAwareService.java:366) - ===== Context Aware Service List =====
05-06 14:06:07.719  1397  1397 I CAE     : showListenerList(ContextAwareService.java:375) - Listener : com.samsung.android.contextaware.manager.ContextAwareService$Listener@5a0d78a, Service : ACTIVITY_TRACKER_CURRENT_INFO(1)
05-06 14:06:07.719  1397  1397 I CAE     : showListenerList(ContextAwareService.java:375) - Listener : com.samsung.android.contextaware.manager.ContextAwareService$Listener@f5ca2c, Service : ACTIVITY_TRACKER_BATCH(1)
05-06 14:06:07.719  1397  1397 I CAE     : showListenerList(ContextAwareService.java:375) - Listener : com.samsung.android.contextaware.manager.ContextAwareService$Listener@c227a8a, Service : STEP_LEVEL_MONITOR(1)
05-06 14:06:07.719  1397  1397 I CAE     : showListenerList(ContextAwareService.java:375) - Listener : com.samsung.android.contextaware.manager.ContextAwareService$Listener@1ddc10e, Service : PEDOMETER(1)
05-06 14:06:07.719  1397  1397 I CAE     : showListenerList(ContextAwareService.java:375) - Listener : com.samsung.android.contextaware.manager.ContextAwareService$Listener@1ddc10e, Service : PEDOMETER_CURRENT_INFO(1)
05-06 14:06:07.719  1397  1397 I CAE     : showListenerList(ContextAwareService.java:375) - Listener : com.samsung.android.contextaware.manager.ContextAwareService$Listener@bfbc605, Service : SENSOR_STATUS_CHECK_RUNNER(1)
05-06 14:06:07.719  1397  1397 I CAE     : showListenerList(ContextAwareService.java:375) - Listener : com.samsung.android.contextaware.manager.ContextAwareService$Listener@af0e0a1, Service : ANY_MOTION_DETECTOR_RUNNER(1)
05-06 14:06:07.719  1397  1397 W CAE     : unregisterCallback(ContextAwareService.java:241) - [unregi 02] Mutex is unlocked for ACTIVITY_TRACKER
05-06 14:06:07.719  1397  1397 D SContextService: 	.unregisterCallback : 9, client=
05-06 14:06:07.719  1397  1397 D SContextService: ===== SContext Service List =====
05-06 14:06:07.719  1397  1397 D SContextService: Listener : android.hardware.scontext.SContextService$Listener@a86e2c6, Service : Any Motion Detector
05-06 14:06:07.719  1397  1397 D SContextService: Listener : android.hardware.scontext.SContextService$Listener@2b8c9f0, Service : Pedometer
05-06 14:06:07.719  1397  1397 D SContextService: Listener : android.hardware.scontext.SContextService$Listener@2b8c9f0, Service : Step Level Monitor
05-06 14:06:07.719  1397  1397 D SContextService: Listener : android.hardware.scontext.SContextService$Listener@5d54b69, Service : Activity Batch
05-06 14:06:07.719  1397  1397 D SContextService: Listener : android.hardware.scontext.SContextService$Listener@11e2dea, Service : Sensor Status Check
05-06 14:06:07.719  1397  1397 D SContextManager:   .unregisterListener : listener = com.android.server.wifi.WifiServiceImpl$12@f864c81, service=Activity Tracker
05-06 14:06:07.719  1397  1498 D IpRemoteDisplayController: intent received android.intent.action.SCREEN_OFF
05-06 14:06:07.719  1397  1498 D IpRemoteDisplayController: Bridge Server is not available
05-06 14:06:08.059  1397  2697 D BatteryService: !@BatteryListener : batteryPropertiesChanged!
05-06 14:06:08.059  1397  2697 D BatteryService: level:100, scale:100, status:5, health:2, present:true, voltage: 4338, temperature: 287, technology: Li-ion, AC powered:false, USB powered:true, POGO powered:false, Wireless powered:false, icon:17303418, invalid charger:0, maxChargingCurrent:0
05-06 14:06:08.059  1397  2697 D BatteryService: online:4, current avg:130, charge type:1, power sharing:false, high voltage charger:false, capacity:280000, batterySWSelfDischarging:false, current_now:64
05-06 14:06:08.059  1397  2697 D BatteryService: stay LED for fully charged
05-06 14:06:08.059  1397  1397 D BatteryService: Sending ACTION_BATTERY_CHANGED.
05-06 14:06:08.069  1397  1397 I MotionRecognitionService: Plugged
05-06 14:06:08.069  1397  1397 D MotionRecognitionService:   cableConnection= 1
05-06 14:06:08.069  1397  1397 D MotionRecognitionService: setPowerConnected | current backoffstate  = 1024 , state =1024
05-06 14:06:08.069  1397  1397 D MotionRecognitionService: skip setTransmitPower. 
05-06 14:06:08.069  1397  1397 I Tethering: BATTERY_CHANGED, level = 100lowBatteryThreshold = 15
05-06 14:06:08.069  1397  2388 D WifiController: ApOrStaEnabledState  msg.what= 155652
05-06 14:06:08.069  2592  2592 D KeyguardUpdateMonitor: received broadcast android.intent.action.BATTERY_CHANGED
05-06 14:06:08.069  2592  2592 D KeyguardUpdateMonitor: handleBatteryUpdate
05-06 14:06:08.069  2592  2592 D PowerUI : priorPlugType = 2 mPlugType =  2
05-06 14:06:08.069  2613  2613 D BatteryMonitor: new battery level: 100
05-06 14:06:08.089 11623 11623 V HeadsetService: HeadsetService - Received Intent.ACTION_BATTERY_CHANGED
05-06 14:06:08.089 11623 12758 D HeadsetStateMachine: Disconnected process message: 10, size: 0
05-06 14:06:08.099  2592  2592 D BatteryMeterView: ACTION_BATTERY_CHANGED : level:100 status:5 health:2
05-06 14:06:08.099  2592  2592 D BatteryMeterView: ACTION_BATTERY_CHANGED : level:100 status:5 health:2
05-06 14:06:08.129  2663  2663 D Recents : onTaskStackChanged
05-06 14:06:08.499  1397  1466 D GpsLocationProvider: receive broadcast intent, action: android.intent.action.SCREEN_OFF
05-06 14:06:08.509  2904  2904 D FusedLocationReceiver: BroadcastReceiver : ACTION_SCREEN_OFF
05-06 14:06:08.529  1397  2900 E IzatSvc_OSObserver: I/LocTech-Label :: OSOBSERVER :: Data Items In
05-06 14:06:08.529  1397  2900 E IzatSvc_OSObserver: I/LocTech-Value :: Data Item Value: IS_SCREEN_ON: false
05-06 14:06:08.539  3010  7003 D NfcService: call the applyRouting
05-06 14:06:08.569  1397  1397 D EPDG -- [EPDGService]: onDataActivity: direction=0
05-06 14:06:08.569  2592  2933 D NetworkController.MobileSignalController(0/1): onDataActivity: direction=0
05-06 14:06:08.579  2592  2933 D NetworkController.MobileSignalController(0/1): onDataActivity: direction=0
05-06 14:06:08.579  1397  1397 D EPDG -- [EPDGService]: onDataActivity: direction=0
05-06 14:06:08.579  1397  3107 V AlarmManager:  remove PendingIntent] PendingIntent{756997d: PendingIntentRecord{93440ea com.android.phone broadcastIntent}}
05-06 14:06:08.589  2984  2984 D WfcConnectivityReceiver: onReceive(): action = TelephonyIntents.ACTION_ANY_DATA_CONNECTION_STATE_CHANGED, nw type = 13, reason = SCREEN_OFF
05-06 14:06:08.639  3018  3018 D PhoneApp: PhoneAppBroadcastReceiver onReceive android.intent.action.ANY_DATA_STATE
05-06 14:06:08.639  3018  3018 D FileWriteThread_Telephony: FileWriteThread : threadType = 3
05-06 14:06:08.689  1397  3322 V BroadcastQueue: [background] Process cur broadcast BroadcastRecord{651a072 u0 com.google.android.apps.gsa.search.core.location.ACTIVITY_DETECTION qIdx=4}, state= (APP_RECEIVE) DELIVERED for app ProcessRecord{5045294 4481:com.google.android.googlequicksearchbox:search/u0a73}
05-06 14:06:08.739  2984  2984 I WfcConnectivityReceiver: onReceive(): action=ACTION_SCREEN_OFF
05-06 14:06:08.739  1397  2648 D ConnectivityService: returning getNetworkInfo for network type 1 : [type: WIFI[] - WIFI, state: CONNECTED/CONNECTED, reason: (unspecified), extra: "UCB Wireless", roaming: false, failover: false, isAvailable: true]
05-06 14:06:08.789  1397  5400 D SSRM:n  : SIOP:: AP = 310, PST = 307 (W:10), CP = 32, CUR = 130, LCD = 0
05-06 14:06:08.799  1397  2197 W ContextImpl: Calling a method in the system process without a qualified user: android.app.ContextImpl.sendBroadcast:830 a.j.a:-1 a.w.c:-1 a.I.handleMessage:-1 android.os.Handler.dispatchMessage:102 
05-06 14:06:08.799  1397  1397 I SurveyLogManager: mDeviceInfo.mScreen = false
05-06 14:06:08.799  1397  1468 W BroadcastQueue: Permission Denial: receiving Intent { act=com.sec.android.action.RESOURCE_USAGE_REQUEST flg=0x10 VirtualScreenParam=Params{mDisplayId=-1, null, mFlags=0x00000000)} (has extras) } to ProcessRecord{1fcc451 11623:com.android.bluetooth/1002} (pid=11623, uid=1002) requires com.samsung.android.permission.SSRM_NOTIFICATION_PERMISSION due to sender android (uid 1000)
05-06 14:06:08.809 11623 11623 D BtGatt.GattService: Settings requests the log
05-06 14:06:08.809 11623 12646 E BtGatt.GattService: [GSIM LOG]: gsimLogHandler: null, msg: MESSAGE_REPORT_RESULT_4_BATTERY
05-06 14:06:08.809 11623 12646 D BtGatt.GattService: [GSIM LOG]: gsimLogHandler: prevDate: 6, currDate: 6
05-06 14:06:08.809 11623 12646 D BtGatt.GattService: [GSIM LOG]: reportData4Battery: com.google.android.gms.persistent:4
05-06 14:06:08.809  3414  3414 E LibSecureUISvc: svc_sock_send_message(suisvc): Error sending data, -1 vs 4: Connection refused
05-06 14:06:08.809  1397  5400 D ConnectivityService: returning getNetworkInfo for network type 1 : [type: WIFI[] - WIFI, state: CONNECTED/CONNECTED, reason: (unspecified), extra: "UCB Wireless", roaming: false, failover: false, isAvailable: true]
05-06 14:06:08.819  1397  1468 W BroadcastQueue: Permission Denial: broadcasting Intent { act=com.sec.android.action.RESOURCE_USAGE_RESPONSE flg=0x10 VirtualScreenParam=Params{mDisplayId=-1, null, mFlags=0x00000000)} (has extras) } from com.android.bluetooth (pid=11623, uid=1002) requires com.samsung.android.permission.SSRM_NOTIFICATION_PERMISSION due to registered receiver BroadcastFilter{c22d472 u-1 ReceiverList{19c1d7d 1397 system/1000/u-1 local:a.q@36c5927,37607d4}}
05-06 14:06:08.839  1397  2632 V AlarmManager:  remove PendingIntent] PendingIntent{8385079: PendingIntentRecord{9590482 com.google.android.gms broadcastIntent}}
05-06 14:06:08.839  1397  3321 V AlarmManager:  remove PendingIntent] PendingIntent{f1551be: PendingIntentRecord{9590482 com.google.android.gms broadcastIntent}}
05-06 14:06:08.849 11623 11623 D BtGatt.GattService: LCD turned off
05-06 14:06:08.849 11623 12632 D BtGatt.ScanManager: handleLcdOffIntent
05-06 14:06:08.849 11623 12632 D BtGatt.ScanManager: handleLcdOffIntent : thresholdScanValue is = 10 mLastConfiguredScanValue =0
05-06 14:06:08.869  1397 16230 I BatteryStatsDumper: In refreshStats isReason Screen ON/OFF: true
05-06 14:06:08.879  3292  3292 D ScreenOnOffReceiver: Received intent: Intent { act=android.intent.action.SCREEN_OFF flg=0x50000010 bqHint=1 VirtualScreenParam=Params{mDisplayId=-1, null, mFlags=0x00000000)} (has extras) }.
05-06 14:06:08.879  1397 16230 D BluetoothAdapter: STATE_ON
05-06 14:06:08.889  1397  2649 V AlarmManager:  remove PendingIntent] PendingIntent{1efe21f: PendingIntentRecord{4e2f025 com.android.bluetooth broadcastIntent}}
05-06 14:06:08.919  1397  1416 V AlarmManager:  remove PendingIntent] PendingIntent{2e47b35: PendingIntentRecord{4e2f025 com.android.bluetooth broadcastIntent}}
05-06 14:06:08.949  1397 16230 D BatteryStatsImpl: poolsize= 1, curBatteryRealtime= 74254000, mUpdateTime= 8820000, mTimeout= 0, mNesting= 0, mTotalTime= 0
05-06 14:06:08.979  1397  2440 D PowerManagerService: [PWL] sb release: PowerManagerService.Broadcasts
05-06 14:06:08.999  1397 16230 D BatteryStatsImpl: poolsize= 1, curBatteryRealtime= 74254000, mUpdateTime= 8820000, mTimeout= 0, mNesting= 0, mTotalTime= 0
05-06 14:06:08.999  1397 16230 I BatteryStatsDumper: Previous Battery Level: 100 Current Level: 100 Delta: 0
05-06 14:06:09.179  1397 16230 I BatteryStatsDumper: Writing to database completed
05-06 14:06:09.579  1397  2213 D InputReader: Input event(3): value=1 when=188288434756000
05-06 14:06:09.579  1397  2213 D InputReader: !@notifyKey(116), action=0
05-06 14:06:09.579  1397  2213 D InputManager-JNI: !@interceptKeyBeforeQueueing(116), action=0, interactive=false
05-06 14:06:09.599  1397  2213 D CustomFrequencyManagerService: acquireDVFSLockLocked : type : DVFS_MIN_LIMIT  frequency : 1555200  uid : 1000  pid : 1397  pkgName : WAKEUP_BOOSTER@42
05-06 14:06:09.609  1397  2213 E SamsungWindowManager: mCoreNumLockHelper.acquire
05-06 14:06:09.609  1397  2213 D PowerManagerService: [api] [s] wakeUpWithReason (uid: 1000 pid: 1397) eventTime = 188288434 event = 1
05-06 14:06:09.609  1397  2213 D InputManager-JNI: setInteractive(true)
05-06 14:06:09.609  1397  2213 I PowerManagerService: !@[ps] Screen__On  - 504 :  wakeUpWithReason: 1 (uid: 1000 pid: 1397) (1)
05-06 14:06:09.609  1397  2213 I PowerManagerService: Waking up from sleep (uid 1000)...
05-06 14:06:09.609  1397  2213 D PowerManagerService: [PWL] sb acquire: PowerManagerService.Broadcasts
0