--------- beginning of main
05-06 16:05:00.085  2592  2592 D DateView: received broadcast android.intent.action.TIME_TICK
--------- beginning of system
05-06 16:05:00.185  1397  3355 D RestrictionPolicy: userId: 0, isMicrophoneEnabledAsUser : true
05-06 16:05:00.195  1397  1416 D RestrictionPolicy: userId: 0, isMicrophoneEnabledAsUser : true
05-06 16:05:00.195  1397  2648 D RestrictionPolicy: userId: 0, isMicrophoneEnabledAsUser : true
05-06 16:05:00.195  1397  2632 D RestrictionPolicy: userId: 0, isMicrophoneEnabledAsUser : true
05-06 16:05:00.195  1397  2460 D RestrictionPolicy: userId: 0, isMicrophoneEnabledAsUser : true
05-06 16:05:00.195  1397  3322 D RestrictionPolicy: userId: 0, isMicrophoneEnabledAsUser : true
05-06 16:05:00.305  1397  2406 D ConnectivityService: updateCapabilities: oldCap = [ Transports: WIFI Capabilities: INTERNET&NOT_RESTRICTED&TRUSTED&NOT_VPN&VALIDATED LinkUpBandwidth>=1048576Kbps LinkDnBandwidth>=1048576Kbps SignalStrength: -64], newCap = [ Transports: WIFI Capabilities: INTERNET&NOT_RESTRICTED&TRUSTED&NOT_VPN LinkUpBandwidth>=1048576Kbps LinkDnBandwidth>=1048576Kbps SignalStrength: -63]
05-06 16:05:00.305  1397  2406 D ConnectivityService: rematching NetworkAgentInfo [WIFI () - 683]
05-06 16:05:00.305  1397  2406 D ConnectivityService:  network has: NetworkAgentInfo{ ni{[type: WIFI[] - WIFI, state: CONNECTED/CONNECTED, reason: (unspecified), extra: "Maxwell", roaming: false, failover: false, isAvailable: true]}  network{683}  lp{{InterfaceName: wlan0 LinkAddresses: [fe80::ae5f:3eff:fec8:a622/64,192.168.1.13/24,]  Routes: [fe80::/64 -> :: wlan0,192.168.1.0/24 -> 0.0.0.0 wlan0,0.0.0.0/0 -> 192.168.1.1 wlan0,] DnsAddresses: [192.168.1.1,] Domains:  MTU: 0 TcpBufferSizes: 524288,1048576,2097120,524288,1048576,4194240}}  nc{[ Transports: WIFI Capabilities: INTERNET&NOT_RESTRICTED&TRUSTED&NOT_VPN&VALIDATED LinkUpBandwidth>=1048576Kbps LinkDnBandwidth>=1048576Kbps SignalStrength: -63]}  Score{60}  everValidated{true}  lastValidated{true}  created{true} lingering{false} explicitlySelected{false} acceptUnvalidated{false} everCaptivePortalDetected{false} lastCaptivePortalDetected{false} }
05-06 16:05:00.305  1397  2406 D ConnectivityService:   checking if request is: NetworkRequest [ id=5, legacyType=-1, [ Transports: WIFI Capabilities: INTERNET&NOT_RESTRICTED&TRUSTED&NOT_VPN] ] satisfies: true nri.isRequest: false
05-06 16:05:00.305  1397  2406 D ConnectivityService: Network NetworkAgentInfo [WIFI () - 683] was already satisfying request 1. No change.
05-06 16:05:00.305  1397  2406 D ConnectivityService:   checking if request is: NetworkRequest [ id=241, legacyType=-1, [ Capabilities: INTERNET&NOT_RESTRICTED&TRUSTED&NOT_VPN] ] satisfies: true nri.isRequest: false
05-06 16:05:00.305  1397  2406 D ConnectivityService:   checking if request is: NetworkRequest [ id=6, legacyType=-1, [] ] satisfies: true nri.isRequest: false
05-06 16:05:00.305  1397  2406 D ConnectivityService:   checking if request is: NetworkRequest [ id=4, legacyType=-1, [ Transports: CELLULAR Capabilities: INTERNET&NOT_RESTRICTED&TRUSTED&NOT_VPN] ] satisfies: false nri.isRequest: false
05-06 16:05:00.305  1397  2406 D ConnectivityService:   checking if request is: NetworkRequest [ id=3, legacyType=-1, [ Transports: WIFI Capabilities: INTERNET&NOT_RESTRICTED&TRUSTED&NOT_VPN] ] satisfies: true nri.isRequest: false
05-06 16:05:00.305  1397  2406 D ConnectivityService:   checking if request is: NetworkRequest [ id=234, legacyType=11, [ Transports: CELLULAR Capabilities: IMS&TRUSTED&NOT_VPN] ] satisfies: false nri.isRequest: true
05-06 16:05:00.305  1397  2406 D ConnectivityService:   checking if request is: NetworkRequest [ id=64, legacyType=-1, [ Capabilities: INTERNET&NOT_RESTRICTED&TRUSTED&NOT_VPN] ] satisfies: true nri.isRequest: false
05-06 16:05:00.305  1397  2406 D ConnectivityService: rematching NetworkAgentInfo [MOBILE (LTE) - 676]
05-06 16:05:00.315  1397  2406 E CSLegacyTypeTracker: add() : Adding agent NetworkAgentInfo{ ni{[type: MOBILE[LTE] - MOBILE_IMS, state: CONNECTED/CONNECTED, reason: connected, extra: ims, roaming: false, failover: false, isAvailable: true]}  network{676}  lp{{InterfaceName: rmnet_data1 LinkAddresses: [2607:fb90:127:9fe1:0:4b:2a43:4b01/64,]  Routes: [::/0 -> fe80::4903:1280:18f9:3f7a rmnet_data1,] DnsAddresses: [fd00:976a::9,fd00:976a::10,] Domains: null MTU: 0 TcpBufferSizes: 524288,1048576,2560000,524288,1048576,2560000}}  nc{[ Transports: CELLULAR Capabilities: IMS&TRUSTED&NOT_VPN&VALIDATED LinkUpBandwidth>=51200Kbps LinkDnBandwidth>=102400Kbps Specifier: <1>]}  Score{50}  everValidated{true}  lastValidated{true}  created{true} lingering{false} explicitlySelected{false} acceptUnvalidated{false} everCaptivePortalDetected{false} lastCaptivePortalDetected{false} } for legacy network type 11
05-06 16:05:00.305  1397  2406 D ConnectivityService:  network has: NetworkAgentInfo{ ni{[type: MOBILE[LTE] - MOBILE_IMS, state: CONNECTED/CONNECTED, reason: connected, extra: ims, roaming: false, failover: false, isAvailable: true]}  network{676}  lp{{InterfaceName: rmnet_data1 LinkAddresses: [2607:fb90:127:9fe1:0:4b:2a43:4b01/64,]  Routes: [::/0 -> fe80::4903:1280:18f9:3f7a rmnet_data1,] DnsAddresses: [fd00:976a::9,fd00:976a::10,] Domains: null MTU: 0 TcpBufferSizes: 524288,1048576,2560000,524288,1048576,2560000}}  nc{[ Transports: CELLULAR Capabilities: IMS&TRUSTED&NOT_VPN&VALIDATED LinkUpBandwidth>=51200Kbps LinkDnBandwidth>=102400Kbps Specifier: <1>]}  Score{50}  everValidated{true}  lastValidated{true}  created{true} lingering{false} explicitlySelected{false} acceptUnvalidated{false} everCaptivePortalDetected{false} lastCaptivePortalDetected{false} }
05-06 16:05:00.335  2592  2933 D NetworkController: onReceive: intent=Intent { act=android.net.wifi.RSSI_CHANGED flg=0x4000010 bqHint=4 VirtualScreenParam=Params{mDisplayId=-1, null, mFlags=0x00000000)} (has extras) }
05-06 16:05:00.305  1397  2406 D ConnectivityService:   checking if request is: NetworkRequest [ id=5, legacyType=-1, [ Transports: WIFI Capabilities: INTERNET&NOT_RESTRICTED&TRUSTED&NOT_VPN] ] satisfies: false nri.isRequest: false
05-06 16:05:00.335  2984  2984 I WfcConnectivityReceiver: onReceive(): action=WifiManager.RSSI_CHANGED_ACTION
05-06 16:05:00.305  1397  2406 D ConnectivityService:   checking if request is: NetworkRequest [ id=1, legacyType=-1, [ Capabilities: INTERNET&NOT_RESTRICTED&TRUSTED&NOT_VPN] ] satisfies: false nri.isRequest: true
05-06 16:05:00.335  2984  2984 I WfcConnectivityReceiver: notifyRssiChange(): rssi=-63, WifiManager.getRssi()= -63
05-06 16:05:00.305  1397  2406 D ConnectivityService:   checking if request is: NetworkRequest [ id=241, legacyType=-1, [ Capabilities: INTERNET&NOT_RESTRICTED&TRUSTED&NOT_VPN] ] satisfies: false nri.isRequest: false
05-06 16:05:00.345  2984  2984 I WfcConnectivityReceiver: notifyRssiChange(): networkInfo=[type: WIFI[] - WIFI, state: CONNECTED/CONNECTED, reason: (unspecified), extra: "Maxwell", roaming: false, failover: false, isAvailable: true]
05-06 16:05:00.305  1397  2406 D ConnectivityService:   checking if request is: NetworkRequest [ id=6, legacyType=-1, [] ] satisfies: true nri.isRequest: false
05-06 16:05:00.345  2984  2984 D WfcConnectivityReceiver: parseWifiConnectivity(): connected=true
05-06 16:05:00.305  1397  2406 D ConnectivityService:   checking if request is: NetworkRequest [ id=4, legacyType=-1, [ Transports: CELLULAR Capabilities: INTERNET&NOT_RESTRICTED&TRUSTED&NOT_VPN] ] satisfies: false nri.isRequest: false
05-06 16:05:00.345  2984  2984 D WfcConnectivityReceiver: calculateRssi(): rssi=-63
05-06 16:05:00.305  1397  2406 D ConnectivityService:   checking if request is: NetworkRequest [ id=3, legacyType=-1, [ Transports: WIFI Capabilities: INTERNET&NOT_RESTRICTED&TRUSTED&NOT_VPN] ] satisfies: false nri.isRequest: false
05-06 16:05:00.345  2984  2984 D WfcConnectivityReceiver: calculateRssi(): returning CONNECTED_ROVE_IN
05-06 16:05:00.305  1397  2406 D ConnectivityService: Network NetworkAgentInfo [MOBILE (LTE) - 676] was already satisfying request 234. No change.
05-06 16:05:00.345  2984  2984 D WfcService: updateWifiState(): wifiState=CONNECTED_ROVE_IN
05-06 16:05:00.305  1397  2406 D ConnectivityService:   checking if request is: NetworkRequest [ id=64, legacyType=-1, [ Capabilities: INTERNET&NOT_RESTRICTED&TRUSTED&NOT_VPN] ] satisfies: false nri.isRequest: false
05-06 16:05:00.315  1397  2406 D ConnectivityService: notifyType CAP_CHANGED for NetworkAgentInfo [WIFI () - 683]
05-06 16:05:00.355  2984  2984 D WfcController: processWifiState(): Change in WifiState: new state=CONNECTED_ROVE_IN
05-06 16:05:00.315  1397  2406 D ConnectivityService:  sending notification for NetworkRequest [ id=1, legacyType=-1, [ Capabilities: INTERNET&NOT_RESTRICTED&TRUSTED&NOT_VPN] ]
05-06 16:05:00.355  2984  2984 D WfcController: isRadioConnected(): radio is connected
05-06 16:05:00.315  1397  2406 D ConnectivityService:  sending notification for NetworkRequest [ id=3, legacyType=-1, [ Transports: WIFI Capabilities: INTERNET&NOT_RESTRICTED&TRUSTED&NOT_VPN] ]
05-06 16:05:00.355  2984  2984 D WfcController: checkAndUpdateLowSignal(): !isRadioConnected()=false, (mWfcControlState.mWifiState == WifiStates.DISCONNECTED)=false, mWifiManager.isWifiEnabled()=true
05-06 16:05:00.315  1397  2406 D ConnectivityService: sending notification CAP_CHANGED for NetworkRequest [ id=3, legacyType=-1, [ Transports: WIFI Capabilities: INTERNET&NOT_RESTRICTED&TRUSTED&NOT_VPN] ]
05-06 16:05:00.355  2984  2984 D WfcController: isRadioConnected(): radio is connected
05-06 16:05:00.315  1397  2406 D ConnectivityService:  sending notification for NetworkRequest [ id=5, legacyType=-1, [ Transports: WIFI Capabilities: INTERNET&NOT_RESTRICTED&TRUSTED&NOT_VPN] ]
05-06 16:05:00.355  2984  2984 D WfcController: checkAndUpdateLowSignal(): Broadcast NOT in low signal
05-06 16:05:00.315  1397  2406 D ConnectivityService: sending notification CAP_CHANGED for NetworkRequest [ id=5, legacyType=-1, [ Transports: WIFI Capabilities: INTERNET&NOT_RESTRICTED&TRUSTED&NOT_VPN] ]
05-06 16:05:00.355  2984  2984 D WfcController: checkAndUpdateLowSignal(): Broadcast nothing changed
05-06 16:05:00.315  1397  2406 D ConnectivityService:  sending notification for NetworkRequest [ id=6, legacyType=-1, [] ]
05-06 16:05:00.355  2984  2984 D WfcController: checkUpdate(): mWfcControlState=WfcController {mIsRegistered=false mIsInCall=false mCallDomain=2 mCurrentProfile=WIFI_PREFERRED mWifiState=CONNECTED_ROVE_IN mGsmRadioState=0 mGsmSignalStrength=4 mRadioState=DISCONNECTED mIsLowSignal=false mSimState=VALID_SIM mIWLANMode=false mLowSignalAlertCount0}
05-06 16:05:00.315  1397  2406 D ConnectivityService: sending notification CAP_CHANGED for NetworkRequest [ id=6, legacyType=-1, [] ]
05-06 16:05:00.355  2984  2984 D WfcController: isAllConditonsMetToProcessUpdate(): Do not register since user has disabled WFC
05-06 16:05:00.315  1397  2406 D ConnectivityService:  sending notification for NetworkRequest [ id=64, legacyType=-1, [ Capabilities: INTERNET&NOT_RESTRICTED&TRUSTED&NOT_VPN] ]
05-06 16:05:00.315  1397  2406 D ConnectivityService: sending notification CAP_CHANGED for NetworkRequest [ id=64, legacyType=-1, [ Capabilities: INTERNET&NOT_RESTRICTED&TRUSTED&NOT_VPN] ]
05-06 16:05:00.315  1397  2406 D ConnectivityService:  sending notification for NetworkRequest [ id=241, legacyType=-1, [ Capabilities: INTERNET&NOT_RESTRICTED&TRUSTED&NOT_VPN] ]
05-06 16:05:00.335  1397  2649 D RestrictionPolicy: userId: 0, isMicrophoneEnabledAsUser : true
05-06 16:05:00.335  1397  2406 D ConnectivityService: sending notification CAP_CHANGED for NetworkRequest [ id=241, legacyType=-1, [ Capabilities: INTERNET&NOT_RESTRICTED&TRUSTED&NOT_VPN] ]
05-06 16:05:00.335  1397  3209 D RestrictionPolicy: userId: 0, isMicrophoneEnabledAsUser : true
05-06 16:05:00.335  1397  2531 D RestrictionPolicy: userId: 0, isMicrophoneEnabledAsUser : true
05-06 16:05:00.335  1397  2764 D RestrictionPolicy: userId: 0, isMicrophoneEnabledAsUser : true
05-06 16:05:00.335  1397  2648 D RestrictionPolicy: userId: 0, isMicrophoneEnabledAsUser : true
05-06 16:05:00.335  1397  2460 D RestrictionPolicy: userId: 0, isMicrophoneEnabledAsUser : true
05-06 16:05:00.335  1397  3322 D ConnectivityService: returning getNetworkInfo for network type 1 : [type: WIFI[] - WIFI, state: CONNECTED/CONNECTED, reason: (unspecified), extra: "Maxwell", roaming: false, failover: false, isAvailable: true]
05-06 16:05:00.335  1397  1415 D RestrictionPolicy: userId: 0, isMicrophoneEnabledAsUser : true
05-06 16:05:00.345  2984  2984 W ContextImpl: Calling a method in the system process without a qualified user: android.app.ContextImpl.startService:1305 android.content.ContextWrapper.startService:606 com.samsung.tmowfc.wfccontroller.WfcService.updateWifiState:193 com.samsung.tmowfc.wfccontroller.WfcConnectivityReceiver.parseWifiConnectivity:312 com.samsung.tmowfc.wfccontroller.WfcConnectivityReceiver.notifyRssiChange:446 
05-06 16:05:00.355  2592  2592 D QSTileView: handleLabelStateChanged() label = Wi-Fi cellWidth 272
05-06 16:05:00.455  1397  3107 D RestrictionPolicy: userId: 0, isMicrophoneEnabledAsUser : true
05-06 16:05:00.465  1397  3355 D RestrictionPolicy: userId: 0, isMicrophoneEnabledAsUser : true
05-06 16:05:00.465  1397  1416 D RestrictionPolicy: userId: 0, isMicrophoneEnabledAsUser : true
05-06 16:05:00.465  1397  2648 D RestrictionPolicy: userId: 0, isMicrophoneEnabledAsUser : true
05-06 16:05:00.475  1397  2632 D RestrictionPolicy: userId: 0, isMicrophoneEnabledAsUser : true
05-06 16:05:00.475  1397  2460 D RestrictionPolicy: userId: 0, isMicrophoneEnabledAsUser : true
05-06 16:05:00.575  1397  1415 D RestrictionPolicy: userId: 0, isMicrophoneEnabledAsUser : true
05-06 16:05:00.575  1397  3322 D RestrictionPolicy: userId: 0, isMicrophoneEnabledAsUser : true
05-06 16:05:00.575  1397  2649 D RestrictionPolicy: userId: 0, isMicrophoneEnabledAsUser : true
05-06 16:05:00.575  1397  3209 D RestrictionPolicy: userId: 0, isMicrophoneEnabledAsUser : true
05-06 16:05:00.585  1397  3321 D RestrictionPolicy: userId: 0, isMicrophoneEnabledAsUser : true
05-06 16:05:00.585  1397  2697 D RestrictionPolicy: userId: 0, isMicrophoneEnabledAsUser : true
05-06 16:05:00.595  1397  3317 D RestrictionPolicy: userId: 0, isMicrophoneEnabledAsUser : true
05-06 16:05:00.695  1397  3343 D RestrictionPolicy: userId: 0, isMicrophoneEnabledAsUser : true
05-06 16:05:00.705  1397  2531 D RestrictionPolicy: userId: 0, isMicrophoneEnabledAsUser : true
05-06 16:05:00.705  1397  2764 D RestrictionPolicy: userId: 0, isMicrophoneEnabledAsUser : true
05-06 16:05:00.715  1397  3107 D RestrictionPolicy: userId: 0, isMicrophoneEnabledAsUser : true
05-06 16:05:00.715  1397  3355 D RestrictionPolicy: userId: 0, isMicrophoneEnabledAsUser : true
05-06 16:05:00.715  1397  1416 D RestrictionPolicy: userId: 0, isMicrophoneEnabledAsUser : true
05-06 16:05:00.815  1397  2648 D RestrictionPolicy: userId: 0, isMicrophoneEnabledAsUser : true
05-06 16:05:00.825  1397  2632 D RestrictionPolicy: userId: 0, isMicrophoneEnabledAsUser : true
05-06 16:05:00.825  1397  2460 D RestrictionPolicy: userId: 0, isMicrophoneEnabledAsUser : true
05-06 16:05:00.825  1397  1415 D RestrictionPolicy: userId: 0, isMicrophoneEnabledAsUser : true
05-06 16:05:00.825  1397  3322 D RestrictionPolicy: userId: 0, isMicrophoneEnabledAsUser : true
05-06 16:05:00.835  1397  2649 D RestrictionPolicy: userId: 0, isMicrophoneEnabledAsUser : true
05-06 16:05:00.945  1397  2697 D RestrictionPolicy: userId: 0, isMicrophoneEnabledAsUser : true
05-06 16:05:00.955  1397  3317 D RestrictionPolicy: userId: 0, isMicrophoneEnabledAsUser : true
05-06 16:05:00.955  1397  3343 D RestrictionPolicy: userId: 0, isMicrophoneEnabledAsUser : true
05-06 16:05:00.955  1397  2531 D RestrictionPolicy: userId: 0, isMicrophoneEnabledAsUser : true
05-06 16:05:00.955  1397  2764 D RestrictionPolicy: userId: 0, isMicrophoneEnabledAsUser : true
05-06 16:05:00.965  1397  3107 D RestrictionPolicy: userId: 0, isMicrophoneEnabledAsUser : true
05-06 16:05:00.965  1397  3355 D RestrictionPolicy: userId: 0, isMicrophoneEnabledAsUser : true
05-06 16:05:01.075  1397  1416 D RestrictionPolicy: userId: 0, isMicrophoneEnabledAsUser : true
05-06 16:05:01.085  1397  2648 D RestrictionPolicy: userId: 0, isMicrophoneEnabledAsUser : true
05-06 16:05:01.085  1397  2632 D RestrictionPolicy: userId: 0, isMicrophoneEnabledAsUser : true
05-06 16:05:01.085  1397  2460 D RestrictionPolicy: userId: 0, isMicrophoneEnabledAsUser : true
05-06 16:05:01.085  1397  1415 D RestrictionPolicy: userId: 0, isMicrophoneEnabledAsUser : true
05-06 16:05:01.095  1397  3322 D RestrictionPolicy: userId: 0, isMicrophoneEnabledAsUser : true
05-06 16:05:01.205  1397  3209 D RestrictionPolicy: userId: 0, isMicrophoneEnabledAsUser : true
05-06 16:05:01.215  1397  3321 D RestrictionPolicy: userId: 0, isMicrophoneEnabledAsUser : true
05-06 16:05:01.215  1397  2697 D RestrictionPolicy: userId: 0, isMicrophoneEnabledAsUser : true
05-06 16:05:01.215  1397  3317 D RestrictionPolicy: userId: 0, isMicrophoneEnabledAsUser : true
05-06 16:05:01.225  1397  3343 D RestrictionPolicy: userId: 0, isMicrophoneEnabledAsUser : true
05-06 16:05:01.225  1397  2531 D RestrictionPolicy: userId: 0, isMicrophoneEnabledAsUser : true
05-06 16:05:01.225  1397  2764 D RestrictionPolicy: userId: 0, isMicrophoneEnabledAsUser : true
05-06 16:05:01.335  1397  3107 D RestrictionPolicy: userId: 0, isMicrophoneEnabledAsUser : true
05-06 16:05:01.335  1397  3355 D RestrictionPolicy: userId: 0, isMicrophoneEnabledAsUser : true
05-06 16:05:01.345  1397  1416 D RestrictionPolicy: userId: 0, isMicrophoneEnabledAsUser : true
05-06 16:05:01.345  1397  2648 D RestrictionPolicy: userId: 0, isMicrophoneEnabledAsUser : true
05-06 16:05:01.355  1397  2632 D RestrictionPolicy: userId: 0, isMicrophoneEnabledAsUser : true
05-06 16:05:01.355  1397  2460 D RestrictionPolicy: userId: 0, isMicrophoneEnabledAsUser : true
05-06 16:05:01.465  1397  1415 D RestrictionPolicy: userId: 0, isMicrophoneEnabledAsUser : true
05-06 16:05:01.465  1397  3322 D RestrictionPolicy: userId: 0, isMicrophoneEnabledAsUser : true
05-06 16:05:01.465  1397  2649 D RestrictionPolicy: userId: 0, isMicrophoneEnabledAsUser : true
05-06 16:05:01.475  1397  3209 D RestrictionPolicy: userId: 0, isMicrophoneEnabledAsUser : true
05-06 16:05:01.475  1397  3321 D RestrictionPolicy: userId: 0, isMicrophoneEnabledAsUser : true
05-06 16:05:01.475  1397  2697 D RestrictionPolicy: userId: 0, isMicrophoneEnabledAsUser : true
05-06 16:05:01.585  1397  3317 D RestrictionPolicy: userId: 0, isMicrophoneEnabledAsUser : true
05-06 16:05:01.595  1397  3343 D RestrictionPolicy: userId: 0, isMicrophoneEnabledAsUser : true
05-06 16:05:01.595  1397  2531 D RestrictionPolicy: userId: 0, isMicrophoneEnabledAsUser : true
05-06 16:05:01.595  1397  2764 D RestrictionPolicy: userId: 0, isMicrophoneEnabledAsUser : true
05-06 16:05:01.595  1397  3107 D RestrictionPolicy: userId: 0, isMicrophoneEnabledAsUser : true
05-06 16:05:01.605  1397  3355 D RestrictionPolicy: userId: 0, isMicrophoneEnabledAsUser : true
05-06 16:05:01.605  1397  1416 D RestrictionPolicy: userId: 0, isMicrophoneEnabledAsUser : true
05-06 16:05:01.715  1397  2648 D RestrictionPolicy: userId: 0, isMicrophoneEnabledAsUser : true
05-06 16:05:01.725  1397  2632 D RestrictionPolicy: userId: 0, isMicrophoneEnabledAsUser : true
05-06 16:05:01.725  1397  2460 D RestrictionPolicy: userId: 0, isMicrophoneEnabledAsUser : true
05-06 16:05:01.725  1397  1415 D RestrictionPolicy: userId: 0, isMicrophoneEnabledAsUser : true
05-06 16:05:01.735  1397  3322 D RestrictionPolicy: userId: 0, isMicrophoneEnabledAsUser : true
05-06 16:05:01.735  1397  2649 D RestrictionPolicy: userId: 0, isMicrophoneEnabledAsUser : true
05-06 16:05:01.845  1397  3209 D RestrictionPolicy: userId: 0, isMicrophoneEnabledAsUser : true
05-06 16:05:01.845  1397  3321 D RestrictionPolicy: userId: 0, isMicrophoneEnabledAsUser : true
05-06 16:05:01.845  1397  2697 D RestrictionPolicy: userId: 0, isMicrophoneEnabledAsUser : true
05-06 16:05:01.845  1397  3317 D RestrictionPolicy: userId: 0, isMicrophoneEnabledAsUser : true
05-06 16:05:01.845  1397  3343 D RestrictionPolicy: userId: 0, isMicrophoneEnabledAsUser : true
05-06 16:05:01.855  1397  2531 D RestrictionPolicy: userId: 0, isMicrophoneEnabledAsUser : true
05-06 16:05:01.855  1397  2648 D RestrictionPolicy: userId: 0, isMicrophoneEnabledAsUser : true
05-06 16:05:01.965  1397  3322 D RestrictionPolicy: userId: 0, isMicrophoneEnabledAsUser : true
05-06 16:05:01.975  1397  2649 D RestrictionPolicy: userId: 0, isMicrophoneEnabledAsUser : true
05-06 16:05:01.975  1397  3209 D RestrictionPolicy: userId: 0, isMicrophoneEnabledAsUser : true
05-06 16:05:01.975  1397  3321 D RestrictionPolicy: userId: 0, isMicrophoneEnabledAsUser : true
05-06 16:05:01.985  1397  2697 D RestrictionPolicy: userId: 0, isMicrophoneEnabledAsUser : true
05-06 16:05:01.985  1397  3317 D RestrictionPolicy: userId: 0, isMicrophoneEnabledAsUser : true
05-06 16:05:02.095  1397  2764 D RestrictionPolicy: userId: 0, isMicrophoneEnabledAsUser : true
05-06 16:05:02.105  1397  2764 D RestrictionPolicy: userId: 0, isMicrophoneEnabledAsUser : true
05-06 16:05:02.105  1397  2632 D RestrictionPolicy: userId: 0, isMicrophoneEnabledAsUser : true
05-06 16:05:02.105  1397  3107 D RestrictionPolicy: userId: 0, isMicrophoneEnabledAsUser : true
05-06 16:05:02.105  1397  3355 D RestrictionPolicy: userId: 0, isMicrophoneEnabledAsUser : true
05-06 16:05:02.105  1397  2648 D RestrictionPolicy: userId: 0, isMicrophoneEnabledAsUser : true
05-06 16:05:02.235  1397  2460 D RestrictionPolicy: userId: 0, isMicrophoneEnabledAsUser : true
05-06 16:05:02.235  1397  1415 D RestrictionPolicy: userId: 0, isMicrophoneEnabledAsUser : true
05-06 16:05:02.235  1397  3322 D RestrictionPolicy: userId: 0, isMicrophoneEnabledAsUser : true
05-06 16:05:02.235  1397  2649 D RestrictionPolicy: userId: 0, isMicrophoneEnabledAsUser : true
05-06 16:05:02.235  1397  3209 D RestrictionPolicy: userId: 0, isMicrophoneEnabledAsUser : true
05-06 16:05:02.235  1397  3321 D RestrictionPolicy: userId: 0, isMicrophoneEnabledAsUser : true
05-06 16:05:02.245  1397  2697 D RestrictionPolicy: userId: 0, isMicrophoneEnabledAsUser : true
05-06 16:05:02.355  1397  1416 D RestrictionPolicy: userId: 0, isMicrophoneEnabledAsUser : true
05-06 16:05:02.365  1397  2531 D RestrictionPolicy: userId: 0, isMicrophoneEnabledAsUser : true
05-06 16:05:02.365  2984  2984 D WfcPhoneStateListener: onSignalStrengthsChanged(): signal strength did not change
05-06 16:05:02.365  1397  2764 D RestrictionPolicy: userId: 0, isMicrophoneEnabledAsUser : true
05-06 16:05:02.365  1397  3107 D RestrictionPolicy: userId: 0, isMicrophoneEnabledAsUser : true
05-06 16:05:02.365  2592  2933 D NetworkController.MobileSignalController(0/1): onSignalStrengthsChanged signalStrength=SignalStrength: 99 99 -120 -160 -120 -1 -1 19 -100 -8 146 -1 2147483647 0x4000 gsm|lte level=4
05-06 16:05:02.375  2592  2933 D NetworkController.MobileSignalController(0/1): getMobileIconGroup(): 13
05-06 16:05:02.375  2592  2933 D NetworkController.MobileSignalController(0/1): updateTMOMobileIconGroup(): 13
05-06 16:05:02.375  1397  3355 D RestrictionPolicy: userId: 0, isMicrophoneEnabledAsUser : true
05-06 16:05:02.375  1397  1415 D RestrictionPolicy: userId: 0, isMicrophoneEnabledAsUser : true
05-06 16:05:02.385  2984  2984 D WfcPhoneStateListener: onSignalStrengthsChanged(): signal strength did not change
05-06 16:05:02.395  2592  2933 D NetworkController.MobileSignalController(0/1): onSignalStrengthsChanged signalStrength=SignalStrength: 99 99 -120 -160 -120 -1 -1 19 -100 -8 146 -1 2147483647 0x4000 gsm|lte level=4
05-06 16:05:02.395  2592  2933 D NetworkController.MobileSignalController(0/1): getMobileIconGroup(): 13
05-06 16:05:02.395  2592  2933 D NetworkController.MobileSignalController(0/1): updateTMOMobileIconGroup(): 13
05-06 16:05:02.475  1397  1416 D RestrictionPolicy: userId: 0, isMicrophoneEnabledAsUser : true
05-06 16:05:02.485  1397  2531 D RestrictionPolicy: userId: 0, isMicrophoneEnabledAsUser : true
05-06 16:05:02.485  1397  2764 D RestrictionPolicy: userId: 0, isMicrophoneEnabledAsUser : true
05-06 16:05:02.485  1397  2632 D RestrictionPolicy: userId: 0, isMicrophoneEnabledAsUser : true
05-06 16:05:02.485  1397  3107 D RestrictionPolicy: userId: 0, isMicrophoneEnabledAsUser : true
05-06 16:05:02.495  1397  2648 D RestrictionPolicy: userId: 0, isMicrophoneEnabledAsUser : true
05-06 16:05:02.495  1397  2460 D RestrictionPolicy: userId: 0, isMicrophoneEnabledAsUser : true
05-06 16:05:02.525   649   683 D libEGL  : eglTerminate EGLDisplay = 0x7f9e8c0ea8
05-06 16:05:02.575  2663 10855 D libEGL  : eglTerminate EGLDisplay = 0x7fa23df228
05-06 16:05:02.605  1397  3322 D RestrictionPolicy: userId: 0, isMicrophoneEnabledAsUser : true
05-06 16:05:02.605  1397  1415 D RestrictionPolicy: userId: 0, isMicrophoneEnabledAsUser : true
05-06 16:05:02.615  1397  3355 D RestrictionPolicy: userId: 0, isMicrophoneEnabledAsUser : true
05-06 16:05:02.615  1397  3317 D RestrictionPolicy: userId: 0, isMicrophoneEnabledAsUser : true
05-06 16:05:02.615  1397  3321 D RestrictionPolicy: userId: 0, isMicrophoneEnabledAsUser : true
05-06 16:05:02.615  1397  2649 D RestrictionPolicy: userId: 0, isMicrophoneEnabledAsUser : true
05-06 16:05:02.735  1397  3209 D RestrictionPolicy: userId: 0, isMicrophoneEnabledAsUser : true
05-06 16:05:02.745  1397  2697 D RestrictionPolicy: userId: 0, isMicrophoneEnabledAsUser : true
05-06 16:05:02.745  1397  3343 D RestrictionPolicy: userId: 0, isMicrophoneEnabledAsUser : true
05-06 16:05:02.745  1397  1416 D RestrictionPolicy: userId: 0, isMicrophoneEnabledAsUser : true
05-06 16:05:02.745  1397  2531 D RestrictionPolicy: userId: 0, isMicrophoneEnabledAsUser : true
05-06 16:05:02.745  1397  2764 D RestrictionPolicy: userId: 0, isMicrophoneEnabledAsUser : true
05-06 16:05:02.875  1397  2632 D RestrictionPolicy: userId: 0, isMicrophoneEnabledAsUser : true
05-06 16:05:02.885  1397  3107 D RestrictionPolicy: userId: 0, isMicrophoneEnabledAsUser : true
05-06 16:05:02.885  1397  2648 D RestrictionPolicy: userId: 0, isMicrophoneEnabledAsUser : true
05-06 16:05:02.885  1397  2460 D RestrictionPolicy: userId: 0, isMicrophoneEnabledAsUser : true
05-06 16:05:02.885  1397  3322 D RestrictionPolicy: userId: 0, isMicrophoneEnabledAsUser : true
05-06 16:05:02.895  1397  1415 D RestrictionPolicy: userId: 0, isMicrophoneEnabledAsUser : true
05-06 16:05:02.895  1397  3355 D RestrictionPolicy: userId: 0, isMicrophoneEnabledAsUser : true
05-06 16:05:02.995  1397  2649 D RestrictionPolicy: userId: 0, isMicrophoneEnabledAsUser : true
05-06 16:05:02.995  1397  3209 D RestrictionPolicy: userId: 0, isMicrophoneEnabledAsUser : true
05-06 16:05:02.995  1397  2697 D RestrictionPolicy: userId: 0, isMicrophoneEnabledAsUser : true
05-06 16:05:02.995  1397  3343 D RestrictionPolicy: userId: 0, isMicrophoneEnabledAsUser : true
05-06 16:05:02.995  1397  1416 D RestrictionPolicy: userId: 0, isMicrophoneEnabledAsUser : true
05-06 16:05:02.995  1397  2531 D RestrictionPolicy: userId: 0, isMicrophoneEnabledAsUser : true
05-06 16:05:03.115  1397  2764 D RestrictionPolicy: userId: 0, isMicrophoneEnabledAsUser : true
05-06 16:05:03.125  1397  2632 D RestrictionPolicy: userId: 0, isMicrophoneEnabledAsUser : true
05-06 16:05:03.125  1397  3107 D RestrictionPolicy: userId: 0, isMicrophoneEnabledAsUser : true
05-06 16:05:03.135  1397  2648 D RestrictionPolicy: userId: 0, isMicrophoneEnabledAsUser : true
05-06 16:05:03.135  1397  2460 D RestrictionPolicy: userId: 0, isMicrophoneEnabledAsUser : true
05-06 16:05:03.135  1397  2460 D RestrictionPolicy: userId: 0, isMicrophoneEnabledAsUser : true
05-06 16:05:03.145  1397  1415 D RestrictionPolicy: userId: 0, isMicrophoneEnabledAsUser : true
05-06 16:05:03.245  1397  3355 D RestrictionPolicy: userId: 0, isMicrophoneEnabledAsUser : true
05-06 16:05:03.245  1397  3317 D RestrictionPolicy: userId: 0, isMicrophoneEnabledAsUser : true
05-06 16:05:03.255  1397  2649 D RestrictionPolicy: userId: 0, isMicrophoneEnabledAsUser : true
05-06 16:05:03.255  1397  3209 D RestrictionPolicy: userId: 0, isMicrophoneEnabledAsUser : true
05-06 16:05:03.255  1397  5400 D ConnectivityService: returning getNetworkInfo for network type 1 : [type: WIFI[] - WIFI, state: CONNECTED/CONNECTED, reason: (unspecified), extra: "Maxwell", roaming: false, failover: false, isAvailable: true]
05-06 16:05:03.255  1397  2697 D RestrictionPolicy: userId: 0, isMicrophoneEnabledAsUser : true
05-06 16:05:03.255  1397  3343 D RestrictionPolicy: userId: 0, isMicrophoneEnabledAsUser : true
05-06 16:05:03.375  1397  1416 D RestrictionPolicy: userId: 0, isMicrophoneEnabledAsUser : true
05-06 16:05:03.375  1397  2531 D RestrictionPolicy: userId: 0, isMicrophoneEnabledAsUser : true
05-06 16:05:03.375  1397  2764 D RestrictionPolicy: userId: 0, isMicrophoneEnabledAsUser : true
05-06 16:05:03.375  1397  2632 D RestrictionPolicy: userId: 0, isMicrophoneEnabledAsUser : true
05-06 16:05:03.375  1397  3107 D RestrictionPolicy: userId: 0, isMicrophoneEnabledAsUser : true
05-06 16:05:03.375  1397  2648 D RestrictionPolicy: userId: 0, isMicrophoneEnabledAsUser : true
05-06 16:05:03.495  1397  3322 D RestrictionPolicy: userId: 0, isMicrophoneEnabledAsUser : true
05-06 16:05:03.495  1397  2460 D RestrictionPolicy: userId: 0, isMicrophoneEnabledAsUser : true
05-06 16:05:03.495  1397  1415 D RestrictionPolicy: userId: 0, isMicrophoneEnabledAsUser : true
05-06 16:05:03.505  1397  3355 D RestrictionPolicy: userId: 0, isMicrophoneEnabledAsUser : true
05-06 16:05:03.505  1397  3317 D RestrictionPolicy: userId: 0, isMicrophoneEnabledAsUser : true
05-06 16:05:03.505  1397  3321 D RestrictionPolicy: userId: 0, isMicrophoneEnabledAsUser : true
05-06 16:05:03.505  1397  2649 D RestrictionPolicy: userId: 0, isMicrophoneEnabledAsUser : true
05-06 16:05:03.555 28371 28371 I FIPS_bssl: FIPS approved mode (1) | 28371 | app_process
05-06 16:05:03.565 28371 28371 D AndroidRuntime: >>>>>> START com.android.internal.os.RuntimeInit uid 2000 <<<<<<
05-06 16:05:03.565 28371 28371 D AndroidRuntime: CheckJNI is OFF
05-06 16:05:03.575 28371 28371 D AndroidRuntime: readGMSProperty: start
05-06 16:05:03.575 28371 28371 D AndroidRuntime: readGMSProperty: already setted!!
05-06 16:05:03.575 28371 28371 D AndroidRuntime: propertySet: couldn't set property (it is from app)
05-06 16:05:03.575 28371 28371 D AndroidRuntime: readGMSProperty: could not set the property(default)!!
05-06 16:05:03.575 28371 28371 D AndroidRuntime: propertySet: couldn't set property (it is from app)
05-06 16:05:03.575 28371 28371 D AndroidRuntime: propertySet: couldn't set property (it is from app)
05-06 16:05:03.575 28371 28371 D AndroidRuntime: propertySet: couldn't set property (it is from app)
05-06 16:05:03.575 28371 28371 D AndroidRuntime: propertySet: couldn't set property (it is from app)
05-06 16:05:03.575 28371 28371 D AndroidRuntime: readGMSProperty: end
05-06 16:05:03.575 28371 28371 D AndroidRuntime: addProductProperty: start
05-06 16:05:03.615 28371 28371 D ICU     : No timezone override file found: /data/misc/zoneinfo/current/icu/icu_tzdata.dat
05-06 16:05:03.625  1397  3209 D RestrictionPolicy: userId: 0, isMicrophoneEnabledAsUser : true
05-06 16:05:03.625  1397  2697 D RestrictionPolicy: userId: 0, isMicrophoneEnabledAsUser : true
05-06 16:05:03.625  1397  3343 D RestrictionPolicy: userId: 0, isMicrophoneEnabledAsUser : true
05-06 16:05:03.625  1397  1416 D RestrictionPolicy: userId: 0, isMicrophoneEnabledAsUser : true
05-06 16:05:03.625  1397  2531 D RestrictionPolicy: userId: 0, isMicrophoneEnabledAsUser : true
05-06 16:05:03.625  1397  2764 D RestrictionPolicy: userId: 0, isMicrophoneEnabledAsUser : true
05-06 16:05:03.665 28371 28371 I Radio-JNI: register_android_hardware_Radio DONE
05-06 16:05:03.665 28371 28371 E AffinityControl: AffinityControl: registerfunction enter
05-06 16:05:03.685 28371 28371 D AndroidRuntime: Calling main entry com.android.commands.pm.Pm
05-06 16:05:03.695  1397  3107 D PackageManager: START PACKAGE DELETE: observer{86053270}
05-06 16:05:03.695  1397  3107 D PackageManager: pkg{<packageName>}
05-06 16:05:03.695  1397  3107 D PackageManager: user{0}
05-06 16:05:03.695  1397  3107 D PackageManager: caller{2000}
05-06 16:05:03.695  1397  3107 D PackageManager: flags{2}
05-06 16:05:03.695  1397  3107 D PersonaManagerService: isFromApprovedUnInstaller: uid, userId, appid : 2000 0 2000
05-06 16:05:03.695  1397  3107 D PersonaManagerService: isFromApprovedUnInstaller: isApproved : true
05-06 16:05:03.695  1397  3107 D PersonaManagerService: isFromApprovedUnInstaller: isApproved before exit: true
05-06 16:05:03.695  1397  3107 D PackageManager: deletePackageAsUser- pkg:plv.colorado.edu.callinsbenchmark, userId:0, flag2
05-06 16:05:03.695  1397  3107 D PackageManager: deletePackageAsUser- pkg:plv.colorado.edu.callinsbenchmark, userId:0, flag2
05-06 16:05:03.705  1397  1571 D PackageManager: [MSG] DELETE_PACKAGE_AS_USER
05-06 16:05:03.705  1397  1571 D PackageManagerService: deletePackage- pkg:plv.colorado.edu.callinsbenchmark, edmuserId:0
05-06 16:05:03.705  1397  1571 D PackageManagerService: deletePackage- pkg:plv.colorado.edu.callinsbenchmark, edmuserId:-1
05-06 16:05:03.705  1397  1571 D ApplicationPolicy: getApplicationUninstallationEnabled
05-06 16:05:03.705  1397  1571 D ApplicationPolicy: getApplicationUninstallationEnabled :  enabled true
05-06 16:05:03.705  1397  1571 I PackageManager: !@  calling am.removeDeletedPkgsFromLru from PMS
05-06 16:05:03.705  1397  1468 I ActivityManager: Force stopping plv.colorado.edu.callinsbenchmark appid=10289 user=-1: uninstall pkg
05-06 16:05:03.705  1397  1571 D ActivityManager: removeDeletedPkgsFromLruStats called in AMS...plv.colorado.edu.callinsbenchmark
05-06 16:05:03.705  1397  1571 D PackageManager: !@killApplicatoin: 10289, uninstall pkg
05-06 16:05:03.705  1397  1571 I PackageManager: !@  calling am.removeDeletedPkgsFromLru from PMS
05-06 16:05:03.705  1397  1571 D ActivityManager: removeDeletedPkgsFromLruStats called in AMS...plv.colorado.edu.callinsbenchmark
05-06 16:05:03.755  1397  2648 D RestrictionPolicy: userId: 0, isMicrophoneEnabledAsUser : true
05-06 16:05:03.755  1397  3322 D RestrictionPolicy: userId: 0, isMicrophoneEnabledAsUser : true
05-06 16:05:03.755  1397  2460 D RestrictionPolicy: userId: 0, isMicrophoneEnabledAsUser : true
05-06 16:05:03.755  1397  1415 D RestrictionPolicy: userId: 0, isMicrophoneEnabledAsUser : true
05-06 16:05:03.755  1397  3355 D RestrictionPolicy: userId: 0, isMicrophoneEnabledAsUser : true
05-06 16:05:03.755  1397  3317 D RestrictionPolicy: userId: 0, isMicrophoneEnabledAsUser : true
05-06 16:05:03.755  1397  3321 D RestrictionPolicy: userId: 0, isMicrophoneEnabledAsUser : true
05-06 16:05:03.885  1397  3209 D RestrictionPolicy: userId: 0, isMicrophoneEnabledAsUser : true
05-06 16:05:03.885  1397  2697 D RestrictionPolicy: userId: 0, isMicrophoneEnabledAsUser : true
05-06 16:05:03.885  1397  3343 D RestrictionPolicy: userId: 0, isMicrophoneEnabledAsUser : true
05-06 16:05:03.885  1397  1416 D RestrictionPolicy: userId: 0, isMicrophoneEnabledAsUser : true
05-06 16:05:03.885  1397  2531 D RestrictionPolicy: userId: 0, isMicrophoneEnabledAsUser : true
05-06 16:05:03.885  1397  2764 D RestrictionPolicy: userId: 0, isMicrophoneEnabledAsUser : true
05-06 16:05:03.945  1397  1571 W System.err: remove failed: ENOENT (No such file or directory) : /data/system/packages.xml.bak
05-06 16:05:04.005  1397  3322 D RestrictionPolicy: userId: 0, isMicrophoneEnabledAsUser : true
05-06 16:05:04.015  1397  2460 D RestrictionPolicy: userId: 0, isMicrophoneEnabledAsUser : true
05-06 16:05:04.015  1397  1415 D RestrictionPolicy: userId: 0, isMicrophoneEnabledAsUser : true
05-06 16:05:04.015  1397  3355 D RestrictionPolicy: userId: 0, isMicrophoneEnabledAsUser : true
05-06 16:05:04.015  1397  3317 D RestrictionPolicy: userId: 0, isMicrophoneEnabledAsUser : true
05-06 16:05:04.015  1397  3321 D RestrictionPolicy: userId: 0, isMicrophoneEnabledAsUser : true
05-06 16:05:04.035  1397  1571 W System.err: remove failed: ENOENT (No such file or directory) : /data/system/users/0/package-restrictions.xml.bak
05-06 16:05:04.035   944   944 W keystore: ENTER clear_uid from uid 1000 for 10289
05-06 16:05:04.035  1397  1571 I art     : Starting a blocking GC Explicit
05-06 16:05:04.135  1397  2649 D RestrictionPolicy: userId: 0, isMicrophoneEnabledAsUser : true
05-06 16:05:04.135  1397  3209 D RestrictionPolicy: userId: 0, isMicrophoneEnabledAsUser : true
05-06 16:05:04.135  1397  2697 D RestrictionPolicy: userId: 0, isMicrophoneEnabledAsUser : true
05-06 16:05:04.135  1397  3343 D RestrictionPolicy: userId: 0, isMicrophoneEnabledAsUser : true
05-06 16:05:04.135  1397  1416 D RestrictionPolicy: userId: 0, isMicrophoneEnabledAsUser : true
05-06 16:05:04.135  1397  2531 D RestrictionPolicy: userId: 0, isMicrophoneEnabledAsUser : true
05-06 16:05:04.135  1397  2764 D RestrictionPolicy: userId: 0, isMicrophoneEnabledAsUser : true
05-06 16:05:04.225  1397  2632 D BatteryService: !@BatteryListener : batteryPropertiesChanged!
05-06 16:05:04.225  1397  2632 D BatteryService: level:100, scale:100, status:5, health:2, present:true, voltage: 4342, temperature: 277, technology: Li-ion, AC powered:false, USB powered:true, POGO powered:false, Wireless powered:false, icon:17303418, invalid charger:0, maxChargingCurrent:0
05-06 16:05:04.225  1397  2632 D BatteryService: online:4, current avg:-64, charge type:0, power sharing:false, high voltage charger:false, capacity:280000, batterySWSelfDischarging:false, current_now:0
05-06 16:05:04.225  1397  1397 D BatteryService: Sending ACTION_BATTERY_CHANGED.
05-06 16:05:04.225  1397  1397 I MotionRecognitionService: Plugged
05-06 16:05:04.225  1397  1397 D MotionRecognitionService:   cableConnection= 1
05-06 16:05:04.225  1397  1397 D MotionRecognitionService: setPowerConnected | current backoffstate  = 1024 , state =1024
05-06 16:05:04.225  1397  1397 D MotionRecognitionService: skip setTransmitPower. 
05-06 16:05:04.225  1397  1397 I Tethering: BATTERY_CHANGED, level = 100lowBatteryThreshold = 15
05-06 16:05:04.225  1397  2388 D WifiController: ApOrStaEnabledState  msg.what= 155652
05-06 16:05:04.235  2592  2592 D KeyguardUpdateMonitor: received broadcast android.intent.action.BATTERY_CHANGED
05-06 16:05:04.235  2592  2592 D KeyguardUpdateMonitor: handleBatteryUpdate
05-06 16:05:04.235  2592  2592 D PowerUI : priorPlugType = 2 mPlugType =  2
05-06 16:05:04.235  2613  2613 D BatteryMonitor: new battery level: 100
05-06 16:05:04.245 11623 11623 V HeadsetService: HeadsetService - Received Intent.ACTION_BATTERY_CHANGED
05-06 16:05:04.255 11623 12758 D HeadsetStateMachine: Disconnected process message: 10, size: 0
05-06 16:05:04.255  2592  2592 D BatteryMeterView: ACTION_BATTERY_CHANGED : level:100 status:5 health:2
05-06 16:05:04.255  2592  2592 D BatteryMeterView: ACTION_BATTERY_CHANGED : level:100 status:5 health:2
05-06 16:05:04.265  1397  1571 I art     : Explicit concurrent mark sweep GC freed 125108(7MB) AllocSpace objects, 5(100KB) LOS objects, 16% free, 81MB/97MB, paused 1.804ms total 231.620ms
05-06 16:05:04.265  1397  1571 D AASAuninstall: userId = 0, info.removedAppID = 10289, info.uid = 10289, packageName = plv.colorado.edu.callinsbenchmark
05-06 16:05:04.265  1397  1571 D PackageManager: result of delete: 1{86053270}
05-06 16:05:04.275 28371 28371 I art     : System.exit called, status: 0
05-06 16:05:04.275  1397  2649 D RestrictionPolicy: userId: 0, isMicrophoneEnabledAsUser : true
05-06 16:05:04.275 28371 28371 I AndroidRuntime: VM exiting with result code 0.
05-06 16:05:04.275  1397  2697 D RestrictionPolicy: userId: 0, isMicrophoneEnabledAsUser : true
05-06 16:05:04.275  1397  3343 D RestrictionPolicy: userId: 0, isMicrophoneEnabledAsUser : true
Success
05-06 16:05:04.285  1397  2531 D RestrictionPolicy: userId: 0, isMicrophoneEnabledAsUser : true
05-06 16:05:04.285  1397  1571 W ResourcesManager: getTopLevelResources: /system/priv-app/SecMms_Epic_Common/SecMms_Epic_Common.apk / 1.0 running in null rsrc of package com.android.mms
05-06 16:05:04.285  1397  2764 D RestrictionPolicy: userId: 0, isMicrophoneEnabledAsUser : true
05-06 16:05:04.285  1397  2648 D RestrictionPolicy: userId: 0, isMicrophoneEnabledAsUser : true
05-06 16:05:04.285  1397  1571 D ResourcesManager: For user 0 new overlays fetched [/data/overlays/style/com.cambunch.MaterialDark/com.cambunch.MaterialDark.touchwiz.apk, /data/overlays/style/com.cambunch.MaterialDark/com.cambunch.MaterialDark.mms.apk, /data/overlays/style/com.cambunch.MaterialDark/com.cambunch.MaterialDark.common.apk]
05-06 16:05:04.285  1397  1571 W ResourcesManager: getTopLevelResources: /data/app/com.google.android.apps.messaging-1/base.apk / 1.0 running in null rsrc of package com.google.android.apps.messaging
05-06 16:05:04.295  1397  1571 D ResourcesManager: For user 0 new overlays fetched Null
05-06 16:05:04.295  1397  1571 W ResourcesManager: getTopLevelResources: /data/app/org.thoughtcrime.securesms-1/base.apk / 1.0 running in null rsrc of package org.thoughtcrime.securesms
05-06 16:05:04.295  1397  1571 D ResourcesManager: For user 0 new overlays fetched Null
05-06 16:05:04.295  1397  1571 W ResourcesManager: getTopLevelResources: /data/app/com.facebook.orca-2/base.apk / 1.0 running in null rsrc of package com.facebook.orca
05-06 16:05:04.385  1397  3355 D RestrictionPolicy: userId: 0, isMicrophoneEnabledAsUser : true
05-06 16:05:04.385  1397  3317 D RestrictionPolicy: userId: 0, isMicrophoneEnabledAsUser : true
05-06 16:05:04.395  1397  3209 D RestrictionPolicy: userId: 0, isMicrophoneEnabledAsUser : true
05-06 16:05:04.395  1397  2649 D RestrictionPolicy: userId: 0, isMicrophoneEnabledAsUser : true
05-06 16:05:04.395  1397  2697 D RestrictionPolicy: userId: 0, isMicrophoneEnabledAsUser : true
05-06 16:05:04.395  1397  3343 D RestrictionPolicy: userId: 0, isMicrophoneEnabledAsUser : true
05-06 16:05:04.395  1397  3321 D RestrictionPolicy: userId: 0, isMicrophoneEnabledAsUser : true
05-06 16:05:04.435  1397  1571 D ResourcesManager: For user 0 new overlays fetched Null
05-06 16:05:04.435  1397  1571 D PackageManager: [MSG] START_CLEANING_PACKAGE packageName{plv.colorado.edu.callinsbenchmark}
05-06 16:05:04.435  1397  1571 D PackageManager: userId{-1}
05-06 16:05:04.435  1397  1571 D PackageManager: andCode{true}
05-06 16:05:04.465  1397  1571 I ActivityManager: Start proc 28383:com.android.defcontainer/u0a9 for service com.android.defcontainer/.DefaultContainerService
05-06 16:05:04.465  1397  1571 I ActivityManager: Force stopping plv.colorado.edu.callinsbenchmark appid=10289 user=0: pkg removed
05-06 16:05:04.505 28383 28383 E Zygote  : v2
05-06 16:05:04.505 28383 28383 I libpersona: KNOX_SDCARD checking this for 10009
05-06 16:05:04.505 28383 28383 I libpersona: KNOX_SDCARD not a persona
05-06 16:05:04.505 28383 28383 E libpersona: scanKnoxPersonas
05-06 16:05:04.505 28383 28383 E libpersona: Couldn't open the File - /data/system/users/0/personalist.xml - No such file or directory
05-06 16:05:04.505 28383 28383 W SELinux : Function: selinux_compare_spd_ram, index[1], priority [2], priority version is VE=SEPF_SECMOBILE_6.0.1_0010
05-06 16:05:04.505 28383 28383 E Zygote  : accessInfo : 0
05-06 16:05:04.505 28383 28383 E libpersona: scanKnoxPersonas
05-06 16:05:04.505 28383 28383 E libpersona: Couldn't open the File - /data/system/users/0/personalist.xml - No such file or directory
05-06 16:05:04.515  1397  1416 D RestrictionPolicy: userId: 0, isMicrophoneEnabledAsUser : true
05-06 16:05:04.515  1397  2531 D RestrictionPolicy: userId: 0, isMicrophoneEnabledAsUser : true
05-06 16:05:04.515  1397  2764 D RestrictionPolicy: userId: 0, isMicrophoneEnabledAsUser : true
05-06 16:05:04.515  1397  2648 D RestrictionPolicy: userId: 0, isMicrophoneEnabledAsUser : true
05-06 16:05:04.515  1397  3107 D RestrictionPolicy: userId: 0, isMicrophoneEnabledAsUser : true
05-06 16:05:04.515  1397  3322 D RestrictionPolicy: userId: 0, isMicrophoneEnabledAsUser : true
05-06 16:05:04.525  1397  1397 W ResourcesManager: getTopLevelResources: /data/app/com.google.android.gms-1/base.apk / 1.0 running in null rsrc of package com.google.android.gms
05-06 16:05:04.535  1397  1397 W ResourceType: ResTable_typeSpec entry count inconsistent: given 3, previously 118
05-06 16:05:04.535  1397  1397 D ResourcesManager: For user 0 new overlays fetched Null
05-06 16:05:04.535  1397  1397 W ResourcesManager: getTopLevelResources: /data/app/com.google.android.gms-1/base.apk / 1.0 running in null rsrc of package com.google.android.gms
05-06 16:05:04.535  1397  1397 W ResourcesManager: getTopLevelResources: /system/priv-app/SNS_v2/SNS_v2.apk / 1.0 running in null rsrc of package com.sec.android.app.sns3
05-06 16:05:04.535  1397  1397 D ResourcesManager: For user 0 new overlays fetched Null
05-06 16:05:04.535  1397  1397 W ResourcesManager: getTopLevelResources: /system/priv-app/SNS_v2/SNS_v2.apk / 1.0 running in null rsrc of package com.sec.android.app.sns3
05-06 16:05:04.535  1397  1397 W ResourcesManager: getTopLevelResources: /system/priv-app/SNS_v2/SNS_v2.apk / 1.0 running in null rsrc of package com.sec.android.app.sns3
05-06 16:05:04.535  1397  1397 W ResourcesManager: getTopLevelResources: /system/priv-app/SNS_v2/SNS_v2.apk / 1.0 running in null rsrc of package com.sec.android.app.sns3
05-06 16:05:04.535  1397  1397 W ResourcesManager: getTopLevelResources: /system/priv-app/SNS_v2/SNS_v2.apk / 1.0 running in null rsrc of package com.sec.android.app.sns3
05-06 16:05:04.535  1397  1397 W ResourcesManager: getTopLevelResources: /system/priv-app/SNS_v2/SNS_v2.apk / 1.0 running in null rsrc of package com.sec.android.app.sns3
05-06 16:05:04.535  1397  1397 W ResourcesManager: getTopLevelResources: /system/priv-app/SNS_v2/SNS_v2.apk / 1.0 running in null rsrc of package com.sec.android.app.sns3
05-06 16:05:04.535  1397  1397 W ResourcesManager: getTopLevelResources: /system/priv-app/SNS_v2/SNS_v2.apk / 1.0 running in null rsrc of package com.sec.android.app.sns3
05-06 16:05:04.565 28383 28383 D TimaKeyStoreProvider: TimaSignature is unavailable
05-06 16:05:04.535  1397  1397 W ResourcesManager: getTopLevelResources: /system/priv-app/SNS_v2/SNS_v2.apk / 1.0 running in null rsrc of package com.sec.android.app.sns3
05-06 16:05:04.565 28383 28383 D ActivityThread: Added TimaKeyStore provider
05-06 16:05:04.535  1397  1397 W ResourcesManager: getTopLevelResources: /system/priv-app/SNS_v2/SNS_v2.apk / 1.0 running in null rsrc of package com.sec.android.app.sns3
05-06 16:05:04.535  1397  1397 W ResourcesManager: getTopLevelResources: /system/priv-app/SamsungAccount_Hero/SamsungAccount_Hero.apk / 1.0 running in null rsrc of package com.osp.app.signin
05-06 16:05:04.535  1397  1397 D ResourcesManager: For user 0 new overlays fetched Null
05-06 16:05:04.535  1397  1397 W ResourcesManager: getTopLevelResources: /system/priv-app/SamsungAccount_Hero/SamsungAccount_Hero.apk / 1.0 running in null rsrc of package com.osp.app.signin
05-06 16:05:04.535  1397  1397 W ResourcesManager: getTopLevelResources: /system/app/CoreApps/CoreApps.apk / 1.0 running in null rsrc of package com.samsung.android.coreapps
05-06 16:05:04.535  1397  1397 D ResourcesManager: For user 0 new overlays fetched [/data/overlays/style/com.cambunch.MaterialDark/com.cambunch.MaterialDark.touchwiz.apk, /data/overlays/style/com.cambunch.MaterialDark/com.cambunch.MaterialDark.coreapps.apk, /data/overlays/style/com.cambunch.MaterialDark/com.cambunch.MaterialDark.common.apk]
05-06 16:05:04.545  1397  1397 W ResourcesManager: getTopLevelResources: /system/app/CoreApps/CoreApps.apk / 1.0 running in null rsrc of package com.samsung.android.coreapps
05-06 16:05:04.545  1397  1397 W ResourcesManager: getTopLevelResources: /data/app/com.google.android.gm-1/base.apk / 1.0 running in null rsrc of package com.google.android.gm
05-06 16:05:04.545  1397  1397 D ResourcesManager: For user 0 new overlays fetched Null
05-06 16:05:04.545  1397  1397 W ResourcesManager: getTopLevelResources: /data/app/com.google.android.gm-1/base.apk / 1.0 running in null rsrc of package com.google.android.gm
05-06 16:05:04.545  1397  1397 W ResourcesManager: getTopLevelResources: /data/app/com.google.android.gm-1/base.apk / 1.0 running in null rsrc of package com.google.android.gm
05-06 16:05:04.545  1397  1397 W ResourcesManager: getTopLevelResources: /data/app/com.google.android.gm-1/base.apk / 1.0 running in null rsrc of package com.google.android.gm
05-06 16:05:04.545  1397  1397 W ResourcesManager: getTopLevelResources: /data/app/com.google.android.gm-1/base.apk / 1.0 running in null rsrc of package com.google.android.gm
05-06 16:05:04.545  1397  1397 W ResourcesManager: getTopLevelResources: /data/app/com.google.android.gm-1/base.apk / 1.0 running in null rsrc of package com.google.android.gm
05-06 16:05:04.545  1397  1397 W ResourcesManager: getTopLevelResources: /data/app/com.humblebundle.library-1/base.apk / 1.0 running in null rsrc of package com.humblebundle.library
05-06 16:05:04.545  1397  1397 D ResourcesManager: For user 0 new overlays fetched Null
05-06 16:05:04.545  1397  1397 W ResourcesManager: getTopLevelResources: /data/app/com.humblebundle.library-1/base.apk / 1.0 running in null rsrc of package com.humblebundle.library
05-06 16:05:04.545  1397  1397 W ResourcesManager: getTopLevelResources: /data/app/com.microsoft.office.onenote-1/base.apk / 1.0 running in null rsrc of package com.microsoft.office.onenote
05-06 16:05:04.545  1397  1397 D ResourcesManager: For user 0 new overlays fetched Null
05-06 16:05:04.545  1397  1397 W ResourcesManager: getTopLevelResources: /data/app/com.microsoft.office.onenote-1/base.apk / 1.0 running in null rsrc of package com.microsoft.office.onenote
