05-06 16:05:04.545  1397  1397 W ResourcesManager: getTopLevelResources: /data/app/com.microsoft.office.onenote-1/base.apk / 1.0 running in null rsrc of package com.microsoft.office.onenote
05-06 16:05:04.545  1397  1397 W ResourcesManager: getTopLevelResources: /data/app/com.microsoft.office.onenote-1/base.apk / 1.0 running in null rsrc of package com.microsoft.office.onenote
05-06 16:05:04.545  1397  1397 W ResourcesManager: getTopLevelResources: /data/app/org.thoughtcrime.securesms-1/base.apk / 1.0 running in null rsrc of package org.thoughtcrime.securesms
05-06 16:05:04.545  1397  1397 W ResourcesManager: getTopLevelResources: /data/app/org.thoughtcrime.securesms-1/base.apk / 1.0 running in null rsrc of package org.thoughtcrime.securesms
05-06 16:05:04.545  1397  1397 W ResourcesManager: getTopLevelResources: /data/app/org.mozilla.firefox-2/base.apk / 1.0 running in null rsrc of package org.mozilla.firefox
05-06 16:05:04.565  1397  1397 D ResourcesManager: For user 0 new overlays fetched Null
05-06 16:05:04.565  1397  1397 W ResourcesManager: getTopLevelResources: /data/app/org.mozilla.firefox-2/base.apk / 1.0 running in null rsrc of package org.mozilla.firefox
05-06 16:05:04.565  1397  1397 W ResourcesManager: getTopLevelResources: /data/app/com.skype.raider-2/base.apk / 1.0 running in null rsrc of package com.skype.raider
05-06 16:05:04.575  1397  1397 D ResourcesManager: For user 0 new overlays fetched Null
05-06 16:05:04.575  1397  1397 W ResourcesManager: getTopLevelResources: /data/app/com.skype.raider-2/base.apk / 1.0 running in null rsrc of package com.skype.raider
05-06 16:05:04.575  1397  1397 W ResourcesManager: getTopLevelResources: /data/app/com.facebook.orca-2/base.apk / 1.0 running in null rsrc of package com.facebook.orca
05-06 16:05:04.575  1397  1397 W ResourcesManager: getTopLevelResources: /data/app/com.facebook.orca-2/base.apk / 1.0 running in null rsrc of package com.facebook.orca
05-06 16:05:04.575 10583 10592 I art     : Background partial concurrent mark sweep GC freed 29831(1770KB) AllocSpace objects, 10(844KB) LOS objects, 14% free, 93MB/109MB, paused 462us total 106.526ms
05-06 16:05:04.585  1397  1397 V EnterpriseBillingAsyncHandler: packageModificationReceiver - onreceive - start - android.intent.action.PACKAGE_FULLY_REMOVED
05-06 16:05:04.585  1397  2437 V EnterpriseBillingPolicyInternal: packageModification -  start - android.intent.action.PACKAGE_FULLY_REMOVED
05-06 16:05:04.585  1397  2437 V EnterpriseBillingPolicyInternal: uID is 10289
05-06 16:05:04.585  1397  2437 V EnterpriseBillingPolicyInternal: Removed Packageuid is0
05-06 16:05:04.585  1397  2437 V EnterpriseBillingPolicyStorage: getProfileForApplication - enter
05-06 16:05:04.585  1397  1397 D EnterpriseSCEPPolicy: Package actually removal
05-06 16:05:04.585  1397  1397 D EnterpriseSCEPPolicy: mPriority = 0
05-06 16:05:04.585  1397  2437 V EnterpriseBillingPolicyStorage: getProfileForApplication - exit null : containerId = 0
05-06 16:05:04.585  1397  2437 V EnterpriseBillingPolicyInternal: packageModificationReceiver - onreceive - personal application - profile null
05-06 16:05:04.595 28383 28383 W ResourcesManager: getTopLevelResources: /system/priv-app/DefaultContainerService/DefaultContainerService.apk / 1.0 running in com.android.defcontainer rsrc of package com.android.defcontainer
05-06 16:05:04.595  1397  2531 I InjectionManagerService -AppFeature: getCoreFeaturePkgList :[]
05-06 16:05:04.595 28383 28383 I InjectionManager: Inside getClassLibPath + mLibMap{0=, 1=}
05-06 16:05:04.595 28383 28383 D ResourcesManager: For user 0 new overlays fetched Null
05-06 16:05:04.605  1397  2374 D NtpTrustedTime: currentTimeMillis() cache hit
05-06 16:05:04.605  1397  2374 V NetworkStats: removeUidsLocked() for UIDs [10289]
05-06 16:05:04.605  1397  2374 V NetworkStats: performPollLocked(flags=0x3)
05-06 16:05:04.605  1397  1397 W ResourcesManager: getTopLevelResources: /system/priv-app/GoogleServicesFramework/GoogleServicesFramework.apk / 1.0 running in null rsrc of package com.google.android.gsf
05-06 16:05:04.605 28383 28383 I InjectionManager: Inside getClassLibPath caller 
05-06 16:05:04.605  1397  1397 D ResourcesManager: For user 0 new overlays fetched Null
05-06 16:05:04.605  1397  1397 W ResourcesManager: getTopLevelResources: /system/priv-app/GoogleServicesFramework/GoogleServicesFramework.apk / 1.0 running in null rsrc of package com.google.android.gsf
05-06 16:05:04.605  1397  1397 W ResourcesManager: getTopLevelResources: /system/priv-app/SCloudServiceHero/SCloudServiceHero.apk / 1.0 running in null rsrc of package com.samsung.android.scloud
05-06 16:05:04.605  1397  1397 D ResourcesManager: For user 0 new overlays fetched [/data/overlays/style/com.cambunch.MaterialDark/com.cambunch.MaterialDark.touchwiz.apk, /data/overlays/style/com.cambunch.MaterialDark/com.cambunch.MaterialDark.backup.apk, /data/overlays/style/com.cambunch.MaterialDark/com.cambunch.MaterialDark.common.apk]
05-06 16:05:04.605  1397  1397 W ResourcesManager: getTopLevelResources: /system/priv-app/SCloudServiceHero/SCloudServiceHero.apk / 1.0 running in null rsrc of package com.samsung.android.scloud
05-06 16:05:04.605  1397  1397 W ResourcesManager: getTopLevelResources: /system/priv-app/SCloudServiceHero/SCloudServiceHero.apk / 1.0 running in null rsrc of package com.samsung.android.scloud
05-06 16:05:04.605  1397  1397 W ResourcesManager: getTopLevelResources: /system/priv-app/SCloudServiceHero/SCloudServiceHero.apk / 1.0 running in null rsrc of package com.samsung.android.scloud
05-06 16:05:04.605  1397  1397 W ResourcesManager: getTopLevelResources: /system/priv-app/SCloudServiceHero/SCloudServiceHero.apk / 1.0 running in null rsrc of package com.samsung.android.scloud
05-06 16:05:04.605  1397  1397 W ResourcesManager: getTopLevelResources: /system/priv-app/SCloudServiceHero/SCloudServiceHero.apk / 1.0 running in null rsrc of package com.samsung.android.scloud
05-06 16:05:04.605  1397  1397 W ResourcesManager: getTopLevelResources: /system/priv-app/SCloudServiceHero/SCloudServiceHero.apk / 1.0 running in null rsrc of package com.samsung.android.scloud
05-06 16:05:04.605  1397  1397 W ResourcesManager: getTopLevelResources: /system/priv-app/SCloudServiceHero/SCloudServiceHero.apk / 1.0 running in null rsrc of package com.samsung.android.scloud
05-06 16:05:04.605  1397  1397 W ResourcesManager: getTopLevelResources: /system/priv-app/SCloudServiceHero/SCloudServiceHero.apk / 1.0 running in null rsrc of package com.samsung.android.scloud
05-06 16:05:04.615  1397  1397 W ResourcesManager: getTopLevelResources: /system/priv-app/SCloudServiceHero/SCloudServiceHero.apk / 1.0 running in null rsrc of package com.samsung.android.scloud
05-06 16:05:04.615  1397  1397 W ResourcesManager: getTopLevelResources: /system/priv-app/SCloudServiceHero/SCloudServiceHero.apk / 1.0 running in null rsrc of package com.samsung.android.scloud
05-06 16:05:04.615  1397  1397 W ResourcesManager: getTopLevelResources: /system/priv-app/SCloudServiceHero/SCloudServiceHero.apk / 1.0 running in null rsrc of package com.samsung.android.scloud
05-06 16:05:04.615  1397  1397 W ResourcesManager: getTopLevelResources: /system/priv-app/SCloudServiceHero/SCloudServiceHero.apk / 1.0 running in null rsrc of package com.samsung.android.scloud
05-06 16:05:04.615  1397  1397 W ResourcesManager: getTopLevelResources: /system/priv-app/SCloudServiceHero/SCloudServiceHero.apk / 1.0 running in null rsrc of package com.samsung.android.scloud
05-06 16:05:04.615  1397  1397 W ResourcesManager: getTopLevelResources: /system/priv-app/SNS_v2/SNS_v2.apk / 1.0 running in null rsrc of package com.sec.android.app.sns3
05-06 16:05:04.615  1397  1397 W ResourcesManager: getTopLevelResources: /system/priv-app/SNS_v2/SNS_v2.apk / 1.0 running in null rsrc of package com.sec.android.app.sns3
05-06 16:05:04.615  1397  1397 W ResourcesManager: getTopLevelResources: /system/priv-app/SNS_v2/SNS_v2.apk / 1.0 running in null rsrc of package com.sec.android.app.sns3
05-06 16:05:04.615  1397  1397 W ResourcesManager: getTopLevelResources: /system/priv-app/SNS_v2/SNS_v2.apk / 1.0 running in null rsrc of package com.sec.android.app.sns3
05-06 16:05:04.615  1397  1397 W ResourcesManager: getTopLevelResources: /system/priv-app/SNS_v2/SNS_v2.apk / 1.0 running in null rsrc of package com.sec.android.app.sns3
05-06 16:05:04.615  1397  1397 W ResourcesManager: getTopLevelResources: /system/priv-app/SNS_v2/SNS_v2.apk / 1.0 running in null rsrc of package com.sec.android.app.sns3
05-06 16:05:04.615  1397  1397 W ResourcesManager: getTopLevelResources: /system/priv-app/SNS_v2/SNS_v2.apk / 1.0 running in null rsrc of package com.sec.android.app.sns3
05-06 16:05:04.615  1397  1397 W ResourcesManager: getTopLevelResources: /system/priv-app/SNS_v2/SNS_v2.apk / 1.0 running in null rsrc of package com.sec.android.app.sns3
05-06 16:05:04.615  1397  1397 W ResourcesManager: getTopLevelResources: /system/priv-app/SNS_v2/SNS_v2.apk / 1.0 running in null rsrc of package com.sec.android.app.sns3
05-06 16:05:04.615  1397  1397 W ResourcesManager: getTopLevelResources: /system/priv-app/SNS_v2/SNS_v2.apk / 1.0 running in null rsrc of package com.sec.android.app.sns3
05-06 16:05:04.615  1397  1397 W ResourcesManager: getTopLevelResources: /system/priv-app/SNS_v2/SNS_v2.apk / 1.0 running in null rsrc of package com.sec.android.app.sns3
05-06 16:05:04.615  1397  1397 W ResourcesManager: getTopLevelResources: /system/priv-app/SNS_v2/SNS_v2.apk / 1.0 running in null rsrc of package com.sec.android.app.sns3
05-06 16:05:04.615  1397  1397 W ResourcesManager: getTopLevelResources: /system/app/CoreApps/CoreApps.apk / 1.0 running in null rsrc of package com.samsung.android.coreapps
05-06 16:05:04.615  1397  1397 W ResourcesManager: getTopLevelResources: /system/app/CoreApps/CoreApps.apk / 1.0 running in null rsrc of package com.samsung.android.coreapps
05-06 16:05:04.615  1397  1397 W ResourcesManager: getTopLevelResources: /system/app/GoogleCalendarSyncAdapter/GoogleCalendarSyncAdapter.apk / 1.0 running in null rsrc of package com.google.android.syncadapters.calendar
05-06 16:05:04.615  1397  1397 D ResourcesManager: For user 0 new overlays fetched Null
05-06 16:05:04.615  1397  1397 W ResourcesManager: getTopLevelResources: /system/app/GoogleCalendarSyncAdapter/GoogleCalendarSyncAdapter.apk / 1.0 running in null rsrc of package com.google.android.syncadapters.calendar
05-06 16:05:04.615  1397  1397 W ResourcesManager: getTopLevelResources: /system/app/GoogleContactsSyncAdapter/GoogleContactsSyncAdapter.apk / 1.0 running in null rsrc of package com.google.android.syncadapters.contacts
05-06 16:05:04.615  1397  1397 D ResourcesManager: For user 0 new overlays fetched Null
05-06 16:05:04.615  1397  1397 W ResourcesManager: getTopLevelResources: /system/app/GoogleContactsSyncAdapter/GoogleContactsSyncAdapter.apk / 1.0 running in null rsrc of package com.google.android.syncadapters.contacts
05-06 16:05:04.615  1397  1397 W ResourcesManager: getTopLevelResources: /data/app/com.google.android.gms-1/base.apk / 1.0 running in null rsrc of package com.google.android.gms
05-06 16:05:04.615  1397  1397 W ResourcesManager: getTopLevelResources: /data/app/com.google.android.gms-1/base.apk / 1.0 running in null rsrc of package com.google.android.gms
05-06 16:05:04.615  1397  1397 W ResourcesManager: getTopLevelResources: /data/app/com.google.android.gms-1/base.apk / 1.0 running in null rsrc of package com.google.android.gms
05-06 16:05:04.615  1397  1397 W ResourcesManager: getTopLevelResources: /data/app/com.google.android.gms-1/base.apk / 1.0 running in null rsrc of package com.google.android.gms
05-06 16:05:04.615  1397  1397 W ResourcesManager: getTopLevelResources: /data/app/com.google.android.gms-1/base.apk / 1.0 running in null rsrc of package com.google.android.gms
05-06 16:05:04.615  1397  1397 W ResourcesManager: getTopLevelResources: /data/app/com.google.android.gms-1/base.apk / 1.0 running in null rsrc of package com.google.android.gms
05-06 16:05:04.615  1397  1397 W ResourcesManager: getTopLevelResources: /data/app/com.google.android.gms-1/base.apk / 1.0 running in null rsrc of package com.google.android.gms
05-06 16:05:04.615  1397  1397 W ResourcesManager: getTopLevelResources: /data/app/com.google.android.gms-1/base.apk / 1.0 running in null rsrc of package com.google.android.gms
05-06 16:05:04.615  1397  1397 W ResourcesManager: getTopLevelResources: /data/app/com.google.android.gms-1/base.apk / 1.0 running in null rsrc of package com.google.android.gms
05-06 16:05:04.615  1397  1397 W ResourcesManager: getTopLevelResources: /data/app/com.google.android.gms-1/base.apk / 1.0 running in null rsrc of package com.google.android.gms
05-06 16:05:04.615  1397  1397 W ResourcesManager: getTopLevelResources: /data/app/com.google.android.gms-1/base.apk / 1.0 running in null rsrc of package com.google.android.gms
05-06 16:05:04.615  1397  1397 W ResourcesManager: getTopLevelResources: /data/app/com.google.android.gms-1/base.apk / 1.0 running in null rsrc of package com.google.android.gms
05-06 16:05:04.615  1397  1397 W ResourcesManager: getTopLevelResources: /data/app/com.google.android.gms-1/base.apk / 1.0 running in null rsrc of package com.google.android.gms
05-06 16:05:04.615  1397  1397 W ResourcesManager: getTopLevelResources: /data/app/com.google.android.gms-1/base.apk / 1.0 running in null rsrc of package com.google.android.gms
05-06 16:05:04.615  1397  1397 W ResourcesManager: getTopLevelResources: /data/app/com.google.android.gms-1/base.apk / 1.0 running in null rsrc of package com.google.android.gms
05-06 16:05:04.615  1397  1397 W ResourcesManager: getTopLevelResources: /data/app/com.google.android.gms-1/base.apk / 1.0 running in null rsrc of package com.google.android.gms
05-06 16:05:04.615  1397  1397 W ResourcesManager: getTopLevelResources: /data/app/com.google.android.gms-1/base.apk / 1.0 running in null rsrc of package com.google.android.gms
05-06 16:05:04.615  1397  1397 W ResourcesManager: getTopLevelResources: /data/app/com.google.android.gms-1/base.apk / 1.0 running in null rsrc of package com.google.android.gms
05-06 16:05:04.615  1397  1397 W ResourcesManager: getTopLevelResources: /data/app/com.google.android.gms-1/base.apk / 1.0 running in null rsrc of package com.google.android.gms
05-06 16:05:04.615  1397  1397 W ResourcesManager: getTopLevelResources: /data/app/com.google.android.gms-1/base.apk / 1.0 running in null rsrc of package com.google.android.gms
05-06 16:05:04.615  1397  1397 W ResourcesManager: getTopLevelResources: /data/app/com.google.android.gms-1/base.apk / 1.0 running in null rsrc of package com.google.android.gms
05-06 16:05:04.615  1397  1397 W ResourcesManager: getTopLevelResources: /data/app/com.google.android.gms-1/base.apk / 1.0 running in null rsrc of package com.google.android.gms
05-06 16:05:04.615  1397  1397 W ResourcesManager: getTopLevelResources: /data/app/com.google.android.gms-1/base.apk / 1.0 running in null rsrc of package com.google.android.gms
05-06 16:05:04.615  1397  1397 W ResourcesManager: getTopLevelResources: /data/app/com.google.android.gms-1/base.apk / 1.0 running in null rsrc of package com.google.android.gms
05-06 16:05:04.625  1397  1397 W ResourcesManager: getTopLevelResources: /data/app/com.google.android.gms-1/base.apk / 1.0 running in null rsrc of package com.google.android.gms
05-06 16:05:04.625  1397  1397 W ResourcesManager: getTopLevelResources: /data/app/com.google.android.gms-1/base.apk / 1.0 running in null rsrc of package com.google.android.gms
05-06 16:05:04.625  1397  1397 W ResourcesManager: getTopLevelResources: /data/app/com.google.android.gms-1/base.apk / 1.0 running in null rsrc of package com.google.android.gms
05-06 16:05:04.625  1397  1397 W ResourcesManager: getTopLevelResources: /data/app/com.google.android.gms-1/base.apk / 1.0 running in null rsrc of package com.google.android.gms
05-06 16:05:04.625  1397  1397 W ResourcesManager: getTopLevelResources: /data/app/com.google.android.gms-1/base.apk / 1.0 running in null rsrc of package com.google.android.gms
05-06 16:05:04.625  1397  1397 W ResourcesManager: getTopLevelResources: /data/app/com.google.android.gms-1/base.apk / 1.0 running in null rsrc of package com.google.android.gms
05-06 16:05:04.625  1397  1397 W ResourcesManager: getTopLevelResources: /data/app/com.google.android.gms-1/base.apk / 1.0 running in null rsrc of package com.google.android.gms
05-06 16:05:04.625  1397  1397 W ResourcesManager: getTopLevelResources: /data/app/com.google.android.gms-1/base.apk / 1.0 running in null rsrc of package com.google.android.gms
05-06 16:05:04.625  1397  1397 W ResourcesManager: getTopLevelResources: /data/app/com.android.chrome-1/base.apk / 1.0 running in null rsrc of package com.android.chrome
05-06 16:05:04.625  1397  1397 D ResourcesManager: For user 0 new overlays fetched Null
05-06 16:05:04.625  1397  1397 W ResourcesManager: getTopLevelResources: /data/app/com.android.chrome-1/base.apk / 1.0 running in null rsrc of package com.android.chrome
05-06 16:05:04.625  1397  1397 W ResourcesManager: getTopLevelResources: /data/app/com.google.android.gm-1/base.apk / 1.0 running in null rsrc of package com.google.android.gm
05-06 16:05:04.625  1397  1397 W ResourcesManager: getTopLevelResources: /data/app/com.google.android.gm-1/base.apk / 1.0 running in null rsrc of package com.google.android.gm
05-06 16:05:04.625  1397  1397 W ResourcesManager: getTopLevelResources: /data/app/com.google.android.gm-1/base.apk / 1.0 running in null rsrc of package com.google.android.gm
05-06 16:05:04.625  1397  1397 W ResourcesManager: getTopLevelResources: /data/app/com.google.android.gm-1/base.apk / 1.0 running in null rsrc of package com.google.android.gm
05-06 16:05:04.625  1397  1397 W ResourcesManager: getTopLevelResources: /data/app/com.google.android.gm-1/base.apk / 1.0 running in null rsrc of package com.google.android.gm
05-06 16:05:04.625 28383 28383 D InjectionManager: InjectionManager
05-06 16:05:04.625  1397  1397 W ResourcesManager: getTopLevelResources: /data/app/com.google.android.gm-1/base.apk / 1.0 running in null rsrc of package com.google.android.gm
05-06 16:05:04.625 28383 28383 D InjectionManager: fillFeatureStoreMap com.android.defcontainer
05-06 16:05:04.625  1397  1397 W ResourcesManager: getTopLevelResources: /data/app/com.google.android.gm-1/base.apk / 1.0 running in null rsrc of package com.google.android.gm
05-06 16:05:04.625  1397  1397 W ResourcesManager: getTopLevelResources: /data/app/com.google.android.gm-1/base.apk / 1.0 running in null rsrc of package com.google.android.gm
05-06 16:05:04.625  1397  1397 W ResourcesManager: getTopLevelResources: /data/app/com.google.android.gm-1/base.apk / 1.0 running in null rsrc of package com.google.android.gm
05-06 16:05:04.625  1397  1397 W ResourcesManager: getTopLevelResources: /data/app/com.google.android.gm-1/base.apk / 1.0 running in null rsrc of package com.google.android.gm
05-06 16:05:04.625  1397  1397 W ResourcesManager: getTopLevelResources: /data/app/com.google.android.gm-1/base.apk / 1.0 running in null rsrc of package com.google.android.gm
05-06 16:05:04.625  1397  1397 W ResourcesManager: getTopLevelResources: /data/app/com.google.android.gm-1/base.apk / 1.0 running in null rsrc of package com.google.android.gm
05-06 16:05:04.625  1397  1397 W ResourcesManager: getTopLevelResources: /data/app/com.google.android.music-1/base.apk / 1.0 running in null rsrc of package com.google.android.music
05-06 16:05:04.625  1397  1397 D ResourcesManager: For user 0 new overlays fetched Null
05-06 16:05:04.625  1397  1397 W ResourcesManager: getTopLevelResources: /data/app/com.google.android.music-1/base.apk / 1.0 running in null rsrc of package com.google.android.music
05-06 16:05:04.625  1397  1397 W ResourcesManager: getTopLevelResources: /data/app/com.google.android.videos-1/base.apk / 1.0 running in null rsrc of package com.google.android.videos
05-06 16:05:04.625 28383 28383 I InjectionManager: Constructor com.android.defcontainer, Feature store :{}
05-06 16:05:04.625 28383 28383 I InjectionManager: featureStore :{}
05-06 16:05:04.625  1397  1397 D ResourcesManager: For user 0 new overlays fetched Null
05-06 16:05:04.625  1397  1397 W ResourcesManager: getTopLevelResources: /data/app/com.google.android.videos-1/base.apk / 1.0 running in null rsrc of package com.google.android.videos
05-06 16:05:04.625  1397  1397 W ResourcesManager: getTopLevelResources: /data/app/com.google.android.apps.docs-1/base.apk / 1.0 running in null rsrc of package com.google.android.apps.docs
05-06 16:05:04.635  1397  1397 D ResourcesManager: For user 0 new overlays fetched Null
05-06 16:05:04.635  1397  1397 W ResourcesManager: getTopLevelResources: /data/app/com.google.android.apps.docs-1/base.apk / 1.0 running in null rsrc of package com.google.android.apps.docs
05-06 16:05:04.635  1397  1397 W ResourcesManager: getTopLevelResources: /data/app/com.sec.android.app.shealth-1/base.apk / 1.0 running in null rsrc of package com.sec.android.app.shealth
05-06 16:05:04.635  1397  1397 D ResourcesManager: For user 0 new overlays fetched Null
05-06 16:05:04.635  1397  1397 W ResourcesManager: getTopLevelResources: /data/app/com.sec.android.app.shealth-1/base.apk / 1.0 running in null rsrc of package com.sec.android.app.shealth
05-06 16:05:04.635  1397  1397 W ResourcesManager: getTopLevelResources: /data/app/com.sec.android.app.shealth-1/base.apk / 1.0 running in null rsrc of package com.sec.android.app.shealth
05-06 16:05:04.635  1397  1397 W ResourcesManager: getTopLevelResources: /data/app/com.sec.android.app.shealth-1/base.apk / 1.0 running in null rsrc of package com.sec.android.app.shealth
05-06 16:05:04.635  1397  1397 W ResourcesManager: getTopLevelResources: /data/app/com.google.android.apps.docs.editors.docs-1/base.apk / 1.0 running in null rsrc of package com.google.android.apps.docs.editors.docs
05-06 16:05:04.635  1397  1397 D ResourcesManager: For user 0 new overlays fetched Null
05-06 16:05:04.635 28383 28397 W System.err: remove failed: ENOENT (No such file or directory) : /storage/emulated/0/Android/data/plv.colorado.edu.callinsbenchmark
05-06 16:05:04.635  1397  1397 W ResourcesManager: getTopLevelResources: /data/app/com.google.android.apps.docs.editors.docs-1/base.apk / 1.0 running in null rsrc of package com.google.android.apps.docs.editors.docs
05-06 16:05:04.635  1397  1397 W ResourcesManager: getTopLevelResources: /data/app/com.google.android.apps.cloudprint-1/base.apk / 1.0 running in null rsrc of package com.google.android.apps.cloudprint
05-06 16:05:04.645 28383 28397 W System.err: remove failed: ENOENT (No such file or directory) : /storage/emulated/0/Android/media/plv.colorado.edu.callinsbenchmark
05-06 16:05:04.645  1397  1397 D ResourcesManager: For user 0 new overlays fetched Null
05-06 16:05:04.645 28383 28397 W System.err: remove failed: ENOENT (No such file or directory) : /storage/emulated/0/Android/obb/plv.colorado.edu.callinsbenchmark
05-06 16:05:04.645  1397  1397 W ResourcesManager: getTopLevelResources: /data/app/com.google.android.apps.cloudprint-1/base.apk / 1.0 running in null rsrc of package com.google.android.apps.cloudprint
05-06 16:05:04.645  1397  1397 W ResourcesManager: getTopLevelResources: /data/app/com.humblebundle.library-1/base.apk / 1.0 running in null rsrc of package com.humblebundle.library
05-06 16:05:04.645  1397  1397 W ResourcesManager: getTopLevelResources: /data/app/com.humblebundle.library-1/base.apk / 1.0 running in null rsrc of package com.humblebundle.library
05-06 16:05:04.645  1397  1397 W ResourcesManager: getTopLevelResources: /data/app/com.google.android.inputmethod.latin-1/base.apk / 1.0 running in null rsrc of package com.google.android.inputmethod.latin
05-06 16:05:04.645  1397  1397 D ResourcesManager: For user 0 new overlays fetched Null
05-06 16:05:04.645  1397  1397 W ResourcesManager: getTopLevelResources: /data/app/com.google.android.inputmethod.latin-1/base.apk / 1.0 running in null rsrc of package com.google.android.inputmethod.latin
05-06 16:05:04.645  1397  1397 W ResourcesManager: getTopLevelResources: /data/app/com.google.android.apps.docs.editors.sheets-1/base.apk / 1.0 running in null rsrc of package com.google.android.apps.docs.editors.sheets
05-06 16:05:04.645  1397  1397 D ResourcesManager: For user 0 new overlays fetched Null
05-06 16:05:04.645  1397  1397 W ResourcesManager: getTopLevelResources: /data/app/com.google.android.apps.docs.editors.sheets-1/base.apk / 1.0 running in null rsrc of package com.google.android.apps.docs.editors.sheets
05-06 16:05:04.645  1397  1397 W ResourcesManager: getTopLevelResources: /data/app/com.microsoft.office.onenote-1/base.apk / 1.0 running in null rsrc of package com.microsoft.office.onenote
05-06 16:05:04.645  1397  1397 W ResourcesManager: getTopLevelResources: /data/app/com.microsoft.office.onenote-1/base.apk / 1.0 running in null rsrc of package com.microsoft.office.onenote
05-06 16:05:04.645  1397  1397 W ResourcesManager: getTopLevelResources: /data/app/com.google.android.apps.magazines-1/base.apk / 1.0 running in null rsrc of package com.google.android.apps.magazines
05-06 16:05:04.645  1397  1397 D ResourcesManager: For user 0 new overlays fetched Null
05-06 16:05:04.645  1397  1397 W ResourcesManager: getTopLevelResources: /data/app/com.google.android.apps.magazines-1/base.apk / 1.0 running in null rsrc of package com.google.android.apps.magazines
05-06 16:05:04.645  1397  1397 W ResourcesManager: getTopLevelResources: /data/app/com.google.android.apps.genie.geniewidget-1/base.apk / 1.0 running in null rsrc of package com.google.android.apps.genie.geniewidget
05-06 16:05:04.655  1397  1397 D ResourcesManager: For user 0 new overlays fetched Null
05-06 16:05:04.655  1397  1397 W ResourcesManager: getTopLevelResources: /data/app/com.google.android.apps.genie.geniewidget-1/base.apk / 1.0 running in null rsrc of package com.google.android.apps.genie.geniewidget
05-06 16:05:04.655  1397  1397 W ResourcesManager: getTopLevelResources: /data/app/com.google.android.calendar-1/base.apk / 1.0 running in null rsrc of package com.google.android.calendar
05-06 16:05:04.655  1397  1397 D ResourcesManager: For user 0 new overlays fetched Null
05-06 16:05:04.655  1397  1397 W ResourcesManager: getTopLevelResources: /data/app/com.google.android.calendar-1/base.apk / 1.0 running in null rsrc of package com.google.android.calendar
05-06 16:05:04.655  1397  1397 W ResourcesManager: getTopLevelResources: /data/app/com.google.android.apps.books-1/base.apk / 1.0 running in null rsrc of package com.google.android.apps.books
05-06 16:05:04.655  1397  1397 D ResourcesManager: For user 0 new overlays fetched Null
05-06 16:05:04.655  1397  1397 W ResourcesManager: getTopLevelResources: /data/app/com.google.android.apps.books-1/base.apk / 1.0 running in null rsrc of package com.google.android.apps.books
05-06 16:05:04.655  1397  1397 W ResourcesManager: getTopLevelResources: /data/app/com.google.android.inputmethod.pinyin-1/base.apk / 1.0 running in null rsrc of package com.google.android.inputmethod.pinyin
05-06 16:05:04.655  1397  1397 D ResourcesManager: For user 0 new overlays fetched Null
05-06 16:05:04.665  1397  1397 W ResourcesManager: getTopLevelResources: /data/app/com.google.android.inputmethod.pinyin-1/base.apk / 1.0 running in null rsrc of package com.google.android.inputmethod.pinyin
05-06 16:05:04.665  1397  1397 W ResourcesManager: getTopLevelResources: /data/app/org.thoughtcrime.securesms-1/base.apk / 1.0 running in null rsrc of package org.thoughtcrime.securesms
05-06 16:05:04.665  1397  1397 W ResourcesManager: getTopLevelResources: /data/app/org.thoughtcrime.securesms-1/base.apk / 1.0 running in null rsrc of package org.thoughtcrime.securesms
05-06 16:05:04.665  1397  1397 W ResourcesManager: getTopLevelResources: /data/app/org.mozilla.firefox-2/base.apk / 1.0 running in null rsrc of package org.mozilla.firefox
05-06 16:05:04.665  1397  1397 W ResourcesManager: getTopLevelResources: /data/app/org.mozilla.firefox-2/base.apk / 1.0 running in null rsrc of package org.mozilla.firefox
05-06 16:05:04.665  1397  1397 W ResourcesManager: getTopLevelResources: /data/app/com.skype.raider-2/base.apk / 1.0 running in null rsrc of package com.skype.raider
05-06 16:05:04.665  1397  1397 W ResourcesManager: getTopLevelResources: /data/app/com.skype.raider-2/base.apk / 1.0 running in null rsrc of package com.skype.raider
05-06 16:05:04.665  1397  1397 W ResourcesManager: getTopLevelResources: /data/app/com.facebook.orca-2/base.apk / 1.0 running in null rsrc of package com.facebook.orca
05-06 16:05:04.665  1397  1397 W ResourcesManager: getTopLevelResources: /data/app/com.facebook.orca-2/base.apk / 1.0 running in null rsrc of package com.facebook.orca
05-06 16:05:04.665  1397  1397 W ResourcesManager: getTopLevelResources: /data/app/com.google.android.apps.plus-2/base.apk / 1.0 running in null rsrc of package com.google.android.apps.plus
05-06 16:05:04.665  1397  3209 D RestrictionPolicy: userId: 0, isMicrophoneEnabledAsUser : true
05-06 16:05:04.665  1397  1397 D ResourcesManager: For user 0 new overlays fetched Null
05-06 16:05:04.665  1397  2632 D RestrictionPolicy: userId: 0, isMicrophoneEnabledAsUser : true
05-06 16:05:04.665  1397  1397 W ResourcesManager: getTopLevelResources: /data/app/com.google.android.apps.plus-2/base.apk / 1.0 running in null rsrc of package com.google.android.apps.plus
05-06 16:05:04.665  1397  3107 D RestrictionPolicy: userId: 0, isMicrophoneEnabledAsUser : true
05-06 16:05:04.665  1397  1397 W ResourcesManager: getTopLevelResources: /data/app/com.google.android.apps.plus-2/base.apk / 1.0 running in null rsrc of package com.google.android.apps.plus
05-06 16:05:04.665  1397  1397 W ResourcesManager: getTopLevelResources: /data/app/com.google.android.apps.plus-2/base.apk / 1.0 running in null rsrc of package com.google.android.apps.plus
05-06 16:05:04.665  1397  1397 W ResourcesManager: getTopLevelResources: /data/app/com.google.android.apps.inbox-2/base.apk / 1.0 running in null rsrc of package com.google.android.apps.inbox
05-06 16:05:04.665  1397  1415 D RestrictionPolicy: userId: 0, isMicrophoneEnabledAsUser : true
05-06 16:05:04.665  1397  2649 D RestrictionPolicy: userId: 0, isMicrophoneEnabledAsUser : true
05-06 16:05:04.665  1397  1397 D ResourcesManager: For user 0 new overlays fetched Null
05-06 16:05:04.665  1397  2697 D RestrictionPolicy: userId: 0, isMicrophoneEnabledAsUser : true
05-06 16:05:04.665  1397  1397 W ResourcesManager: getTopLevelResources: /data/app/com.google.android.apps.inbox-2/base.apk / 1.0 running in null rsrc of package com.google.android.apps.inbox
05-06 16:05:04.665  1397  1397 W ResourcesManager: getTopLevelResources: /data/app/com.google.android.keep-1/base.apk / 1.0 running in null rsrc of package com.google.android.keep
05-06 16:05:04.665  1397  2374 D NetworkStats: IMS LinkProperties is not null
05-06 16:05:04.665  1397  1397 D ResourcesManager: For user 0 new overlays fetched Null
05-06 16:05:04.665  1397  1397 W ResourcesManager: getTopLevelResources: /data/app/com.google.android.keep-1/base.apk / 1.0 running in null rsrc of package com.google.android.keep
05-06 16:05:04.665  1397  1397 W ResourcesManager: getTopLevelResources: /data/app/com.google.android.apps.docs.editors.slides-2/base.apk / 1.0 running in null rsrc of package com.google.android.apps.docs.editors.slides
05-06 16:05:04.665  1397  2374 D NetworkStatsRecorder: entry.iface is null
05-06 16:05:04.665  1397  2374 D NetworkStatsRecorder: entry.iface is null
05-06 16:05:04.675  1397  2374 D NetworkStatsRecorder: entry.iface is null
05-06 16:05:04.675  1397  2374 D NetworkStatsRecorder: entry.iface is null
05-06 16:05:04.675  1397  1397 D ResourcesManager: For user 0 new overlays fetched Null
05-06 16:05:04.675  1397  1397 W ResourcesManager: getTopLevelResources: /data/app/com.google.android.apps.docs.editors.slides-2/base.apk / 1.0 running in null rsrc of package com.google.android.apps.docs.editors.slides
05-06 16:05:04.675  1397  1397 V AlarmManager: Remove alarm for next reason : android.intent.action.PACKAGE_REMOVED : package: plv.colorado.edu.callinsbenchmark
05-06 16:05:04.675  1397  1466 W ResourcesManager: getTopLevelResources: /system/app/SamsungIMEv3/SamsungIMEv3.apk / 1.0 running in null rsrc of package com.sec.android.inputmethod
05-06 16:05:04.685  1397  1397 V AlarmManagerEXT: plv.colorado.edu.callinsbenchmark(10289) is removed.
05-06 16:05:04.685  1397  1466 D ResourcesManager: For user 0 new overlays fetched [/data/overlays/style/com.cambunch.MaterialDark/com.cambunch.MaterialDark.inputmethod.apk, /data/overlays/style/com.cambunch.MaterialDark/com.cambunch.MaterialDark.touchwiz.apk, /data/overlays/style/com.cambunch.MaterialDark/com.cambunch.MaterialDark.common.apk]
05-06 16:05:04.685  1397  1466 W ResourcesManager: getTopLevelResources: /system/app/SamsungIMEv3/SamsungIMEv3.apk / 1.0 running in null rsrc of package com.sec.android.inputmethod
05-06 16:05:04.695  1397  1466 W ResourcesManager: getTopLevelResources: /data/app/com.google.android.googlequicksearchbox-1/base.apk / 1.0 running in null rsrc of package com.google.android.googlequicksearchbox
05-06 16:05:04.695  1397  1466 W ResourcesManager: getTopLevelResources: /data/app/com.google.android.googlequicksearchbox-1/base.apk / 1.0 running in null rsrc of package com.google.android.googlequicksearchbox
05-06 16:05:04.695  1397  1466 W ResourcesManager: getTopLevelResources: /data/app/com.google.android.inputmethod.latin-1/base.apk / 1.0 running in null rsrc of package com.google.android.inputmethod.latin
05-06 16:05:04.695  1397  1466 W ResourcesManager: getTopLevelResources: /data/app/com.google.android.inputmethod.latin-1/base.apk / 1.0 running in null rsrc of package com.google.android.inputmethod.latin
05-06 16:05:04.695  1397  1466 W ResourcesManager: getTopLevelResources: /data/app/org.pocketworkstation.pckeyboard-1/base.apk / 1.0 running in null rsrc of package org.pocketworkstation.pckeyboard
05-06 16:05:04.695  1397  2374 V NetworkStats: performPollLocked() took 99ms
05-06 16:05:04.695  1397  2374 D NtpTrustedTime: currentTimeMillis() cache hit
05-06 16:05:04.705  1397  1466 D ResourcesManager: For user 0 new overlays fetched Null
05-06 16:05:04.705  1397  2375 D NtpTrustedTime: currentTimeMillis() cache hit
05-06 16:05:04.715  1397  1466 W ResourcesManager: getTopLevelResources: /data/app/org.pocketworkstation.pckeyboard-1/base.apk / 1.0 running in null rsrc of package org.pocketworkstation.pckeyboard
05-06 16:05:04.715  1397  1466 W ResourcesManager: getTopLevelResources: /data/app/com.google.android.inputmethod.pinyin-1/base.apk / 1.0 running in null rsrc of package com.google.android.inputmethod.pinyin
05-06 16:05:04.715  1397  1466 W ResourcesManager: getTopLevelResources: /data/app/com.google.android.inputmethod.pinyin-1/base.apk / 1.0 running in null rsrc of package com.google.android.inputmethod.pinyin
05-06 16:05:04.715  1397  1466 W ResourcesManager: getTopLevelResources: /data/app/keepass2android.keepass2android_nonet-1/base.apk / 1.0 running in null rsrc of package keepass2android.keepass2android_nonet
05-06 16:05:04.715  1397  2375 D NtpTrustedTime: currentTimeMillis() cache hit
05-06 16:05:04.715  1397  1466 D ResourcesManager: For user 0 new overlays fetched Null
05-06 16:05:04.715  1397  1466 W ResourcesManager: getTopLevelResources: /data/app/keepass2android.keepass2android_nonet-1/base.apk / 1.0 running in null rsrc of package keepass2android.keepass2android_nonet
05-06 16:05:04.715  1397  1466 W ResourcesManager: getTopLevelResources: /system/app/SamsungIMEv3/SamsungIMEv3.apk / 1.0 running in null rsrc of package com.sec.android.inputmethod
05-06 16:05:04.715  1397  1466 W ResourcesManager: getTopLevelResources: /data/app/com.google.android.inputmethod.latin-1/base.apk / 1.0 running in null rsrc of package com.google.android.inputmethod.latin
05-06 16:05:04.725  1397  1466 W ResourcesManager: getTopLevelResources: /data/app/com.google.android.inputmethod.pinyin-1/base.apk / 1.0 running in null rsrc of package com.google.android.inputmethod.pinyin
05-06 16:05:04.725  1397  1466 W ResourcesManager: getTopLevelResources: /data/app/org.pocketworkstation.pckeyboard-1/base.apk / 1.0 running in null rsrc of package org.pocketworkstation.pckeyboard
05-06 16:05:04.725  1397  1466 W ResourcesManager: getTopLevelResources: /data/app/com.google.android.inputmethod.latin-1/base.apk / 1.0 running in null rsrc of package com.google.android.inputmethod.latin
05-06 16:05:04.725  1397  1466 W ResourcesManager: getTopLevelResources: /data/app/com.google.android.inputmethod.pinyin-1/base.apk / 1.0 running in null rsrc of package com.google.android.inputmethod.pinyin
05-06 16:05:04.725  1397  1466 W ResourcesManager: getTopLevelResources: /system/app/SamsungIMEv3/SamsungIMEv3.apk / 1.0 running in null rsrc of package com.sec.android.inputmethod
05-06 16:05:04.725  1397  1466 W ResourcesManager: getTopLevelResources: /system/priv-app/LiveBroadcast/LiveBroadcast.apk / 1.0 running in null rsrc of package com.sec.android.app.camera.plb
05-06 16:05:04.725  1397  1466 D ResourcesManager: For user 0 new overlays fetched Null
05-06 16:05:04.725  1397  1466 W ResourcesManager: getTopLevelResources: /system/priv-app/LiveBroadcast/LiveBroadcast.apk / 1.0 running in null rsrc of package com.sec.android.app.camera.plb
05-06 16:05:04.735  1397  1466 W ResourcesManager: getTopLevelResources: /system/priv-app/SamsungCamera5/SamsungCamera5.apk / 1.0 running in null rsrc of package com.sec.android.app.camera
05-06 16:05:04.735  1397  1466 D ResourcesManager: For user 0 new overlays fetched Null
05-06 16:05:04.735  1397  1466 W ResourcesManager: getTopLevelResources: /system/priv-app/SamsungCamera5/SamsungCamera5.apk / 1.0 running in null rsrc of package com.sec.android.app.camera
05-06 16:05:04.735  1397  1466 W ResourcesManager: getTopLevelResources: /system/app/STalkback/STalkback.apk / 1.0 running in null rsrc of package com.samsung.android.app.talkback
05-06 16:05:04.735  1397  1466 D ResourcesManager: For user 0 new overlays fetched [/data/overlays/style/com.cambunch.MaterialDark/com.cambunch.MaterialDark.touchwiz.apk, /data/overlays/style/com.cambunch.MaterialDark/com.cambunch.MaterialDark.talkback.apk, /data/overlays/style/com.cambunch.MaterialDark/com.cambunch.MaterialDark.common.apk]
05-06 16:05:04.735  1397  1466 W ResourcesManager: getTopLevelResources: /system/app/STalkback/STalkback.apk / 1.0 running in null rsrc of package com.samsung.android.app.talkback
05-06 16:05:04.735  1397  1466 W ResourcesManager: getTopLevelResources: /system/app/UniversalSwitch/UniversalSwitch.apk / 1.0 running in null rsrc of package com.samsung.android.universalswitch
05-06 16:05:04.735  1397  1466 D ResourcesManager: For user 0 new overlays fetched [/data/overlays/style/com.cambunch.MaterialDark/com.cambunch.MaterialDark.touchwiz.apk, /data/overlays/style/com.cambunch.MaterialDark/com.cambunch.MaterialDark.universalswitch.apk, /data/overlays/style/com.cambunch.MaterialDark/com.cambunch.MaterialDark.common.apk]
05-06 16:05:04.735  1397  1466 W ResourcesManager: getTopLevelResources: /system/app/UniversalSwitch/UniversalSwitch.apk / 1.0 running in null rsrc of package com.samsung.android.universalswitch
05-06 16:05:04.735  1397  1466 W ResourcesManager: getTopLevelResources: /data/app/com.google.android.marvin.talkback-1/base.apk / 1.0 running in null rsrc of package com.google.android.marvin.talkback
05-06 16:05:04.735  1397  1466 D ResourcesManager: For user 0 new overlays fetched [/data/overlays/style/com.cambunch.MaterialDark/com.cambunch.MaterialDark.touchwiz.apk, /data/overlays/style/com.cambunch.MaterialDark/com.cambunch.MaterialDark.common.apk]
05-06 16:05:04.735  1397  1466 W ResourcesManager: getTopLevelResources: /data/app/com.google.android.marvin.talkback-1/base.apk / 1.0 running in null rsrc of package com.google.android.marvin.talkback
05-06 16:05:04.745  1397  1466 W ResourcesManager: getTopLevelResources: /data/app/com.google.android.marvin.talkback-1/base.apk / 1.0 running in null rsrc of package com.google.android.marvin.talkback
05-06 16:05:04.745  1397  1466 W ResourcesManager: getTopLevelResources: /data/app/com.google.android.marvin.talkback-1/base.apk / 1.0 running in null rsrc of package com.google.android.marvin.talkback
05-06 16:05:04.745  1397  1397 D AccessibilityManagerService: checkUniversalSwitchState start:
05-06 16:05:04.745  1397  1397 D AccessibilityManagerService: checkUniversalSwitchState universalSwitchEnabled:false
05-06 16:05:04.745  1397  1397 D AccessibilityManagerService: updateInputFilter universalSwitchState:false
05-06 16:05:04.745  1397  1397 D AccessibilityManagerService: updateInputFilter userState.mIsUniversalSwitchEnabled:false
05-06 16:05:04.745  1397  1397 I HarmonyEASService: onReceive : android.intent.action.PACKAGE_REMOVED for 0
05-06 16:05:04.755  1397  1466 D EnterpriseDeviceManagerService: Package has changed for user 0
05-06 16:05:04.755  1397  1466 D EnterpriseDeviceManagerService: Admin package name: com.ospolice.packagedisablerpremium
05-06 16:05:04.755  1397  1466 D EnterpriseDeviceManagerService: Admin package name: com.google.android.gms
05-06 16:05:04.765  1397  1397 D UniversalCredentialManagerService: inside mPkgReciever onReceive : android.intent.action.PACKAGE_REMOVED
05-06 16:05:04.765  1397  1397 D UniversalCredentialManagerService: ACTION_PACKAGE_REMOVED is called....
05-06 16:05:04.765  1397  1397 D UniversalCredentialManagerService: ****MSG_CLEAN_INFO block started****
05-06 16:05:04.765  1397  1397 D UniversalCredentialManagerService: uid - 10289, userId-0
05-06 16:05:04.765  1397  1397 D UniversalCredentialManagerService: notifyChangeToPlugin is called for package uninstalled...
05-06 16:05:04.765  1397  1397 D UcmService: notifyChangeToPlugin event 12
05-06 16:05:04.765  1397  1397 D UcmService: checkCallerPermissionFor is called for method-notifyChangeToPlugin
05-06 16:05:04.765  1397  1397 I UcmService: checkIfNotify for cs Name = com.samsung.ucs.agent.boot:com.samsung.ucs.agent.boot Package name = com.samsung.ucs.agent.boot
05-06 16:05:04.765  1397  1397 D UcmService: notifying to unmanaged plugin
05-06 16:05:04.775  3332  3353 D BootAgentService: notifyChange eventId-12
05-06 16:05:04.775  1397  1397 D UcmService: agentService com.samsung.ucs.agent.boot:com.samsung.ucs.agent.boot notify status - -1
05-06 16:05:04.775  1397  1397 D UcmService: agentService status--1
05-06 16:05:04.775  1397  1397 I UcmService: checkIfNotify for cs Name = com.sec.smartcard.manager:com.samsung.ucs.agent.baiMobile Package name = com.sec.smartcard.manager
05-06 16:05:04.775  1397  1397 D UcmService: notifying to unmanaged plugin
05-06 16:05:04.775 28275 28287 E ucsBai_agentService: notifyChange NOT SUPPORTED
05-06 16:05:04.775  1397  1397 D UcmService: agentService com.sec.smartcard.manager:com.samsung.ucs.agent.baiMobile notify status - 0
05-06 16:05:04.775  1397  1397 D UcmService: agentService status-0
05-06 16:05:04.775  1397  1397 I UcmService: checkIfNotify for cs Name = com.samsung.ucs.agent.ese:eSE Credential Storage Package name = com.samsung.ucs.agent.ese
05-06 16:05:04.775  1397  1397 D UcmService: notifying to managed plugin
05-06 16:05:04.775  1397  1397 D UcmService: checkIfNotify: Valid userid - 0
05-06 16:05:04.775  1397  1397 D PolicyManager: PolicyManager.isStorageEnabled() for userId = 0
05-06 16:05:04.775  1397  1397 D UniversalCredentialManagerService: checkCallerPermissionFor is called for method-isCredentialStorageManagedAsUser
05-06 16:05:04.775  1397  1397 D UniversalCredentialManagerService: isCredentialStorageManagedAsUser is called....
05-06 16:05:04.775  1397  1397 D PolicyManager: PolicyManager.isStorageEnabled() result = false
05-06 16:05:04.775  1397  1397 D UcmService: agentService com.samsung.ucs.agent.ese:eSE Credential Storage not notified
05-06 16:05:04.775  1397  1397 D UcmService: agentService status-0
05-06 16:05:04.775  1397  1397 D UniversalCredentialManagerService: ****MSG_CLEAN_INFO block ended****
05-06 16:05:04.775  1397  1397 D KnoxMUMContainerPolicy: mPackageReceiver : action - android.intent.action.PACKAGE_REMOVED
05-06 16:05:04.775  1397  1397 I OTPFW   : PackageRemovalReceiver::onReceive Enter
05-06 16:05:04.775  1397  1397 D OTPFW   : PackageRemovalReceiver::onReceive deleting token for Pkg = plv.colorado.edu.callinsbenchmark uid = 10289 container id = 0
05-06 16:05:04.775  1397  1397 I OTPFW   : ProvisionData::getAllEntries Enter
05-06 16:05:04.775  1397  1397 E OTPFW   : ProvisionData::getAllEntries Table is empty
05-06 16:05:04.775  1397  1397 E SDAgentPackageStateReceiver: Not going to handle 'plv.colorado.edu.callinsbenchmark'!
05-06 16:05:04.785  1397  2460 D RestrictionPolicy: userId: 0, isMicrophoneEnabledAsUser : true
05-06 16:05:04.785  1397  1466 W ResourcesManager: getTopLevelResources: /system/app/SamsungIMEv3/SamsungIMEv3.apk / 1.0 running in null rsrc of package com.sec.android.inputmethod
05-06 16:05:04.785  1397  1466 W ResourcesManager: getTopLevelResources: /system/app/SamsungIMEv3/SamsungIMEv3.apk / 1.0 running in null rsrc of package com.sec.android.inputmethod
05-06 16:05:04.785  1397  3355 D RestrictionPolicy: userId: 0, isMicrophoneEnabledAsUser : true
05-06 16:05:04.785  1397  1466 W ResourcesManager: getTopLevelResources: /data/app/com.google.android.inputmethod.latin-1/base.apk / 1.0 running in null rsrc of package com.google.android.inputmethod.latin
05-06 16:05:04.785  1397  3322 D RestrictionPolicy: userId: 0, isMicrophoneEnabledAsUser : true
05-06 16:05:04.785  1397  1466 W ResourcesManager: getTopLevelResources: /data/app/com.google.android.inputmethod.latin-1/base.apk / 1.0 running in null rsrc of package com.google.android.inputmethod.latin
05-06 16:05:04.785  1397  1416 D RestrictionPolicy: userId: 0, isMicrophoneEnabledAsUser : true
05-06 16:05:04.785  1397  1416 D RestrictionPolicy: userId: 0, isMicrophoneEnabledAsUser : true
05-06 16:05:04.785  1397  1416 D RestrictionPolicy: userId: 0, isMicrophoneEnabledAsUser : true
05-06 16:05:04.795  1397  2764 D RestrictionPolicy: userId: 0, isMicrophoneEnabledAsUser : true
05-06 16:05:04.805  1397  1466 W ResourcesManager: getTopLevelResources: /system/priv-app/SecSettings2/SecSettings2.apk / 1.0 running in null rsrc of package com.android.settings
05-06 16:05:04.805  1397  1466 W ResourcesManager: getTopLevelResources: /system/priv-app/SecContacts_M/SecContacts_M.apk / 1.0 running in null rsrc of package com.android.contacts
05-06 16:05:04.805  1397  1466 D ResourcesManager: For user 0 new overlays fetched [/data/overlays/style/com.cambunch.MaterialDark/com.cambunch.MaterialDark.touchwiz.apk, /data/overlays/style/com.cambunch.MaterialDark/com.cambunch.MaterialDark.contacts.apk, /data/overlays/style/com.cambunch.MaterialDark/com.cambunch.MaterialDark.common.apk]
05-06 16:05:04.805  1397  1466 W ResourcesManager: getTopLevelResources: /system/priv-app/SecContacts_M/SecContacts_M.apk / 1.0 running in null rsrc of package com.android.contacts
05-06 16:05:04.815  1397  1466 W ResourcesManager: getTopLevelResources: /system/priv-app/SecContacts_M/SecContacts_M.apk / 1.0 running in null rsrc of package com.android.contacts
05-06 16:05:04.815  1397  1466 W ResourcesManager: getTopLevelResources: /system/priv-app/SecContacts_M/SecContacts_M.apk / 1.0 running in null rsrc of package com.android.contacts
05-06 16:05:04.815  1397  1466 W ResourcesManager: getTopLevelResources: /system/priv-app/SecMms_Epic_Common/SecMms_Epic_Common.apk / 1.0 running in null rsrc of package com.android.mms
05-06 16:05:04.815  1397  1466 W ResourcesManager: getTopLevelResources: /system/priv-app/SecMms_Epic_Common/SecMms_Epic_Common.apk / 1.0 running in null rsrc of package com.android.mms
05-06 16:05:04.815  1397  1466 W ResourcesManager: getTopLevelResources: /system/priv-app/SecMyFiles/SecMyFiles.apk / 1.0 running in null rsrc of package com.sec.android.app.myfiles
05-06 16:05:04.815  1397  1466 D ResourcesManager: For user 0 new overlays fetched [/data/overlays/style/com.cambunch.MaterialDark/com.cambunch.MaterialDark.myfiles.apk, /data/overlays/style/com.cambunch.MaterialDark/com.cambunch.MaterialDark.touchwiz.apk, /data/overlays/style/com.cambunch.MaterialDark/com.cambunch.MaterialDark.common.apk]
05-06 16:05:04.815  1397  1466 W ResourcesManager: getTopLevelResources: /system/priv-app/SecMyFiles/SecMyFiles.apk / 1.0 running in null rsrc of package com.sec.android.app.myfiles
05-06 16:05:04.815  1397  1466 W ResourcesManager: getTopLevelResources: /system/app/SecMemo3/SecMemo3.apk / 1.0 running in null rsrc of package com.samsung.android.app.memo
05-06 16:05:04.815  1397  1466 D ResourcesManager: For user 0 new overlays fetched [/data/overlays/style/com.cambunch.MaterialDark/com.cambunch.MaterialDark.touchwiz.apk, /data/overlays/style/com.cambunch.MaterialDark/com.cambunch.MaterialDark.memo.apk, /data/overlays/style/com.cambunch.MaterialDark/com.cambunch.MaterialDark.common.apk]
05-06 16:05:04.815  1397  1466 W ResourcesManager: getTopLevelResources: /system/app/SecMemo3/SecMemo3.apk / 1.0 running in null rsrc of package com.samsung.android.app.memo
05-06 16:05:04.815  1397  1466 W ResourcesManager: getTopLevelResources: /system/app/Weather2016/Weather2016.apk / 1.0 running in null rsrc of package com.samsung.android.weather
05-06 16:05:04.815  1397  1466 D ResourcesManager: For user 0 new overlays fetched [/data/overlays/style/com.cambunch.MaterialDark/com.cambunch.MaterialDark.weather.apk, /data/overlays/style/com.cambunch.MaterialDark/com.cambunch.MaterialDark.touchwiz.apk, /data/overlays/style/com.cambunch.MaterialDark/com.cambunch.MaterialDark.common.apk]
