05-06 16:05:05.575 10583 13108 W ResourcesManager: getTopLevelResources: /system/priv-app/SecContacts_M/SecContacts_M.apk / 1.0 running in com.google.android.googlequicksearchbox rsrc of package com.android.contacts
05-06 16:05:05.575 10583 13108 W ResourcesManager: getTopLevelResources: /system/priv-app/SecContacts_M/SecContacts_M.apk / 1.0 running in com.google.android.googlequicksearchbox rsrc of package com.android.contacts
05-06 16:05:05.575 10583 13108 W ResourcesManager: getTopLevelResources: /data/app/com.google.android.apps.docs-1/base.apk / 1.0 running in com.google.android.googlequicksearchbox rsrc of package com.google.android.apps.docs
05-06 16:05:05.575 28313 28412 W ResourcesManager: getTopLevelResources: /data/local/tmp/app-debug.apk / 1.0 running in com.android.vending rsrc of package plv.colorado.edu.callinsbenchmark
05-06 16:05:05.575 10583 13108 D ResourcesManager: For user 0 new overlays fetched Null
05-06 16:05:05.585 10583 13108 W ResourcesManager: getTopLevelResources: /data/app/com.google.android.apps.docs-1/base.apk / 1.0 running in com.google.android.googlequicksearchbox rsrc of package com.google.android.apps.docs
05-06 16:05:05.585 10583 13108 W ResourcesManager: getTopLevelResources: /data/app/com.google.android.apps.docs-1/base.apk / 1.0 running in com.google.android.googlequicksearchbox rsrc of package com.google.android.apps.docs
05-06 16:05:05.585  1397  3322 V BroadcastQueue: [background] Process cur broadcast BroadcastRecord{aaae150 u0 android.intent.action.PACKAGE_REMOVED qIdx=4}, state= (APP_RECEIVE) DELIVERED for app ProcessRecord{2465eef 18899:com.samsung.klmsagent/u0a26}
05-06 16:05:05.585 10583 13108 W ResourcesManager: getTopLevelResources: /data/app/com.google.android.gm-1/base.apk / 1.0 running in com.google.android.googlequicksearchbox rsrc of package com.google.android.gm
05-06 16:05:05.595 10583 13108 D ResourcesManager: For user 0 new overlays fetched Null
05-06 16:05:05.595 10583 13108 W ResourcesManager: getTopLevelResources: /data/app/com.google.android.gm-1/base.apk / 1.0 running in com.google.android.googlequicksearchbox rsrc of package com.google.android.gm
05-06 16:05:05.605 10583 13108 W ResourcesManager: getTopLevelResources: /data/app/com.google.android.apps.books-1/base.apk / 1.0 running in com.google.android.googlequicksearchbox rsrc of package com.google.android.apps.books
05-06 16:05:05.605 18899 18899 I KLMS-2.6.032: : KLMSAbstractReciever(): onReceive(): Intent { act=android.intent.action.PACKAGE_REMOVED dat=package:plv.colorado.edu.callinsbenchmark flg=0x4000010 cmp=com.samsung.klmsagent/.listner.MainReciver bqHint=4 VirtualScreenParam=Params{mDisplayId=-1, null, mFlags=0x00000000)} (has extras) } | timestamp: Fri May 06 16:05:05 MDT 2016
05-06 16:05:05.605 10583 13108 D ResourcesManager: For user 0 new overlays fetched Null
05-06 16:05:05.605 18899 18899 I KLMS-2.6.032: : KLMSAbstractReciever(): onReceive().END.
05-06 16:05:05.605 10583 13108 W ResourcesManager: getTopLevelResources: /data/app/com.google.android.apps.books-1/base.apk / 1.0 running in com.google.android.googlequicksearchbox rsrc of package com.google.android.apps.books
05-06 16:05:05.615 10583 13108 W ResourcesManager: getTopLevelResources: /data/app/com.google.android.music-1/base.apk / 1.0 running in com.google.android.googlequicksearchbox rsrc of package com.google.android.music
05-06 16:05:05.615 18899 18899 I KLMS-2.6.032: : KLMSIntentService(): onCreate()
05-06 16:05:05.615 18899 18899 I KLMS-2.6.032: : KLMSSystemProperties(): getBoolean(): ro.product_ship = true
05-06 16:05:05.615  1397  2632 V BroadcastQueue: [background] Process cur broadcast BroadcastRecord{aaae150 u0 android.intent.action.PACKAGE_REMOVED qIdx=4}, state= (APP_RECEIVE) DELIVERED for app ProcessRecord{dd8f714 1397:system/1000}
05-06 16:05:05.615 10583 13108 D ResourcesManager: For user 0 new overlays fetched Null
05-06 16:05:05.615 18899 18899 I KLMS-2.6.032: : KLMSUtility(): isTestMode(): product_ship: true | testApk: false
05-06 16:05:05.615  1397  1397 V BroadcastQueue: [background] Process cur broadcast BroadcastRecord{aaae150 u0 android.intent.action.PACKAGE_REMOVED qIdx=4}, state= (APP_RECEIVE) DELIVERED for app ProcessRecord{a294a57 2549:android.process.acore/u0a5}
05-06 16:05:05.615 18899 28415 I KLMS-2.6.032: : KLMSIntentService(): onHandleIntent().START: Intent { act=android.intent.action.PACKAGE_REMOVED dat=package:plv.colorado.edu.callinsbenchmark flg=0x4000010 cmp=com.samsung.klmsagent/.service.KLMSIntentService bqHint=4 VirtualScreenParam=Params{mDisplayId=-1, null, mFlags=0x00000000)} (has extras) }
05-06 16:05:05.625 10583 13108 W ResourcesManager: getTopLevelResources: /data/app/com.google.android.music-1/base.apk / 1.0 running in com.google.android.googlequicksearchbox rsrc of package com.google.android.music
05-06 16:05:05.615 18899 28415 D KLMS-2.6.032: : KLMSIntentService(): PACKAGE_REMOVED
05-06 16:05:05.625 10583 13108 W ResourcesManager: getTopLevelResources: /data/app/com.android.vending-1/base.apk / 1.0 running in com.google.android.googlequicksearchbox rsrc of package com.android.vending
05-06 16:05:05.615 18899 28415 I KLMS-2.6.032: : Systemprocess(): listeningToPackageRemoved().START
05-06 16:05:05.625 10583 13108 D ResourcesManager: For user 0 new overlays fetched Null
05-06 16:05:05.615 18899 28415 I KLMS-2.6.032: : Systemprocess(): listeningToPackageRemoved().packageName: plv.colorado.edu.callinsbenchmark
05-06 16:05:05.615 18899 28415 I KLMS-2.6.032: : Systemprocess(): listeningToPackageRemovedforELM().START - plv.colorado.edu.callinsbenchmark
05-06 16:05:05.615 18899 28415 I KLMS-2.6.032: : MDMBridge(): getAllLicenseInfoFromSDK()
05-06 16:05:05.615 18899 28415 I KLMS-2.6.032: : MDMBridge(): getAllLicenseInfoFromSDK()
05-06 16:05:05.615 18899 28415 D KLMS-2.6.032: : Systemprocess(): arrayLicenseInfo size : 1
05-06 16:05:05.615 18899 28415 I KLMS-2.6.032: : Systemprocess(): listeningToPackageRemovedforELM().END
05-06 16:05:05.615 18899 28415 I KLMS-2.6.032: : Systemprocess(): listeningToPackageRemovedforKLM().START - plv.colorado.edu.callinsbenchmark
05-06 16:05:05.635 10583 13108 W ResourcesManager: getTopLevelResources: /data/app/com.android.vending-1/base.apk / 1.0 running in com.google.android.googlequicksearchbox rsrc of package com.android.vending
05-06 16:05:05.635 10583 13108 W ResourcesManager: getTopLevelResources: /data/app/com.android.vending-1/base.apk / 1.0 running in com.google.android.googlequicksearchbox rsrc of package com.android.vending
05-06 16:05:05.635 10583 13108 W ResourcesManager: getTopLevelResources: /data/app/com.google.android.apps.googlevoice-2/base.apk / 1.0 running in com.google.android.googlequicksearchbox rsrc of package com.google.android.apps.googlevoice
05-06 16:05:05.635 10583 13108 D ResourcesManager: For user 0 new overlays fetched Null
05-06 16:05:05.645 10583 13108 W ResourcesManager: getTopLevelResources: /data/app/com.google.android.apps.googlevoice-2/base.apk / 1.0 running in com.google.android.googlequicksearchbox rsrc of package com.google.android.apps.googlevoice
05-06 16:05:05.645 10583 13108 W ResourcesManager: getTopLevelResources: /data/app/com.google.android.apps.plus-2/base.apk / 1.0 running in com.google.android.googlequicksearchbox rsrc of package com.google.android.apps.plus
05-06 16:05:05.645 10583 13108 D ResourcesManager: For user 0 new overlays fetched Null
05-06 16:05:05.655 10583 13108 W ResourcesManager: getTopLevelResources: /data/app/com.google.android.apps.plus-2/base.apk / 1.0 running in com.google.android.googlequicksearchbox rsrc of package com.google.android.apps.plus
05-06 16:05:05.655 23568 28414 I Keyboard.Facilitator.MainLanguageModelLoader: run()
05-06 16:05:05.655  1397  2531 V BroadcastQueue: [background] Process cur broadcast BroadcastRecord{aaae150 u0 android.intent.action.PACKAGE_REMOVED qIdx=4}, state= (APP_RECEIVE) DELIVERED for app ProcessRecord{9b3a82 22132:com.android.settings/1000}
05-06 16:05:05.655 10583 13108 W ResourcesManager: getTopLevelResources: /data/app/com.google.android.apps.inbox-2/base.apk / 1.0 running in com.google.android.googlequicksearchbox rsrc of package com.google.android.apps.inbox
05-06 16:05:05.665 10583 13108 D ResourcesManager: For user 0 new overlays fetched Null
05-06 16:05:05.665 10583 13108 W ResourcesManager: getTopLevelResources: /data/app/com.google.android.apps.inbox-2/base.apk / 1.0 running in com.google.android.googlequicksearchbox rsrc of package com.google.android.apps.inbox
05-06 16:05:05.675  1397  1415 V BroadcastQueue: [background] Process cur broadcast BroadcastRecord{aaae150 u0 android.intent.action.PACKAGE_REMOVED qIdx=4}, state= (APP_RECEIVE) DELIVERED for app ProcessRecord{9b3a82 22132:com.android.settings/1000}
05-06 16:05:05.675  1397  2649 D RestrictionPolicy: userId: 0, isMicrophoneEnabledAsUser : true
05-06 16:05:05.675  1397  3321 D RestrictionPolicy: userId: 0, isMicrophoneEnabledAsUser : true
05-06 16:05:05.675 10583 13108 W ResourcesManager: getTopLevelResources: /data/app/com.google.android.keep-1/base.apk / 1.0 running in com.google.android.googlequicksearchbox rsrc of package com.google.android.keep
05-06 16:05:05.675  1397  2460 D RestrictionPolicy: userId: 0, isMicrophoneEnabledAsUser : true
05-06 16:05:05.675 10583 13108 D ResourcesManager: For user 0 new overlays fetched Null
05-06 16:05:05.675  1397  2764 D RestrictionPolicy: userId: 0, isMicrophoneEnabledAsUser : true
05-06 16:05:05.685 10583 13108 W ResourcesManager: getTopLevelResources: /data/app/com.google.android.apps.maps-1/base.apk / 1.0 running in com.google.android.googlequicksearchbox rsrc of package com.google.android.apps.maps
05-06 16:05:05.685  1397  3321 D RestrictionPolicy: userId: 0, isMicrophoneEnabledAsUser : true
05-06 16:05:05.685  1397  3317 D RestrictionPolicy: userId: 0, isMicrophoneEnabledAsUser : true
05-06 16:05:05.685  1397  2648 D RestrictionPolicy: userId: 0, isMicrophoneEnabledAsUser : true
05-06 16:05:05.685 10583 13108 D ResourcesManager: For user 0 new overlays fetched Null
05-06 16:05:05.685 10583 13108 W ResourcesManager: getTopLevelResources: /data/app/com.google.android.apps.maps-1/base.apk / 1.0 running in com.google.android.googlequicksearchbox rsrc of package com.google.android.apps.maps
05-06 16:05:05.685 10583 13108 W ResourcesManager: getTopLevelResources: /data/app/com.google.android.apps.messaging-1/base.apk / 1.0 running in com.google.android.googlequicksearchbox rsrc of package com.google.android.apps.messaging
05-06 16:05:05.685  1397  1415 V BroadcastQueue: [background] Process cur broadcast BroadcastRecord{aaae150 u0 android.intent.action.PACKAGE_REMOVED qIdx=4}, state= (APP_RECEIVE) DELIVERED for app ProcessRecord{9b3a82 22132:com.android.settings/1000}
05-06 16:05:05.695 22132 22132 I DataWarningReceiver: DataWarningReceiver
05-06 16:05:05.695 10583 13108 D ResourcesManager: For user 0 new overlays fetched Null
05-06 16:05:05.705 10583 13108 W ResourcesManager: getTopLevelResources: /data/app/com.google.android.apps.messaging-1/base.apk / 1.0 running in com.google.android.googlequicksearchbox rsrc of package com.google.android.apps.messaging
05-06 16:05:05.705  1397  1416 V BroadcastQueue: [background] Process cur broadcast BroadcastRecord{aaae150 u0 android.intent.action.PACKAGE_REMOVED qIdx=4}, state= (APP_RECEIVE) DELIVERED for app ProcessRecord{b41d540 25594:com.samsung.android.provider.shootingmodeprovider/u0a61}
05-06 16:05:05.715 10583 13108 W ResourcesManager: getTopLevelResources: /data/app/com.google.android.apps.genie.geniewidget-1/base.apk / 1.0 running in com.google.android.googlequicksearchbox rsrc of package com.google.android.apps.genie.geniewidget
05-06 16:05:05.725  1397  3343 V BroadcastQueue: [background] Process cur broadcast BroadcastRecord{aaae150 u0 android.intent.action.PACKAGE_REMOVED qIdx=4}, state= (APP_RECEIVE) DELIVERED for app ProcessRecord{61b76d8 25237:com.samsung.android.sm.devicesecurity/5012}
05-06 16:05:05.725 10583 13108 D ResourcesManager: For user 0 new overlays fetched Null
05-06 16:05:05.735 10583 13108 W ResourcesManager: getTopLevelResources: /data/app/com.microsoft.office.onenote-1/base.apk / 1.0 running in com.google.android.googlequicksearchbox rsrc of package com.microsoft.office.onenote
05-06 16:05:05.735 10583 13108 D ResourcesManager: For user 0 new overlays fetched Null
05-06 16:05:05.735 18899 28415 D KLMS-2.6.032: : KLMSUtility(): IsPackageExistInDevice().mAppInfoList: 427
05-06 16:05:05.735 18899 28415 D KLMS-2.6.032: : KLMSSharedPreferences(): deleteNotificationAppList().pkgName: plv.colorado.edu.callinsbenchmark
05-06 16:05:05.735 10583 13108 W ResourcesManager: getTopLevelResources: /data/app/com.microsoft.office.onenote-1/base.apk / 1.0 running in com.google.android.googlequicksearchbox rsrc of package com.microsoft.office.onenote
05-06 16:05:05.735 18899 28415 I KLMS-2.6.032: : KLMSSharedPreferences(): getNotificationAppList(): null
05-06 16:05:05.735 10583 13108 W ResourcesManager: getTopLevelResources: /data/app/com.microsoft.office.onenote-1/base.apk / 1.0 running in com.google.android.googlequicksearchbox rsrc of package com.microsoft.office.onenote
05-06 16:05:05.735 18899 28415 D KLMS-2.6.032: : Systemprocess(): Notification App List is Null. Remove Notification.
05-06 16:05:05.735 10583 13108 W ResourcesManager: getTopLevelResources: /data/app/com.microsoft.office.onenote-1/base.apk / 1.0 running in com.google.android.googlequicksearchbox rsrc of package com.microsoft.office.onenote
05-06 16:05:05.735 18899 28415 I KLMS-2.6.032: : Systemprocess(): IsTrackerIDExistInDeviceDB().START: plv.colorado.edu.callinsbenchmark
05-06 16:05:05.735 10583 13108 W ResourcesManager: getTopLevelResources: /data/app/com.microsoft.office.onenote-1/base.apk / 1.0 running in com.google.android.googlequicksearchbox rsrc of package com.microsoft.office.onenote
05-06 16:05:05.745 10583 13108 W ResourcesManager: getTopLevelResources: /data/app/com.sec.android.app.shealth-1/base.apk / 1.0 running in com.google.android.googlequicksearchbox rsrc of package com.sec.android.app.shealth
05-06 16:05:05.745 23568 28414 I Keyboard.Facilitator.MainLanguageModelLoader: loadStaticLm() : Loading File = /data/user/0/com.google.android.inputmethod.latin/files/dicts/en_US/main%00003aen_us (offset=0, length=4430832) with up to date LoudsLmContentVersion = 20160111
05-06 16:05:05.745 23568 28414 I Keyboard.Facilitator.DynamicLanguageModelLoader: run()
05-06 16:05:05.745 10583 13108 D ResourcesManager: For user 0 new overlays fetched Null
05-06 16:05:05.745   930  2080 D EnterpriseController: netId is 0
05-06 16:05:05.755   930  2080 D Netd    : getNetworkForDns: using netid 683 for uid 10034
05-06 16:05:05.755 23568 28414 I Keyboard.Facilitator.DynamicLanguageModelLoader: run() : Loading LM = history
05-06 16:05:05.755 10583 13108 W ResourcesManager: getTopLevelResources: /data/app/com.sec.android.app.shealth-1/base.apk / 1.0 running in com.google.android.googlequicksearchbox rsrc of package com.sec.android.app.shealth
05-06 16:05:05.755 23568 28414 I Keyboard.Facilitator.DynamicLanguageModelLoader: run() : Loaded File = UserHistory.en_US.dict
05-06 16:05:05.755 23568 28414 I Keyboard.Facilitator.DynamicLanguageModelLoader: run() : Loading LM = user
05-06 16:05:05.755 10583 13108 W ResourcesManager: getTopLevelResources: /data/app/com.sec.android.app.shealth-1/base.apk / 1.0 running in com.google.android.googlequicksearchbox rsrc of package com.sec.android.app.shealth
05-06 16:05:05.755 18899 28415 D KLMS-2.6.032: : DataSource(): Fetched Data from data base count : 0
05-06 16:05:05.755 18899 28415 D KLMS-2.6.032: : Systemprocess(): PackageName is not Exist.
05-06 16:05:05.755 18899 28415 I KLMS-2.6.032: : Systemprocess(): IsTrackerIDExistInDeviceDB().END
05-06 16:05:05.755 18899 28415 I KLMS-2.6.032: : Systemprocess(): listeningToPackageRemovedforKLM().END
05-06 16:05:05.755 18899 28415 I KLMS-2.6.032: : Systemprocess(): listeningToPackageRemoved().END
05-06 16:05:05.755 23568 28414 I Keyboard.Facilitator.DynamicLanguageModelLoader: run() : Loaded File = Personal.en_US.dict
05-06 16:05:05.755 23568 28414 I Keyboard.Facilitator.PersonalDictionaryLoader: run() : Loaded (exit)
05-06 16:05:05.755 23568 28414 I Keyboard.Facilitator.Delight2FileSweeper: run()
05-06 16:05:05.755 23568 28414 I Keyboard.Facilitator.RecurringTaskScheduler: run()
05-06 16:05:05.755 23568 28414 I StatsUtilsManager: startPeriodStatsRecorder() : Success
05-06 16:05:05.755 18899 18899 I KLMS-2.6.032: : KLMSIntentService(): onDestroy()
05-06 16:05:05.755 10583 13108 W ResourcesManager: getTopLevelResources: /data/app/com.Relmtech.RemotePaid-1/base.apk / 1.0 running in com.google.android.googlequicksearchbox rsrc of package com.Relmtech.RemotePaid
05-06 16:05:05.755 10583 13108 D ResourcesManager: For user 0 new overlays fetched Null
05-06 16:05:05.755 10583 13108 W ResourcesManager: getTopLevelResources: /data/app/com.Relmtech.RemotePaid-1/base.apk / 1.0 running in com.google.android.googlequicksearchbox rsrc of package com.Relmtech.RemotePaid
05-06 16:05:05.755 10583 13108 W ResourcesManager: getTopLevelResources: /data/app/com.Relmtech.RemotePaid-1/base.apk / 1.0 running in com.google.android.googlequicksearchbox rsrc of package com.Relmtech.RemotePaid
05-06 16:05:05.755  1397  2531 V BroadcastQueue: [background] Process cur broadcast BroadcastRecord{aaae150 u0 android.intent.action.PACKAGE_REMOVED qIdx=4}, state= (APP_RECEIVE) DELIVERED for app ProcessRecord{4a21eba 25056:com.samsung.android.sm/1000}
05-06 16:05:05.755 10583 13108 W ResourcesManager: getTopLevelResources: /data/app/com.Relmtech.RemotePaid-1/base.apk / 1.0 running in com.google.android.googlequicksearchbox rsrc of package com.Relmtech.RemotePaid
05-06 16:05:05.765 10583 13108 W ResourcesManager: getTopLevelResources: /data/app/com.Relmtech.RemotePaid-1/base.apk / 1.0 running in com.google.android.googlequicksearchbox rsrc of package com.Relmtech.RemotePaid
05-06 16:05:05.765 10583 13108 W ResourcesManager: getTopLevelResources: /data/app/com.Relmtech.RemotePaid-1/base.apk / 1.0 running in com.google.android.googlequicksearchbox rsrc of package com.Relmtech.RemotePaid
05-06 16:05:05.765 10583 13108 W ResourcesManager: getTopLevelResources: /data/app/com.Relmtech.RemotePaid-1/base.apk / 1.0 running in com.google.android.googlequicksearchbox rsrc of package com.Relmtech.RemotePaid
05-06 16:05:05.765 10583 13108 W ResourcesManager: getTopLevelResources: /data/app/com.Relmtech.RemotePaid-1/base.apk / 1.0 running in com.google.android.googlequicksearchbox rsrc of package com.Relmtech.RemotePaid
05-06 16:05:05.765 10583 13108 W ResourcesManager: getTopLevelResources: /data/app/com.Relmtech.RemotePaid-1/base.apk / 1.0 running in com.google.android.googlequicksearchbox rsrc of package com.Relmtech.RemotePaid
05-06 16:05:05.765 10583 13108 W ResourcesManager: getTopLevelResources: /data/app/com.quirky.android.wink.wink-2/base.apk / 1.0 running in com.google.android.googlequicksearchbox rsrc of package com.quirky.android.wink.wink
05-06 16:05:05.775 10583 13108 D ResourcesManager: For user 0 new overlays fetched Null
05-06 16:05:05.775  1397  2531 V BroadcastQueue: [background] Process cur broadcast BroadcastRecord{aaae150 u0 android.intent.action.PACKAGE_REMOVED qIdx=4}, state= (APP_RECEIVE) DELIVERED for app ProcessRecord{3947c0a 3018:com.android.phone/1001}
05-06 16:05:05.785 23568 28414 I PeriodicStatsRecorder: shouldRecordStats() = Too Soon
05-06 16:05:05.795  1397  3322 D RestrictionPolicy: userId: 0, isMicrophoneEnabledAsUser : true
05-06 16:05:05.795  1397  3107 D RestrictionPolicy: userId: 0, isMicrophoneEnabledAsUser : true
05-06 16:05:05.795  1397  2649 D RestrictionPolicy: userId: 0, isMicrophoneEnabledAsUser : true
05-06 16:05:05.795 28424 28424 E Zygote  : v2
05-06 16:05:05.795 28424 28424 I libpersona: KNOX_SDCARD checking this for 5010
05-06 16:05:05.795 28424 28424 I libpersona: KNOX_SDCARD not a persona
05-06 16:05:05.795 28424 28424 W SELinux : Function: selinux_compare_spd_ram, index[1], priority [2], priority version is VE=SEPF_SECMOBILE_6.0.1_0010
05-06 16:05:05.805 28424 28424 E Zygote  : accessInfo : 0
05-06 16:05:05.805 28424 28424 W SELinux : SELinux: seapp_context_lookup: seinfo=platform, level=s0:c512,c768, pkgname=com.samsung.android.intelligenceservice2 
05-06 16:05:05.805  1397  2531 I ActivityManager: Start proc 28424:com.samsung.android.intelligenceservice2/5010 for broadcast-3 com.samsung.android.intelligenceservice2/com.samsung.android.intelligenceservice.useranalysis.UserAnalysisBroadcastReceiver
05-06 16:05:05.805  1397  3209 D RestrictionPolicy: userId: 0, isMicrophoneEnabledAsUser : true
05-06 16:05:05.805  1397  3343 D RestrictionPolicy: userId: 0, isMicrophoneEnabledAsUser : true
05-06 16:05:05.805  1397  2697 D RestrictionPolicy: userId: 0, isMicrophoneEnabledAsUser : true
05-06 16:05:05.835 28424 28424 D TimaKeyStoreProvider: TimaSignature is unavailable
05-06 16:05:05.835 28424 28424 D ActivityThread: Added TimaKeyStore provider
05-06 16:05:05.855  1397  2764 V BroadcastQueue: [background] Process cur broadcast BroadcastRecord{aaae150 u0 android.intent.action.PACKAGE_REMOVED qIdx=4}, state= (APP_RECEIVE) DELIVERED for app ProcessRecord{9c86b26 28424:com.samsung.android.intelligenceservice2/5010}
05-06 16:05:05.865 28424 28424 W ResourcesManager: getTopLevelResources: /system/priv-app/intelligenceservice2/intelligenceservice2.apk / 1.0 running in com.samsung.android.intelligenceservice2 rsrc of package com.samsung.android.intelligenceservice2
05-06 16:05:05.865  1397  3322 I InjectionManagerService -AppFeature: getCoreFeaturePkgList :[]
05-06 16:05:05.865 28424 28424 I InjectionManager: Inside getClassLibPath + mLibMap{0=, 1=}
05-06 16:05:05.865 28424 28424 D ResourcesManager: For user 0 new overlays fetched Null
05-06 16:05:05.875 28424 28424 I InjectionManager: Inside getClassLibPath caller 
05-06 16:05:05.875 28424 28424 W System  : ClassLoader referenced unknown path: /system/priv-app/intelligenceservice2/lib/arm64
05-06 16:05:05.885 28424 28424 D UserAnalysis.Provider: PlaceProvider onCreate()
05-06 16:05:05.905  1397  2632 I ActivityManager: Start proc 28436:com.sec.android.provider.badge/u0a4 for content provider com.sec.android.provider.badge/.BadgeProvider
05-06 16:05:05.905 28436 28436 E Zygote  : v2
05-06 16:05:05.905 28436 28436 I libpersona: KNOX_SDCARD checking this for 10004
05-06 16:05:05.905 28436 28436 I libpersona: KNOX_SDCARD not a persona
05-06 16:05:05.905 28436 28436 W SELinux : Function: selinux_compare_spd_ram, index[1], priority [2], priority version is VE=SEPF_SECMOBILE_6.0.1_0010
05-06 16:05:05.905 28436 28436 E Zygote  : accessInfo : 0
05-06 16:05:05.905 28436 28436 W SELinux : SELinux: seapp_context_lookup: seinfo=platform, level=s0:c512,c768, pkgname=com.sec.android.provider.badge 
05-06 16:05:05.905 28424 28424 D UserAnalysis.Secu: Key for secure DB is newly created
05-06 16:05:05.915 28424 28424 D UserAnalysis.SDBH: SecurePlaceDbHelper() 
05-06 16:05:05.915 28424 28424 D UserAnalysis: Create SecureDbHelper
05-06 16:05:05.915 28424 28424 D UserAnalysis.App: onCreate()
05-06 16:05:05.925 28424 28424 D InjectionManager: InjectionManager
05-06 16:05:05.925 28424 28424 D InjectionManager: fillFeatureStoreMap com.samsung.android.intelligenceservice2
05-06 16:05:05.925 28424 28424 I InjectionManager: Constructor com.samsung.android.intelligenceservice2, Feature store :{}
05-06 16:05:05.925 28424 28424 I InjectionManager: featureStore :{}
05-06 16:05:05.925 28424 28424 D UserAnalysis.MainBR: Intent(action: android.intent.action.PACKAGE_REMOVED) is received.
05-06 16:05:05.925 28424 28424 D UserAnalysis.App: no applications having user consent for prediction
05-06 16:05:05.925  1397  3321 D RestrictionPolicy: userId: 0, isMicrophoneEnabledAsUser : true
05-06 16:05:05.925  1397  2648 D RestrictionPolicy: userId: 0, isMicrophoneEnabledAsUser : true
05-06 16:05:05.925  1397  2460 D RestrictionPolicy: userId: 0, isMicrophoneEnabledAsUser : true
05-06 16:05:05.925  1397  1416 D RestrictionPolicy: userId: 0, isMicrophoneEnabledAsUser : true
05-06 16:05:05.925  1397  3209 D RestrictionPolicy: userId: 0, isMicrophoneEnabledAsUser : true
05-06 16:05:05.925  1397  2531 D RestrictionPolicy: userId: 0, isMicrophoneEnabledAsUser : true
05-06 16:05:05.935  1397  3355 V BroadcastQueue: [background] Process cur broadcast BroadcastRecord{aaae150 u0 android.intent.action.PACKAGE_REMOVED qIdx=4}, state= (APP_RECEIVE) DELIVERED for app ProcessRecord{d946735 25641:com.samsung.android.app.filterinstaller/1000}
05-06 16:05:05.935 28436 28436 D TimaKeyStoreProvider: TimaSignature is unavailable
05-06 16:05:05.935 28436 28436 D ActivityThread: Added TimaKeyStore provider
05-06 16:05:05.935 25641 25641 D FilterPackageIntentReceiver: FilterInstaller does not have information of this package plv.colorado.edu.callinsbenchmark
05-06 16:05:05.945 28424 28424 V PlaceDetection v1.0.29 : [PlaceDetection::stopService] Service stopped.
05-06 16:05:05.945  1397  3355 V BroadcastQueue: [background] Process cur broadcast BroadcastRecord{aaae150 u0 android.intent.action.PACKAGE_REMOVED qIdx=4}, state= (APP_RECEIVE) DELIVERED for app ProcessRecord{6631696 25656:com.sec.android.widgetapp.samsungapps/u0a112}
05-06 16:05:05.945 28436 28436 W ResourcesManager: getTopLevelResources: /system/priv-app/BadgeProvider_M/BadgeProvider_M.apk / 1.0 running in com.sec.android.provider.badge rsrc of package com.sec.android.provider.badge
05-06 16:05:05.945  1397  3107 I InjectionManagerService -AppFeature: getCoreFeaturePkgList :[]
05-06 16:05:05.955 28436 28436 I InjectionManager: Inside getClassLibPath + mLibMap{0=, 1=}
05-06 16:05:05.955 28436 28436 D ResourcesManager: For user 0 new overlays fetched Null
05-06 16:05:05.955 28424 28424 V PlaceDetection v1.0.29 : [PlaceDetectionManager::removeDetectionListener] PlaceDetectionListener removed.
05-06 16:05:05.965 28436 28436 I InjectionManager: Inside getClassLibPath caller 
05-06 16:05:05.965 28436 28436 W System  : ClassLoader referenced unknown path: /system/priv-app/BadgeProvider_M/lib/arm64
05-06 16:05:05.965 28436 28436 D BadgeProvider: onCreate
05-06 16:05:05.965 28436 28436 D BadgeProvider: DatabaseHelper
05-06 16:05:05.965 28449 28449 E Zygote  : v2
05-06 16:05:05.965 28449 28449 I libpersona: KNOX_SDCARD checking this for 1000
05-06 16:05:05.965 28449 28449 W SELinux : Function: selinux_compare_spd_ram, index[1], priority [2], priority version is VE=SEPF_SECMOBILE_6.0.1_0010
05-06 16:05:05.965 28449 28449 I libpersona: KNOX_SDCARD not a persona
05-06 16:05:05.965 28449 28449 E Zygote  : accessInfo : 0
05-06 16:05:05.975  1397  3355 I ActivityManager: Start proc 28449:com.android.keychain/1000 for broadcast-3 com.android.keychain/.KeyChainBroadcastReceiver
05-06 16:05:05.975  1397  3343 V AlarmManager:  remove PendingIntent] PendingIntent{5f6367: PendingIntentRecord{190e514 com.samsung.android.intelligenceservice2 broadcastIntent}}
05-06 16:05:05.975 28436 28436 D InjectionManager: InjectionManager
05-06 16:05:05.975 28436 28436 D InjectionManager: fillFeatureStoreMap com.sec.android.provider.badge
05-06 16:05:05.975 28436 28436 I InjectionManager: Constructor com.sec.android.provider.badge, Feature store :{}
05-06 16:05:05.985 28436 28436 I InjectionManager: featureStore :{}
05-06 16:05:05.985 28424 28424 V PlaceDetection v1.0.29 : [PlaceDetection::setDisableDetection] PlaceType PLACE_OTHER disabled.
05-06 16:05:05.985 28424 28424 V PlaceDetection v1.0.29 : [PlaceDetectionManager::setChangeDetector] PlaceType PLACE_OTHER set as false.
05-06 16:05:05.985 28424 28424 V PlaceDetection v1.0.29 : [PlaceDetectionManager::setSharedData] PreferenceValue PLACE_OTHER_ACTIVITY set as false
05-06 16:05:05.995 28424 28424 V PlaceDetection v1.0.29 : [PlaceDetectionManager::setSharedData] PreferenceValue COLLECTION_GPS set as false
05-06 16:05:05.995 28424 28424 V PlaceDetection v1.0.29 : [PlaceDetectionManager::setSharedData] PreferenceValue COLLECTION_WIFI set as false
05-06 16:05:05.995 28424 28424 V PlaceDetection v1.0.29 : [PlaceDetectionManager::setSharedData] PreferenceValue COLLECTION_NETWORK set as false
05-06 16:05:05.995 28424 28424 V PlaceDetection v1.0.29 : [PlaceDetectionManager::setSharedData] PreferenceValue COLLECTION_SENSOR set as false
05-06 16:05:05.995 28424 28424 V PlaceDetection v1.0.29 : [PlaceDetection::setDisableDetection] PlaceType PLACE_HOME disabled.
05-06 16:05:05.995 28424 28424 V PlaceDetection v1.0.29 : [PlaceDetectionManager::setChangeDetector] PlaceType PLACE_HOME set as false.
05-06 16:05:05.995 28424 28424 V PlaceDetection v1.0.29 : [PlaceDetectionManager::setSharedData] PreferenceValue PLACE_HOME set as false
05-06 16:05:05.995 28436 28447 D BaseReflect: null getOwnClass TEST
05-06 16:05:05.995 28436 28447 D MethodReflector: android.content.ContentResolver getClass TEST
05-06 16:05:05.995 28436 28447 D BaseReflect: class android.content.ContentResolver isSupportClass TEST
05-06 16:05:05.995 28436 28447 D BaseReflect: class android.content.ContentResolver getOwnClass TEST
05-06 16:05:05.995 28424 28424 V PlaceDetection v1.0.29 : [PlaceDetectionManager::setSharedData] PreferenceValue COLLECTION_GPS set as false
05-06 16:05:05.995 28436 28447 D MethodReflector: notifyChange is called
05-06 16:05:05.995 28424 28424 V PlaceDetection v1.0.29 : [PlaceDetectionManager::setSharedData] PreferenceValue COLLECTION_WIFI set as false
05-06 16:05:05.995 28424 28424 V PlaceDetection v1.0.29 : [PlaceDetectionManager::setSharedData] PreferenceValue COLLECTION_NETWORK set as false
05-06 16:05:05.995 28436 28447 D BadgeProvider: sendNotify entered. [uri] : content://com.sec.badge/apps
05-06 16:05:05.995 28424 28424 V PlaceDetection v1.0.29 : [PlaceDetectionManager::setSharedData] PreferenceValue COLLECTION_SENSOR set as false
05-06 16:05:05.995 28436 28447 D BadgeProvider: sendNotify, [notify] : null
05-06 16:05:05.995 28424 28424 V PlaceDetection v1.0.29 : [PlaceDetection::setDisableDetection] PlaceType PLACE_WORK disabled.
05-06 16:05:05.995 28424 28424 V PlaceDetection v1.0.29 : [PlaceDetectionManager::setChangeDetector] PlaceType PLACE_WORK set as false.
05-06 16:05:05.995 28424 28424 V PlaceDetection v1.0.29 : [PlaceDetectionManager::setSharedData] PreferenceValue PLACE_WORK set as false
05-06 16:05:05.995 28436 28447 D BadgeProvider: update, getCallingPackage() : com.samsung.android.sm
05-06 16:05:05.995 28424 28424 V PlaceDetection v1.0.29 : [PlaceDetectionManager::setSharedData] PreferenceValue COLLECTION_GPS set as false
05-06 16:05:05.995 28424 28424 V PlaceDetection v1.0.29 : [PlaceDetectionManager::setSharedData] PreferenceValue COLLECTION_WIFI set as false
05-06 16:05:05.995 28436 28447 D BadgeProvider: update, [uri] : content://com.sec.badge/apps
05-06 16:05:05.995 28424 28424 V PlaceDetection v1.0.29 : [PlaceDetectionManager::setSharedData] PreferenceValue COLLECTION_NETWORK set as false
05-06 16:05:05.995 28436 28447 D BadgeProvider: update, [uri.query] : null
05-06 16:05:05.995 28424 28424 V PlaceDetection v1.0.29 : [PlaceDetectionManager::setSharedData] PreferenceValue COLLECTION_SENSOR set as false
05-06 16:05:05.995 28424 28424 V PlaceDetection v1.0.29 : [PlaceDetection::setDisableDetection] PlaceType MYCAR disabled.
05-06 16:05:05.995 28424 28424 V PlaceDetection v1.0.29 : [PlaceDetectionManager::setChangeDetector] PlaceType MYCAR set as false.
05-06 16:05:05.995 28436 28447 D BadgeProvider: update, [BadgeCount] : badgecount=0
05-06 16:05:05.995 28436 28447 D BadgeProvider: update, [UpdateCount] : 1
05-06 16:05:05.995 28424 28424 V PlaceDetection v1.0.29 : [PlaceDetectionManager::setSharedData] PreferenceValue PLACE_CAR set as false
05-06 16:05:06.005 28449 28449 D TimaKeyStoreProvider: TimaSignature is unavailable
05-06 16:05:06.005 28449 28449 D ActivityThread: Added TimaKeyStore provider
05-06 16:05:06.005 28424 28424 D BluetoothAdapter: cancelDiscovery
05-06 16:05:06.015  1397  2531 V BroadcastQueue: [background] Process cur broadcast BroadcastRecord{aaae150 u0 android.intent.action.PACKAGE_REMOVED qIdx=4}, state= (APP_RECEIVE) DELIVERED for app ProcessRecord{9213e80 28449:com.android.keychain/1000}
05-06 16:05:06.015 11623 11634 D BluetoothAdapterProperties: mDiscovering is false
05-06 16:05:06.015 11623 11634 E BluetoothAdapterService: This is not a scanning status. cancelDiscovery() will be not called.
05-06 16:05:06.015 28424 28424 D BluetoothAdapter: cancelDiscovery = true
05-06 16:05:06.015 28424 28424 V PlaceDetection v1.0.29 : [BTManager::unregisterReceiver] Error : Failed to unregister bluetooth broadcast receiver.
05-06 16:05:06.015 28424 28424 V PlaceDetection v1.0.29 : [PlaceDetection::stopService] Service stopped.
05-06 16:05:06.015 28424 28424 V PlaceDetection v1.0.29 : [PlaceDetectionManager::removeDetectionListener] PlaceDetectionListener removed.
05-06 16:05:06.025 28449 28449 W ResourcesManager: getTopLevelResources: /system/app/KeyChain/KeyChain.apk / 1.0 running in com.android.keychain rsrc of package com.android.keychain
05-06 16:05:06.025  1397  3343 I InjectionManagerService -AppFeature: getCoreFeaturePkgList :[]
05-06 16:05:06.025 28449 28449 I InjectionManager: Inside getClassLibPath + mLibMap{0=, 1=}
05-06 16:05:06.025  1397  3209 V AlarmManager:  remove PendingIntent] PendingIntent{b32ccb9: PendingIntentRecord{190e514 com.samsung.android.intelligenceservice2 broadcastIntent}}
05-06 16:05:06.025 28449 28449 D ResourcesManager: For user 0 new overlays fetched Null
05-06 16:05:06.025  1397  3107 D PackageManager: setEnabledSetting : userId = 0 packageName = com.samsung.android.intelligenceservice2 cmp = com.samsung.android.intelligenceservice.useranalysis.predictor.PlacePredictor$AirplaneAndLocationModeReceiver newState = 2 callingPackage = 5010
05-06 16:05:06.035  1397  3355 D PackageManager: setEnabledSetting : userId = 0 packageName = com.samsung.android.intelligenceservice2 cmp = com.samsung.android.intelligenceservice.useranalysis.predictor.PlacePredictor$BtConnectionReceiver newState = 2 callingPackage = 5010
05-06 16:05:06.035 28449 28449 I InjectionManager: Inside getClassLibPath caller 
05-06 16:05:06.035 28449 28449 W System  : ClassLoader referenced unknown path: /system/app/KeyChain/lib/arm64
05-06 16:05:06.045 28449 28449 D InjectionManager: InjectionManager
05-06 16:05:06.045 28449 28449 D InjectionManager: fillFeatureStoreMap com.android.keychain
05-06 16:05:06.045 28449 28449 I InjectionManager: Constructor com.android.keychain, Feature store :{}
05-06 16:05:06.045 28449 28449 I InjectionManager: featureStore :{}
05-06 16:05:06.045 28449 28449 W ContextImpl: Calling a method in the system process without a qualified user: android.app.ContextImpl.startService:1305 android.content.ContextWrapper.startService:606 android.content.ContextWrapper.startService:606 com.android.keychain.KeyChainBroadcastReceiver.onReceive:12 android.app.ActivityThread.handleReceiver:3634 
05-06 16:05:06.055  1397  1416 D RestrictionPolicy: userId: 0, isMicrophoneEnabledAsUser : true
05-06 16:05:06.055  1397  2632 D RestrictionPolicy: userId: 0, isMicrophoneEnabledAsUser : true
05-06 16:05:06.055 28464 28464 E Zygote  : v2
05-06 16:05:06.055 28464 28464 I libpersona: KNOX_SDCARD checking this for 1000
05-06 16:05:06.055 28464 28464 I libpersona: KNOX_SDCARD not a persona
05-06 16:05:06.055  1397  3209 D RestrictionPolicy: userId: 0, isMicrophoneEnabledAsUser : true
05-06 16:05:06.065 28464 28464 W SELinux : Function: selinux_compare_spd_ram, index[1], priority [2], priority version is VE=SEPF_SECMOBILE_6.0.1_0010
05-06 16:05:06.065 28464 28464 E Zygote  : accessInfo : 0
05-06 16:05:06.065  1397  3343 D RestrictionPolicy: userId: 0, isMicrophoneEnabledAsUser : true
05-06 16:05:06.065  1397  2648 D RestrictionPolicy: userId: 0, isMicrophoneEnabledAsUser : true
05-06 16:05:06.065  1397  2697 I ActivityManager: Start proc 28464:com.sec.android.app.popupuireceiver/1000 for broadcast-3 com.sec.android.app.popupuireceiver/.PopupuiReceiver
05-06 16:05:06.065  1397  2697 D RestrictionPolicy: userId: 0, isMicrophoneEnabledAsUser : true
05-06 16:05:06.065  1397  2531 D RestrictionPolicy: userId: 0, isMicrophoneEnabledAsUser : true
05-06 16:05:06.075  1397  3355 I ActivityManager: Killing 27416:com.android.externalstorage/u0a11 (adj 15): DHA:empty #33
05-06 16:05:06.095  1397  2764 D ActivityManager: isAutoRunBlockedApp:: com.android.externalstorage, Auto Run ON
05-06 16:05:06.095 28464 28464 D TimaKeyStoreProvider: TimaSignature is unavailable
05-06 16:05:06.095 28464 28464 D ActivityThread: Added TimaKeyStore provider
05-06 16:05:06.105  1397  3209 V BroadcastQueue: [background] Process cur broadcast BroadcastRecord{aaae150 u0 android.intent.action.PACKAGE_REMOVED qIdx=4}, state= (APP_RECEIVE) DELIVERED for app ProcessRecord{9eb585f 28464:com.sec.android.app.popupuireceiver/1000}
05-06 16:05:06.115 28464 28464 W ResourcesManager: getTopLevelResources: /system/app/PopupuiReceiver_M/PopupuiReceiver_M.apk / 1.0 running in com.sec.android.app.popupuireceiver rsrc of package com.sec.android.app.popupuireceiver
05-06 16:05:06.125  1397  3317 I InjectionManagerService -AppFeature: getCoreFeaturePkgList :[]
05-06 16:05:06.125 28464 28464 I InjectionManager: Inside getClassLibPath + mLibMap{0=, 1=}
05-06 16:05:06.125 28464 28464 D ResourcesManager: For user 0 new overlays fetched [/data/overlays/style/com.cambunch.MaterialDark/com.cambunch.MaterialDark.touchwiz.apk, /data/overlays/style/com.cambunch.MaterialDark/com.cambunch.MaterialDark.common.apk]
05-06 16:05:06.135 28464 28464 I InjectionManager: Inside getClassLibPath caller 
05-06 16:05:06.135 28464 28464 W System  : ClassLoader referenced unknown path: /system/app/PopupuiReceiver_M/lib/arm64
05-06 16:05:06.135 28464 28464 D InjectionManager: InjectionManager
05-06 16:05:06.135 28464 28464 D InjectionManager: fillFeatureStoreMap com.sec.android.app.popupuireceiver
05-06 16:05:06.135 28464 28464 I InjectionManager: Constructor com.sec.android.app.popupuireceiver, Feature store :{}
05-06 16:05:06.135 28464 28464 I InjectionManager: featureStore :{}
05-06 16:05:06.145 28464 28464 D PR.PopupuiReceiver: >> onReceive() : android.intent.action.PACKAGE_REMOVED
05-06 16:05:06.145  1397  1416 D SecContentProvider2: query(), uri = -1 selection = getSealedState
05-06 16:05:06.145  1397  2632 D SecContentProvider2: query(), uri = 15 selection = getSealedHideNotificationMessages
05-06 16:05:06.155  1397  3209 D SecContentProvider2: query(), uri = 15 selection = getCheckCoverPopupState
05-06 16:05:06.165 28464 28464 I PR.PopupuiReceiver_KNOX: knoxSealedHideNotiMsg : 0, knoxCheckCoverPopupState : true
05-06 16:05:06.165 28464 28464 D PR.PopupuiReceiver: actionPackageRemoved()
05-06 16:05:06.165 28464 28464 I PR.PopupuiReceiver: finish = true, dialog = false, toast = false
05-06 16:05:06.165 28464 28464 I PR.Utilities: finish from : null [0ms]
05-06 16:05:06.165 28464 28464 I Process : Sending signal. PID: 28464 SIG: 9
05-06 16:05:06.175  1397  3317 D RestrictionPolicy: userId: 0, isMicrophoneEnabledAsUser : true
05-06 16:05:06.175  1397  3107 D RestrictionPolicy: userId: 0, isMicrophoneEnabledAsUser : true
05-06 16:05:06.175  1397  2531 D RestrictionPolicy: userId: 0, isMicrophoneEnabledAsUser : true
05-06 16:05:06.185  1397  2649 D RestrictionPolicy: userId: 0, isMicrophoneEnabledAsUser : true
05-06 16:05:06.185  1397  3355 D RestrictionPolicy: userId: 0, isMicrophoneEnabledAsUser : true
05-06 16:05:06.185  1397  3321 D RestrictionPolicy: userId: 0, isMicrophoneEnabledAsUser : true
05-06 16:05:06.195  1397  1415 I ActivityManager: Start proc 28477:com.android.calendar/u0a142 for broadcast-3 com.android.calendar/.subscription.SubscriptionAppUninstallReceiver
05-06 16:05:06.195   647   647 E lowmemorykiller: Error writing /proc/28464/oom_score_adj; errno=22
05-06 16:05:06.195  1397  1415 I ActivityManager: Killing 27441:com.android.shell/2000 (adj 15): DHA:empty #33
05-06 16:05:06.205  2592  2933 D NetworkController.MobileSignalController(0/1): onSignalStrengthsChanged signalStrength=SignalStrength: 99 99 -120 -160 -120 -1 -1 19 -100 -7 142 -1 2147483647 0x4000 gsm|lte level=4
05-06 16:05:06.205  2984  2984 D WfcPhoneStateListener: onSignalStrengthsChanged(): signal strength did not change
05-06 16:05:06.205  2592  2933 D NetworkController.MobileSignalController(0/1): getMobileIconGroup(): 13
05-06 16:05:06.205 28477 28477 E Zygote  : v2
05-06 16:05:06.205 28477 28477 I libpersona: KNOX_SDCARD checking this for 10142
05-06 16:05:06.205 28477 28477 I libpersona: KNOX_SDCARD not a persona
05-06 16:05:06.205 28477 28477 W SELinux : Function: selinux_compare_spd_ram, index[1], priority [2], priority version is VE=SEPF_SECMOBILE_6.0.1_0010
05-06 16:05:06.205 28477 28477 E Zygote  : accessInfo : 0
05-06 16:05:06.205 28477 28477 W SELinux : SELinux: seapp_context_lookup: seinfo=platform, level=s0:c512,c768, pkgname=com.android.calendar 
05-06 16:05:06.205  2592  2933 D NetworkController.MobileSignalController(0/1): updateTMOMobileIconGroup(): 13
05-06 16:05:06.225  1397  3343 I ActivityManager: Process com.sec.android.app.popupuireceiver (pid 28464)(adj 11) has died(201,1089)
05-06 16:05:06.225  1397  3343 D ActivityManager: isAutoRunBlockedApp:: com.sec.android.app.popupuireceiver, Auto Run ON
05-06 16:05:06.225  1397  3343 W ContextImpl: Calling a method in the system process without a qualified user: android.app.ContextImpl.sendBroadcast:830 com.android.server.am.ActivityManagerService.updateOomAdjLocked:26652 com.android.server.am.ActivityManagerService.appDiedLocked:7551 com.android.server.am.ActivityManagerService$AppDeathRecipient.binderDied:1915 android.os.BinderProxy.sendDeathNotice:558 
05-06 16:05:06.235  1397  3355 D ActivityManager: isAutoRunBlockedApp:: com.android.shell, Auto Run ON
05-06 16:05:06.245 28477 28477 D TimaKeyStoreProvider: TimaSignature is unavailable
05-06 16:05:06.245 28477 28477 D ActivityThread: Added TimaKeyStore provider
05-06 16:05:06.255  1397  2764 V BroadcastQueue: [background] Process cur broadcast BroadcastRecord{aaae150 u0 android.intent.action.PACKAGE_REMOVED qIdx=4}, state= (APP_RECEIVE) DELIVERED for app ProcessRecord{69bc2ac 28477:com.android.calendar/u0a142}
05-06 16:05:06.265 28477 28477 W ResourcesManager: getTopLevelResources: /system/app/SPlanner_M/SPlanner_M.apk / 1.0 running in com.android.calendar rsrc of package com.android.calendar
05-06 16:05:06.265 28477 28477 I InjectionManager: Inside getClassLibPath + mLibMap{0=, 1=}
05-06 16:05:06.265  1397  3317 I InjectionManagerService -AppFeature: getCoreFeaturePkgList :[]
05-06 16:05:06.265 28477 28477 D ResourcesManager: For user 0 new overlays fetched [/data/overlays/style/com.cambunch.MaterialDark/com.cambunch.MaterialDark.touchwiz.apk, /data/overlays/style/com.cambunch.MaterialDark/com.cambunch.MaterialDark.calendar.apk, /data/overlays/style/com.cambunch.MaterialDark/com.cambunch.MaterialDark.common.apk]
05-06 16:05:06.275 28477 28477 I InjectionManager: Inside getClassLibPath caller 
05-06 16:05:06.275 28477 28477 W System  : ClassLoader referenced unknown path: /system/app/SPlanner_M/lib/arm64
05-06 16:05:06.295 28477 28477 I BNRClientProivder, VERSION : 1.7.8: register - started.
05-06 16:05:06.305  1397  3355 D RestrictionPolicy: userId: 0, isMicrophoneEnabledAsUser : true
05-06 16:05:06.305  1397  1415 D RestrictionPolicy: userId: 0, isMicrophoneEnabledAsUser : true
05-06 16:05:06.305  1397  1416 D RestrictionPolicy: userId: 0, isMicrophoneEnabledAsUser : true
05-06 16:05:06.305  1397  2648 D RestrictionPolicy: userId: 0, isMicrophoneEnabledAsUser : true
05-06 16:05:06.305  1397  2764 D RestrictionPolicy: userId: 0, isMicrophoneEnabledAsUser : true
05-06 16:05:06.305  1397  3322 D RestrictionPolicy: userId: 0, isMicrophoneEnabledAsUser : true
05-06 16:05:06.305  1397  3209 D RestrictionPolicy: userId: 0, isMicrophoneEnabledAsUser : true
05-06 16:05:06.315 28477 28477 I BNRClientProivder, VERSION : 1.7.8: register - xml6 quick_backup : CALENDARSETTING, ztQlGIvsvZ, com.android.calendar.preference.KiesBackupReceiver
05-06 16:05:06.315 28477 28477 I QBNRClientHelper: init SyncClientHelper : CALENDARSETTING
05-06 16:05:06.325 28477 28477 W ResourcesManager: getTopLevelResources: /system/app/SPlanner_M/SPlanner_M.apk / 1.0 running in com.android.calendar rsrc of package com.android.calendar
05-06 16:05:06.325 28313 28313 I Finsky  : [1] com.google.android.vending.verifier.e.a_(2372): Verification id=146 response=0
05-06 16:05:06.325  1397  3107 D PackageManager: [VERIFY] verifyPendingInstall(146, VERIFICATION_ALLOW), uid=10034
05-06 16:05:06.325  1397  1571 D PackageManager: [MSG] PACKAGE_VERIFIED: observer{240318582}
05-06 16:05:06.325  1397  1571 D PackageManager: [VERIFY] PACKAGE_VERIFIED: 
05-06 16:05:06.325  1397  1571 D PackageManager: PackageVerificationState{
05-06 16:05:06.325  1397  1571 D PackageManager:     verifier packages=com.android.vending(10034),com.samsung.android.sm.devicesecurity(5012),
05-06 16:05:06.325  1397  1571 D PackageManager:     intent=Intent { act=android.intent.action.PACKAGE_NEEDS_VERIFICATION dat=file:///data/local/tmp/app-debug.apk typ=application/vnd.android.package-archive flg=0x10000001 cmp=com.android.vending/com.google.android.vending.verifier.PackageVerificationReceiver VirtualScreenParam=Params{mDisplayId=-1, null, mFlags=0x00000000)} (has extras) }
05-06 16:05:06.325  1397  1571 D PackageManager:     others=146, false, false, false, false, false
05-06 16:05:06.325  1397  1571 D PackageManager: }
05-06 16:05:06.325  1397  1571 D PackageVerificationState: [VERIFY] setVerifierResponse {verificationID=146, uid=10034, code=1
05-06 16:05:06.325  1397  1571 D PackageManager: [VERIFY] sendOrderedBroadcastToPendingVerifier:
05-06 16:05:06.325  1397  1571 D PackageManager: PackageVerificationState{
05-06 16:05:06.325  1397  1571 D PackageManager:     verifier packages=com.samsung.android.sm.devicesecurity(5012),
05-06 16:05:06.325  1397  1571 D PackageManager:     intent=Intent { act=android.intent.action.PACKAGE_NEEDS_VERIFICATION dat=file:///data/local/tmp/app-debug.apk typ=application/vnd.android.package-archive flg=0x10000001 cmp=com.android.vending/com.google.android.vending.verifier.PackageVerificationReceiver VirtualScreenParam=Params{mDisplayId=-1, null, mFlags=0x00000000)} (has extras) }
05-06 16:05:06.325  1397  1571 D PackageManager:     others=146, false, false, false, false, false
05-06 16:05:06.325  1397  1571 D PackageManager: }
05-06 16:05:06.335  1397  1468 V BroadcastQueue: [foreground] Process cur broadcast BroadcastRecord{2aa7b75 u0 android.intent.action.PACKAGE_NEEDS_VERIFICATION qIdx=2}, state= (APP_RECEIVE) DELIVERED for app ProcessRecord{61b76d8 25237:com.samsung.android.sm.devicesecurity/5012}
05-06 16:05:06.335 25237 25237 I seatbelt: feature is disabled or not activated
05-06 16:05:06.335  1397  2460 D PackageManager: [VERIFY] verifyPendingInstall(146, VERIFICATION_ALLOW), uid=5012
05-06 16:05:06.335  1397  1397 D PackageManager: [VERIFY] onReceive for RequiredVerifier id=146
05-06 16:05:06.335  1397  1397 D PackageManager: [VERIFY] sendMessageDelayed(CHECK_PENDING_VERIFICATION, 146, 10000)
05-06 16:05:06.345  1397  1571 D PackageManager: [MSG] PACKAGE_VERIFIED: observer{240318582}
05-06 16:05:06.345  1397  1571 D PackageManager: [VERIFY] PACKAGE_VERIFIED: 
05-06 16:05:06.345  1397  1571 D PackageManager: PackageVerificationState{
05-06 16:05:06.345  1397  1571 D PackageManager:     verifier packages=com.samsung.android.sm.devicesecurity(5012),
05-06 16:05:06.345  1397  1571 D PackageManager:     intent=Intent { act=android.intent.action.PACKAGE_NEEDS_VERIFICATION dat=file:///data/local/tmp/app-debug.apk typ=application/vnd.android.package-archive flg=0x10000001 cmp=com.samsung.android.sm.devicesecurity/.AppVerificationReceiver VirtualScreenParam=Params{mDisplayId=-1, null, mFlags=0x00000000)} (has extras) }
05-06 16:05:06.345  1397  1571 D PackageManager:     others=146, false, false, false, false, false
05-06 16:05:06.345  1397  1571 D PackageManager: }
05-06 16:05:06.345  1397  1571 D PackageVerificationState: [VERIFY] setVerifierResponse {verificationID=146, uid=5012, code=1
05-06 16:05:06.345 28477 28477 D InjectionManager: InjectionManager
05-06 16:05:06.345 28477 28477 D InjectionManager: fillFeatureStoreMap com.android.calendar
05-06 16:05:06.345  1397  1571 D PackageManager: [VERIFY] packageVerificationCompletion: completed id=146
05-06 16:05:06.345 28477 28477 I InjectionManager: Constructor com.android.calendar, Feature store :{}
05-06 16:05:06.345 28477 28477 I InjectionManager: featureStore :{}
05-06 16:05:06.345  1397  1571 D PackageManager: [VERIFY] broadcastPackageVerified(146, VERIFICATION_ALLOW, file:///data/local/tmp/app-debug.apk)
05-06 16:05:06.355 28491 28491 E Zygote  : v2
05-06 16:05:06.355 28491 28491 I libpersona: KNOX_SDCARD checking this for 1000
05-06 16:05:06.355 28491 28491 I libpersona: KNOX_SDCARD not a persona
05-06 16:05:06.365 28491 28491 W SELinux : Function: selinux_compare_spd_ram, index[1], priority [2], priority version is VE=SEPF_SECMOBILE_6.0.1_0010
05-06 16:05:06.365  1397  1416 I ActivityManager: Start proc 28491:com.qualcomm.qti.seemp.service:seemp_service/1000 for broadcast-3 com.qualcomm.qti.seemp.service/.SeempBroadcastReceiver
05-06 16:05:06.365 28491 28491 E Zygote  : accessInfo : 0
05-06 16:05:06.375 28383 28393 D DefContainer: Copying /data/local/tmp/app-debug.apk to base.apk
05-06 16:05:06.385  1397  1571 D PackageManager: checking allow list after copying finished
05-06 16:05:06.385 28491 28491 D TimaKeyStoreProvider: TimaSignature is unavailable
05-06 16:05:06.385 28491 28491 D ActivityThread: Added TimaKeyStore provider
05-06 16:05:06.385  1397  1571 W System.err: remove failed: ENOENT (No such file or directory) : /data/app/vmdl1564600591.tmp/lib
05-06 16:05:06.385  1397  1571 E NativeLibraryHelper: Failed to load assets verifier: 0
05-06 16:05:06.385  1397  1571 D PackageManager: remove MCS_UNBIND and Posting MCS_UNBIND
