05-06 16:05:10.905 10583 10583 E ReflectionReceiver: Unrecognized event: android.intent.action.PACKAGE_ADDED
05-06 16:05:10.915  1397  1416 D ActivityManager: isAutoRunBlockedApp:: com.sec.android.provider.badge, Auto Run ON
05-06 16:05:10.915  1397  2419 I MdnieScenarioControlService: mGameModeLauncher : false
05-06 16:05:10.915  1397  2419 I MdnieScenarioControlService: setUIMode
05-06 16:05:10.945  1397  2648 V BroadcastQueue: [background] Process cur broadcast BroadcastRecord{e55d90b u0 android.intent.action.PACKAGE_ADDED qIdx=4}, state= (APP_RECEIVE) DELIVERED for app ProcessRecord{aea4bba 28313:com.android.vending/u0a34}
05-06 16:05:10.985 28313 28313 I Finsky  : [1] com.google.android.finsky.utils.PermissionPolicies$PermissionPolicyService.onStartCommand(117): post-install permissions check for plv.colorado.edu.callinsbenchmark
05-06 16:05:10.985  4481 28777 I AppIncrementalLogger: logEvent(): Logged 132 bytes in 113 ms
05-06 16:05:11.005  1397  3209 V BroadcastQueue: [background] Process cur broadcast BroadcastRecord{e55d90b u0 android.intent.action.PACKAGE_ADDED qIdx=4}, state= (APP_RECEIVE) DELIVERED for app ProcessRecord{327f5d4 3292:com.google.android.gms.persistent/u0a18}
05-06 16:05:11.005  4481 28777 I UpdateIcingCorporaServi: Updating corpora: APPS=plv.colorado.edu.callinsbenchmark, CONTACTS=MAYBE
05-06 16:05:11.015 11169 28530 D PkgBroadcastIntentOp: Received broadcast action=android.intent.action.PACKAGE_ADDED and uri=plv.colorado.edu.callinsbenchmark
05-06 16:05:11.015 28313 28313 I Finsky  : [1] com.google.android.finsky.utils.bc.run(2302): Package state data is missing for plv.colorado.edu.callinsbenchmark
05-06 16:05:11.055  1397  3209 V BroadcastQueue: [background] Process cur broadcast BroadcastRecord{e55d90b u0 android.intent.action.PACKAGE_ADDED qIdx=4}, state= (APP_RECEIVE) DELIVERED for app ProcessRecord{922b64f 11169:com.google.android.gms/u0a18}
05-06 16:05:11.055 11169 11169 W ResourcesManager: getTopLevelResources: /data/app/com.google.android.play.games-1/base.apk / 1.0 running in com.google.android.gms rsrc of package com.google.android.play.games
05-06 16:05:11.065  1397  2531 D PackageManager: setEnabledSetting : userId = 0 packageName = com.google.android.gms cmp = com.google.android.gms.people.pub.PeopleProfileActionGatewayActivity newState = 2 callingPackage = 10018
05-06 16:05:11.085 11169 11169 W ResourcesManager: getTopLevelResources: /data/app/com.google.android.play.games-1/base.apk / 1.0 running in com.google.android.gms rsrc of package com.google.android.play.games
05-06 16:05:11.085 11169 28530 D WearableController: Received broadcast action=android.intent.action.PACKAGE_ADDED and uri=plv.colorado.edu.callinsbenchmark
05-06 16:05:11.095  1397  3322 V BroadcastQueue: [background] Process cur broadcast BroadcastRecord{e55d90b u0 android.intent.action.PACKAGE_ADDED qIdx=4}, state= (APP_RECEIVE) DELIVERED for app ProcessRecord{922b64f 11169:com.google.android.gms/u0a18}
05-06 16:05:11.095 11169 11169 D AsyncTaskServiceImpl: Submit a task: k
05-06 16:05:11.105  2663  2663 D Recents : onTaskStackChanged
05-06 16:05:11.115  1397  3343 V BroadcastQueue: [background] Process cur broadcast BroadcastRecord{e55d90b u0 android.intent.action.PACKAGE_ADDED qIdx=4}, state= (APP_RECEIVE) DELIVERED for app ProcessRecord{922b64f 11169:com.google.android.gms/u0a18}
05-06 16:05:11.115 11169 28784 D k       : Processing package: plv.colorado.edu.callinsbenchmark
05-06 16:05:11.115  2663  2663 W ResourcesManager: getTopLevelResources: /data/app/plv.colorado.edu.callinsbenchmark-2/base.apk / 1.0 running in com.android.systemui rsrc of package plv.colorado.edu.callinsbenchmark
05-06 16:05:11.125 11169 28784 D GassUtils: Found app info for package plv.colorado.edu.callinsbenchmark:1. Hash: 0e1490e2d21a2d65d3dde2e375384e83b134c0c9b03299f35f12ad0db1c4ec19
05-06 16:05:11.125  2663  2663 D ResourcesManager: For user 0 new overlays fetched Null
05-06 16:05:11.125 11169 28784 D k       : Found info for package plv.colorado.edu.callinsbenchmark in db.
05-06 16:05:11.125  4481 28777 W ResourcesManager: getTopLevelResources: /data/app/plv.colorado.edu.callinsbenchmark-2/base.apk / 1.0 running in com.google.android.googlequicksearchbox rsrc of package plv.colorado.edu.callinsbenchmark
05-06 16:05:11.125  1397  2460 V BroadcastQueue: [background] Process cur broadcast BroadcastRecord{e55d90b u0 android.intent.action.PACKAGE_ADDED qIdx=4}, state= (APP_RECEIVE) DELIVERED for app ProcessRecord{922b64f 11169:com.google.android.gms/u0a18}
05-06 16:05:11.135  1397  2460 V BroadcastQueue: [background] Process cur broadcast BroadcastRecord{e55d90b u0 android.intent.action.PACKAGE_ADDED qIdx=4}, state= (APP_RECEIVE) DELIVERED for app ProcessRecord{327f5d4 3292:com.google.android.gms.persistent/u0a18}
05-06 16:05:11.155  1397  2460 V BroadcastQueue: [background] Process cur broadcast BroadcastRecord{e55d90b u0 android.intent.action.PACKAGE_ADDED qIdx=4}, state= (APP_RECEIVE) DELIVERED for app ProcessRecord{327f5d4 3292:com.google.android.gms.persistent/u0a18}
05-06 16:05:11.155  1397  2460 V BroadcastQueue: [background] Process cur broadcast BroadcastRecord{e55d90b u0 android.intent.action.PACKAGE_ADDED qIdx=4}, state= (APP_RECEIVE) DELIVERED for app ProcessRecord{60944a0 22400:com.google.android.apps.docs/u0a100}
05-06 16:05:11.165  1397  5401 W ResourcesManager: getTopLevelResources: /data/app/plv.colorado.edu.callinsbenchmark-2/base.apk / 1.0 running in null rsrc of package plv.colorado.edu.callinsbenchmark
05-06 16:05:11.165  1397  2460 V BroadcastQueue: [background] Process cur broadcast BroadcastRecord{e55d90b u0 android.intent.action.PACKAGE_ADDED qIdx=4}, state= (APP_RECEIVE) DELIVERED for app ProcessRecord{95602c6 24069:com.samsung.oh/u0a37}
05-06 16:05:11.185  1397  2531 V BroadcastQueue: [background] Process cur broadcast BroadcastRecord{e55d90b u0 android.intent.action.PACKAGE_ADDED qIdx=4}, state= (APP_RECEIVE) DELIVERED for app ProcessRecord{95602c6 24069:com.samsung.oh/u0a37}
05-06 16:05:11.185 24069 24069 I RemoteSupport: (SystemEventReceiver, 40) android.intent.action.PACKAGE_ADDED
05-06 16:05:11.185 24069 28786 I RemoteSupport: (SystemEventReceiver, 150) packageMonitor @ intent : android.intent.action.PACKAGE_ADDED
05-06 16:05:11.185 24069 28786 E RemoteSupport: (ServiceBind, 80) ServiceBind Class has not been initialized.
05-06 16:05:11.195  1397  2764 V BroadcastQueue: [background] Process cur broadcast BroadcastRecord{e55d90b u0 android.intent.action.PACKAGE_ADDED qIdx=4}, state= (APP_RECEIVE) DELIVERED for app ProcessRecord{8a814eb 4531:com.sec.android.app.shealth:remote/u0a39}
05-06 16:05:11.225  1397  2531 V BroadcastQueue: [background] Process cur broadcast BroadcastRecord{e55d90b u0 android.intent.action.PACKAGE_ADDED qIdx=4}, state= (APP_RECEIVE) DELIVERED for app ProcessRecord{cb0c749 27377:com.google.android.apps.plus/u0a218}
05-06 16:05:11.255  1397  3321 V BroadcastQueue: [background] Process cur broadcast BroadcastRecord{813d5c3 u0 update-hint qIdx=4}, state= (APP_RECEIVE) DELIVERED for app ProcessRecord{5045294 4481:com.google.android.googlequicksearchbox:search/u0a73}
05-06 16:05:11.275  4481 28777 I UpdateIcingCorporaServi: UpdateCorporaTask done [took 264 ms] updated apps [took 264 ms] 
05-06 16:05:11.285  1397  2649 V BroadcastQueue: [background] Process cur broadcast BroadcastRecord{3659e40 u0 update-hint qIdx=4}, state= (APP_RECEIVE) DELIVERED for app ProcessRecord{5045294 4481:com.google.android.googlequicksearchbox:search/u0a73}
05-06 16:05:11.295  1397  3322 V BroadcastQueue: [background] Process cur broadcast BroadcastRecord{dfc1179 u0 com.samsung.android.providers.context.log.action.USE_APP_FEATURE_SURVEY qIdx=4}, state= (APP_RECEIVE) DELIVERED for app ProcessRecord{86b504e 3364:com.samsung.android.providers.context/u0a8}
05-06 16:05:11.305  1397  2531 V BroadcastQueue: [background] Process cur broadcast BroadcastRecord{e3c7ebe u0 com.samsung.android.providers.context.log.action.USE_APP_FEATURE_SURVEY qIdx=4}, state= (APP_RECEIVE) DELIVERED for app ProcessRecord{86b504e 3364:com.samsung.android.providers.context/u0a8}
05-06 16:05:11.305  1397  3317 D PackageManager: setEnabledSetting : userId = 0 packageName = com.google.android.apps.plus cmp = com.google.android.apps.photos.phone.GetContentActivityAlias newState = 2 callingPackage = 10218
05-06 16:05:11.315  1397  3321 D PackageManager: setEnabledSetting : userId = 0 packageName = com.google.android.apps.plus cmp = com.google.android.apps.photos.phone.SendContentActivityAlias newState = 2 callingPackage = 10218
05-06 16:05:11.315  1397  1416 V BroadcastQueue: [background] Process cur broadcast BroadcastRecord{3540b1f u0 com.samsung.android.intent.action.PACKAGE_ADDED qIdx=4}, state= (APP_RECEIVE) DELIVERED for app ProcessRecord{c4686e 28605:com.sec.android.app.shealth/u0a39}
05-06 16:05:11.325  1397  2460 D PackageManager: setEnabledSetting : userId = 0 packageName = com.google.android.apps.plus cmp = com.google.android.apps.photos.phone.SetWallpaperActivityAlias newState = 2 callingPackage = 10218
05-06 16:05:11.325  1397  2632 D PackageManager: setEnabledSetting : userId = 0 packageName = com.google.android.apps.plus cmp = com.google.android.apps.plus.phone.VideoViewActivityAlias newState = 2 callingPackage = 10218
05-06 16:05:11.325  1397  2697 D PackageManager: setEnabledSetting : userId = 0 packageName = com.google.android.apps.plus cmp = com.google.android.apps.plus.phone.HostPhotoViewIntentActivityAlias newState = 2 callingPackage = 10218
05-06 16:05:11.335  1397  3317 V BroadcastQueue: [background] Process cur broadcast BroadcastRecord{3540b1f u0 com.samsung.android.intent.action.PACKAGE_ADDED qIdx=4}, state= (APP_RECEIVE) DELIVERED for app ProcessRecord{8a814eb 4531:com.sec.android.app.shealth:remote/u0a39}
05-06 16:05:11.335  1397  2649 D PackageManager: setEnabledSetting : userId = 0 packageName = com.google.android.apps.plus cmp = com.google.android.libraries.social.ingest.IngestActivity newState = 2 callingPackage = 10218
05-06 16:05:11.335  1397  2632 D PackageManager: setEnabledSetting : userId = 0 packageName = com.google.android.apps.plus cmp = com.google.android.libraries.social.ingest.IngestService newState = 2 callingPackage = 10218
05-06 16:05:11.345  1397  3209 D PackageManager: setEnabledSetting : userId = 0 packageName = com.google.android.apps.plus cmp = com.google.android.apps.photos.service.GooglePhotoDownsyncService newState = 2 callingPackage = 10218
05-06 16:05:11.345  1397  2648 V BroadcastQueue: [background] Process cur broadcast BroadcastRecord{3540b1f u0 com.samsung.android.intent.action.PACKAGE_ADDED qIdx=4}, state= (APP_RECEIVE) DELIVERED for app ProcessRecord{8a814eb 4531:com.sec.android.app.shealth:remote/u0a39}
05-06 16:05:11.965 24069 28787 W ResourcesManager: getTopLevelResources: /data/app/plv.colorado.edu.callinsbenchmark-2/base.apk / 1.0 running in com.samsung.oh rsrc of package plv.colorado.edu.callinsbenchmark
05-06 16:05:11.975 24069 28787 D ResourcesManager: For user 0 new overlays fetched Null
05-06 16:05:12.265 11169 11186 I Icing   : Indexing BF4BB629879229CF6F7BA3441DD898DF27EC586E from com.google.android.gms
05-06 16:05:12.475 11169 11186 W ResourcesManager: getTopLevelResources: /data/app/plv.colorado.edu.callinsbenchmark-2/base.apk / 1.0 running in com.google.android.gms rsrc of package plv.colorado.edu.callinsbenchmark
05-06 16:05:12.475 11169 11186 D ResourcesManager: For user 0 new overlays fetched Null
05-06 16:05:12.475 11169 11186 W ResourcesManager: getTopLevelResources: /data/app/plv.colorado.edu.callinsbenchmark-2/base.apk / 1.0 running in com.google.android.gms rsrc of package plv.colorado.edu.callinsbenchmark
05-06 16:05:12.495 11169 11186 I Icing   : Indexing done BF4BB629879229CF6F7BA3441DD898DF27EC586E
05-06 16:05:12.495 11169 11186 I Icing   : Indexing FEE191E978FC01BC8DEC9472493D7C98450EDEEA from com.google.android.googlequicksearchbox
05-06 16:05:12.605  2984  2984 D WfcPhoneStateListener: onSignalStrengthsChanged(): signal strength did not change
05-06 16:05:12.605  2592  2933 D NetworkController.MobileSignalController(0/1): onSignalStrengthsChanged signalStrength=SignalStrength: 99 99 -120 -160 -120 -1 -1 19 -100 -7 156 -1 2147483647 0x4000 gsm|lte level=4
05-06 16:05:12.605  2592  2933 D NetworkController.MobileSignalController(0/1): getMobileIconGroup(): 13
05-06 16:05:12.605  2592  2933 D NetworkController.MobileSignalController(0/1): updateTMOMobileIconGroup(): 13
05-06 16:05:12.605 11169 11186 I Icing   : Indexing done FEE191E978FC01BC8DEC9472493D7C98450EDEEA
05-06 16:05:13.065  1397  2446 W System.err: remove failed: ENOENT (No such file or directory) : /data/system/recent_tasks/360_task.xml.bak
05-06 16:05:13.725  1397  1571 D PackageManager: [MSG] WRITE_PACKAGE_RESTRICTIONS
05-06 16:05:13.755  1397  1571 W System.err: remove failed: ENOENT (No such file or directory) : /data/system/users/0/package-restrictions.xml.bak
05-06 16:05:14.575 11169 11193 I System.out: (HTTPLog)-Static: isSBSettingEnabled false
05-06 16:05:14.575 11169 11193 I System.out: (HTTPLog)-Static: isSBSettingEnabled false
05-06 16:05:14.575   930  2080 D EnterpriseController: netId is 0
05-06 16:05:14.575   930  2080 D Netd    : getNetworkForDns: using netid 683 for uid 10018
05-06 16:05:14.785  1397  3321 V AlarmManager:  remove PendingIntent] PendingIntent{7bdc8ca: PendingIntentRecord{acdf5ff com.google.android.gms broadcastIntent}}
05-06 16:05:15.105 28690 28696 W SQLiteConnectionPool: A SQLiteConnection object for database '+data+user+0+com_samsung_svoice_sync+databases+svoicelocal_db' was leaked!  Please fix your application to end transactions in progress properly and to close the database when it is no longer needed.
05-06 16:05:15.165  2592  2933 D NetworkController.MobileSignalController(0/1): onSignalStrengthsChanged signalStrength=SignalStrength: 99 99 -120 -160 -120 -1 -1 18 -100 -7 172 -1 2147483647 0x4000 gsm|lte level=4
05-06 16:05:15.165  2592  2933 D NetworkController.MobileSignalController(0/1): getMobileIconGroup(): 13
05-06 16:05:15.165  2592  2933 D NetworkController.MobileSignalController(0/1): updateTMOMobileIconGroup(): 13
05-06 16:05:15.165  2984  2984 D WfcPhoneStateListener: onSignalStrengthsChanged(): signal strength did not change
05-06 16:05:16.285  1397  5400 D ConnectivityService: returning getNetworkInfo for network type 1 : [type: WIFI[] - WIFI, state: CONNECTED/CONNECTED, reason: (unspecified), extra: "Maxwell", roaming: false, failover: false, isAvailable: true]
05-06 16:05:17.715  2592  2933 D NetworkController.MobileSignalController(0/1): onSignalStrengthsChanged signalStrength=SignalStrength: 99 99 -120 -160 -120 -1 -1 18 -100 -7 142 -1 2147483647 0x4000 gsm|lte level=4
05-06 16:05:17.715  2984  2984 D WfcPhoneStateListener: onSignalStrengthsChanged(): signal strength did not change
05-06 16:05:17.715  2592  2933 D NetworkController.MobileSignalController(0/1): getMobileIconGroup(): 13
05-06 16:05:17.715  2592  2933 D NetworkController.MobileSignalController(0/1): updateTMOMobileIconGroup(): 13
05-06 16:05:18.745  1397  5400 D SSRM:n  : SIOP:: AP = 330, PST = 336 (W:14), CP = 34, CUR = -64, LCD = 42
05-06 16:05:18.795  1397  5400 D ConnectivityService: returning getNetworkInfo for network type 1 : [type: WIFI[] - WIFI, state: CONNECTED/CONNECTED, reason: (unspecified), extra: "Maxwell", roaming: false, failover: false, isAvailable: true]
05-06 16:05:19.195  1397  1466 I UsageStatsService: User[0] Flushing usage stats to disk
05-06 16:05:20.125 28703 28709 I art     : Debugger is no longer active
05-06 16:05:20.275 28703 28703 I benchtime(ms): : 16
05-06 16:05:20.275  2984  2984 D WfcPhoneStateListener: onSignalStrengthsChanged(): signal strength did not change
05-06 16:05:20.275  2592  2933 D NetworkController.MobileSignalController(0/1): onSignalStrengthsChanged signalStrength=SignalStrength: 99 99 -120 -160 -120 -1 -1 19 -100 -7 116 -1 2147483647 0x4000 gsm|lte level=4
05-06 16:05:20.285  2592  2933 D NetworkController.MobileSignalController(0/1): getMobileIconGroup(): 13
05-06 16:05:20.285  2592  2933 D NetworkController.MobileSignalController(0/1): updateTMOMobileIconGroup(): 13
05-06 16:05:20.295  1397  2200 V AlarmManager: Expired Alarm result :8
05-06 16:05:21.555  2592  2933 D NetworkController.MobileSignalController(0/1): onSignalStrengthsChanged signalStrength=SignalStrength: 99 99 -120 -160 -120 -1 -1 19 -100 -7 150 -1 2147483647 0x4000 gsm|lte level=4
05-06 16:05:21.555  2592  2933 D NetworkController.MobileSignalController(0/1): getMobileIconGroup(): 13
05-06 16:05:21.555  2592  2933 D NetworkController.MobileSignalController(0/1): updateTMOMobileIconGroup(): 13
05-06 16:05:21.565  2984  2984 D WfcPhoneStateListener: onSignalStrengthsChanged(): signal strength did not change
05-06 16:05:21.625  2549  2740 D ContactsProvider_EventLog: contents_sample_state: [ contacts(1087) data(7355) accounts({com.google (6)=1090, vnd.sec.contact.sim (2)=3}) accounts deleted({}) calls([logtype:100 cnt:10, logtype:1150 cnt:6])  ]
05-06 16:05:21.625  2549  2740 D ContactsProvider_EventLog: contents_sample_state: [ agr({[5]=89, [5 ,5]=1, [3]=860, [2]=3, [6]=129, [3 ,5]=5})  ]
05-06 16:05:22.025  2549  2740 E ContactsProvider_EventLog: Flush buffer to file cnt : 16 size : 7Kb duration : 393ms lastUpdatedAfter : 180784ms
05-06 16:05:22.865  2984  2984 D WfcPhoneStateListener: onSignalStrengthsChanged(): signal strength did not change
05-06 16:05:22.865  2592  2933 D NetworkController.MobileSignalController(0/1): onSignalStrengthsChanged signalStrength=SignalStrength: 99 99 -120 -160 -120 -1 -1 19 -100 -7 124 -1 2147483647 0x4000 gsm|lte level=4
05-06 16:05:22.865  2592  2933 D NetworkController.MobileSignalController(0/1): getMobileIconGroup(): 13
05-06 16:05:22.865  2592  2933 D NetworkController.MobileSignalController(0/1): updateTMOMobileIconGroup(): 13
05-06 16:05:25.305 28703 28703 I benchtime(ms): : 18
05-06 16:05:25.395  2984  2984 D WfcPhoneStateListener: onSignalStrengthsChanged(): signal strength did not change
05-06 16:05:25.405  2592  2933 D NetworkController.MobileSignalController(0/1): onSignalStrengthsChanged signalStrength=SignalStrength: 99 99 -120 -160 -120 -1 -1 18 -100 -7 156 -1 2147483647 0x4000 gsm|lte level=4
05-06 16:05:25.405  2592  2933 D NetworkController.MobileSignalController(0/1): getMobileIconGroup(): 13
05-06 16:05:25.405  2592  2933 D NetworkController.MobileSignalController(0/1): updateTMOMobileIconGroup(): 13
05-06 16:05:25.945  1397  2200 V AlarmManager: Expired Alarm result :4
05-06 16:05:25.955  1397  2200 I ActivityManager: Killing 28449:com.android.keychain/1000 (adj 15): DHA:empty #33
05-06 16:05:25.985 28313 28343 I Finsky  : [17740] com.google.android.finsky.c.e.run(1151): Replicating app states via AMAS.
05-06 16:05:25.995  1397  1415 D ActivityManager: isAutoRunBlockedApp:: com.android.keychain, Auto Run ON
05-06 16:05:27.845 28313 28343 I Finsky  : [17740] com.google.android.finsky.c.c.a(311): Completed 0 account content syncs with 0 successful.
05-06 16:05:27.845 28313 28313 I Finsky  : [1] com.google.android.finsky.services.j.a(149): Installation state replication succeeded.
05-06 16:05:27.965  2984  2984 D WfcPhoneStateListener: onSignalStrengthsChanged(): signal strength did not change
05-06 16:05:27.965  2592  2933 D NetworkController.MobileSignalController(0/1): onSignalStrengthsChanged signalStrength=SignalStrength: 99 99 -120 -160 -120 -1 -1 20 -100 -7 158 -1 2147483647 0x4000 gsm|lte level=4
05-06 16:05:27.965  2592  2933 D NetworkController.MobileSignalController(0/1): getMobileIconGroup(): 13
05-06 16:05:27.965  2592  2933 D NetworkController.MobileSignalController(0/1): updateTMOMobileIconGroup(): 13
05-06 16:05:28.885  1397  5400 D SSRM:n  : SIOP:: AP = 310, PST = 332 (W:14), CP = 33, CUR = -64, LCD = 42
05-06 16:05:30.325 28703 28703 I benchtime(ms): : 19
05-06 16:05:30.525  2984  2984 D WfcPhoneStateListener: onSignalStrengthsChanged(): signal strength did not change
05-06 16:05:30.535  2592  2933 D NetworkController.MobileSignalController(0/1): onSignalStrengthsChanged signalStrength=SignalStrength: 99 99 -120 -160 -120 -1 -1 19 -100 -7 130 -1 2147483647 0x4000 gsm|lte level=4
05-06 16:05:30.535  2592  2933 D NetworkController.MobileSignalController(0/1): getMobileIconGroup(): 13
05-06 16:05:30.535  2592  2933 D NetworkController.MobileSignalController(0/1): updateTMOMobileIconGroup(): 13
05-06 16:05:33.095  2592  2933 D NetworkController.MobileSignalController(0/1): onSignalStrengthsChanged signalStrength=SignalStrength: 99 99 -120 -160 -120 -1 -1 19 -99 -8 156 -1 2147483647 0x5000 gsm|lte level=5
05-06 16:05:33.095  2592  2933 D NetworkController.MobileSignalController(0/1): getMobileIconGroup(): 13
05-06 16:05:33.095  2592  2933 D NetworkController.MobileSignalController(0/1): updateTMOMobileIconGroup(): 13
05-06 16:05:33.095  2984  2984 D WfcPhoneStateListener: onSignalStrengthsChanged(): signal strength changed; Level 5
05-06 16:05:33.095  2984  2984 D WfcService: updateSignalStrength(): gsmSignalStrength=5
05-06 16:05:33.095  2984  2984 W ContextImpl: Calling a method in the system process without a qualified user: android.app.ContextImpl.startService:1305 android.content.ContextWrapper.startService:606 com.samsung.tmowfc.wfccontroller.WfcService.updateSignalStrength:177 com.samsung.tmowfc.wfccontroller.WfcPhoneStateListener.onSignalStrengthsChanged:218 android.telephony.PhoneStateListener$1.handleMessage:333 
05-06 16:05:33.105  2984  2984 I WfcController: processSignalStrength(): gsmSignalStrength=5
05-06 16:05:33.105  2984  2984 D WfcController: isRadioConnected(): radio is connected
05-06 16:05:33.115  2984  2984 D WfcController: checkAndUpdateLowSignal(): !isRadioConnected()=false, (mWfcControlState.mWifiState == WifiStates.DISCONNECTED)=false, mWifiManager.isWifiEnabled()=true
05-06 16:05:33.115  2984  2984 D WfcController: isRadioConnected(): radio is connected
05-06 16:05:33.115  2984  2984 D WfcController: checkAndUpdateLowSignal(): Broadcast NOT in low signal
05-06 16:05:33.115  2984  2984 D WfcController: checkAndUpdateLowSignal(): Broadcast nothing changed
05-06 16:05:34.465  1397  3317 D BatteryService: !@BatteryListener : batteryPropertiesChanged!
05-06 16:05:34.465  1397  3317 D BatteryService: level:100, scale:100, status:5, health:2, present:true, voltage: 4345, temperature: 278, technology: Li-ion, AC powered:false, USB powered:true, POGO powered:false, Wireless powered:false, icon:17303418, invalid charger:0, maxChargingCurrent:0
05-06 16:05:34.465  1397  3317 D BatteryService: online:4, current avg:-26, charge type:0, power sharing:false, high voltage charger:false, capacity:280000, batterySWSelfDischarging:false, current_now:0
05-06 16:05:34.465  1397  1397 D BatteryService: Sending ACTION_BATTERY_CHANGED.
05-06 16:05:34.475  1397  1397 I MotionRecognitionService: Plugged
05-06 16:05:34.475  1397  1397 D MotionRecognitionService:   cableConnection= 1
05-06 16:05:34.475  1397  1397 D MotionRecognitionService: setPowerConnected | current backoffstate  = 1024 , state =1024
05-06 16:05:34.475  1397  1397 D MotionRecognitionService: skip setTransmitPower. 
05-06 16:05:34.475  1397  1397 I Tethering: BATTERY_CHANGED, level = 100lowBatteryThreshold = 15
05-06 16:05:34.485  1397  2388 D WifiController: ApOrStaEnabledState  msg.what= 155652
05-06 16:05:34.485  2592  2592 D KeyguardUpdateMonitor: received broadcast android.intent.action.BATTERY_CHANGED
05-06 16:05:34.485  2592  2592 D KeyguardUpdateMonitor: handleBatteryUpdate
05-06 16:05:34.485  2592  2592 D PowerUI : priorPlugType = 2 mPlugType =  2
05-06 16:05:34.495  2613  2613 D BatteryMonitor: new battery level: 100
05-06 16:05:34.515 11623 11623 V HeadsetService: HeadsetService - Received Intent.ACTION_BATTERY_CHANGED
05-06 16:05:34.515 11623 12758 D HeadsetStateMachine: Disconnected process message: 10, size: 0
05-06 16:05:34.525  2592  2592 D BatteryMeterView: ACTION_BATTERY_CHANGED : level:100 status:5 health:2
05-06 16:05:34.525  2592  2592 D BatteryMeterView: ACTION_BATTERY_CHANGED : level:100 status:5 health:2
05-06 16:05:35.215  1397  2855 E Watchdog: !@Sync 6447 [05-06 16:05:35.226]
05-06 16:05:35.355 28703 28703 I benchtime(ms): : 19
05-06 16:05:35.645  2592  2933 D NetworkController.MobileSignalController(0/1): onSignalStrengthsChanged signalStrength=SignalStrength: 99 99 -120 -160 -120 -1 -1 19 -99 -8 134 -1 2147483647 0x5000 gsm|lte level=5
05-06 16:05:35.645  2592  2933 D NetworkController.MobileSignalController(0/1): getMobileIconGroup(): 13
05-06 16:05:35.645  2592  2933 D NetworkController.MobileSignalController(0/1): updateTMOMobileIconGroup(): 13
05-06 16:05:35.645  2984  2984 D WfcPhoneStateListener: onSignalStrengthsChanged(): signal strength did not change
05-06 16:05:36.015   930  2076 E NetlinkEvent: NetlinkEvent::FindParam(): Parameter 'LABEL' not found
05-06 16:05:36.015  1397  1471 D EPDG -- [NETMGMT]: Interface Data activity changed : label: 1 : active: false
05-06 16:05:38.205  2984  2984 D WfcPhoneStateListener: onSignalStrengthsChanged(): signal strength did not change
05-06 16:05:38.215  2592  2933 D NetworkController.MobileSignalController(0/1): onSignalStrengthsChanged signalStrength=SignalStrength: 99 99 -120 -160 -120 -1 -1 19 -98 -8 168 -1 2147483647 0x5000 gsm|lte level=5
05-06 16:05:38.215  2592  2933 D NetworkController.MobileSignalController(0/1): getMobileIconGroup(): 13
05-06 16:05:38.215  2592  2933 D NetworkController.MobileSignalController(0/1): updateTMOMobileIconGroup(): 13
05-06 16:05:38.935  1397  5400 D SSRM:n  : SIOP:: AP = 300, PST = 330 (W:14), CP = 32, CUR = -26, LCD = 42
05-06 16:05:40.375 28703 28703 I benchtime(ms): : 18
05-06 16:05:40.775  2984  2984 D WfcPhoneStateListener: onSignalStrengthsChanged(): signal strength did not change
05-06 16:05:40.775  2592  2933 D NetworkController.MobileSignalController(0/1): onSignalStrengthsChanged signalStrength=SignalStrength: 99 99 -120 -160 -120 -1 -1 19 -98 -8 122 -1 2147483647 0x5000 gsm|lte level=5
05-06 16:05:40.775  2592  2933 D NetworkController.MobileSignalController(0/1): getMobileIconGroup(): 13
05-06 16:05:40.775  2592  2933 D NetworkController.MobileSignalController(0/1): updateTMOMobileIconGroup(): 13
05-06 16:05:41.425   930  2076 E NetlinkEvent: NetlinkEvent::FindParam(): Parameter 'LABEL' not found
05-06 16:05:41.435  1397  1471 D EPDG -- [NETMGMT]: Interface Data activity changed : label: 1 : active: true
05-06 16:05:42.115  1397  2200 V AlarmManager: Expired Alarm result :4
05-06 16:05:42.125  1397  1468 V BroadcastQueue: [background] Process cur broadcast BroadcastRecord{4c74ae9 u0 null qIdx=4}, state= (APP_RECEIVE) DELIVERED for app ProcessRecord{327f5d4 3292:com.google.android.gms.persistent/u0a18}
05-06 16:05:42.225  1397  2388 D WifiController: ApOrStaEnabledState  msg.what= 155654
05-06 16:05:42.235  1397  3107 D WifiService: startScan by pid=3292, uid=10018
05-06 16:05:42.235  1397  2377 W CAE     : setCAProperty(ContextAwareService.java:578) - [setProperty 01] Mutex is locked for ANY_MOTION_DETECTOR_RUNNER
05-06 16:05:42.235  1397  2377 I CAE     : sendCmdToSensorHub(SensorHubCommManager.java:162) - -72, 58, 1, 0,
05-06 16:05:42.235  1397  2377 D SensorHubManager: SendSensorHubData: send data = -72, 58, 1, 0
05-06 16:05:42.235   945  1199 I qti_sensorhub_hal: AutoBrightness reqReport: svc_num: 76, msg_id:4, msg_size: 1, txn_id: 0
05-06 16:05:42.245   945  1192 I qti_sensorhub_hal: SNS_SS_AMD_GET_REPORT_RESP_V01 1 -2059218770
05-06 16:05:42.245   945  1199 I qti_sensorhub_hal: reqReport: Received response: 0
05-06 16:05:42.245  1397  2203 D SensorHubManager: onGetSensorHubDataLocked: library(4) = 1, 1, 58, 1
05-06 16:05:42.245  1397  2377 I CAE     : setCAProperty(ContextAwareService.java:583) - result : true
05-06 16:05:42.245  1397  2377 W CAE     : setCAProperty(ContextAwareService.java:584) - [setProperty 02] Mutex is unlocked for ANY_MOTION_DETECTOR_RUNNER
05-06 16:05:42.245  1397  2377 D SContextService: requestToUpdate() : service = Any Motion Detector
05-06 16:05:42.245  1397  2377 D SContextManager:   .requestToUpdate : listener = com.samsung.android.server.wifi.WifiScanController$2@4c9b15, service=Any Motion Detector
05-06 16:05:42.265  1397  2202 D CAE     : onGetSensorHubData(SensorHubParserProvider.java:92) - onGetSensorHubData Event [event buffer len :4], AP_WAKEUP
05-06 16:05:42.265  1397  2202 I CAE     : parse(SensorHubParserProvider.java:188) - buffer size = 4
05-06 16:05:42.265  1397  2202 I CAE     : parse(SensorHubParserProvider.java:199) - 1, 1, 58, 1,
05-06 16:05:42.265  1397  2202 D CAE     : display(ContextProvider.java:375) - ================= ANY_MOTION_DETECTOR_RUNNER =================
05-06 16:05:42.265  1397  2202 I CAE     : display(ContextProvider.java:391) - Action=[1]
05-06 16:05:42.265  1397  2205 D SContextService: updateSContext() : event = Any Motion Detector
05-06 16:05:42.315  2904  2904 D FusedRequestManager: packageName is com.google.android.gms, so return
05-06 16:05:42.315  3292  3298 E DataBuffer: Internal data leak within a DataBuffer object detected!  Be sure to explicitly call release() on all DataBuffer extending objects when you are done with them. (internal object: com.google.android.gms.common.data.DataHolder@3b4d2a4)
05-06 16:05:42.315  3292  3298 E DataBuffer: Internal data leak within a DataBuffer object detected!  Be sure to explicitly call release() on all DataBuffer extending objects when you are done with them. (internal object: com.google.android.gms.common.data.DataHolder@b03d80d)
05-06 16:05:42.315  3292  3298 E DataBuffer: Internal data leak within a DataBuffer object detected!  Be sure to explicitly call release() on all DataBuffer extending objects when you are done with them. (internal object: com.google.android.gms.common.data.DataHolder@38523c2)
05-06 16:05:42.315  3292  3298 E DataBuffer: Internal data leak within a DataBuffer object detected!  Be sure to explicitly call release() on all DataBuffer extending objects when you are done with them. (internal object: com.google.android.gms.common.data.DataHolder@aa185d3)
05-06 16:05:42.315  3292  3298 E DataBuffer: Internal data leak within a DataBuffer object detected!  Be sure to explicitly call release() on all DataBuffer extending objects when you are done with them. (internal object: com.google.android.gms.common.data.DataHolder@1be7510)
05-06 16:05:42.315  3292  3298 E DataBuffer: Internal data leak within a DataBuffer object detected!  Be sure to explicitly call release() on all DataBuffer extending objects when you are done with them. (internal object: com.google.android.gms.common.data.DataHolder@22e809)
05-06 16:05:42.345  1397  3209 I AppOps  : sendInfoToFLP, code=12 , uid=10018 , packageName=com.google.android.gms , type=noteOp
05-06 16:05:42.345  1397  2377 D WifiStateMachine: CMD_START_SCAN : scanLog.mLast - 1462572342247, scanLog.mStartTimeForBigdata - 1462571118046
05-06 16:05:42.345  1397  2377 D WifiStateMachine: CMD_START_SCAN : scanLog.mCountForBigdata - 10
05-06 16:05:42.345 12613 12613 I wpa_supplicant: wlan0: Setting scan request: 0 sec 0 usec
05-06 16:05:42.345 12613 12613 I wpa_supplicant: P2P: Current p2p state = IDLE
05-06 16:05:42.365 12613 12613 I wpa_supplicant: Scan requested (ret=0) - scan timeout 30 seconds
05-06 16:05:43.095   930  2077 D Netd    : Iface wlan0 link up
05-06 16:05:43.095  1138  1768 I QC-NETMGR-LIB: Received nl msg, recvmsg returned 64
05-06 16:05:43.095  1138  1768 I QC-NETMGR-LIB: Received command: ID=NETMGR_KIF_MSG_CMD, link=0
05-06 16:05:43.095  1397  1471 D Tethering: interfaceLinkStateChanged wlan0, true
05-06 16:05:43.095  1397  1471 D Tethering: interfaceStatusChanged wlan0, true
05-06 16:05:43.095  1138  1671 I QC-NETMGR-LIB: Process command: ID=NETMGR_KIF_MSG_CMD, link=0, state=1
05-06 16:05:43.095  1138  1671 I QC-NETMGR-LIB: Processing RTM_NEWLINK
05-06 16:05:43.095  1138  1671 I QC-NETMGR-LIB: Metainfo:  Index=6 Family=0 Type=0x1 Change=[0x0] Flags=[0x11043]UP BROADCAST RUNNING MULTICAST LOWER_UP 
05-06 16:05:43.095  1138  1671 I QC-NETMGR-LIB: Rcvd Netlink msg type [16]
05-06 16:05:43.095  1138  1671 I QC-NETMGR-LIB: Received RTM_NEWLINK
05-06 16:05:43.095  1138  1671 E QC-NETMGR-LIB: unrecognized ifindex 6, disable link
05-06 16:05:43.095  1397  1471 D EPDG -- [NETMGMT]: Interface wlan0 link up
05-06 16:05:43.095  1397  2408 D EPDG -- [EPDGService]: Interface wlan0 link up
05-06 16:05:43.095  1397  2408 D EPDG -- [EPDGService]: mobileIntfPrefix is rmnet_data
05-06 16:05:43.095  1397  2408 D EPDG -- [EPDGService]: Not Mobile Interface. Ignoring Interface State Change Event
05-06 16:05:43.105 12613 12613 I wpa_supplicant: nl80211: Received scan results (13 BSSes)
05-06 16:05:43.115  1397  2376 D WifiP2pService: InactiveState{ what=147461 }
05-06 16:05:43.115  1397  2376 D WifiP2pService: P2pEnabledState{ what=147461 }
05-06 16:05:43.115  1397  2376 D WifiP2pService: DefaultState{ what=147461 }
05-06 16:05:43.135  1397  1468 V BroadcastQueue: [background] Process cur broadcast BroadcastRecord{9186488 u-1 android.net.wifi.SCAN_RESULTS qIdx=4}, state= (APP_RECEIVE) DELIVERED for app ProcessRecord{c2b35c1 2592:com.android.systemui/u0a67}
05-06 16:05:43.145  1397  1397 I CLocInfoService: External Intent Received android.net.wifi.SCAN_RESULTS
05-06 16:05:43.205  1397  1466 D LocationManagerService: Sending location for screening
05-06 16:05:43.205  1397  2909 V GNPProxy: handleMessage what - 4
05-06 16:05:43.205  1397  2909 V OSNPGlue_jni: Entering  : void onJavaLocationChanged(JNIEnv*, jobject, jboolean, jlong, jboolean, jlong, jboolean, jdouble, jboolean, jdouble, jboolean, jfloat, jboolean, jdouble, jboolean, jfloat, jboolean, jfloat)
05-06 16:05:43.205  1397  2942 E LocSvc_libulp: I/int ulp_brain_process_gnp_position_report(UlpLocation*), first_fix_pending 0, request active = 0,gnss running 0, gnss state 0 quipc running 0 quipc state 0
05-06 16:05:43.205  1397  2942 E LocSvc_libulp: I/int ulp_brain_process_gnp_position_report(UlpLocation*), report GNP position to hybrid fix requests = 0
05-06 16:05:43.205  1397  2942 E LocSvc_libulp: E/int ulp_brain_transition_all_providers(), no QUIPC/GNSS transition logic run due to both engines are OFF 
05-06 16:05:43.215  1397  2941 E LocSvc_ApiV02: I/<--- void globalRespCb(locClientHandleType, uint32_t, locClientRespIndUnionType, void*) line 131 QMI_LOC_INJECT_POSITION_REQ_V02
05-06 16:05:43.215  1397  2921 I IzatProviderEngine: LocTech-Label :: OSDC :: Position Report In
05-06 16:05:43.215  1397  1466 D LocationManagerService: This location is marked as ready for broadcast
05-06 16:05:43.235  2984  2984 D WfcPhoneStateListener: onSignalStrengthsChanged(): signal strength did not change
05-06 16:05:43.235  2592  2933 D NetworkController.MobileSignalController(0/1): onSignalStrengthsChanged signalStrength=SignalStrength: 99 99 -120 -160 -120 -1 -1 18 -98 -7 182 -1 2147483647 0x5000 gsm|lte level=5
05-06 16:05:43.235  2592  2933 D NetworkController.MobileSignalController(0/1): getMobileIconGroup(): 13
05-06 16:05:43.235  2592  2933 D NetworkController.MobileSignalController(0/1): updateTMOMobileIconGroup(): 13
05-06 16:05:43.255  1397  1468 I ActivityManager: Start proc 28810:com.jasonflaherty.snoteldata/u0a235 for broadcast-3 com.jasonflaherty.snoteldata/com.littlefluffytoys.littlefluffylocationlibrary.PassiveLocationChangedReceiver
05-06 16:05:43.255 28810 28810 E Zygote  : v2
05-06 16:05:43.255 28810 28810 I libpersona: KNOX_SDCARD checking this for 10235
05-06 16:05:43.255 28810 28810 I libpersona: KNOX_SDCARD not a persona
05-06 16:05:43.255 28810 28810 W SELinux : Function: selinux_compare_spd_ram, index[1], priority [2], priority version is VE=SEPF_SECMOBILE_6.0.1_0010
05-06 16:05:43.265 28810 28810 E Zygote  : accessInfo : 0
05-06 16:05:43.265 28810 28810 W SELinux : SELinux: seapp_context_lookup: seinfo=default, level=s0:c512,c768, pkgname=com.jasonflaherty.snoteldata 
05-06 16:05:43.265  3292  4023 D LocationFilter: Forcing stable location. Original location:Location[fused 40.065756,-105.179033 acc=20 et=+3d19h46m41s162ms {Bundle[{wifiScan=[B@f796035, noGPSLocation=Location[fused 40.065756,-105.179033 acc=20 et=+3d19h46m41s162ms {Bundle[mParcelledData.dataSize=236]}], locationType=3}]}] because SMD didn't trigger.
05-06 16:05:43.275  1397  2388 D WifiController: ApOrStaEnabledState  msg.what= 155654
05-06 16:05:43.285  1397  2460 V AlarmManager:  remove PendingIntent] PendingIntent{7346e21: PendingIntentRecord{bafeec1 com.google.android.gms broadcastIntent}}
05-06 16:05:43.305  3292  4023 E Sensors : ~SensorEventQueue 0
05-06 16:05:43.305  3292  4023 E         : BitTube(): close receivedFd (151)
05-06 16:05:43.305  3292  4023 D SensorManager: cancelTrigger ::  
05-06 16:05:43.305  3292  4023 D LocationFilter: Significant motion detection disabled.
05-06 16:05:43.305  3292  3292 I GCoreUlr: Starting service, intent=Intent { act=com.google.android.location.reporting.ACTION_UPDATE_ACTIVE_STATE cmp=com.google.android.gms/com.google.android.location.reporting.service.DispatchingService VirtualScreenParam=Params{mDisplayId=-1, null, mFlags=0x00000000)} (has extras) }, extras=Bundle[{source=PowerModeReceiver}]
05-06 16:05:43.305  1397  1416 E         : BitTube(): close sendFd (369)
05-06 16:05:43.315  3292  3807 E Sensors : ~SensorEventQueue 0
05-06 16:05:43.315  3292  3807 E         : BitTube(): close receivedFd (111)
05-06 16:05:43.315 28810 28810 D TimaKeyStoreProvider: TimaSignature is unavailable
05-06 16:05:43.315  3292  3807 D SensorManager: cancelTrigger ::  
05-06 16:05:43.315 28810 28810 D ActivityThread: Added TimaKeyStore provider
05-06 16:05:43.315  1397  2632 E         : BitTube(): close sendFd (353)
05-06 16:05:43.315  3292  9610 E SQLiteDatabase: Error inserting context_name=6 end_time=1462571790715 context_family=1 module_id=com.google.android.contextmanager.module.DetectedActivityProducer version=1 sync_state_mod_time_millis=1462572343328 start_time=1462571669209 sync_state=0 context_id=fb37e9d3-3f46-4cb7-8824-a3091e55dffb time_type=3 proto_blob=[B@45d1958
05-06 16:05:43.315  3292  9610 E SQLiteDatabase: android.database.sqlite.SQLiteConstraintException: UNIQUE constraint failed: context.context_id (code 2067)
05-06 16:05:43.315  3292  9610 E SQLiteDatabase: #################################################################
05-06 16:05:43.315  3292  9610 E SQLiteDatabase: Error Code : 2067 (SQLITE_CONSTRAINT_UNIQUE)
05-06 16:05:43.315  3292  9610 E SQLiteDatabase: Caused By : Abort due to constraint violation.
05-06 16:05:43.315  3292  9610 E SQLiteDatabase: 	(UNIQUE constraint failed: context.context_id (code 2067))
05-06 16:05:43.315  3292  9610 E SQLiteDatabase: #################################################################
05-06 16:05:43.315  3292  9610 E SQLiteDatabase: 	at android.database.sqlite.SQLiteConnection.nativeExecuteForLastInsertedRowId(Native Method)
05-06 16:05:43.315  3292  9610 E SQLiteDatabase: 	at android.database.sqlite.SQLiteConnection.executeForLastInsertedRowId(SQLiteConnection.java:915)
05-06 16:05:43.315  3292  9610 E SQLiteDatabase: 	at android.database.sqlite.SQLiteSession.executeForLastInsertedRowId(SQLiteSession.java:788)
05-06 16:05:43.315  3292  9610 E SQLiteDatabase: 	at android.database.sqlite.SQLiteStatement.executeInsert(SQLiteStatement.java:86)
05-06 16:05:43.315  3292  9610 E SQLiteDatabase: 	at android.database.sqlite.SQLiteDatabase.insertWithOnConflict(SQLiteDatabase.java:1609)
05-06 16:05:43.315  3292  9610 E SQLiteDatabase: 	at android.database.sqlite.SQLiteDatabase.insert(SQLiteDatabase.java:1479)
05-06 16:05:43.315  3292  9610 E SQLiteDatabase: 	at com.google.android.contextmanager.q.ak.a(:com.google.android.gms:445)
05-06 16:05:43.315  3292  9610 E SQLiteDatabase: 	at com.google.android.contextmanager.q.ak.b(:com.google.android.gms:420)
05-06 16:05:43.315  3292  9610 E SQLiteDatabase: 	at com.google.android.contextmanager.q.ak.a(:com.google.android.gms:370)
05-06 16:05:43.315  3292  9610 E SQLiteDatabase: 	at com.google.android.contextmanager.q.ak.b(:com.google.android.gms:400)
05-06 16:05:43.315  3292  9610 E SQLiteDatabase: 	at com.google.android.contextmanager.q.r.a(:com.google.android.gms:381)
05-06 16:05:43.315  3292  9610 E SQLiteDatabase: 	at com.google.android.contextmanager.g.a.j.a(:com.google.android.gms:58)
05-06 16:05:43.315  3292  9610 E SQLiteDatabase: 	at com.google.android.contextmanager.g.a.a.run(:com.google.android.gms:52)
05-06 16:05:43.315  3292  9610 E SQLiteDatabase: 	at com.google.android.contextmanager.g.i.a(:com.google.android.gms:263)
05-06 16:05:43.315  3292  9610 E SQLiteDatabase: 	at com.google.android.contextmanager.g.i.handleMessage(:com.google.android.gms:254)
05-06 16:05:43.315  3292  9610 E SQLiteDatabase: 	at android.os.Handler.dispatchMessage(Handler.java:102)
05-06 16:05:43.315  3292  9610 E SQLiteDatabase: 	at android.os.Looper.loop(Looper.java:158)
05-06 16:05:43.315  3292  9610 E SQLiteDatabase: 	at android.os.HandlerThread.run(HandlerThread.java:61)
05-06 16:05:43.325  3292  9610 E SQLiteDatabase: Error inserting context_name=6 end_time=1462571943146 context_family=1 module_id=com.google.android.contextmanager.module.DetectedActivityProducer version=1 sync_state_mod_time_millis=1462572343333 start_time=1462571790715 sync_state=0 context_id=ba11d109-6d68-4609-b079-c252eec9cf43 time_type=3 proto_blob=[B@b6ccab1
05-06 16:05:43.325  3292  9610 E SQLiteDatabase: android.database.sqlite.SQLiteConstraintException: UNIQUE constraint failed: context.context_id (code 2067)
05-06 16:05:43.325  3292  9610 E SQLiteDatabase: #################################################################
05-06 16:05:43.325  3292  9610 E SQLiteDatabase: Error Code : 2067 (SQLITE_CONSTRAINT_UNIQUE)
05-06 16:05:43.325  3292  9610 E SQLiteDatabase: Caused By : Abort due to constraint violation.
05-06 16:05:43.325  3292  9610 E SQLiteDatabase: 	(UNIQUE constraint failed: context.context_id (code 2067))
05-06 16:05:43.325  3292  9610 E SQLiteDatabase: #################################################################
05-06 16:05:43.325  3292  9610 E SQLiteDatabase: 	at android.database.sqlite.SQLiteConnection.nativeExecuteForLastInsertedRowId(Native Method)
05-06 16:05:43.325  3292  9610 E SQLiteDatabase: 	at android.database.sqlite.SQLiteConnection.executeForLastInsertedRowId(SQLiteConnection.java:915)
05-06 16:05:43.325  3292  9610 E SQLiteDatabase: 	at android.database.sqlite.SQLiteSession.executeForLastInsertedRowId(SQLiteSession.java:788)
05-06 16:05:43.325  3292  9610 E SQLiteDatabase: 	at android.database.sqlite.SQLiteStatement.executeInsert(SQLiteStatement.java:86)
05-06 16:05:43.325  3292  9610 E SQLiteDatabase: 	at android.database.sqlite.SQLiteDatabase.insertWithOnConflict(SQLiteDatabase.java:1609)
05-06 16:05:43.325  3292  9610 E SQLiteDatabase: 	at android.database.sqlite.SQLiteDatabase.insert(SQLiteDatabase.java:1479)
05-06 16:05:43.325  3292  9610 E SQLiteDatabase: 	at com.google.android.contextmanager.q.ak.a(:com.google.android.gms:445)
05-06 16:05:43.325  3292  9610 E SQLiteDatabase: 	at com.google.android.contextmanager.q.ak.b(:com.google.android.gms:420)
05-06 16:05:43.325  3292  9610 E SQLiteDatabase: 	at com.google.android.contextmanager.q.ak.a(:com.google.android.gms:370)
05-06 16:05:43.325  3292  9610 E SQLiteDatabase: 	at com.google.android.contextmanager.q.ak.b(:com.google.android.gms:400)
05-06 16:05:43.325  3292  9610 E SQLiteDatabase: 	at com.google.android.contextmanager.q.r.a(:com.google.android.gms:381)
05-06 16:05:43.325  3292  9610 E SQLiteDatabase: 	at com.google.android.contextmanager.g.a.j.a(:com.google.android.gms:58)
05-06 16:05:43.325  3292  9610 E SQLiteDatabase: 	at com.google.android.contextmanager.g.a.a.run(:com.google.android.gms:52)
05-06 16:05:43.325  3292  9610 E SQLiteDatabase: 	at com.google.android.contextmanager.g.i.a(:com.google.android.gms:263)
05-06 16:05:43.325  3292  9610 E SQLiteDatabase: 	at com.google.android.contextmanager.g.i.handleMessage(:com.google.android.gms:254)
05-06 16:05:43.325  3292  9610 E SQLiteDatabase: 	at android.os.Handler.dispatchMessage(Handler.java:102)
05-06 16:05:43.325  3292  9610 E SQLiteDatabase: 	at android.os.Looper.loop(Looper.java:158)
05-06 16:05:43.325  3292  9610 E SQLiteDatabase: 	at android.os.HandlerThread.run(HandlerThread.java:61)
05-06 16:05:43.325  1397  3317 D SensorService: SensorEventConnection::SocketBufferSize, SystemSocketBufferSize - 102400, 8388608
05-06 16:05:43.325  3292  9610 E SQLiteDatabase: Error inserting context_name=6 end_time=1462572076290 context_family=1 module_id=com.google.android.contextmanager.module.DetectedActivityProducer version=1 sync_state_mod_time_millis=1462572343336 start_time=1462571943146 sync_state=0 context_id=106ddd34-c6ca-4368-ba8a-9dab8bb44709 time_type=3 proto_blob=[B@8fa6b96
05-06 16:05:43.325  3292  9610 E SQLiteDatabase: android.database.sqlite.SQLiteConstraintException: UNIQUE constraint failed: context.context_id (code 2067)
05-06 16:05:43.325  3292  9610 E SQLiteDatabase: #################################################################
05-06 16:05:43.325  3292  9610 E SQLiteDatabase: Error Code : 2067 (SQLITE_CONSTRAINT_UNIQUE)
05-06 16:05:43.325  3292  9610 E SQLiteDatabase: Caused By : Abort due to constraint violation.
05-06 16:05:43.325  3292  9610 E SQLiteDatabase: 	(UNIQUE constraint failed: context.context_id (code 2067))
05-06 16:05:43.325  3292  9610 E SQLiteDatabase: #################################################################
05-06 16:05:43.325  3292  9610 E SQLiteDatabase: 	at android.database.sqlite.SQLiteConnection.nativeExecuteForLastInsertedRowId(Native Method)
05-06 16:05:43.325  3292  9610 E SQLiteDatabase: 	at android.database.sqlite.SQLiteConnection.executeForLastInsertedRowId(SQLiteConnection.java:915)
05-06 16:05:43.325  3292  9610 E SQLiteDatabase: 	at android.database.sqlite.SQLiteSession.executeForLastInsertedRowId(SQLiteSession.java:788)
05-06 16:05:43.325  3292  9610 E SQLiteDatabase: 	at android.database.sqlite.SQLiteStatement.executeInsert(SQLiteStatement.java:86)
05-06 16:05:43.325  3292  9610 E SQLiteDatabase: 	at android.database.sqlite.SQLiteDatabase.insertWithOnConflict(SQLiteDatabase.java:1609)
05-06 16:05:43.325  3292  9610 E SQLiteDatabase: 	at android.database.sqlite.SQLiteDatabase.insert(SQLiteDatabase.java:1479)
05-06 16:05:43.325  3292  9610 E SQLiteDatabase: 	at com.google.android.contextmanager.q.ak.a(:com.google.android.gms:445)
05-06 16:05:43.325  3292  9610 E SQLiteDatabase: 	at com.google.android.contextmanager.q.ak.b(:com.google.android.gms:420)
05-06 16:05:43.325  3292  9610 E SQLiteDatabase: 	at com.google.android.contextmanager.q.ak.a(:com.google.android.gms:370)
05-06 16:05:43.325  3292  9610 E SQLiteDatabase: 	at com.google.android.contextmanager.q.ak.b(:com.google.android.gms:400)
05-06 16:05:43.325  3292  9610 E SQLiteDatabase: 	at com.google.android.contextmanager.q.r.a(:com.google.android.gms:381)
05-06 16:05:43.325  3292  9610 E SQLiteDatabase: 	at com.google.android.contextmanager.g.a.j.a(:com.google.android.gms:58)
05-06 16:05:43.325  3292  9610 E SQLiteDatabase: 	at com.google.android.contextmanager.g.a.a.run(:com.google.android.gms:52)
05-06 16:05:43.325  3292  9610 E SQLiteDatabase: 	at com.google.android.contextmanager.g.i.a(:com.google.android.gms:263)
05-06 16:05:43.325  3292  9610 E SQLiteDatabase: 	at com.google.android.contextmanager.g.i.handleMessage(:com.google.android.gms:254)
05-06 16:05:43.325  3292  9610 E SQLiteDatabase: 	at android.os.Handler.dispatchMessage(Handler.java:102)
05-06 16:05:43.325  3292  9610 E SQLiteDatabase: 	at android.os.Looper.loop(Looper.java:158)
05-06 16:05:43.325  3292  9610 E SQLiteDatabase: 	at android.os.HandlerThread.run(HandlerThread.java:61)
05-06 16:05:43.325  1397  1415 V BroadcastQueue: [background] Process cur broadcast BroadcastRecord{1e31cd2 u0 null qIdx=4}, state= (APP_RECEIVE) DELIVERED for app ProcessRecord{ce771a3 28810:com.jasonflaherty.snoteldata/u0a235}
05-06 16:05:43.325  3292  3807 D SensorManager: registerListener :: 1, LSM6DS3 Accelerometer, 20000, 2147483647,  
05-06 16:05:43.335  3292  9610 E SQLiteDatabase: Error inserting context_name=7 end_time=1462572220336 context_family=7 module_id=com.google.android.contextmanager.module.ScreenModule version=1 sync_state_mod_time_millis=1462572343343 start_time=1462571616423 sync_state=0 context_id=27fa1e24-1abc-4d6e-9d0c-8ca8890d5e3d time_type=3 proto_blob=[B@b6bb317
05-06 16:05:43.335  3292  9610 E SQLiteDatabase: android.database.sqlite.SQLiteConstraintException: UNIQUE constraint failed: context.context_id (code 2067)
05-06 16:05:43.335  3292  9610 E SQLiteDatabase: #################################################################
05-06 16:05:43.335  3292  9610 E SQLiteDatabase: Error Code : 2067 (SQLITE_CONSTRAINT_UNIQUE)
05-06 16:05:43.335  3292  9610 E SQLiteDatabase: Caused By : Abort due to constraint violation.
05-06 16:05:43.335  3292  9610 E SQLiteDatabase: 	(UNIQUE constraint failed: context.context_id (code 2067))
05-06 16:05:43.335  3292  9610 E SQLiteDatabase: #################################################################
05-06 16:05:43.335  3292  9610 E SQLiteDatabase: 	at android.database.sqlite.SQLiteConnection.nativeExecuteForLastInsertedRowId(Native Method)
05-06 16:05:43.335  3292  9610 E SQLiteDatabase: 	at android.database.sqlite.SQLiteConnection.executeForLastInsertedRowId(SQLiteConnection.java:915)
05-06 16:05:43.335  3292  9610 E SQLiteDatabase: 	at android.database.sqlite.SQLiteSession.executeForLastInsertedRowId(SQLiteSession.java:788)
05-06 16:05:43.335  3292  9610 E SQLiteDatabase: 	at android.database.sqlite.SQLiteStatement.executeInsert(SQLiteStatement.java:86)
05-06 16:05:43.335  3292  9610 E SQLiteDatabase: 	at android.database.sqlite.SQLiteDatabase.insertWithOnConflict(SQLiteDatabase.java:1609)
05-06 16:05:43.335  3292  9610 E SQLiteDatabase: 	at android.database.sqlite.SQLiteDatabase.insert(SQLiteDatabase.java:1479)
