* daemon not running. starting it now on port 5037 *
* daemon started successfully *
--------- beginning of system
05-06 16:31:07.436  1397  3355 D RestrictionPolicy: userId: 0, isMicrophoneEnabledAsUser : true
05-06 16:31:07.436  1397  3343 D RestrictionPolicy: userId: 0, isMicrophoneEnabledAsUser : true
05-06 16:31:07.446  1397  3107 D RestrictionPolicy: userId: 0, isMicrophoneEnabledAsUser : true
05-06 16:31:07.446  1397  2632 D RestrictionPolicy: userId: 0, isMicrophoneEnabledAsUser : true
05-06 16:31:07.446  1397  2460 D RestrictionPolicy: userId: 0, isMicrophoneEnabledAsUser : true
05-06 16:31:07.446  1397  2764 D RestrictionPolicy: userId: 0, isMicrophoneEnabledAsUser : true
05-06 16:31:07.566  1397  1416 D RestrictionPolicy: userId: 0, isMicrophoneEnabledAsUser : true
05-06 16:31:07.576  1397  2649 D RestrictionPolicy: userId: 0, isMicrophoneEnabledAsUser : true
05-06 16:31:07.576  1397  3322 D RestrictionPolicy: userId: 0, isMicrophoneEnabledAsUser : true
05-06 16:31:07.576  1397  2648 D RestrictionPolicy: userId: 0, isMicrophoneEnabledAsUser : true
05-06 16:31:07.576  1397  1415 D RestrictionPolicy: userId: 0, isMicrophoneEnabledAsUser : true
05-06 16:31:07.586  1397  2531 D RestrictionPolicy: userId: 0, isMicrophoneEnabledAsUser : true
05-06 16:31:07.696  1397  3317 D RestrictionPolicy: userId: 0, isMicrophoneEnabledAsUser : true
05-06 16:31:07.706  1397  3321 D RestrictionPolicy: userId: 0, isMicrophoneEnabledAsUser : true
05-06 16:31:07.706  1397  2697 D RestrictionPolicy: userId: 0, isMicrophoneEnabledAsUser : true
05-06 16:31:07.706  1397  3209 D RestrictionPolicy: userId: 0, isMicrophoneEnabledAsUser : true
05-06 16:31:07.706  1397  3355 D RestrictionPolicy: userId: 0, isMicrophoneEnabledAsUser : true
05-06 16:31:07.716  1397  3343 D RestrictionPolicy: userId: 0, isMicrophoneEnabledAsUser : true
05-06 16:31:07.716  1397  3107 D RestrictionPolicy: userId: 0, isMicrophoneEnabledAsUser : true
05-06 16:31:07.826  1397  2632 D RestrictionPolicy: userId: 0, isMicrophoneEnabledAsUser : true
05-06 16:31:07.836  1397  2460 D RestrictionPolicy: userId: 0, isMicrophoneEnabledAsUser : true
05-06 16:31:07.836  1397  2764 D RestrictionPolicy: userId: 0, isMicrophoneEnabledAsUser : true
05-06 16:31:07.836  1397  1416 D RestrictionPolicy: userId: 0, isMicrophoneEnabledAsUser : true
05-06 16:31:07.836  1397  2649 D RestrictionPolicy: userId: 0, isMicrophoneEnabledAsUser : true
05-06 16:31:07.836  1397  3322 D RestrictionPolicy: userId: 0, isMicrophoneEnabledAsUser : true
05-06 16:31:07.946  1397  2648 D RestrictionPolicy: userId: 0, isMicrophoneEnabledAsUser : true
05-06 16:31:07.956  1397  1415 D RestrictionPolicy: userId: 0, isMicrophoneEnabledAsUser : true
05-06 16:31:07.956  1397  2531 D RestrictionPolicy: userId: 0, isMicrophoneEnabledAsUser : true
05-06 16:31:07.956  1397  3317 D RestrictionPolicy: userId: 0, isMicrophoneEnabledAsUser : true
05-06 16:31:07.966  1397  3321 D RestrictionPolicy: userId: 0, isMicrophoneEnabledAsUser : true
05-06 16:31:07.966  1397  2697 D RestrictionPolicy: userId: 0, isMicrophoneEnabledAsUser : true
05-06 16:31:07.966  1397  2697 D RestrictionPolicy: userId: 0, isMicrophoneEnabledAsUser : true
05-06 16:31:08.086  1397  3107 D RestrictionPolicy: userId: 0, isMicrophoneEnabledAsUser : true
05-06 16:31:08.086  1397  2632 D RestrictionPolicy: userId: 0, isMicrophoneEnabledAsUser : true
05-06 16:31:08.086  1397  2460 D RestrictionPolicy: userId: 0, isMicrophoneEnabledAsUser : true
05-06 16:31:08.086  1397  2764 D RestrictionPolicy: userId: 0, isMicrophoneEnabledAsUser : true
05-06 16:31:08.086  1397  1416 D RestrictionPolicy: userId: 0, isMicrophoneEnabledAsUser : true
05-06 16:31:08.086  1397  2649 D RestrictionPolicy: userId: 0, isMicrophoneEnabledAsUser : true
05-06 16:31:08.206  1397  3322 D RestrictionPolicy: userId: 0, isMicrophoneEnabledAsUser : true
05-06 16:31:08.216  1397  2648 D RestrictionPolicy: userId: 0, isMicrophoneEnabledAsUser : true
05-06 16:31:08.216  1397  1415 D RestrictionPolicy: userId: 0, isMicrophoneEnabledAsUser : true
--------- beginning of main
05-06 16:31:08.216  1397  2213 D InputReader: Input event(6): value=1 when=194113694478000
05-06 16:31:08.216  1397  2531 D RestrictionPolicy: userId: 0, isMicrophoneEnabledAsUser : true
05-06 16:31:08.216  1397  2213 D InputReader: Input event(6): value=1 when=194113694478000
05-06 16:31:08.216  1397  2213 I InputReader: Touch event's action is 0x0 (deviceType=0) [pCnt=1, s=0.12075 ] when=194113694478000
05-06 16:31:08.216  1397  2213 D InputReader: lastThreadEndTime = 194107116043363, currentThreadStartTime = 194107116054717, diff = 0
05-06 16:31:08.216  1397  2212 I InputDispatcher: Delivering touch to (2592): action: 0x4, toolType: 1
05-06 16:31:08.216  1397  2212 I InputDispatcher: Delivering touch to (10583): action: 0x0, toolType: 1
05-06 16:31:08.216  1397  2212 I InputDispatcher: Delivering touch to (2592): action: 0x0, toolType: 1
05-06 16:31:08.216  1397  2441 D lights  : button : 1 +
05-06 16:31:08.216 10583 10583 D ViewRootImpl: ViewPostImeInputStage processPointer 0
05-06 16:31:08.226  1397  3317 D RestrictionPolicy: userId: 0, isMicrophoneEnabledAsUser : true
05-06 16:31:08.226  1397  3321 D RestrictionPolicy: userId: 0, isMicrophoneEnabledAsUser : true
05-06 16:31:08.246  1397  2441 D lights  : button : 1 -
05-06 16:31:08.276  1397  2213 D InputReader: Input event(6): value=0 when=194113757471000
05-06 16:31:08.276  1397  2213 D InputReader: Input event(6): value=0 when=194113757471000
05-06 16:31:08.276  1397  2213 I InputReader: Touch event's action is 0x1 (deviceType=0) [pCnt=1, s=] when=194113757471000
05-06 16:31:08.276  1397  2212 I InputDispatcher: Delivering touch to (10583): action: 0x1, toolType: 1
05-06 16:31:08.276  1397  2212 I InputDispatcher: Delivering touch to (2592): action: 0x1, toolType: 1
05-06 16:31:08.276 10583 10583 D ViewRootImpl: ViewPostImeInputStage processPointer 1
05-06 16:31:08.336  1397  3209 D RestrictionPolicy: userId: 0, isMicrophoneEnabledAsUser : true
05-06 16:31:08.336  1397  3355 D RestrictionPolicy: userId: 0, isMicrophoneEnabledAsUser : true
05-06 16:31:08.336  1397  3343 D RestrictionPolicy: userId: 0, isMicrophoneEnabledAsUser : true
05-06 16:31:08.336  1397  3107 D RestrictionPolicy: userId: 0, isMicrophoneEnabledAsUser : true
05-06 16:31:08.336  1397  2632 D RestrictionPolicy: userId: 0, isMicrophoneEnabledAsUser : true
05-06 16:31:08.336  1397  2460 D RestrictionPolicy: userId: 0, isMicrophoneEnabledAsUser : true
05-06 16:31:08.336  1397  2764 D RestrictionPolicy: userId: 0, isMicrophoneEnabledAsUser : true
05-06 16:31:08.456  1397  1416 D RestrictionPolicy: userId: 0, isMicrophoneEnabledAsUser : true
05-06 16:31:08.456  1397  2649 D RestrictionPolicy: userId: 0, isMicrophoneEnabledAsUser : true
05-06 16:31:08.456  1397  3322 D RestrictionPolicy: userId: 0, isMicrophoneEnabledAsUser : true
05-06 16:31:08.456  1397  2648 D RestrictionPolicy: userId: 0, isMicrophoneEnabledAsUser : true
05-06 16:31:08.466  1397  1415 D RestrictionPolicy: userId: 0, isMicrophoneEnabledAsUser : true
05-06 16:31:08.466  1397  2531 D RestrictionPolicy: userId: 0, isMicrophoneEnabledAsUser : true
05-06 16:31:08.586  1397  3317 D RestrictionPolicy: userId: 0, isMicrophoneEnabledAsUser : true
05-06 16:31:08.586  1397  3321 D RestrictionPolicy: userId: 0, isMicrophoneEnabledAsUser : true
05-06 16:31:08.586  1397  2697 D RestrictionPolicy: userId: 0, isMicrophoneEnabledAsUser : true
05-06 16:31:08.596  1397  3209 D RestrictionPolicy: userId: 0, isMicrophoneEnabledAsUser : true
05-06 16:31:08.596  1397  3355 D RestrictionPolicy: userId: 0, isMicrophoneEnabledAsUser : true
05-06 16:31:08.596  1397  3343 D RestrictionPolicy: userId: 0, isMicrophoneEnabledAsUser : true
05-06 16:31:08.596  1397  3107 D RestrictionPolicy: userId: 0, isMicrophoneEnabledAsUser : true
05-06 16:31:08.716  1397  2632 D RestrictionPolicy: userId: 0, isMicrophoneEnabledAsUser : true
05-06 16:31:08.716  1397  2460 D RestrictionPolicy: userId: 0, isMicrophoneEnabledAsUser : true
05-06 16:31:08.716  1397  2764 D RestrictionPolicy: userId: 0, isMicrophoneEnabledAsUser : true
05-06 16:31:08.716  1397  1416 D RestrictionPolicy: userId: 0, isMicrophoneEnabledAsUser : true
05-06 16:31:08.716  1397  2649 D RestrictionPolicy: userId: 0, isMicrophoneEnabledAsUser : true
05-06 16:31:08.726  1397  3322 D RestrictionPolicy: userId: 0, isMicrophoneEnabledAsUser : true
05-06 16:31:08.856  1397  2648 D RestrictionPolicy: userId: 0, isMicrophoneEnabledAsUser : true
05-06 16:31:08.856  1397  1415 D RestrictionPolicy: userId: 0, isMicrophoneEnabledAsUser : true
05-06 16:31:08.856  1397  2531 D RestrictionPolicy: userId: 0, isMicrophoneEnabledAsUser : true
05-06 16:31:08.866  1397  3317 D RestrictionPolicy: userId: 0, isMicrophoneEnabledAsUser : true
05-06 16:31:08.866  1397  3321 D RestrictionPolicy: userId: 0, isMicrophoneEnabledAsUser : true
05-06 16:31:08.866  1397  2697 D RestrictionPolicy: userId: 0, isMicrophoneEnabledAsUser : true
05-06 16:31:08.966  1397  3209 D RestrictionPolicy: userId: 0, isMicrophoneEnabledAsUser : true
05-06 16:31:08.976  1397  3355 D RestrictionPolicy: userId: 0, isMicrophoneEnabledAsUser : true
05-06 16:31:08.976  1397  3343 D RestrictionPolicy: userId: 0, isMicrophoneEnabledAsUser : true
05-06 16:31:08.976  1397  3107 D RestrictionPolicy: userId: 0, isMicrophoneEnabledAsUser : true
05-06 16:31:08.976  1397  2632 D RestrictionPolicy: userId: 0, isMicrophoneEnabledAsUser : true
05-06 16:31:08.976  1397  2460 D RestrictionPolicy: userId: 0, isMicrophoneEnabledAsUser : true
05-06 16:31:08.976  1397  2764 D RestrictionPolicy: userId: 0, isMicrophoneEnabledAsUser : true
05-06 16:31:09.086  2984  2984 D WfcPhoneStateListener: onSignalStrengthsChanged(): signal strength did not change
05-06 16:31:09.086  2592  2933 D NetworkController.MobileSignalController(0/1): onSignalStrengthsChanged signalStrength=SignalStrength: 99 99 -120 -160 -120 -1 -1 19 -101 -8 144 -1 2147483647 0x4000 gsm|lte level=4
05-06 16:31:09.086  2592  2933 D NetworkController.MobileSignalController(0/1): getMobileIconGroup(): 13
05-06 16:31:09.086  2592  2933 D NetworkController.MobileSignalController(0/1): updateTMOMobileIconGroup(): 13
05-06 16:31:09.096  1397  2531 D RestrictionPolicy: userId: 0, isMicrophoneEnabledAsUser : true
05-06 16:31:09.096  1397  3317 D RestrictionPolicy: userId: 0, isMicrophoneEnabledAsUser : true
05-06 16:31:09.106  1397  3321 D RestrictionPolicy: userId: 0, isMicrophoneEnabledAsUser : true
05-06 16:31:09.106  1397  2697 D RestrictionPolicy: userId: 0, isMicrophoneEnabledAsUser : true
05-06 16:31:09.106  1397  3209 D RestrictionPolicy: userId: 0, isMicrophoneEnabledAsUser : true
05-06 16:31:09.106  1397  3355 D RestrictionPolicy: userId: 0, isMicrophoneEnabledAsUser : true
05-06 16:31:09.226  1397  3343 D RestrictionPolicy: userId: 0, isMicrophoneEnabledAsUser : true
05-06 16:31:09.226  1397  3107 D RestrictionPolicy: userId: 0, isMicrophoneEnabledAsUser : true
05-06 16:31:09.236  1397  2632 D RestrictionPolicy: userId: 0, isMicrophoneEnabledAsUser : true
05-06 16:31:09.236  1397  2460 D RestrictionPolicy: userId: 0, isMicrophoneEnabledAsUser : true
05-06 16:31:09.236  1397  2764 D RestrictionPolicy: userId: 0, isMicrophoneEnabledAsUser : true
05-06 16:31:09.246  1397  1416 D RestrictionPolicy: userId: 0, isMicrophoneEnabledAsUser : true
05-06 16:31:09.246  1397  2649 D RestrictionPolicy: userId: 0, isMicrophoneEnabledAsUser : true
05-06 16:31:09.346  1397  1415 D RestrictionPolicy: userId: 0, isMicrophoneEnabledAsUser : true
05-06 16:31:09.346  1397  2531 D RestrictionPolicy: userId: 0, isMicrophoneEnabledAsUser : true
05-06 16:31:09.346  1397  3317 D RestrictionPolicy: userId: 0, isMicrophoneEnabledAsUser : true
05-06 16:31:09.356  1397  3321 D RestrictionPolicy: userId: 0, isMicrophoneEnabledAsUser : true
05-06 16:31:09.356  1397  2697 D RestrictionPolicy: userId: 0, isMicrophoneEnabledAsUser : true
05-06 16:31:09.356  1397  3209 D RestrictionPolicy: userId: 0, isMicrophoneEnabledAsUser : true
05-06 16:31:09.476  1397  3355 D RestrictionPolicy: userId: 0, isMicrophoneEnabledAsUser : true
05-06 16:31:09.476  1397  3343 D RestrictionPolicy: userId: 0, isMicrophoneEnabledAsUser : true
05-06 16:31:09.486  1397  3107 D RestrictionPolicy: userId: 0, isMicrophoneEnabledAsUser : true
05-06 16:31:09.486  1397  2632 D RestrictionPolicy: userId: 0, isMicrophoneEnabledAsUser : true
05-06 16:31:09.486  1397  2460 D RestrictionPolicy: userId: 0, isMicrophoneEnabledAsUser : true
05-06 16:31:09.496  1397  2764 D RestrictionPolicy: userId: 0, isMicrophoneEnabledAsUser : true
05-06 16:31:09.606  1397  3322 D RestrictionPolicy: userId: 0, isMicrophoneEnabledAsUser : true
05-06 16:31:09.616  1397  2648 D RestrictionPolicy: userId: 0, isMicrophoneEnabledAsUser : true
05-06 16:31:09.616  1397  1415 D RestrictionPolicy: userId: 0, isMicrophoneEnabledAsUser : true
05-06 16:31:09.616  1397  1415 D RestrictionPolicy: userId: 0, isMicrophoneEnabledAsUser : true
05-06 16:31:09.616  1397  3317 D RestrictionPolicy: userId: 0, isMicrophoneEnabledAsUser : true
05-06 16:31:09.626  1397  3321 D RestrictionPolicy: userId: 0, isMicrophoneEnabledAsUser : true
05-06 16:31:09.626  1397  2697 D RestrictionPolicy: userId: 0, isMicrophoneEnabledAsUser : true
05-06 16:31:09.716  1397  2441 D lights  : button : 0 +
05-06 16:31:09.736  1397  3209 D RestrictionPolicy: userId: 0, isMicrophoneEnabledAsUser : true
05-06 16:31:09.736  1397  3355 D RestrictionPolicy: userId: 0, isMicrophoneEnabledAsUser : true
05-06 16:31:09.746  1397  3343 D RestrictionPolicy: userId: 0, isMicrophoneEnabledAsUser : true
05-06 16:31:09.746  1397  3107 D RestrictionPolicy: userId: 0, isMicrophoneEnabledAsUser : true
05-06 16:31:09.746  1397  2632 D RestrictionPolicy: userId: 0, isMicrophoneEnabledAsUser : true
05-06 16:31:09.756  1397  2441 D lights  : button : 0 -
05-06 16:31:09.756  1397  2460 D RestrictionPolicy: userId: 0, isMicrophoneEnabledAsUser : true
05-06 16:31:09.856  1397  2764 D RestrictionPolicy: userId: 0, isMicrophoneEnabledAsUser : true
05-06 16:31:09.866  1397  1416 D RestrictionPolicy: userId: 0, isMicrophoneEnabledAsUser : true
05-06 16:31:09.866  1397  2649 D RestrictionPolicy: userId: 0, isMicrophoneEnabledAsUser : true
05-06 16:31:09.866  1397  3322 D RestrictionPolicy: userId: 0, isMicrophoneEnabledAsUser : true
05-06 16:31:09.866  1397  2648 D RestrictionPolicy: userId: 0, isMicrophoneEnabledAsUser : true
05-06 16:31:09.866  1397  2531 D RestrictionPolicy: userId: 0, isMicrophoneEnabledAsUser : true
05-06 16:31:09.876  1397  1415 D RestrictionPolicy: userId: 0, isMicrophoneEnabledAsUser : true
05-06 16:31:09.986  1397  3317 D RestrictionPolicy: userId: 0, isMicrophoneEnabledAsUser : true
05-06 16:31:09.996  1397  3321 D RestrictionPolicy: userId: 0, isMicrophoneEnabledAsUser : true
05-06 16:31:09.996  1397  2697 D RestrictionPolicy: userId: 0, isMicrophoneEnabledAsUser : true
05-06 16:31:09.996  1397  3209 D RestrictionPolicy: userId: 0, isMicrophoneEnabledAsUser : true
05-06 16:31:10.006  1397  3355 D RestrictionPolicy: userId: 0, isMicrophoneEnabledAsUser : true
05-06 16:31:10.006  1397  3343 D RestrictionPolicy: userId: 0, isMicrophoneEnabledAsUser : true
05-06 16:31:10.116  1397  2460 D RestrictionPolicy: userId: 0, isMicrophoneEnabledAsUser : true
05-06 16:31:10.116  1397  2764 D RestrictionPolicy: userId: 0, isMicrophoneEnabledAsUser : true
05-06 16:31:10.126  1397  1416 D RestrictionPolicy: userId: 0, isMicrophoneEnabledAsUser : true
05-06 16:31:10.126  1397  2649 D RestrictionPolicy: userId: 0, isMicrophoneEnabledAsUser : true
05-06 16:31:10.126  1397  3322 D RestrictionPolicy: userId: 0, isMicrophoneEnabledAsUser : true
05-06 16:31:10.126  1397  2648 D RestrictionPolicy: userId: 0, isMicrophoneEnabledAsUser : true
05-06 16:31:10.246  1397  2531 D RestrictionPolicy: userId: 0, isMicrophoneEnabledAsUser : true
05-06 16:31:10.256  1397  1415 D RestrictionPolicy: userId: 0, isMicrophoneEnabledAsUser : true
05-06 16:31:10.256  1397  3317 D RestrictionPolicy: userId: 0, isMicrophoneEnabledAsUser : true
05-06 16:31:10.256  1397  3321 D RestrictionPolicy: userId: 0, isMicrophoneEnabledAsUser : true
05-06 16:31:10.266  1397  2697 D RestrictionPolicy: userId: 0, isMicrophoneEnabledAsUser : true
05-06 16:31:10.266  1397  3209 D RestrictionPolicy: userId: 0, isMicrophoneEnabledAsUser : true
05-06 16:31:10.266  1397  3355 D RestrictionPolicy: userId: 0, isMicrophoneEnabledAsUser : true
05-06 16:31:10.366  1397  3343 D RestrictionPolicy: userId: 0, isMicrophoneEnabledAsUser : true
05-06 16:31:10.376  1397  3107 D RestrictionPolicy: userId: 0, isMicrophoneEnabledAsUser : true
05-06 16:31:10.376  1397  2632 D RestrictionPolicy: userId: 0, isMicrophoneEnabledAsUser : true
05-06 16:31:10.376  1397  2460 D RestrictionPolicy: userId: 0, isMicrophoneEnabledAsUser : true
05-06 16:31:10.376  1397  2764 D RestrictionPolicy: userId: 0, isMicrophoneEnabledAsUser : true
05-06 16:31:10.376  1397  1416 D RestrictionPolicy: userId: 0, isMicrophoneEnabledAsUser : true
05-06 16:31:10.506  1397  2649 D RestrictionPolicy: userId: 0, isMicrophoneEnabledAsUser : true
05-06 16:31:10.506  1397  3322 D RestrictionPolicy: userId: 0, isMicrophoneEnabledAsUser : true
05-06 16:31:10.506  1397  2648 D RestrictionPolicy: userId: 0, isMicrophoneEnabledAsUser : true
05-06 16:31:10.506  1397  2531 D RestrictionPolicy: userId: 0, isMicrophoneEnabledAsUser : true
05-06 16:31:10.516  1397  1415 D RestrictionPolicy: userId: 0, isMicrophoneEnabledAsUser : true
05-06 16:31:10.516  1397  3317 D RestrictionPolicy: userId: 0, isMicrophoneEnabledAsUser : true
05-06 16:31:10.516  1397  3321 D RestrictionPolicy: userId: 0, isMicrophoneEnabledAsUser : true
05-06 16:31:10.626  1397  2697 D RestrictionPolicy: userId: 0, isMicrophoneEnabledAsUser : true
05-06 16:31:10.626  1397  3209 D RestrictionPolicy: userId: 0, isMicrophoneEnabledAsUser : true
05-06 16:31:10.636  1397  3355 D RestrictionPolicy: userId: 0, isMicrophoneEnabledAsUser : true
05-06 16:31:10.636  1397  3343 D RestrictionPolicy: userId: 0, isMicrophoneEnabledAsUser : true
05-06 16:31:10.636  1397  3107 D RestrictionPolicy: userId: 0, isMicrophoneEnabledAsUser : true
05-06 16:31:10.636  1397  2632 D RestrictionPolicy: userId: 0, isMicrophoneEnabledAsUser : true
05-06 16:31:10.756  1397  2460 D RestrictionPolicy: userId: 0, isMicrophoneEnabledAsUser : true
05-06 16:31:10.766  1397  2764 D RestrictionPolicy: userId: 0, isMicrophoneEnabledAsUser : true
05-06 16:31:10.766  1397  1416 D RestrictionPolicy: userId: 0, isMicrophoneEnabledAsUser : true
05-06 16:31:10.766  1397  2649 D RestrictionPolicy: userId: 0, isMicrophoneEnabledAsUser : true
05-06 16:31:10.776  1397  3322 D RestrictionPolicy: userId: 0, isMicrophoneEnabledAsUser : true
05-06 16:31:10.776  1397  2648 D RestrictionPolicy: userId: 0, isMicrophoneEnabledAsUser : true
05-06 16:31:10.876  1397  2531 D RestrictionPolicy: userId: 0, isMicrophoneEnabledAsUser : true
05-06 16:31:10.876  1397  1415 D RestrictionPolicy: userId: 0, isMicrophoneEnabledAsUser : true
05-06 16:31:10.876  1397  3317 D RestrictionPolicy: userId: 0, isMicrophoneEnabledAsUser : true
05-06 16:31:10.886  1397  3321 D RestrictionPolicy: userId: 0, isMicrophoneEnabledAsUser : true
05-06 16:31:10.886  1397  2697 D RestrictionPolicy: userId: 0, isMicrophoneEnabledAsUser : true
05-06 16:31:10.886  1397  3209 D RestrictionPolicy: userId: 0, isMicrophoneEnabledAsUser : true
05-06 16:31:10.886  1397  3355 D RestrictionPolicy: userId: 0, isMicrophoneEnabledAsUser : true
05-06 16:31:11.006  1397  3343 D RestrictionPolicy: userId: 0, isMicrophoneEnabledAsUser : true
05-06 16:31:11.006  1397  3107 D RestrictionPolicy: userId: 0, isMicrophoneEnabledAsUser : true
05-06 16:31:11.006  1397  2632 D RestrictionPolicy: userId: 0, isMicrophoneEnabledAsUser : true
05-06 16:31:11.016  1397  2632 D RestrictionPolicy: userId: 0, isMicrophoneEnabledAsUser : true
05-06 16:31:11.016  1397  1416 D RestrictionPolicy: userId: 0, isMicrophoneEnabledAsUser : true
05-06 16:31:11.016  1397  2531 D RestrictionPolicy: userId: 0, isMicrophoneEnabledAsUser : true
05-06 16:31:11.026  1397  5400 D SSRM:n  : SIOP:: AP = 260, PST = 275 (W:10), CP = 28, CUR = 248, LCD = 33
05-06 16:31:11.026 30235 30235 I FIPS_bssl: FIPS approved mode (1) | 30235 | app_process
05-06 16:31:11.046 30235 30235 D AndroidRuntime: >>>>>> START com.android.internal.os.RuntimeInit uid 2000 <<<<<<
05-06 16:31:11.046 30235 30235 D AndroidRuntime: CheckJNI is OFF
05-06 16:31:11.056 30235 30235 D AndroidRuntime: readGMSProperty: start
05-06 16:31:11.056 30235 30235 D AndroidRuntime: readGMSProperty: already setted!!
05-06 16:31:11.056 30235 30235 D AndroidRuntime: propertySet: couldn't set property (it is from app)
05-06 16:31:11.056 30235 30235 D AndroidRuntime: readGMSProperty: could not set the property(default)!!
05-06 16:31:11.056 30235 30235 D AndroidRuntime: propertySet: couldn't set property (it is from app)
05-06 16:31:11.056 30235 30235 D AndroidRuntime: propertySet: couldn't set property (it is from app)
05-06 16:31:11.056 30235 30235 D AndroidRuntime: propertySet: couldn't set property (it is from app)
05-06 16:31:11.056 30235 30235 D AndroidRuntime: propertySet: couldn't set property (it is from app)
05-06 16:31:11.056 30235 30235 D AndroidRuntime: readGMSProperty: end
05-06 16:31:11.056 30235 30235 D AndroidRuntime: addProductProperty: start
05-06 16:31:11.086  1397  1416 D PowerManagerService: [api] release WakeLock flags=0x10000006 tag=PowerUI.Notification uid=10067 pid=2592 (0x0)
05-06 16:31:11.106 30235 30235 D ICU     : No timezone override file found: /data/misc/zoneinfo/current/icu/icu_tzdata.dat
05-06 16:31:11.136  1397  2649 D RestrictionPolicy: userId: 0, isMicrophoneEnabledAsUser : true
05-06 16:31:11.136  1397  3322 D RestrictionPolicy: userId: 0, isMicrophoneEnabledAsUser : true
05-06 16:31:11.136  1397  2764 D RestrictionPolicy: userId: 0, isMicrophoneEnabledAsUser : true
05-06 16:31:11.146  1397  2531 D RestrictionPolicy: userId: 0, isMicrophoneEnabledAsUser : true
05-06 16:31:11.146  1397  3317 D RestrictionPolicy: userId: 0, isMicrophoneEnabledAsUser : true
05-06 16:31:11.146  1397  2632 D RestrictionPolicy: userId: 0, isMicrophoneEnabledAsUser : true
05-06 16:31:11.146  1397  2460 D RestrictionPolicy: userId: 0, isMicrophoneEnabledAsUser : true
05-06 16:31:11.166 30235 30235 I Radio-JNI: register_android_hardware_Radio DONE
05-06 16:31:11.176 30235 30235 E AffinityControl: AffinityControl: registerfunction enter
05-06 16:31:11.196 30235 30235 D AndroidRuntime: Calling main entry com.android.commands.pm.Pm
05-06 16:31:11.206  1397  2648 D PackageManager: START PACKAGE DELETE: observer{235647191}
05-06 16:31:11.206  1397  2648 D PackageManager: pkg{<packageName>}
05-06 16:31:11.206  1397  2648 D PackageManager: user{0}
05-06 16:31:11.206  1397  2648 D PackageManager: caller{2000}
05-06 16:31:11.206  1397  2648 D PackageManager: flags{2}
05-06 16:31:11.206  1397  2648 D PersonaManagerService: isFromApprovedUnInstaller: uid, userId, appid : 2000 0 2000
05-06 16:31:11.206  1397  1468 I ActivityManager: Force stopping plv.colorado.edu.callinsbenchmark appid=10290 user=-1: uninstall pkg
05-06 16:31:11.206  1397  2648 D PersonaManagerService: isFromApprovedUnInstaller: isApproved : true
05-06 16:31:11.206  1397  2648 D PersonaManagerService: isFromApprovedUnInstaller: isApproved before exit: true
05-06 16:31:11.206  1397  2648 D PackageManager: deletePackageAsUser- pkg:plv.colorado.edu.callinsbenchmark, userId:0, flag2
05-06 16:31:11.206  1397  2648 D PackageManager: deletePackageAsUser- pkg:plv.colorado.edu.callinsbenchmark, userId:0, flag2
05-06 16:31:11.206  1397  1571 D PackageManager: [MSG] DELETE_PACKAGE_AS_USER
05-06 16:31:11.206  1397  1571 D PackageManagerService: deletePackage- pkg:plv.colorado.edu.callinsbenchmark, edmuserId:0
05-06 16:31:11.206  1397  1571 D PackageManagerService: deletePackage- pkg:plv.colorado.edu.callinsbenchmark, edmuserId:-1
05-06 16:31:11.206  1397  1571 D ApplicationPolicy: getApplicationUninstallationEnabled
05-06 16:31:11.206  1397  1571 D ApplicationPolicy: getApplicationUninstallationEnabled :  enabled true
05-06 16:31:11.206  1397  1571 I PackageManager: !@  calling am.removeDeletedPkgsFromLru from PMS
05-06 16:31:11.206  1397  1571 D ActivityManager: removeDeletedPkgsFromLruStats called in AMS...plv.colorado.edu.callinsbenchmark
05-06 16:31:11.206  1397  1571 D PackageManager: !@killApplicatoin: 10290, uninstall pkg
05-06 16:31:11.206  1397  1571 I PackageManager: !@  calling am.removeDeletedPkgsFromLru from PMS
05-06 16:31:11.206  1397  1571 D ActivityManager: removeDeletedPkgsFromLruStats called in AMS...plv.colorado.edu.callinsbenchmark
05-06 16:31:11.276  1397  1415 D RestrictionPolicy: userId: 0, isMicrophoneEnabledAsUser : true
05-06 16:31:11.276  1397  2697 D RestrictionPolicy: userId: 0, isMicrophoneEnabledAsUser : true
05-06 16:31:11.276  1397  3209 D RestrictionPolicy: userId: 0, isMicrophoneEnabledAsUser : true
05-06 16:31:11.276  1397  3355 D RestrictionPolicy: userId: 0, isMicrophoneEnabledAsUser : true
05-06 16:31:11.276  1397  3343 D RestrictionPolicy: userId: 0, isMicrophoneEnabledAsUser : true
05-06 16:31:11.286  1397  3107 D RestrictionPolicy: userId: 0, isMicrophoneEnabledAsUser : true
05-06 16:31:11.386  1397  1416 D RestrictionPolicy: userId: 0, isMicrophoneEnabledAsUser : true
05-06 16:31:11.386  1397  2649 D RestrictionPolicy: userId: 0, isMicrophoneEnabledAsUser : true
05-06 16:31:11.386  1397  3322 D RestrictionPolicy: userId: 0, isMicrophoneEnabledAsUser : true
05-06 16:31:11.396  1397  2764 D RestrictionPolicy: userId: 0, isMicrophoneEnabledAsUser : true
05-06 16:31:11.396  1397  2531 D RestrictionPolicy: userId: 0, isMicrophoneEnabledAsUser : true
05-06 16:31:11.396  1397  3317 D RestrictionPolicy: userId: 0, isMicrophoneEnabledAsUser : true
05-06 16:31:11.426  1397  1571 W System.err: remove failed: ENOENT (No such file or directory) : /data/system/packages.xml.bak
05-06 16:31:11.516  1397  2632 D RestrictionPolicy: userId: 0, isMicrophoneEnabledAsUser : true
05-06 16:31:11.516  1397  2460 D RestrictionPolicy: userId: 0, isMicrophoneEnabledAsUser : true
05-06 16:31:11.516  1397  3321 D RestrictionPolicy: userId: 0, isMicrophoneEnabledAsUser : true
05-06 16:31:11.516  1397  2648 D RestrictionPolicy: userId: 0, isMicrophoneEnabledAsUser : true
05-06 16:31:11.526  1397  1415 D RestrictionPolicy: userId: 0, isMicrophoneEnabledAsUser : true
05-06 16:31:11.526  1397  2697 D RestrictionPolicy: userId: 0, isMicrophoneEnabledAsUser : true
05-06 16:31:11.526  1397  3209 D RestrictionPolicy: userId: 0, isMicrophoneEnabledAsUser : true
05-06 16:31:11.536  1397  1571 W System.err: remove failed: ENOENT (No such file or directory) : /data/system/users/0/package-restrictions.xml.bak
05-06 16:31:11.536   944   944 W keystore: ENTER clear_uid from uid 1000 for 10290
05-06 16:31:11.536  1397  1571 I art     : Starting a blocking GC Explicit
05-06 16:31:11.556  1397  3355 D BatteryService: !@BatteryListener : batteryPropertiesChanged!
05-06 16:31:11.556  1397  3355 D BatteryService: level:100, scale:100, status:5, health:2, present:true, voltage: 4336, temperature: 257, technology: Li-ion, AC powered:false, USB powered:true, POGO powered:false, Wireless powered:false, icon:17303418, invalid charger:0, maxChargingCurrent:0
05-06 16:31:11.556  1397  3355 D BatteryService: online:4, current avg:224, charge type:1, power sharing:false, high voltage charger:false, capacity:280000, batterySWSelfDischarging:false, current_now:0
05-06 16:31:11.556  1397  1397 D BatteryService: Sending ACTION_BATTERY_CHANGED.
05-06 16:31:11.556  1397  1397 I MotionRecognitionService: Plugged
05-06 16:31:11.556  1397  1397 D MotionRecognitionService:   cableConnection= 1
05-06 16:31:11.556  1397  1397 D MotionRecognitionService: setPowerConnected | current backoffstate  = 1024 , state =1024
05-06 16:31:11.556  1397  1397 D MotionRecognitionService: skip setTransmitPower. 
05-06 16:31:11.566  1397  1397 I Tethering: BATTERY_CHANGED, level = 100lowBatteryThreshold = 15
05-06 16:31:11.566  1397  2388 D WifiController: ApOrStaEnabledState  msg.what= 155652
05-06 16:31:11.566  2592  2592 D KeyguardUpdateMonitor: received broadcast android.intent.action.BATTERY_CHANGED
05-06 16:31:11.566  2592  2592 D KeyguardUpdateMonitor: handleBatteryUpdate
05-06 16:31:11.566  2592  2592 D PowerUI : priorPlugType = 2 mPlugType =  2
05-06 16:31:11.566  2613  2613 D BatteryMonitor: new battery level: 100
05-06 16:31:11.576 11623 11623 V HeadsetService: HeadsetService - Received Intent.ACTION_BATTERY_CHANGED
05-06 16:31:11.576 11623 12758 D HeadsetStateMachine: Disconnected process message: 10, size: 0
05-06 16:31:11.586  2592  2592 D BatteryMeterView: ACTION_BATTERY_CHANGED : level:100 status:5 health:2
05-06 16:31:11.586  2592  2592 D BatteryMeterView: ACTION_BATTERY_CHANGED : level:100 status:5 health:2
05-06 16:31:11.646  1397  2648 D RestrictionPolicy: userId: 0, isMicrophoneEnabledAsUser : true
05-06 16:31:11.646  1397  1415 D RestrictionPolicy: userId: 0, isMicrophoneEnabledAsUser : true
05-06 16:31:11.646  1397  2697 D RestrictionPolicy: userId: 0, isMicrophoneEnabledAsUser : true
05-06 16:31:11.646  1397  3209 D RestrictionPolicy: userId: 0, isMicrophoneEnabledAsUser : true
05-06 16:31:11.656  1397  3209 D RestrictionPolicy: userId: 0, isMicrophoneEnabledAsUser : true
05-06 16:31:11.656  1397  3209 D RestrictionPolicy: userId: 0, isMicrophoneEnabledAsUser : true
05-06 16:31:11.736  1397  1571 I art     : Explicit concurrent mark sweep GC freed 241400(13MB) AllocSpace objects, 36(720KB) LOS objects, 16% free, 81MB/97MB, paused 1.920ms total 198.373ms
05-06 16:31:11.736  1397  1571 D AASAuninstall: userId = 0, info.removedAppID = 10290, info.uid = 10290, packageName = plv.colorado.edu.callinsbenchmark
05-06 16:31:11.736  1397  1571 D PackageManager: result of delete: 1{235647191}
Success
05-06 16:31:11.736  1397  1571 W ResourcesManager: getTopLevelResources: /system/priv-app/SecMms_Epic_Common/SecMms_Epic_Common.apk / 1.0 running in null rsrc of package com.android.mms
05-06 16:31:11.736  1397  1571 D ResourcesManager: For user 0 new overlays fetched [/data/overlays/style/com.cambunch.MaterialDark/com.cambunch.MaterialDark.touchwiz.apk, /data/overlays/style/com.cambunch.MaterialDark/com.cambunch.MaterialDark.mms.apk, /data/overlays/style/com.cambunch.MaterialDark/com.cambunch.MaterialDark.common.apk]
05-06 16:31:11.746 30235 30235 I art     : System.exit called, status: 0
05-06 16:31:11.746 30235 30235 I AndroidRuntime: VM exiting with result code 0.
05-06 16:31:11.746  1397  1571 W ResourcesManager: getTopLevelResources: /data/app/com.google.android.apps.messaging-1/base.apk / 1.0 running in null rsrc of package com.google.android.apps.messaging
05-06 16:31:11.746  1397  1571 D ResourcesManager: For user 0 new overlays fetched Null
05-06 16:31:11.746  1397  1571 W ResourcesManager: getTopLevelResources: /data/app/org.thoughtcrime.securesms-1/base.apk / 1.0 running in null rsrc of package org.thoughtcrime.securesms
05-06 16:31:11.746  1397  1571 D ResourcesManager: For user 0 new overlays fetched Null
05-06 16:31:11.746  1397  1571 W ResourcesManager: getTopLevelResources: /data/app/com.facebook.orca-2/base.apk / 1.0 running in null rsrc of package com.facebook.orca
05-06 16:31:11.776  1397  1416 D RestrictionPolicy: userId: 0, isMicrophoneEnabledAsUser : true
05-06 16:31:11.776  1397  3107 D RestrictionPolicy: userId: 0, isMicrophoneEnabledAsUser : true
05-06 16:31:11.776  1397  2649 D RestrictionPolicy: userId: 0, isMicrophoneEnabledAsUser : true
05-06 16:31:11.776  1397  3322 D RestrictionPolicy: userId: 0, isMicrophoneEnabledAsUser : true
05-06 16:31:11.776  1397  2764 D RestrictionPolicy: userId: 0, isMicrophoneEnabledAsUser : true
05-06 16:31:11.776  1397  2531 D RestrictionPolicy: userId: 0, isMicrophoneEnabledAsUser : true
05-06 16:31:11.776  1397  3317 D RestrictionPolicy: userId: 0, isMicrophoneEnabledAsUser : true
05-06 16:31:11.886  1397  1571 D ResourcesManager: For user 0 new overlays fetched Null
05-06 16:31:11.886  1397  1571 D PackageManager: [MSG] START_CLEANING_PACKAGE packageName{plv.colorado.edu.callinsbenchmark}
05-06 16:31:11.886  1397  1571 D PackageManager: userId{-1}
05-06 16:31:11.886  1397  1571 D PackageManager: andCode{true}
05-06 16:31:11.906  1397  2632 D RestrictionPolicy: userId: 0, isMicrophoneEnabledAsUser : true
05-06 16:31:11.906 30246 30246 E Zygote  : v2
05-06 16:31:11.906 30246 30246 I libpersona: KNOX_SDCARD checking this for 10009
05-06 16:31:11.906 30246 30246 I libpersona: KNOX_SDCARD not a persona
05-06 16:31:11.906 30246 30246 E libpersona: scanKnoxPersonas
05-06 16:31:11.906 30246 30246 E libpersona: Couldn't open the File - /data/system/users/0/personalist.xml - No such file or directory
05-06 16:31:11.906  1397  2460 D RestrictionPolicy: userId: 0, isMicrophoneEnabledAsUser : true
05-06 16:31:11.906  1397  3321 D RestrictionPolicy: userId: 0, isMicrophoneEnabledAsUser : true
05-06 16:31:11.906  1397  2648 D RestrictionPolicy: userId: 0, isMicrophoneEnabledAsUser : true
05-06 16:31:11.906  1397  1415 D RestrictionPolicy: userId: 0, isMicrophoneEnabledAsUser : true
05-06 16:31:11.906 30246 30246 W SELinux : Function: selinux_compare_spd_ram, index[1], priority [2], priority version is VE=SEPF_SECMOBILE_6.0.1_0010
05-06 16:31:11.906  1397  2697 D RestrictionPolicy: userId: 0, isMicrophoneEnabledAsUser : true
05-06 16:31:11.916 30246 30246 E Zygote  : accessInfo : 0
05-06 16:31:11.916 30246 30246 E libpersona: scanKnoxPersonas
05-06 16:31:11.916 30246 30246 E libpersona: Couldn't open the File - /data/system/users/0/personalist.xml - No such file or directory
05-06 16:31:11.916  1397  1571 I ActivityManager: Start proc 30246:com.android.defcontainer/u0a9 for service com.android.defcontainer/.DefaultContainerService
05-06 16:31:11.916  1397  1571 I ActivityManager: Force stopping plv.colorado.edu.callinsbenchmark appid=10290 user=0: pkg removed
05-06 16:31:11.996  1397  1397 W ResourcesManager: getTopLevelResources: /data/app/com.google.android.gms-1/base.apk / 1.0 running in null rsrc of package com.google.android.gms
05-06 16:31:11.996  1397  1397 D ResourcesManager: For user 0 new overlays fetched Null
05-06 16:31:12.006  1397  2374 V NetworkStats: removeUidsLocked() for UIDs [10290]
05-06 16:31:12.006  1397  2374 D NtpTrustedTime: currentTimeMillis() cache hit
05-06 16:31:12.006  1397  2374 V NetworkStats: performPollLocked(flags=0x3)
05-06 16:31:12.006  1397  1397 W ResourcesManager: getTopLevelResources: /data/app/com.google.android.gms-1/base.apk / 1.0 running in null rsrc of package com.google.android.gms
05-06 16:31:12.006  1397  1397 W ResourcesManager: getTopLevelResources: /system/priv-app/SNS_v2/SNS_v2.apk / 1.0 running in null rsrc of package com.sec.android.app.sns3
05-06 16:31:12.016  1397  1397 D ResourcesManager: For user 0 new overlays fetched Null
05-06 16:31:12.016  1397  1397 W ResourcesManager: getTopLevelResources: /system/priv-app/SNS_v2/SNS_v2.apk / 1.0 running in null rsrc of package com.sec.android.app.sns3
05-06 16:31:12.016  1397  1397 W ResourcesManager: getTopLevelResources: /system/priv-app/SNS_v2/SNS_v2.apk / 1.0 running in null rsrc of package com.sec.android.app.sns3
05-06 16:31:12.016  1397  1397 W ResourcesManager: getTopLevelResources: /system/priv-app/SNS_v2/SNS_v2.apk / 1.0 running in null rsrc of package com.sec.android.app.sns3
05-06 16:31:12.016  1397  1397 W ResourcesManager: getTopLevelResources: /system/priv-app/SNS_v2/SNS_v2.apk / 1.0 running in null rsrc of package com.sec.android.app.sns3
05-06 16:31:12.016  1397  1397 W ResourcesManager: getTopLevelResources: /system/priv-app/SNS_v2/SNS_v2.apk / 1.0 running in null rsrc of package com.sec.android.app.sns3
05-06 16:31:12.016  1397  1397 W ResourcesManager: getTopLevelResources: /system/priv-app/SNS_v2/SNS_v2.apk / 1.0 running in null rsrc of package com.sec.android.app.sns3
05-06 16:31:12.016  1397  1397 W ResourcesManager: getTopLevelResources: /system/priv-app/SNS_v2/SNS_v2.apk / 1.0 running in null rsrc of package com.sec.android.app.sns3
05-06 16:31:12.016  1397  1397 W ResourcesManager: getTopLevelResources: /system/priv-app/SNS_v2/SNS_v2.apk / 1.0 running in null rsrc of package com.sec.android.app.sns3
05-06 16:31:12.016  1397  1397 W ResourcesManager: getTopLevelResources: /system/priv-app/SNS_v2/SNS_v2.apk / 1.0 running in null rsrc of package com.sec.android.app.sns3
05-06 16:31:12.016  1397  1397 W ResourcesManager: getTopLevelResources: /system/priv-app/SamsungAccount_Hero/SamsungAccount_Hero.apk / 1.0 running in null rsrc of package com.osp.app.signin
05-06 16:31:12.026  1397  1397 D ResourcesManager: For user 0 new overlays fetched Null
05-06 16:31:12.026  1397  1397 W ResourcesManager: getTopLevelResources: /system/priv-app/SamsungAccount_Hero/SamsungAccount_Hero.apk / 1.0 running in null rsrc of package com.osp.app.signin
05-06 16:31:12.026  1397  1397 W ResourcesManager: getTopLevelResources: /system/app/CoreApps/CoreApps.apk / 1.0 running in null rsrc of package com.samsung.android.coreapps
05-06 16:31:12.026  1397  1397 D ResourcesManager: For user 0 new overlays fetched [/data/overlays/style/com.cambunch.MaterialDark/com.cambunch.MaterialDark.touchwiz.apk, /data/overlays/style/com.cambunch.MaterialDark/com.cambunch.MaterialDark.coreapps.apk, /data/overlays/style/com.cambunch.MaterialDark/com.cambunch.MaterialDark.common.apk]
05-06 16:31:12.026  1397  1397 W ResourceType: ResTable_typeSpec entry count inconsistent: given 3, previously 118
05-06 16:31:12.026 30246 30246 D TimaKeyStoreProvider: TimaSignature is unavailable
05-06 16:31:12.026 30246 30246 D ActivityThread: Added TimaKeyStore provider
05-06 16:31:12.026  1397  1397 W ResourcesManager: getTopLevelResources: /system/app/CoreApps/CoreApps.apk / 1.0 running in null rsrc of package com.samsung.android.coreapps
05-06 16:31:12.026  1397  1397 W ResourcesManager: getTopLevelResources: /data/app/com.google.android.gm-1/base.apk / 1.0 running in null rsrc of package com.google.android.gm
05-06 16:31:12.026  1397  1397 W ResourcesManager: getTopLevelResources: /data/app/com.google.android.gm-1/base.apk / 1.0 running in null rsrc of package com.google.android.gm
05-06 16:31:12.026  1397  1397 W ResourcesManager: getTopLevelResources: /data/app/com.google.android.gm-1/base.apk / 1.0 running in null rsrc of package com.google.android.gm
05-06 16:31:12.026  1397  1397 W ResourcesManager: getTopLevelResources: /data/app/com.google.android.gm-1/base.apk / 1.0 running in null rsrc of package com.google.android.gm
05-06 16:31:12.026  1397  1397 W ResourcesManager: getTopLevelResources: /data/app/com.google.android.gm-1/base.apk / 1.0 running in null rsrc of package com.google.android.gm
05-06 16:31:12.026  1397  1397 W ResourcesManager: getTopLevelResources: /data/app/com.google.android.gm-1/base.apk / 1.0 running in null rsrc of package com.google.android.gm
05-06 16:31:12.026  1397  1397 W ResourcesManager: getTopLevelResources: /data/app/com.humblebundle.library-1/base.apk / 1.0 running in null rsrc of package com.humblebundle.library
05-06 16:31:12.036  1397  1397 D ResourcesManager: For user 0 new overlays fetched Null
05-06 16:31:12.036  1397  1397 W ResourcesManager: getTopLevelResources: /data/app/com.humblebundle.library-1/base.apk / 1.0 running in null rsrc of package com.humblebundle.library
05-06 16:31:12.036  1397  1397 W ResourcesManager: getTopLevelResources: /data/app/com.microsoft.office.onenote-1/base.apk / 1.0 running in null rsrc of package com.microsoft.office.onenote
05-06 16:31:12.036  1397  2697 D RestrictionPolicy: userId: 0, isMicrophoneEnabledAsUser : true
05-06 16:31:12.036  1397  2649 D RestrictionPolicy: userId: 0, isMicrophoneEnabledAsUser : true
05-06 16:31:12.046  1397  3322 D RestrictionPolicy: userId: 0, isMicrophoneEnabledAsUser : true
05-06 16:31:12.046  1397  2632 D RestrictionPolicy: userId: 0, isMicrophoneEnabledAsUser : true
05-06 16:31:12.046  1397  3343 D RestrictionPolicy: userId: 0, isMicrophoneEnabledAsUser : true
05-06 16:31:12.046  1397  2460 D RestrictionPolicy: userId: 0, isMicrophoneEnabledAsUser : true
05-06 16:31:12.046  1397  1397 D ResourcesManager: For user 0 new overlays fetched Null
05-06 16:31:12.046  1397  1397 W ResourcesManager: getTopLevelResources: /data/app/com.microsoft.office.onenote-1/base.apk / 1.0 running in null rsrc of package com.microsoft.office.onenote
05-06 16:31:12.046  1397  1397 W ResourcesManager: getTopLevelResources: /data/app/com.microsoft.office.onenote-1/base.apk / 1.0 running in null rsrc of package com.microsoft.office.onenote
05-06 16:31:12.046  1397  1397 W ResourcesManager: getTopLevelResources: /data/app/com.microsoft.office.onenote-1/base.apk / 1.0 running in null rsrc of package com.microsoft.office.onenote
05-06 16:31:12.046  1397  1397 W ResourcesManager: getTopLevelResources: /data/app/org.thoughtcrime.securesms-1/base.apk / 1.0 running in null rsrc of package org.thoughtcrime.securesms
05-06 16:31:12.046  1397  1397 W ResourcesManager: getTopLevelResources: /data/app/org.thoughtcrime.securesms-1/base.apk / 1.0 running in null rsrc of package org.thoughtcrime.securesms
05-06 16:31:12.046 30246 30246 W ResourcesManager: getTopLevelResources: /system/priv-app/DefaultContainerService/DefaultContainerService.apk / 1.0 running in com.android.defcontainer rsrc of package com.android.defcontainer
05-06 16:31:12.046  1397  1397 W ResourcesManager: getTopLevelResources: /data/app/org.mozilla.firefox-2/base.apk / 1.0 running in null rsrc of package org.mozilla.firefox
05-06 16:31:12.046  1397  1397 W ResourcesManager: getTopLevelResources: /data/app/org.mozilla.firefox-2/base.apk / 1.0 running in null rsrc of package org.mozilla.firefox
05-06 16:31:12.046 30246 30246 I InjectionManager: Inside getClassLibPath + mLibMap{0=, 1=}
05-06 16:31:12.046  1397  1397 W ResourcesManager: getTopLevelResources: /data/app/com.skype.raider-2/base.apk / 1.0 running in null rsrc of package com.skype.raider
05-06 16:31:12.046  1397  2648 I InjectionManagerService -AppFeature: getCoreFeaturePkgList :[]
05-06 16:31:12.046  1397  1397 D ResourcesManager: For user 0 new overlays fetched Null
05-06 16:31:12.046  1397  1397 W ResourcesManager: getTopLevelResources: /data/app/com.skype.raider-2/base.apk / 1.0 running in null rsrc of package com.skype.raider
05-06 16:31:12.046  1397  1397 W ResourcesManager: getTopLevelResources: /data/app/com.facebook.orca-2/base.apk / 1.0 running in null rsrc of package com.facebook.orca
05-06 16:31:12.046 30246 30246 D ResourcesManager: For user 0 new overlays fetched Null
05-06 16:31:12.056  1397  1397 W ResourcesManager: getTopLevelResources: /data/app/com.facebook.orca-2/base.apk / 1.0 running in null rsrc of package com.facebook.orca
05-06 16:31:12.056  1397  1397 V EnterpriseBillingAsyncHandler: packageModificationReceiver - onreceive - start - android.intent.action.PACKAGE_FULLY_REMOVED
05-06 16:31:12.056  1397  2437 V EnterpriseBillingPolicyInternal: packageModification -  start - android.intent.action.PACKAGE_FULLY_REMOVED
05-06 16:31:12.056  1397  2437 V EnterpriseBillingPolicyInternal: uID is 10290
05-06 16:31:12.056  1397  2437 V EnterpriseBillingPolicyInternal: Removed Packageuid is0
05-06 16:31:12.056  1397  2437 V EnterpriseBillingPolicyStorage: getProfileForApplication - enter
05-06 16:31:12.056  1397  1397 D EnterpriseSCEPPolicy: Package actually removal
05-06 16:31:12.056  1397  1397 D EnterpriseSCEPPolicy: mPriority = 0
05-06 16:31:12.056  1397  2437 V EnterpriseBillingPolicyStorage: getProfileForApplication - exit null : containerId = 0
05-06 16:31:12.056  1397  2437 V EnterpriseBillingPolicyInternal: packageModificationReceiver - onreceive - personal application - profile null
05-06 16:31:12.056 30246 30246 I InjectionManager: Inside getClassLibPath caller 
05-06 16:31:12.056  1397  1397 W ResourcesManager: getTopLevelResources: /system/priv-app/GoogleServicesFramework/GoogleServicesFramework.apk / 1.0 running in null rsrc of package com.google.android.gsf
05-06 16:31:12.066 30246 30246 D InjectionManager: InjectionManager
05-06 16:31:12.066 30246 30246 D InjectionManager: fillFeatureStoreMap com.android.defcontainer
05-06 16:31:12.066 30246 30246 I InjectionManager: Constructor com.android.defcontainer, Feature store :{}
05-06 16:31:12.066 30246 30246 I InjectionManager: featureStore :{}
05-06 16:31:12.066  1397  1397 D ResourcesManager: For user 0 new overlays fetched Null
05-06 16:31:12.066  1397  1397 W ResourcesManager: getTopLevelResources: /system/priv-app/GoogleServicesFramework/GoogleServicesFramework.apk / 1.0 running in null rsrc of package com.google.android.gsf
05-06 16:31:12.066  1397  1397 W ResourcesManager: getTopLevelResources: /system/priv-app/SCloudServiceHero/SCloudServiceHero.apk / 1.0 running in null rsrc of package com.samsung.android.scloud
05-06 16:31:12.066  1397  1397 D ResourcesManager: For user 0 new overlays fetched [/data/overlays/style/com.cambunch.MaterialDark/com.cambunch.MaterialDark.touchwiz.apk, /data/overlays/style/com.cambunch.MaterialDark/com.cambunch.MaterialDark.backup.apk, /data/overlays/style/com.cambunch.MaterialDark/com.cambunch.MaterialDark.common.apk]
05-06 16:31:12.066  1397  2374 D NetworkStats: IMS LinkProperties is not null
05-06 16:31:12.076  1397  1397 W ResourcesManager: getTopLevelResources: /system/priv-app/SCloudServiceHero/SCloudServiceHero.apk / 1.0 running in null rsrc of package com.samsung.android.scloud
05-06 16:31:12.076  1397  1397 W ResourcesManager: getTopLevelResources: /system/priv-app/SCloudServiceHero/SCloudServiceHero.apk / 1.0 running in null rsrc of package com.samsung.android.scloud
05-06 16:31:12.076  1397  1397 W ResourcesManager: getTopLevelResources: /system/priv-app/SCloudServiceHero/SCloudServiceHero.apk / 1.0 running in null rsrc of package com.samsung.android.scloud
05-06 16:31:12.076  1397  1397 W ResourcesManager: getTopLevelResources: /system/priv-app/SCloudServiceHero/SCloudServiceHero.apk / 1.0 running in null rsrc of package com.samsung.android.scloud
05-06 16:31:12.076  1397  1397 W ResourcesManager: getTopLevelResources: /system/priv-app/SCloudServiceHero/SCloudServiceHero.apk / 1.0 running in null rsrc of package com.samsung.android.scloud
05-06 16:31:12.076  1397  1397 W ResourcesManager: getTopLevelResources: /system/priv-app/SCloudServiceHero/SCloudServiceHero.apk / 1.0 running in null rsrc of package com.samsung.android.scloud
05-06 16:31:12.076  1397  1397 W ResourcesManager: getTopLevelResources: /system/priv-app/SCloudServiceHero/SCloudServiceHero.apk / 1.0 running in null rsrc of package com.samsung.android.scloud
05-06 16:31:12.076  1397  1397 W ResourcesManager: getTopLevelResources: /system/priv-app/SCloudServiceHero/SCloudServiceHero.apk / 1.0 running in null rsrc of package com.samsung.android.scloud
05-06 16:31:12.076  1397  1397 W ResourcesManager: getTopLevelResources: /system/priv-app/SCloudServiceHero/SCloudServiceHero.apk / 1.0 running in null rsrc of package com.samsung.android.scloud
05-06 16:31:12.076  1397  1397 W ResourcesManager: getTopLevelResources: /system/priv-app/SCloudServiceHero/SCloudServiceHero.apk / 1.0 running in null rsrc of package com.samsung.android.scloud
05-06 16:31:12.076  1397  1397 W ResourcesManager: getTopLevelResources: /system/priv-app/SCloudServiceHero/SCloudServiceHero.apk / 1.0 running in null rsrc of package com.samsung.android.scloud
05-06 16:31:12.076  1397  1397 W ResourcesManager: getTopLevelResources: /system/priv-app/SCloudServiceHero/SCloudServiceHero.apk / 1.0 running in null rsrc of package com.samsung.android.scloud
05-06 16:31:12.076  1397  1397 W ResourcesManager: getTopLevelResources: /system/priv-app/SCloudServiceHero/SCloudServiceHero.apk / 1.0 running in null rsrc of package com.samsung.android.scloud
05-06 16:31:12.076  1397  1397 W ResourcesManager: getTopLevelResources: /system/priv-app/SNS_v2/SNS_v2.apk / 1.0 running in null rsrc of package com.sec.android.app.sns3
05-06 16:31:12.076  1397  1397 W ResourcesManager: getTopLevelResources: /system/priv-app/SNS_v2/SNS_v2.apk / 1.0 running in null rsrc of package com.sec.android.app.sns3
05-06 16:31:12.076  1397  1397 W ResourcesManager: getTopLevelResources: /system/priv-app/SNS_v2/SNS_v2.apk / 1.0 running in null rsrc of package com.sec.android.app.sns3
05-06 16:31:12.076  1397  1397 W ResourcesManager: getTopLevelResources: /system/priv-app/SNS_v2/SNS_v2.apk / 1.0 running in null rsrc of package com.sec.android.app.sns3
05-06 16:31:12.076  1397  2374 D NetworkStatsRecorder: entry.iface is null
05-06 16:31:12.076  1397  2374 D NetworkStatsRecorder: entry.iface is null
05-06 16:31:12.076  1397  1397 W ResourcesManager: getTopLevelResources: /system/priv-app/SNS_v2/SNS_v2.apk / 1.0 running in null rsrc of package com.sec.android.app.sns3
05-06 16:31:12.076  1397  1397 W ResourcesManager: getTopLevelResources: /system/priv-app/SNS_v2/SNS_v2.apk / 1.0 running in null rsrc of package com.sec.android.app.sns3
05-06 16:31:12.076  1397  1397 W ResourcesManager: getTopLevelResources: /system/priv-app/SNS_v2/SNS_v2.apk / 1.0 running in null rsrc of package com.sec.android.app.sns3
05-06 16:31:12.076  1397  1397 W ResourcesManager: getTopLevelResources: /system/priv-app/SNS_v2/SNS_v2.apk / 1.0 running in null rsrc of package com.sec.android.app.sns3
05-06 16:31:12.076  1397  1397 W ResourcesManager: getTopLevelResources: /system/priv-app/SNS_v2/SNS_v2.apk / 1.0 running in null rsrc of package com.sec.android.app.sns3
05-06 16:31:12.076  1397  1397 W ResourcesManager: getTopLevelResources: /system/priv-app/SNS_v2/SNS_v2.apk / 1.0 running in null rsrc of package com.sec.android.app.sns3
05-06 16:31:12.076  1397  1397 W ResourcesManager: getTopLevelResources: /system/priv-app/SNS_v2/SNS_v2.apk / 1.0 running in null rsrc of package com.sec.android.app.sns3
