05-06 16:58:44.088  1397  3355 V BroadcastQueue: [background] Process cur broadcast BroadcastRecord{a56f9a4 u-1 android.intent.action.PACKAGE_VERIFIED qIdx=4}, state= (APP_RECEIVE) DELIVERED for app ProcessRecord{f98f9d5 29069:com.android.vending/u0a34}
05-06 16:58:44.098 29069 29069 I Finsky  : [1] com.google.android.vending.verifier.PackageVerificationReceiver.onReceive(40): Verification requested, id = 149
05-06 16:58:44.098  1233  1233 D TimaKeyStoreProvider: TimaSignature is unavailable
05-06 16:58:44.098  1233  1233 D ActivityThread: Added TimaKeyStore provider
05-06 16:58:44.108  1397  3343 I ActivityManager: Killing 587:com.chamberlain.myq.chamberlain/u0a216 (adj 15): DHA:empty #33
05-06 16:58:44.118  1397  3355 V BroadcastQueue: [background] Process cur broadcast BroadcastRecord{57d22c2 u0 com.samsung.android.sm.security.service.ACTION_THREAT_PACKAGE_REMOVED qIdx=4}, state= (APP_RECEIVE) DELIVERED for app ProcessRecord{5ba908e 31455:com.samsung.android.sm/1000}
05-06 16:58:44.128  1233  1233 W ResourcesManager: getTopLevelResources: /system/priv-app/Shell/Shell.apk / 1.0 running in com.android.shell rsrc of package com.android.shell
05-06 16:58:44.128  1397  2632 I InjectionManagerService -AppFeature: getCoreFeaturePkgList :[]
05-06 16:58:44.128  1397  3107 D RestrictionPolicy: userId: 0, isMicrophoneEnabledAsUser : true
05-06 16:58:44.128  1233  1233 I InjectionManager: Inside getClassLibPath + mLibMap{0=, 1=}
05-06 16:58:44.128  1397  3321 D RestrictionPolicy: userId: 0, isMicrophoneEnabledAsUser : true
05-06 16:58:44.128  1397  3343 D RestrictionPolicy: userId: 0, isMicrophoneEnabledAsUser : true
05-06 16:58:44.128  1397  1415 D RestrictionPolicy: userId: 0, isMicrophoneEnabledAsUser : true
05-06 16:58:44.128  1397  2531 D RestrictionPolicy: userId: 0, isMicrophoneEnabledAsUser : true
05-06 16:58:44.128  1397  2697 D RestrictionPolicy: userId: 0, isMicrophoneEnabledAsUser : true
05-06 16:58:44.128  1233  1233 D ResourcesManager: For user 0 new overlays fetched Null
05-06 16:58:44.138  1397  3355 I ActivityManager: Start proc 1247:com.sec.android.app.shealth/u0a39 for broadcast-3 com.sec.android.app.shealth/com.samsung.android.app.shealth.serviceframework.partner.PluginBroadcastReceiver
05-06 16:58:44.138  1233  1233 I InjectionManager: Inside getClassLibPath caller 
05-06 16:58:44.138  1233  1233 W System  : ClassLoader referenced unknown path: /system/priv-app/Shell/lib/arm64
05-06 16:58:44.148  1247  1247 E Zygote  : v2
05-06 16:58:44.148  1247  1247 I libpersona: KNOX_SDCARD checking this for 10039
05-06 16:58:44.148  1247  1247 I libpersona: KNOX_SDCARD not a persona
05-06 16:58:44.148  1247  1247 W SELinux : Function: selinux_compare_spd_ram, index[1], priority [2], priority version is VE=SEPF_SECMOBILE_6.0.1_0010
05-06 16:58:44.148  1247  1247 E Zygote  : accessInfo : 0
05-06 16:58:44.148  1397  3322 D ActivityManager: isAutoRunBlockedApp:: com.chamberlain.myq.chamberlain, Auto Run ON
05-06 16:58:44.148  1247  1247 W SELinux : SELinux: seapp_context_lookup: seinfo=release, level=s0:c512,c768, pkgname=com.sec.android.app.shealth 
05-06 16:58:44.148  1233  1233 W ResourcesManager: getTopLevelResources: /system/priv-app/Shell/Shell.apk / 1.0 running in com.android.shell rsrc of package com.android.shell
05-06 16:58:44.158  1233  1233 D InjectionManager: InjectionManager
05-06 16:58:44.158  1233  1233 D InjectionManager: fillFeatureStoreMap com.android.shell
05-06 16:58:44.158  1233  1233 I InjectionManager: Constructor com.android.shell, Feature store :{}
05-06 16:58:44.158  1233  1233 I InjectionManager: featureStore :{}
05-06 16:58:44.168  1247  1247 D TimaKeyStoreProvider: TimaSignature is unavailable
05-06 16:58:44.168  1247  1247 D ActivityThread: Added TimaKeyStore provider
05-06 16:58:44.178  1397  2648 V BroadcastQueue: [background] Process cur broadcast BroadcastRecord{aeb18d3 u0 com.samsung.android.intent.action.PACKAGE_REMOVED qIdx=4}, state= (APP_RECEIVE) DELIVERED for app ProcessRecord{ddc0c10 1247:com.sec.android.app.shealth/u0a39}
05-06 16:58:44.188  1135  1203 D Documents: Update found 10 roots in 372ms
05-06 16:58:44.188  1247  1247 W ResourcesManager: getTopLevelResources: /data/app/com.sec.android.app.shealth-1/base.apk / 1.0 running in com.sec.android.app.shealth rsrc of package com.sec.android.app.shealth
05-06 16:58:44.188  1247  1247 I InjectionManager: Inside getClassLibPath + mLibMap{0=, 1=}
05-06 16:58:44.188  1397  3322 I InjectionManagerService -AppFeature: getCoreFeaturePkgList :[]
05-06 16:58:44.198  1247  1247 D ResourcesManager: For user 0 new overlays fetched Null
05-06 16:58:44.198  1135  1231 D Documents: Update found 10 roots in 281ms
05-06 16:58:44.198  1247  1247 I InjectionManager: Inside getClassLibPath caller 
05-06 16:58:44.208  1247  1247 I MultiDex: VM with version 2.1.0 has multidex support
05-06 16:58:44.208  1247  1247 I MultiDex: install
05-06 16:58:44.208  1247  1247 I MultiDex: VM has multidex support, MultiDex support library is disabled.
05-06 16:58:44.208  1247  1247 I MultiDex: install
05-06 16:58:44.208  1247  1247 I MultiDex: VM has multidex support, MultiDex support library is disabled.
05-06 16:58:44.218  1247  1247 W ResourcesManager: getTopLevelResources: /data/app/com.sec.android.app.shealth-1/base.apk / 1.0 running in com.sec.android.app.shealth rsrc of package com.sec.android.app.shealth
05-06 16:58:44.248  1397  3317 D RestrictionPolicy: userId: 0, isMicrophoneEnabledAsUser : true
05-06 16:58:44.248  1397  3209 D RestrictionPolicy: userId: 0, isMicrophoneEnabledAsUser : true
05-06 16:58:44.248  1397  3107 D RestrictionPolicy: userId: 0, isMicrophoneEnabledAsUser : true
05-06 16:58:44.248  1397  3321 D RestrictionPolicy: userId: 0, isMicrophoneEnabledAsUser : true
05-06 16:58:44.248  1397  3322 D RestrictionPolicy: userId: 0, isMicrophoneEnabledAsUser : true
05-06 16:58:44.248  1397  1415 D RestrictionPolicy: userId: 0, isMicrophoneEnabledAsUser : true
05-06 16:58:44.258  1397  3355 D RestrictionPolicy: userId: 0, isMicrophoneEnabledAsUser : true
05-06 16:58:44.278  1247  1247 D InjectionManager: InjectionManager
05-06 16:58:44.278  1247  1247 D InjectionManager: fillFeatureStoreMap com.sec.android.app.shealth
05-06 16:58:44.278  1247  1247 I InjectionManager: Constructor com.sec.android.app.shealth, Feature store :{}
05-06 16:58:44.278  1247  1247 I InjectionManager: featureStore :{}
05-06 16:58:44.288  3292  1881 I GmsBackupTransport: Http Response Code : 200
05-06 16:58:44.298  1247  1247 D HealthDataStore: Service for HealthDataStore is connected
05-06 16:58:44.308  1397  3321 V BroadcastQueue: [background] Process cur broadcast BroadcastRecord{aeb18d3 u0 com.samsung.android.intent.action.PACKAGE_REMOVED qIdx=4}, state= (APP_RECEIVE) DELIVERED for app ProcessRecord{8a814eb 4531:com.sec.android.app.shealth:remote/u0a39}
05-06 16:58:44.308  1247  1247 D S HEALTH - HealthDataStoreManager: HealthDataStoreManager.onConnected (1247)
05-06 16:58:44.318  1397  3355 V BroadcastQueue: [background] Process cur broadcast BroadcastRecord{aeb18d3 u0 com.samsung.android.intent.action.PACKAGE_REMOVED qIdx=4}, state= (APP_RECEIVE) DELIVERED for app ProcessRecord{8a814eb 4531:com.sec.android.app.shealth:remote/u0a39}
05-06 16:58:44.328  1247  1247 D HealthConsole: Service for HealthDataConsole is connected
05-06 16:58:44.348  3292  4117 I GmsBackupTransport: Current restore package : PackageInfo{3c993e3 @pm@}
05-06 16:58:44.358  1397  2432 D BackupManagerService: initiateOneRestore packageName=@pm@
05-06 16:58:44.378  1247  1266 I GAv4    : Google Analytics 7.5.71 is starting up. To enable debug logging on a device run:
05-06 16:58:44.378  1247  1266 I GAv4    :   adb shell setprop log.tag.GAv4 DEBUG
05-06 16:58:44.378  1247  1266 I GAv4    :   adb logcat -s GAv4
05-06 16:58:44.378  1397  3343 D RestrictionPolicy: userId: 0, isMicrophoneEnabledAsUser : true
05-06 16:58:44.378  1397  3321 I ActivityManager: Killing 32441:com.samsung.android.SettingsReceiver/1000 (adj 15): DHA:empty #33
05-06 16:58:44.378  1397  2648 D RestrictionPolicy: userId: 0, isMicrophoneEnabledAsUser : true
05-06 16:58:44.378  1397  3355 D RestrictionPolicy: userId: 0, isMicrophoneEnabledAsUser : true
05-06 16:58:44.378  1397  2531 D RestrictionPolicy: userId: 0, isMicrophoneEnabledAsUser : true
05-06 16:58:44.378  1397  2764 D RestrictionPolicy: userId: 0, isMicrophoneEnabledAsUser : true
05-06 16:58:44.378  1397  2649 D RestrictionPolicy: userId: 0, isMicrophoneEnabledAsUser : true
05-06 16:58:44.398  1247  1266 W ResourcesManager: getTopLevelResources: /data/app/com.sec.android.app.shealth-1/base.apk / 1.0 running in com.sec.android.app.shealth rsrc of package com.sec.android.app.shealth
05-06 16:58:44.398  1397  1415 V AlarmManager:  remove PendingIntent] PendingIntent{300481a: PendingIntentRecord{b32cf4b com.sec.android.app.shealth broadcastIntent}}
05-06 16:58:44.398  1247  1266 W GAv4    : AnalyticsReceiver is not registered or is disabled. Register the receiver for reliable dispatching on non-Google Play devices. See http://goo.gl/8Rd3yj for instructions.
05-06 16:58:44.408  1247  1266 W GAv4    : CampaignTrackingReceiver is not registered, not exported or is disabled. Installation campaign tracking is not possible. See http://goo.gl/8Rd3yj for instructions.
05-06 16:58:44.408  1397  2632 D ActivityManager: isAutoRunBlockedApp:: com.samsung.android.SettingsReceiver, Auto Run ON
05-06 16:58:44.418  1247  1266 W GAv4    : int configuration name not recognized: ga_dispatchPeriod
05-06 16:58:44.428  1247  1271 W GAv4    : AnalyticsService not registered in the app manifest. Hits might not be delivered reliably. See http://goo.gl/8Rd3yj for instructions.
05-06 16:58:44.438  1397  2432 V BackupManagerService: No more packages; finishing restore
05-06 16:58:44.438  1397  2432 D PackageManager: BM finishing package install for 156
05-06 16:58:44.438  1397  1571 D PackageManager: [MSG] POST_INSTALL: observer{42081866}
05-06 16:58:44.438  1397  1571 D PackageManager:           Handling post-install for 156
05-06 16:58:44.438  1397  2432 I BackupRestoreController: restoreFinished for 0
05-06 16:58:44.438  1397  2432 I BackupManagerService: Restore complete.
05-06 16:58:44.438  1397  1571 W Settings: Setting install_non_market_apps has moved from android.provider.Settings.Global to android.provider.Settings.Secure, returning read-only value.
05-06 16:58:44.438  1397  1571 I art     : Starting a blocking GC Explicit
05-06 16:58:44.508  1397  2649 D RestrictionPolicy: userId: 0, isMicrophoneEnabledAsUser : true
05-06 16:58:44.508  1397  3343 D RestrictionPolicy: userId: 0, isMicrophoneEnabledAsUser : true
05-06 16:58:44.508  1397  3322 D RestrictionPolicy: userId: 0, isMicrophoneEnabledAsUser : true
05-06 16:58:44.508  1397  3321 D RestrictionPolicy: userId: 0, isMicrophoneEnabledAsUser : true
05-06 16:58:44.508  1397  2648 D RestrictionPolicy: userId: 0, isMicrophoneEnabledAsUser : true
05-06 16:58:44.508  1397  3317 D RestrictionPolicy: userId: 0, isMicrophoneEnabledAsUser : true
05-06 16:58:44.508  1397  3107 D RestrictionPolicy: userId: 0, isMicrophoneEnabledAsUser : true
05-06 16:58:44.528  1397  1416 V AlarmManager:  remove PendingIntent] PendingIntent{f529940: PendingIntentRecord{85cf079 com.google.android.gms broadcastIntent}}
05-06 16:58:44.638  1397  3107 D RestrictionPolicy: userId: 0, isMicrophoneEnabledAsUser : true
Success
05-06 16:58:44.638  1397  1571 I art     : Explicit concurrent mark sweep GC freed 125812(7MB) AllocSpace objects, 10(232KB) LOS objects, 16% free, 79MB/95MB, paused 2.299ms total 202.738ms
05-06 16:58:44.638  1397  1415 D RestrictionPolicy: userId: 0, isMicrophoneEnabledAsUser : true
05-06 16:58:44.638  1397  1571 D PackageManager: result of install: 1{42081866}
05-06 16:58:44.638  1397  2632 D RestrictionPolicy: userId: 0, isMicrophoneEnabledAsUser : true
05-06 16:58:44.638  1397  3209 D RestrictionPolicy: userId: 0, isMicrophoneEnabledAsUser : true
05-06 16:58:44.638  1397  2531 D RestrictionPolicy: userId: 0, isMicrophoneEnabledAsUser : true
05-06 16:58:44.648   792   792 I art     : System.exit called, status: 0
05-06 16:58:44.638  1397  3355 D RestrictionPolicy: userId: 0, isMicrophoneEnabledAsUser : true
05-06 16:58:44.648   792   792 I AndroidRuntime: VM exiting with result code 0.
05-06 16:58:44.648  1397  1397 W ResourcesManager: getTopLevelResources: /data/app/com.google.android.gms-1/base.apk / 1.0 running in null rsrc of package com.google.android.gms
05-06 16:58:44.668  1397  1397 D ResourcesManager: For user 0 new overlays fetched Null
05-06 16:58:44.668  1397  1397 W ResourcesManager: getTopLevelResources: /data/app/com.google.android.gms-1/base.apk / 1.0 running in null rsrc of package com.google.android.gms
05-06 16:58:44.668  1397  1397 W ResourcesManager: getTopLevelResources: /system/priv-app/SNS_v2/SNS_v2.apk / 1.0 running in null rsrc of package com.sec.android.app.sns3
05-06 16:58:44.668  1397  1397 D ResourcesManager: For user 0 new overlays fetched Null
05-06 16:58:44.668  1397  1397 W ResourcesManager: getTopLevelResources: /system/priv-app/SNS_v2/SNS_v2.apk / 1.0 running in null rsrc of package com.sec.android.app.sns3
05-06 16:58:44.668  1397  1397 W ResourcesManager: getTopLevelResources: /system/priv-app/SNS_v2/SNS_v2.apk / 1.0 running in null rsrc of package com.sec.android.app.sns3
05-06 16:58:44.668  1397  1397 W ResourcesManager: getTopLevelResources: /system/priv-app/SNS_v2/SNS_v2.apk / 1.0 running in null rsrc of package com.sec.android.app.sns3
05-06 16:58:44.668  1397  1397 W ResourcesManager: getTopLevelResources: /system/priv-app/SNS_v2/SNS_v2.apk / 1.0 running in null rsrc of package com.sec.android.app.sns3
05-06 16:58:44.668  1397  1397 W ResourcesManager: getTopLevelResources: /system/priv-app/SNS_v2/SNS_v2.apk / 1.0 running in null rsrc of package com.sec.android.app.sns3
05-06 16:58:44.668  1397  1397 W ResourcesManager: getTopLevelResources: /system/priv-app/SNS_v2/SNS_v2.apk / 1.0 running in null rsrc of package com.sec.android.app.sns3
05-06 16:58:44.668  1397  1397 W ResourcesManager: getTopLevelResources: /system/priv-app/SNS_v2/SNS_v2.apk / 1.0 running in null rsrc of package com.sec.android.app.sns3
05-06 16:58:44.668  1397  1397 W ResourcesManager: getTopLevelResources: /system/priv-app/SNS_v2/SNS_v2.apk / 1.0 running in null rsrc of package com.sec.android.app.sns3
05-06 16:58:44.668  1397  1397 W ResourcesManager: getTopLevelResources: /system/priv-app/SNS_v2/SNS_v2.apk / 1.0 running in null rsrc of package com.sec.android.app.sns3
05-06 16:58:44.668  1397  1397 W ResourcesManager: getTopLevelResources: /system/priv-app/SamsungAccount_Hero/SamsungAccount_Hero.apk / 1.0 running in null rsrc of package com.osp.app.signin
05-06 16:58:44.668  1397  1498 W ResourcesManager: getTopLevelResources: /system/priv-app/InputDevices/InputDevices.apk / 1.0 running in null rsrc of package com.android.inputdevices
05-06 16:58:44.668  1397  1397 D ResourcesManager: For user 0 new overlays fetched Null
05-06 16:58:44.678  1397  1397 W ResourceType: ResTable_typeSpec entry count inconsistent: given 3, previously 118
05-06 16:58:44.678  1397  1498 D ResourcesManager: For user 0 new overlays fetched Null
05-06 16:58:44.678  1397  1397 W ResourcesManager: getTopLevelResources: /system/priv-app/SamsungAccount_Hero/SamsungAccount_Hero.apk / 1.0 running in null rsrc of package com.osp.app.signin
05-06 16:58:44.678  1397  1498 W ResourcesManager: getTopLevelResources: /system/priv-app/InputDevices/InputDevices.apk / 1.0 running in null rsrc of package com.android.inputdevices
05-06 16:58:44.678  1397  1397 W ResourcesManager: getTopLevelResources: /system/app/CoreApps/CoreApps.apk / 1.0 running in null rsrc of package com.samsung.android.coreapps
05-06 16:58:44.678  1397  1397 D ResourcesManager: For user 0 new overlays fetched [/data/overlays/style/com.cambunch.MaterialDark/com.cambunch.MaterialDark.touchwiz.apk, /data/overlays/style/com.cambunch.MaterialDark/com.cambunch.MaterialDark.coreapps.apk, /data/overlays/style/com.cambunch.MaterialDark/com.cambunch.MaterialDark.common.apk]
05-06 16:58:44.688  1397  2213 I InputReader: Reconfiguring input devices.  changes=0x00000010
05-06 16:58:44.678  1397  1397 W ResourcesManager: getTopLevelResources: /system/app/CoreApps/CoreApps.apk / 1.0 running in null rsrc of package com.samsung.android.coreapps
05-06 16:58:44.698 28275 28275 D ucsBai_ConnectionManager: mPackageReceiver Action android.intent.action.PACKAGE_ADDED
05-06 16:58:44.678  1397  1397 W ResourcesManager: getTopLevelResources: /data/app/com.google.android.gm-1/base.apk / 1.0 running in null rsrc of package com.google.android.gm
05-06 16:58:44.678  1397  1397 W ResourcesManager: getTopLevelResources: /data/app/com.google.android.gm-1/base.apk / 1.0 running in null rsrc of package com.google.android.gm
05-06 16:58:44.678  1397  1397 W ResourcesManager: getTopLevelResources: /data/app/com.google.android.gm-1/base.apk / 1.0 running in null rsrc of package com.google.android.gm
05-06 16:58:44.678  1397  1397 W ResourcesManager: getTopLevelResources: /data/app/com.google.android.gm-1/base.apk / 1.0 running in null rsrc of package com.google.android.gm
05-06 16:58:44.678  1397  1397 W ResourcesManager: getTopLevelResources: /data/app/com.google.android.gm-1/base.apk / 1.0 running in null rsrc of package com.google.android.gm
05-06 16:58:44.678  1397  1397 W ResourcesManager: getTopLevelResources: /data/app/com.google.android.gm-1/base.apk / 1.0 running in null rsrc of package com.google.android.gm
05-06 16:58:44.678  1397  1397 W ResourcesManager: getTopLevelResources: /data/app/com.humblebundle.library-1/base.apk / 1.0 running in null rsrc of package com.humblebundle.library
05-06 16:58:44.678  1397  1397 D ResourcesManager: For user 0 new overlays fetched Null
05-06 16:58:44.678  1397  1397 W ResourcesManager: getTopLevelResources: /data/app/com.humblebundle.library-1/base.apk / 1.0 running in null rsrc of package com.humblebundle.library
05-06 16:58:44.678  1397  1397 W ResourcesManager: getTopLevelResources: /data/app/com.microsoft.office.onenote-1/base.apk / 1.0 running in null rsrc of package com.microsoft.office.onenote
05-06 16:58:44.678  1397  1397 D ResourcesManager: For user 0 new overlays fetched Null
05-06 16:58:44.678  1397  1397 W ResourcesManager: getTopLevelResources: /data/app/com.microsoft.office.onenote-1/base.apk / 1.0 running in null rsrc of package com.microsoft.office.onenote
05-06 16:58:44.678  1397  1397 W ResourcesManager: getTopLevelResources: /data/app/com.microsoft.office.onenote-1/base.apk / 1.0 running in null rsrc of package com.microsoft.office.onenote
05-06 16:58:44.678  1397  1397 W ResourcesManager: getTopLevelResources: /data/app/com.microsoft.office.onenote-1/base.apk / 1.0 running in null rsrc of package com.microsoft.office.onenote
05-06 16:58:44.678  1397  1397 W ResourcesManager: getTopLevelResources: /data/app/org.thoughtcrime.securesms-1/base.apk / 1.0 running in null rsrc of package org.thoughtcrime.securesms
05-06 16:58:44.688  1397  1397 D ResourcesManager: For user 0 new overlays fetched Null
05-06 16:58:44.688  1397  1397 W ResourcesManager: getTopLevelResources: /data/app/org.thoughtcrime.securesms-1/base.apk / 1.0 running in null rsrc of package org.thoughtcrime.securesms
05-06 16:58:44.688  1397  1397 W ResourcesManager: getTopLevelResources: /data/app/org.mozilla.firefox-2/base.apk / 1.0 running in null rsrc of package org.mozilla.firefox
05-06 16:58:44.688  1397  1397 W ResourcesManager: getTopLevelResources: /data/app/org.mozilla.firefox-2/base.apk / 1.0 running in null rsrc of package org.mozilla.firefox
05-06 16:58:44.718 32677 32694 I SystemBroadcastReceiver: [#CMH#] Received broadcast 
05-06 16:58:44.688  1397  1466 W ResourcesManager: getTopLevelResources: /system/app/SamsungIMEv3/SamsungIMEv3.apk / 1.0 running in null rsrc of package com.sec.android.inputmethod
05-06 16:58:44.688  1397  1397 W ResourcesManager: getTopLevelResources: /data/app/com.skype.raider-2/base.apk / 1.0 running in null rsrc of package com.skype.raider
05-06 16:58:44.688  1397  1397 D ResourcesManager: For user 0 new overlays fetched Null
05-06 16:58:44.698  6377  6377 D ThemeManagerService: BroadcastReceiver packageName :plv.colorado.edu.callinsbenchmark, action = android.intent.action.PACKAGE_ADDED
05-06 16:58:44.718 32677 32694 I ControllerEventHandler: [#CMH#] onPackageAdded  null
05-06 16:58:44.698  1397  1397 W ResourcesManager: getTopLevelResources: /data/app/com.skype.raider-2/base.apk / 1.0 running in null rsrc of package com.skype.raider
05-06 16:58:44.718 32677 32694 I SystemBroadcastReceiver: [#CMH#] onReceive completed 
05-06 16:58:44.698  1397  1397 W ResourcesManager: getTopLevelResources: /data/app/com.facebook.orca-2/base.apk / 1.0 running in null rsrc of package com.facebook.orca
05-06 16:58:44.718  1135  1277 D Documents: Update found 10 roots in 3ms
05-06 16:58:44.728  2663  2663 I Recents_MultiWindowAppListInfo: android.intent.action.PACKAGE_ADDED
05-06 16:58:44.728  1397  1468 I ActivityManager: Start proc 1280:com.google.android.partnersetup/u0a22 for broadcast-3 com.google.android.partnersetup/.RlzPingBroadcastReceiver
05-06 16:58:44.728  3010  3010 W ResourcesManager: getTopLevelResources: /data/app/com.google.android.gms-1/base.apk / 1.0 running in com.android.nfc rsrc of package com.google.android.gms
05-06 16:58:44.738  3010  3010 D ApduServiceInfo: seId: 0
05-06 16:58:44.738  3010  3010 D ApduServiceInfo: seId: 0
05-06 16:58:44.738  3010  3010 W ResourcesManager: getTopLevelResources: /data/app/com.google.android.gms-1/base.apk / 1.0 running in com.android.nfc rsrc of package com.google.android.gms
05-06 16:58:44.738  3010  3010 W ResourcesManager: getTopLevelResources: /data/app/com.google.android.apps.walletnfcrel-2/base.apk / 1.0 running in com.android.nfc rsrc of package com.google.android.apps.walletnfcrel
05-06 16:58:44.738  3010  3010 W ResourcesManager: getTopLevelResources: /data/app/com.google.android.apps.walletnfcrel-2/base.apk / 1.0 running in com.android.nfc rsrc of package com.google.android.apps.walletnfcrel
05-06 16:58:44.738  1280  1280 E Zygote  : v2
05-06 16:58:44.738  1280  1280 I libpersona: KNOX_SDCARD checking this for 10022
05-06 16:58:44.738  1280  1280 W SELinux : Function: selinux_compare_spd_ram, index[1], priority [2], priority version is VE=SEPF_SECMOBILE_6.0.1_0010
05-06 16:58:44.738  1280  1280 I libpersona: KNOX_SDCARD not a persona
05-06 16:58:44.748  1280  1280 E Zygote  : accessInfo : 0
05-06 16:58:44.748  1280  1280 W SELinux : SELinux: seapp_context_lookup: seinfo=untrusted, level=s0:c512,c768, pkgname=com.google.android.partnersetup 
05-06 16:58:44.758  3018  3018 D CarrierServiceBindHelper: Receive action: android.intent.action.PACKAGE_ADDED
05-06 16:58:44.758  3018  3018 D CarrierServiceBindHelper: mHandler: 3
05-06 16:58:44.758  3018  3018 D CarrierConfigLoader: mHandler: 9 phoneId: 0
05-06 16:58:44.758  3010  1286 W ResourcesManager: getTopLevelResources: /data/app/com.sec.android.app.shealth-1/base.apk / 1.0 running in com.android.nfc rsrc of package com.sec.android.app.shealth
05-06 16:58:44.768  3010  1286 D RegisteredComponentCache: Collect Tech packages for Knox
05-06 16:58:44.758  3010  1286 W ResourcesManager: getTopLevelResources: /data/app/com.sec.android.app.shealth-1/base.apk / 1.0 running in com.android.nfc rsrc of package com.sec.android.app.shealth
05-06 16:58:44.768  3010  1286 W ResourcesManager: getTopLevelResources: /system/priv-app/Tag/Tag.apk / 1.0 running in com.android.nfc rsrc of package com.android.apps.tag
05-06 16:58:44.768  3010  1286 W ResourcesManager: getTopLevelResources: /system/priv-app/Tag/Tag.apk / 1.0 running in com.android.nfc rsrc of package com.android.apps.tag
05-06 16:58:44.788  1280  1280 D TimaKeyStoreProvider: TimaSignature is unavailable
05-06 16:58:44.788  1280  1280 D ActivityThread: Added TimaKeyStore provider
05-06 16:58:44.798  1397  3322 D RestrictionPolicy: userId: 0, isMicrophoneEnabledAsUser : true
05-06 16:58:44.798  1397  2632 D RestrictionPolicy: userId: 0, isMicrophoneEnabledAsUser : true
05-06 16:58:44.798  1397  1415 D RestrictionPolicy: userId: 0, isMicrophoneEnabledAsUser : true
05-06 16:58:44.798  1397  3321 D RestrictionPolicy: userId: 0, isMicrophoneEnabledAsUser : true
05-06 16:58:44.798  1397  1416 D RestrictionPolicy: userId: 0, isMicrophoneEnabledAsUser : true
05-06 16:58:44.798  1397  2460 D RestrictionPolicy: userId: 0, isMicrophoneEnabledAsUser : true
05-06 16:58:44.798  1397  3355 V BroadcastQueue: [background] Process cur broadcast BroadcastRecord{ec9310f u0 android.intent.action.PACKAGE_ADDED qIdx=4}, state= (APP_RECEIVE) DELIVERED for app ProcessRecord{936a59c 1280:com.google.android.partnersetup/u0a22}
05-06 16:58:44.808  1280  1280 W ResourcesManager: getTopLevelResources: /system/priv-app/GooglePartnerSetup/GooglePartnerSetup.apk / 1.0 running in com.google.android.partnersetup rsrc of package com.google.android.partnersetup
05-06 16:58:44.808  1397  3343 I InjectionManagerService -AppFeature: getCoreFeaturePkgList :[]
05-06 16:58:44.808  1280  1280 I InjectionManager: Inside getClassLibPath + mLibMap{0=, 1=}
05-06 16:58:44.818  1280  1280 D ResourcesManager: For user 0 new overlays fetched Null
05-06 16:58:44.818  1280  1280 I InjectionManager: Inside getClassLibPath caller 
05-06 16:58:44.828  1280  1280 W System  : ClassLoader referenced unknown path: /system/priv-app/GooglePartnerSetup/lib/arm64
05-06 16:58:44.848  1280  1280 D InjectionManager: InjectionManager
05-06 16:58:44.848  1280  1280 D InjectionManager: fillFeatureStoreMap com.google.android.partnersetup
05-06 16:58:44.848  1280  1280 I InjectionManager: Constructor com.google.android.partnersetup, Feature store :{}
05-06 16:58:44.848  1280  1280 I InjectionManager: featureStore :{}
05-06 16:58:44.858  1397  3321 V BroadcastQueue: [background] Process cur broadcast BroadcastRecord{ec9310f u0 android.intent.action.PACKAGE_ADDED qIdx=4}, state= (APP_RECEIVE) DELIVERED for app ProcessRecord{936a59c 1280:com.google.android.partnersetup/u0a22}
05-06 16:58:44.858  1397  1397 D ResourcesManager: For user 0 new overlays fetched Null
05-06 16:58:44.858  1397  1397 W ResourcesManager: getTopLevelResources: /data/app/com.facebook.orca-2/base.apk / 1.0 running in null rsrc of package com.facebook.orca
05-06 16:58:44.858  1397  1397 W ResourcesManager: getTopLevelResources: /system/priv-app/GoogleServicesFramework/GoogleServicesFramework.apk / 1.0 running in null rsrc of package com.google.android.gsf
05-06 16:58:44.858  1397  1397 D ResourcesManager: For user 0 new overlays fetched Null
05-06 16:58:44.858  1397  1397 W ResourcesManager: getTopLevelResources: /system/priv-app/GoogleServicesFramework/GoogleServicesFramework.apk / 1.0 running in null rsrc of package com.google.android.gsf
05-06 16:58:44.868  1397  1397 W ResourcesManager: getTopLevelResources: /system/priv-app/SCloudServiceHero/SCloudServiceHero.apk / 1.0 running in null rsrc of package com.samsung.android.scloud
05-06 16:58:44.868  1397  1397 D ResourcesManager: For user 0 new overlays fetched [/data/overlays/style/com.cambunch.MaterialDark/com.cambunch.MaterialDark.touchwiz.apk, /data/overlays/style/com.cambunch.MaterialDark/com.cambunch.MaterialDark.backup.apk, /data/overlays/style/com.cambunch.MaterialDark/com.cambunch.MaterialDark.common.apk]
05-06 16:58:44.868  1397  1397 W ResourcesManager: getTopLevelResources: /system/priv-app/SCloudServiceHero/SCloudServiceHero.apk / 1.0 running in null rsrc of package com.samsung.android.scloud
05-06 16:58:44.868  1397  1397 W ResourcesManager: getTopLevelResources: /system/priv-app/SCloudServiceHero/SCloudServiceHero.apk / 1.0 running in null rsrc of package com.samsung.android.scloud
05-06 16:58:44.868  1397  1397 W ResourcesManager: getTopLevelResources: /system/priv-app/SCloudServiceHero/SCloudServiceHero.apk / 1.0 running in null rsrc of package com.samsung.android.scloud
05-06 16:58:44.868  1397  1397 W ResourcesManager: getTopLevelResources: /system/priv-app/SCloudServiceHero/SCloudServiceHero.apk / 1.0 running in null rsrc of package com.samsung.android.scloud
05-06 16:58:44.868  1397  1397 W ResourcesManager: getTopLevelResources: /system/priv-app/SCloudServiceHero/SCloudServiceHero.apk / 1.0 running in null rsrc of package com.samsung.android.scloud
05-06 16:58:44.868  1397  1397 W ResourcesManager: getTopLevelResources: /system/priv-app/SCloudServiceHero/SCloudServiceHero.apk / 1.0 running in null rsrc of package com.samsung.android.scloud
05-06 16:58:44.868  1397  1397 W ResourcesManager: getTopLevelResources: /system/priv-app/SCloudServiceHero/SCloudServiceHero.apk / 1.0 running in null rsrc of package com.samsung.android.scloud
05-06 16:58:44.868  1397  1397 W ResourcesManager: getTopLevelResources: /system/priv-app/SCloudServiceHero/SCloudServiceHero.apk / 1.0 running in null rsrc of package com.samsung.android.scloud
05-06 16:58:44.868  1397  1397 W ResourcesManager: getTopLevelResources: /system/priv-app/SCloudServiceHero/SCloudServiceHero.apk / 1.0 running in null rsrc of package com.samsung.android.scloud
05-06 16:58:44.868  1397  1397 W ResourcesManager: getTopLevelResources: /system/priv-app/SCloudServiceHero/SCloudServiceHero.apk / 1.0 running in null rsrc of package com.samsung.android.scloud
05-06 16:58:44.868  1397  1397 W ResourcesManager: getTopLevelResources: /system/priv-app/SCloudServiceHero/SCloudServiceHero.apk / 1.0 running in null rsrc of package com.samsung.android.scloud
05-06 16:58:44.868  1397  1397 W ResourcesManager: getTopLevelResources: /system/priv-app/SCloudServiceHero/SCloudServiceHero.apk / 1.0 running in null rsrc of package com.samsung.android.scloud
05-06 16:58:44.868  1397  1397 W ResourcesManager: getTopLevelResources: /system/priv-app/SCloudServiceHero/SCloudServiceHero.apk / 1.0 running in null rsrc of package com.samsung.android.scloud
05-06 16:58:44.868  1397  1397 W ResourcesManager: getTopLevelResources: /system/priv-app/SNS_v2/SNS_v2.apk / 1.0 running in null rsrc of package com.sec.android.app.sns3
05-06 16:58:44.868  1397  1397 W ResourcesManager: getTopLevelResources: /system/priv-app/SNS_v2/SNS_v2.apk / 1.0 running in null rsrc of package com.sec.android.app.sns3
05-06 16:58:44.868  1397  1397 W ResourcesManager: getTopLevelResources: /system/priv-app/SNS_v2/SNS_v2.apk / 1.0 running in null rsrc of package com.sec.android.app.sns3
05-06 16:58:44.868  1397  1397 W ResourcesManager: getTopLevelResources: /system/priv-app/SNS_v2/SNS_v2.apk / 1.0 running in null rsrc of package com.sec.android.app.sns3
05-06 16:58:44.868  1397  1397 W ResourcesManager: getTopLevelResources: /system/priv-app/SNS_v2/SNS_v2.apk / 1.0 running in null rsrc of package com.sec.android.app.sns3
05-06 16:58:44.868  1397  1397 W ResourcesManager: getTopLevelResources: /system/priv-app/SNS_v2/SNS_v2.apk / 1.0 running in null rsrc of package com.sec.android.app.sns3
05-06 16:58:44.868  1397  1397 W ResourcesManager: getTopLevelResources: /system/priv-app/SNS_v2/SNS_v2.apk / 1.0 running in null rsrc of package com.sec.android.app.sns3
05-06 16:58:44.868  1397  1397 W ResourcesManager: getTopLevelResources: /system/priv-app/SNS_v2/SNS_v2.apk / 1.0 running in null rsrc of package com.sec.android.app.sns3
05-06 16:58:44.868  1397  1397 W ResourcesManager: getTopLevelResources: /system/priv-app/SNS_v2/SNS_v2.apk / 1.0 running in null rsrc of package com.sec.android.app.sns3
05-06 16:58:44.868  1397  1397 W ResourcesManager: getTopLevelResources: /system/priv-app/SNS_v2/SNS_v2.apk / 1.0 running in null rsrc of package com.sec.android.app.sns3
05-06 16:58:44.878  1397  1397 W ResourcesManager: getTopLevelResources: /system/priv-app/SNS_v2/SNS_v2.apk / 1.0 running in null rsrc of package com.sec.android.app.sns3
05-06 16:58:44.878  1397  1397 W ResourcesManager: getTopLevelResources: /system/priv-app/SNS_v2/SNS_v2.apk / 1.0 running in null rsrc of package com.sec.android.app.sns3
05-06 16:58:44.878  1397  1397 W ResourcesManager: getTopLevelResources: /system/app/CoreApps/CoreApps.apk / 1.0 running in null rsrc of package com.samsung.android.coreapps
05-06 16:58:44.878  1397  1397 W ResourcesManager: getTopLevelResources: /system/app/CoreApps/CoreApps.apk / 1.0 running in null rsrc of package com.samsung.android.coreapps
05-06 16:58:44.878  1397  1466 D ResourcesManager: For user 0 new overlays fetched [/data/overlays/style/com.cambunch.MaterialDark/com.cambunch.MaterialDark.inputmethod.apk, /data/overlays/style/com.cambunch.MaterialDark/com.cambunch.MaterialDark.touchwiz.apk, /data/overlays/style/com.cambunch.MaterialDark/com.cambunch.MaterialDark.common.apk]
05-06 16:58:44.878  1397  1397 W ResourcesManager: getTopLevelResources: /system/app/GoogleCalendarSyncAdapter/GoogleCalendarSyncAdapter.apk / 1.0 running in null rsrc of package com.google.android.syncadapters.calendar
05-06 16:58:44.878  1397  1397 D ResourcesManager: For user 0 new overlays fetched Null
05-06 16:58:44.878  1397  1397 W ResourcesManager: getTopLevelResources: /system/app/GoogleCalendarSyncAdapter/GoogleCalendarSyncAdapter.apk / 1.0 running in null rsrc of package com.google.android.syncadapters.calendar
05-06 16:58:44.878  1397  1397 W ResourcesManager: getTopLevelResources: /system/app/GoogleContactsSyncAdapter/GoogleContactsSyncAdapter.apk / 1.0 running in null rsrc of package com.google.android.syncadapters.contacts
05-06 16:58:44.878  1397  1397 D ResourcesManager: For user 0 new overlays fetched Null
05-06 16:58:44.878  1397  1397 W ResourcesManager: getTopLevelResources: /system/app/GoogleContactsSyncAdapter/GoogleContactsSyncAdapter.apk / 1.0 running in null rsrc of package com.google.android.syncadapters.contacts
05-06 16:58:44.878  1397  1397 W ResourcesManager: getTopLevelResources: /data/app/com.google.android.gms-1/base.apk / 1.0 running in null rsrc of package com.google.android.gms
05-06 16:58:44.878  1397  1397 W ResourcesManager: getTopLevelResources: /data/app/com.google.android.gms-1/base.apk / 1.0 running in null rsrc of package com.google.android.gms
05-06 16:58:44.878  1397  1397 W ResourcesManager: getTopLevelResources: /data/app/com.google.android.gms-1/base.apk / 1.0 running in null rsrc of package com.google.android.gms
05-06 16:58:44.878  1397  1397 W ResourcesManager: getTopLevelResources: /data/app/com.google.android.gms-1/base.apk / 1.0 running in null rsrc of package com.google.android.gms
05-06 16:58:44.878  1397  1397 W ResourcesManager: getTopLevelResources: /data/app/com.google.android.gms-1/base.apk / 1.0 running in null rsrc of package com.google.android.gms
05-06 16:58:44.878  1397  1397 W ResourcesManager: getTopLevelResources: /data/app/com.google.android.gms-1/base.apk / 1.0 running in null rsrc of package com.google.android.gms
05-06 16:58:44.878  1397  3322 I ActivityManager: Start proc 1296:com.samsung.voiceserviceplatform/u0a43 for broadcast-3 com.samsung.voiceserviceplatform/com.samsung.vsf.sharedlib.utils.TTSPlayer$TTSDownloadReceiver
05-06 16:58:44.878  1397  1397 W ResourcesManager: getTopLevelResources: /data/app/com.google.android.gms-1/base.apk / 1.0 running in null rsrc of package com.google.android.gms
05-06 16:58:44.878  1397  1397 W ResourcesManager: getTopLevelResources: /data/app/com.google.android.gms-1/base.apk / 1.0 running in null rsrc of package com.google.android.gms
05-06 16:58:44.878  1397  1397 W ResourcesManager: getTopLevelResources: /data/app/com.google.android.gms-1/base.apk / 1.0 running in null rsrc of package com.google.android.gms
05-06 16:58:44.878  1397  1397 W ResourcesManager: getTopLevelResources: /data/app/com.google.android.gms-1/base.apk / 1.0 running in null rsrc of package com.google.android.gms
05-06 16:58:44.878  1397  1397 W ResourcesManager: getTopLevelResources: /data/app/com.google.android.gms-1/base.apk / 1.0 running in null rsrc of package com.google.android.gms
05-06 16:58:44.878  1397  1397 W ResourcesManager: getTopLevelResources: /data/app/com.google.android.gms-1/base.apk / 1.0 running in null rsrc of package com.google.android.gms
05-06 16:58:44.878  1397  1397 W ResourcesManager: getTopLevelResources: /data/app/com.google.android.gms-1/base.apk / 1.0 running in null rsrc of package com.google.android.gms
05-06 16:58:44.878  1397  1397 W ResourcesManager: getTopLevelResources: /data/app/com.google.android.gms-1/base.apk / 1.0 running in null rsrc of package com.google.android.gms
05-06 16:58:44.878  1397  1397 W ResourcesManager: getTopLevelResources: /data/app/com.google.android.gms-1/base.apk / 1.0 running in null rsrc of package com.google.android.gms
05-06 16:58:44.888  1397  1397 W ResourcesManager: getTopLevelResources: /data/app/com.google.android.gms-1/base.apk / 1.0 running in null rsrc of package com.google.android.gms
05-06 16:58:44.888  1397  1397 W ResourcesManager: getTopLevelResources: /data/app/com.google.android.gms-1/base.apk / 1.0 running in null rsrc of package com.google.android.gms
05-06 16:58:44.888  1397  1397 W ResourcesManager: getTopLevelResources: /data/app/com.google.android.gms-1/base.apk / 1.0 running in null rsrc of package com.google.android.gms
05-06 16:58:44.888  1397  1397 W ResourcesManager: getTopLevelResources: /data/app/com.google.android.gms-1/base.apk / 1.0 running in null rsrc of package com.google.android.gms
05-06 16:58:44.888  1397  1397 W ResourcesManager: getTopLevelResources: /data/app/com.google.android.gms-1/base.apk / 1.0 running in null rsrc of package com.google.android.gms
05-06 16:58:44.888  1397  1397 W ResourcesManager: getTopLevelResources: /data/app/com.google.android.gms-1/base.apk / 1.0 running in null rsrc of package com.google.android.gms
05-06 16:58:44.888  1397  1397 W ResourcesManager: getTopLevelResources: /data/app/com.google.android.gms-1/base.apk / 1.0 running in null rsrc of package com.google.android.gms
05-06 16:58:44.888  1397  1397 W ResourcesManager: getTopLevelResources: /data/app/com.google.android.gms-1/base.apk / 1.0 running in null rsrc of package com.google.android.gms
05-06 16:58:44.888  1397  1397 W ResourcesManager: getTopLevelResources: /data/app/com.google.android.gms-1/base.apk / 1.0 running in null rsrc of package com.google.android.gms
05-06 16:58:44.888  1397  1397 W ResourcesManager: getTopLevelResources: /data/app/com.google.android.gms-1/base.apk / 1.0 running in null rsrc of package com.google.android.gms
05-06 16:58:44.888  1397  1397 W ResourcesManager: getTopLevelResources: /data/app/com.google.android.gms-1/base.apk / 1.0 running in null rsrc of package com.google.android.gms
05-06 16:58:44.888  1397  1397 W ResourcesManager: getTopLevelResources: /data/app/com.google.android.gms-1/base.apk / 1.0 running in null rsrc of package com.google.android.gms
05-06 16:58:44.888  1397  1397 W ResourcesManager: getTopLevelResources: /data/app/com.google.android.gms-1/base.apk / 1.0 running in null rsrc of package com.google.android.gms
05-06 16:58:44.888  1397  1397 W ResourcesManager: getTopLevelResources: /data/app/com.google.android.gms-1/base.apk / 1.0 running in null rsrc of package com.google.android.gms
05-06 16:58:44.888  1397  1397 W ResourcesManager: getTopLevelResources: /data/app/com.google.android.gms-1/base.apk / 1.0 running in null rsrc of package com.google.android.gms
05-06 16:58:44.888  1397  1397 W ResourcesManager: getTopLevelResources: /data/app/com.google.android.gms-1/base.apk / 1.0 running in null rsrc of package com.google.android.gms
05-06 16:58:44.888  1397  1397 W ResourcesManager: getTopLevelResources: /data/app/com.google.android.gms-1/base.apk / 1.0 running in null rsrc of package com.google.android.gms
05-06 16:58:44.888  1397  1397 W ResourcesManager: getTopLevelResources: /data/app/com.android.chrome-1/base.apk / 1.0 running in null rsrc of package com.android.chrome
05-06 16:58:44.888  1296  1296 E Zygote  : v2
05-06 16:58:44.888  1296  1296 I libpersona: KNOX_SDCARD checking this for 10043
05-06 16:58:44.888  1296  1296 W SELinux : Function: selinux_compare_spd_ram, index[1], priority [2], priority version is VE=SEPF_SECMOBILE_6.0.1_0010
05-06 16:58:44.888  1296  1296 I libpersona: KNOX_SDCARD not a persona
05-06 16:58:44.888  1296  1296 E Zygote  : accessInfo : 0
05-06 16:58:44.888  1397  1397 D ResourcesManager: For user 0 new overlays fetched Null
05-06 16:58:44.888  1296  1296 W SELinux : SELinux: seapp_context_lookup: seinfo=samsung, level=s0:c512,c768, pkgname=com.samsung.voiceserviceplatform 
05-06 16:58:44.888  1397  1397 W ResourcesManager: getTopLevelResources: /data/app/com.android.chrome-1/base.apk / 1.0 running in null rsrc of package com.android.chrome
05-06 16:58:44.888  1397  1397 W ResourcesManager: getTopLevelResources: /data/app/com.google.android.gm-1/base.apk / 1.0 running in null rsrc of package com.google.android.gm
05-06 16:58:44.888  1397  1397 W ResourcesManager: getTopLevelResources: /data/app/com.google.android.gm-1/base.apk / 1.0 running in null rsrc of package com.google.android.gm
05-06 16:58:44.888  1397  1397 W ResourcesManager: getTopLevelResources: /data/app/com.google.android.gm-1/base.apk / 1.0 running in null rsrc of package com.google.android.gm
05-06 16:58:44.888  1397  1397 W ResourcesManager: getTopLevelResources: /data/app/com.google.android.gm-1/base.apk / 1.0 running in null rsrc of package com.google.android.gm
05-06 16:58:44.888  1397  1397 W ResourcesManager: getTopLevelResources: /data/app/com.google.android.gm-1/base.apk / 1.0 running in null rsrc of package com.google.android.gm
05-06 16:58:44.898  1397  1397 W ResourcesManager: getTopLevelResources: /data/app/com.google.android.gm-1/base.apk / 1.0 running in null rsrc of package com.google.android.gm
05-06 16:58:44.898  1397  1397 W ResourcesManager: getTopLevelResources: /data/app/com.google.android.gm-1/base.apk / 1.0 running in null rsrc of package com.google.android.gm
05-06 16:58:44.898  1397  1397 W ResourcesManager: getTopLevelResources: /data/app/com.google.android.gm-1/base.apk / 1.0 running in null rsrc of package com.google.android.gm
05-06 16:58:44.898  1397  1397 W ResourcesManager: getTopLevelResources: /data/app/com.google.android.gm-1/base.apk / 1.0 running in null rsrc of package com.google.android.gm
05-06 16:58:44.898  1397  1397 W ResourcesManager: getTopLevelResources: /data/app/com.google.android.gm-1/base.apk / 1.0 running in null rsrc of package com.google.android.gm
05-06 16:58:44.898  1397  1397 W ResourcesManager: getTopLevelResources: /data/app/com.google.android.gm-1/base.apk / 1.0 running in null rsrc of package com.google.android.gm
05-06 16:58:44.898  1397  1397 W ResourcesManager: getTopLevelResources: /data/app/com.google.android.gm-1/base.apk / 1.0 running in null rsrc of package com.google.android.gm
05-06 16:58:44.898  1397  1397 W ResourcesManager: getTopLevelResources: /data/app/com.google.android.music-1/base.apk / 1.0 running in null rsrc of package com.google.android.music
05-06 16:58:44.908  1397  1415 I ActivityManager: Killing 32764:com.samsung.faceservice/5004 (adj 15): DHA:empty #33
05-06 16:58:44.918  1397  2648 D RestrictionPolicy: userId: 0, isMicrophoneEnabledAsUser : true
05-06 16:58:44.918  1397  1416 D RestrictionPolicy: userId: 0, isMicrophoneEnabledAsUser : true
05-06 16:58:44.918  1397  2764 D RestrictionPolicy: userId: 0, isMicrophoneEnabledAsUser : true
05-06 16:58:44.918  1397  3322 D RestrictionPolicy: userId: 0, isMicrophoneEnabledAsUser : true
05-06 16:58:44.918  1397  2649 D RestrictionPolicy: userId: 0, isMicrophoneEnabledAsUser : true
05-06 16:58:44.918  1397  1416 D RestrictionPolicy: userId: 0, isMicrophoneEnabledAsUser : true
05-06 16:58:44.918  1397  3355 D RestrictionPolicy: userId: 0, isMicrophoneEnabledAsUser : true
05-06 16:58:44.928  1397  1397 D ResourcesManager: For user 0 new overlays fetched Null
05-06 16:58:44.938  1397  1397 W ResourcesManager: getTopLevelResources: /data/app/com.google.android.music-1/base.apk / 1.0 running in null rsrc of package com.google.android.music
05-06 16:58:44.938  1397  1397 W ResourcesManager: getTopLevelResources: /data/app/com.google.android.videos-1/base.apk / 1.0 running in null rsrc of package com.google.android.videos
05-06 16:58:44.938  1397  1466 W ResourcesManager: getTopLevelResources: /system/app/SamsungIMEv3/SamsungIMEv3.apk / 1.0 running in null rsrc of package com.sec.android.inputmethod
05-06 16:58:44.938  1397  1397 D ResourcesManager: For user 0 new overlays fetched Null
05-06 16:58:44.938  1397  1397 W ResourcesManager: getTopLevelResources: /data/app/com.google.android.videos-1/base.apk / 1.0 running in null rsrc of package com.google.android.videos
05-06 16:58:44.938  1397  1397 W ResourcesManager: getTopLevelResources: /data/app/com.google.android.apps.docs-1/base.apk / 1.0 running in null rsrc of package com.google.android.apps.docs
05-06 16:58:44.938  1397  1397 W ResourcesManager: getTopLevelResources: /data/app/com.google.android.apps.docs-1/base.apk / 1.0 running in null rsrc of package com.google.android.apps.docs
05-06 16:58:44.938  1397  1397 W ResourcesManager: getTopLevelResources: /data/app/com.sec.android.app.shealth-1/base.apk / 1.0 running in null rsrc of package com.sec.android.app.shealth
05-06 16:58:44.938  1397  1397 D ResourcesManager: For user 0 new overlays fetched Null
05-06 16:58:44.938  1397  1397 W ResourcesManager: getTopLevelResources: /data/app/com.sec.android.app.shealth-1/base.apk / 1.0 running in null rsrc of package com.sec.android.app.shealth
05-06 16:58:44.938  1397  1397 W ResourcesManager: getTopLevelResources: /data/app/com.sec.android.app.shealth-1/base.apk / 1.0 running in null rsrc of package com.sec.android.app.shealth
05-06 16:58:44.948  1296  1296 D TimaKeyStoreProvider: TimaSignature is unavailable
05-06 16:58:44.948  1397  1397 W ResourcesManager: getTopLevelResources: /data/app/com.sec.android.app.shealth-1/base.apk / 1.0 running in null rsrc of package com.sec.android.app.shealth
05-06 16:58:44.948  1296  1296 D ActivityThread: Added TimaKeyStore provider
05-06 16:58:44.948  1397  1397 W ResourcesManager: getTopLevelResources: /data/app/com.google.android.apps.docs.editors.docs-1/base.apk / 1.0 running in null rsrc of package com.google.android.apps.docs.editors.docs
05-06 16:58:44.948  1397  1397 D ResourcesManager: For user 0 new overlays fetched Null
05-06 16:58:44.948  1397  1397 W ResourcesManager: getTopLevelResources: /data/app/com.google.android.apps.docs.editors.docs-1/base.apk / 1.0 running in null rsrc of package com.google.android.apps.docs.editors.docs
05-06 16:58:44.948  1397  1397 W ResourcesManager: getTopLevelResources: /data/app/com.google.android.apps.cloudprint-1/base.apk / 1.0 running in null rsrc of package com.google.android.apps.cloudprint
05-06 16:58:44.948  1397  1397 D ResourcesManager: For user 0 new overlays fetched Null
05-06 16:58:44.948  1397  1397 W ResourcesManager: getTopLevelResources: /data/app/com.google.android.apps.cloudprint-1/base.apk / 1.0 running in null rsrc of package com.google.android.apps.cloudprint
05-06 16:58:44.948  1397  1397 W ResourcesManager: getTopLevelResources: /data/app/com.humblebundle.library-1/base.apk / 1.0 running in null rsrc of package com.humblebundle.library
05-06 16:58:44.948  1397  1397 W ResourcesManager: getTopLevelResources: /data/app/com.humblebundle.library-1/base.apk / 1.0 running in null rsrc of package com.humblebundle.library
05-06 16:58:44.948  1397  1397 W ResourcesManager: getTopLevelResources: /data/app/com.google.android.inputmethod.latin-1/base.apk / 1.0 running in null rsrc of package com.google.android.inputmethod.latin
05-06 16:58:44.948  1397  1397 D ResourcesManager: For user 0 new overlays fetched Null
05-06 16:58:44.948  1397  3321 V BroadcastQueue: [background] Process cur broadcast BroadcastRecord{ec9310f u0 android.intent.action.PACKAGE_ADDED qIdx=4}, state= (APP_RECEIVE) DELIVERED for app ProcessRecord{2ac1518 1296:com.samsung.voiceserviceplatform/u0a43}
05-06 16:58:44.948  1397  1397 W ResourcesManager: getTopLevelResources: /data/app/com.google.android.inputmethod.latin-1/base.apk / 1.0 running in null rsrc of package com.google.android.inputmethod.latin
05-06 16:58:44.948  1397  1397 W ResourcesManager: getTopLevelResources: /data/app/com.google.android.apps.docs.editors.sheets-1/base.apk / 1.0 running in null rsrc of package com.google.android.apps.docs.editors.sheets
05-06 16:58:44.948  1397  1466 W ResourcesManager: getTopLevelResources: /data/app/com.google.android.googlequicksearchbox-1/base.apk / 1.0 running in null rsrc of package com.google.android.googlequicksearchbox
05-06 16:58:44.948  1397  1466 W ResourcesManager: getTopLevelResources: /data/app/com.google.android.googlequicksearchbox-1/base.apk / 1.0 running in null rsrc of package com.google.android.googlequicksearchbox
05-06 16:58:44.948  1397  1466 W ResourcesManager: getTopLevelResources: /data/app/com.google.android.inputmethod.latin-1/base.apk / 1.0 running in null rsrc of package com.google.android.inputmethod.latin
05-06 16:58:44.958  1397  1397 D ResourcesManager: For user 0 new overlays fetched Null
05-06 16:58:44.958  1397  1466 W ResourcesManager: getTopLevelResources: /data/app/com.google.android.inputmethod.latin-1/base.apk / 1.0 running in null rsrc of package com.google.android.inputmethod.latin
05-06 16:58:44.958  1397  1397 W ResourcesManager: getTopLevelResources: /data/app/com.google.android.apps.docs.editors.sheets-1/base.apk / 1.0 running in null rsrc of package com.google.android.apps.docs.editors.sheets
05-06 16:58:44.958  1397  1397 W ResourcesManager: getTopLevelResources: /data/app/com.microsoft.office.onenote-1/base.apk / 1.0 running in null rsrc of package com.microsoft.office.onenote
05-06 16:58:44.968 32677 32677 I ServiceManager: [#CMH#] Disconnected to Service  com.samsung.faceservice.FaceService
05-06 16:58:44.958  1397  1397 W ResourcesManager: getTopLevelResources: /data/app/com.microsoft.office.onenote-1/base.apk / 1.0 running in null rsrc of package com.microsoft.office.onenote
