05-06 16:31:12.076  1397  1397 W ResourcesManager: getTopLevelResources: /system/priv-app/SNS_v2/SNS_v2.apk / 1.0 running in null rsrc of package com.sec.android.app.sns3
05-06 16:31:12.076  1397  1397 W ResourcesManager: getTopLevelResources: /system/app/CoreApps/CoreApps.apk / 1.0 running in null rsrc of package com.samsung.android.coreapps
05-06 16:31:12.076  1397  1397 W ResourcesManager: getTopLevelResources: /system/app/CoreApps/CoreApps.apk / 1.0 running in null rsrc of package com.samsung.android.coreapps
05-06 16:31:12.076  1397  1397 W ResourcesManager: getTopLevelResources: /system/app/GoogleCalendarSyncAdapter/GoogleCalendarSyncAdapter.apk / 1.0 running in null rsrc of package com.google.android.syncadapters.calendar
05-06 16:31:12.076  1397  2374 D NetworkStatsRecorder: entry.iface is null
05-06 16:31:12.076  1397  2374 D NetworkStatsRecorder: entry.iface is null
05-06 16:31:12.076  1397  2374 D NtpTrustedTime: currentTimeMillis() cache hit
05-06 16:31:12.076  1397  1397 D ResourcesManager: For user 0 new overlays fetched Null
05-06 16:31:12.076  1397  2374 V NetworkStats: performPollLocked() took 72ms
05-06 16:31:12.076  1397  1397 W ResourcesManager: getTopLevelResources: /system/app/GoogleCalendarSyncAdapter/GoogleCalendarSyncAdapter.apk / 1.0 running in null rsrc of package com.google.android.syncadapters.calendar
05-06 16:31:12.076  1397  1397 W ResourcesManager: getTopLevelResources: /system/app/GoogleContactsSyncAdapter/GoogleContactsSyncAdapter.apk / 1.0 running in null rsrc of package com.google.android.syncadapters.contacts
05-06 16:31:12.086  1397  1397 D ResourcesManager: For user 0 new overlays fetched Null
05-06 16:31:12.086 30246 30263 W System.err: remove failed: ENOENT (No such file or directory) : /storage/emulated/0/Android/data/plv.colorado.edu.callinsbenchmark
05-06 16:31:12.086  1397  1397 W ResourcesManager: getTopLevelResources: /system/app/GoogleContactsSyncAdapter/GoogleContactsSyncAdapter.apk / 1.0 running in null rsrc of package com.google.android.syncadapters.contacts
05-06 16:31:12.086  1397  1397 W ResourcesManager: getTopLevelResources: /data/app/com.google.android.gms-1/base.apk / 1.0 running in null rsrc of package com.google.android.gms
05-06 16:31:12.086  1397  1397 W ResourcesManager: getTopLevelResources: /data/app/com.google.android.gms-1/base.apk / 1.0 running in null rsrc of package com.google.android.gms
05-06 16:31:12.086  1397  1397 W ResourcesManager: getTopLevelResources: /data/app/com.google.android.gms-1/base.apk / 1.0 running in null rsrc of package com.google.android.gms
05-06 16:31:12.086  1397  1397 W ResourcesManager: getTopLevelResources: /data/app/com.google.android.gms-1/base.apk / 1.0 running in null rsrc of package com.google.android.gms
05-06 16:31:12.086  1397  1397 W ResourcesManager: getTopLevelResources: /data/app/com.google.android.gms-1/base.apk / 1.0 running in null rsrc of package com.google.android.gms
05-06 16:31:12.086  1397  1397 W ResourcesManager: getTopLevelResources: /data/app/com.google.android.gms-1/base.apk / 1.0 running in null rsrc of package com.google.android.gms
05-06 16:31:12.086  1397  1397 W ResourcesManager: getTopLevelResources: /data/app/com.google.android.gms-1/base.apk / 1.0 running in null rsrc of package com.google.android.gms
05-06 16:31:12.086  1397  1397 W ResourcesManager: getTopLevelResources: /data/app/com.google.android.gms-1/base.apk / 1.0 running in null rsrc of package com.google.android.gms
05-06 16:31:12.086  1397  2375 D NtpTrustedTime: currentTimeMillis() cache hit
05-06 16:31:12.086  1397  1397 W ResourcesManager: getTopLevelResources: /data/app/com.google.android.gms-1/base.apk / 1.0 running in null rsrc of package com.google.android.gms
05-06 16:31:12.086  1397  1397 W ResourcesManager: getTopLevelResources: /data/app/com.google.android.gms-1/base.apk / 1.0 running in null rsrc of package com.google.android.gms
05-06 16:31:12.086  1397  1397 W ResourcesManager: getTopLevelResources: /data/app/com.google.android.gms-1/base.apk / 1.0 running in null rsrc of package com.google.android.gms
05-06 16:31:12.086  1397  1397 W ResourcesManager: getTopLevelResources: /data/app/com.google.android.gms-1/base.apk / 1.0 running in null rsrc of package com.google.android.gms
05-06 16:31:12.086  1397  1397 W ResourcesManager: getTopLevelResources: /data/app/com.google.android.gms-1/base.apk / 1.0 running in null rsrc of package com.google.android.gms
05-06 16:31:12.086  1397  1397 W ResourcesManager: getTopLevelResources: /data/app/com.google.android.gms-1/base.apk / 1.0 running in null rsrc of package com.google.android.gms
05-06 16:31:12.086  1397  1397 W ResourcesManager: getTopLevelResources: /data/app/com.google.android.gms-1/base.apk / 1.0 running in null rsrc of package com.google.android.gms
05-06 16:31:12.086  1397  1397 W ResourcesManager: getTopLevelResources: /data/app/com.google.android.gms-1/base.apk / 1.0 running in null rsrc of package com.google.android.gms
05-06 16:31:12.086  1397  1397 W ResourcesManager: getTopLevelResources: /data/app/com.google.android.gms-1/base.apk / 1.0 running in null rsrc of package com.google.android.gms
05-06 16:31:12.086  1397  1397 W ResourcesManager: getTopLevelResources: /data/app/com.google.android.gms-1/base.apk / 1.0 running in null rsrc of package com.google.android.gms
05-06 16:31:12.086  1397  1397 W ResourcesManager: getTopLevelResources: /data/app/com.google.android.gms-1/base.apk / 1.0 running in null rsrc of package com.google.android.gms
05-06 16:31:12.086  1397  1397 W ResourcesManager: getTopLevelResources: /data/app/com.google.android.gms-1/base.apk / 1.0 running in null rsrc of package com.google.android.gms
05-06 16:31:12.086  1397  1397 W ResourcesManager: getTopLevelResources: /data/app/com.google.android.gms-1/base.apk / 1.0 running in null rsrc of package com.google.android.gms
05-06 16:31:12.086  1397  1397 W ResourcesManager: getTopLevelResources: /data/app/com.google.android.gms-1/base.apk / 1.0 running in null rsrc of package com.google.android.gms
05-06 16:31:12.086  1397  1397 W ResourcesManager: getTopLevelResources: /data/app/com.google.android.gms-1/base.apk / 1.0 running in null rsrc of package com.google.android.gms
05-06 16:31:12.086  1397  1397 W ResourcesManager: getTopLevelResources: /data/app/com.google.android.gms-1/base.apk / 1.0 running in null rsrc of package com.google.android.gms
05-06 16:31:12.086  1397  1397 W ResourcesManager: getTopLevelResources: /data/app/com.google.android.gms-1/base.apk / 1.0 running in null rsrc of package com.google.android.gms
05-06 16:31:12.086  1397  1397 W ResourcesManager: getTopLevelResources: /data/app/com.google.android.gms-1/base.apk / 1.0 running in null rsrc of package com.google.android.gms
05-06 16:31:12.086  1397  1397 W ResourcesManager: getTopLevelResources: /data/app/com.google.android.gms-1/base.apk / 1.0 running in null rsrc of package com.google.android.gms
05-06 16:31:12.086  1397  1397 W ResourcesManager: getTopLevelResources: /data/app/com.google.android.gms-1/base.apk / 1.0 running in null rsrc of package com.google.android.gms
05-06 16:31:12.086  1397  1397 W ResourcesManager: getTopLevelResources: /data/app/com.google.android.gms-1/base.apk / 1.0 running in null rsrc of package com.google.android.gms
05-06 16:31:12.086  1397  1397 W ResourcesManager: getTopLevelResources: /data/app/com.google.android.gms-1/base.apk / 1.0 running in null rsrc of package com.google.android.gms
05-06 16:31:12.086  1397  1397 W ResourcesManager: getTopLevelResources: /data/app/com.google.android.gms-1/base.apk / 1.0 running in null rsrc of package com.google.android.gms
05-06 16:31:12.086  1397  1397 W ResourcesManager: getTopLevelResources: /data/app/com.google.android.gms-1/base.apk / 1.0 running in null rsrc of package com.google.android.gms
05-06 16:31:12.086  1397  1397 W ResourcesManager: getTopLevelResources: /data/app/com.android.chrome-1/base.apk / 1.0 running in null rsrc of package com.android.chrome
05-06 16:31:12.096 30246 30263 W System.err: remove failed: ENOENT (No such file or directory) : /storage/emulated/0/Android/media/plv.colorado.edu.callinsbenchmark
05-06 16:31:12.096  1397  1397 D ResourcesManager: For user 0 new overlays fetched Null
05-06 16:31:12.096 30246 30263 W System.err: remove failed: ENOENT (No such file or directory) : /storage/emulated/0/Android/obb/plv.colorado.edu.callinsbenchmark
05-06 16:31:12.096  1397  1397 W ResourcesManager: getTopLevelResources: /data/app/com.android.chrome-1/base.apk / 1.0 running in null rsrc of package com.android.chrome
05-06 16:31:12.096  1397  1397 W ResourcesManager: getTopLevelResources: /data/app/com.google.android.gm-1/base.apk / 1.0 running in null rsrc of package com.google.android.gm
05-06 16:31:12.096  1397  1397 W ResourcesManager: getTopLevelResources: /data/app/com.google.android.gm-1/base.apk / 1.0 running in null rsrc of package com.google.android.gm
05-06 16:31:12.096  1397  1397 W ResourcesManager: getTopLevelResources: /data/app/com.google.android.gm-1/base.apk / 1.0 running in null rsrc of package com.google.android.gm
05-06 16:31:12.096  1397  1397 W ResourcesManager: getTopLevelResources: /data/app/com.google.android.gm-1/base.apk / 1.0 running in null rsrc of package com.google.android.gm
05-06 16:31:12.096  1397  1397 W ResourcesManager: getTopLevelResources: /data/app/com.google.android.gm-1/base.apk / 1.0 running in null rsrc of package com.google.android.gm
05-06 16:31:12.096  1397  1397 W ResourcesManager: getTopLevelResources: /data/app/com.google.android.gm-1/base.apk / 1.0 running in null rsrc of package com.google.android.gm
05-06 16:31:12.096  1397  1397 W ResourcesManager: getTopLevelResources: /data/app/com.google.android.gm-1/base.apk / 1.0 running in null rsrc of package com.google.android.gm
05-06 16:31:12.096  1397  1397 W ResourcesManager: getTopLevelResources: /data/app/com.google.android.gm-1/base.apk / 1.0 running in null rsrc of package com.google.android.gm
05-06 16:31:12.096  1397  1397 W ResourcesManager: getTopLevelResources: /data/app/com.google.android.gm-1/base.apk / 1.0 running in null rsrc of package com.google.android.gm
05-06 16:31:12.096  1397  1397 W ResourcesManager: getTopLevelResources: /data/app/com.google.android.gm-1/base.apk / 1.0 running in null rsrc of package com.google.android.gm
05-06 16:31:12.096  1397  1397 W ResourcesManager: getTopLevelResources: /data/app/com.google.android.gm-1/base.apk / 1.0 running in null rsrc of package com.google.android.gm
05-06 16:31:12.096  1397  1397 W ResourcesManager: getTopLevelResources: /data/app/com.google.android.gm-1/base.apk / 1.0 running in null rsrc of package com.google.android.gm
05-06 16:31:12.096  1397  1397 W ResourcesManager: getTopLevelResources: /data/app/com.google.android.music-1/base.apk / 1.0 running in null rsrc of package com.google.android.music
05-06 16:31:12.106  1397  3355 I ActivityManager: Killing 28931:com.sec.android.Kies/1000 (adj 15): DHA:empty #33
05-06 16:31:12.106  1397  1397 D ResourcesManager: For user 0 new overlays fetched Null
05-06 16:31:12.106  1397  1397 W ResourcesManager: getTopLevelResources: /data/app/com.google.android.music-1/base.apk / 1.0 running in null rsrc of package com.google.android.music
05-06 16:31:12.106  1397  1397 W ResourcesManager: getTopLevelResources: /data/app/com.google.android.videos-1/base.apk / 1.0 running in null rsrc of package com.google.android.videos
05-06 16:31:12.106  1397  2375 D NtpTrustedTime: currentTimeMillis() cache hit
05-06 16:31:12.116  1397  1397 D ResourcesManager: For user 0 new overlays fetched Null
05-06 16:31:12.116  1397  1397 W ResourcesManager: getTopLevelResources: /data/app/com.google.android.videos-1/base.apk / 1.0 running in null rsrc of package com.google.android.videos
05-06 16:31:12.116  1397  1397 W ResourcesManager: getTopLevelResources: /data/app/com.google.android.apps.docs-1/base.apk / 1.0 running in null rsrc of package com.google.android.apps.docs
05-06 16:31:12.116  1397  1397 D ResourcesManager: For user 0 new overlays fetched Null
05-06 16:31:12.116  1397  1397 W ResourcesManager: getTopLevelResources: /data/app/com.google.android.apps.docs-1/base.apk / 1.0 running in null rsrc of package com.google.android.apps.docs
05-06 16:31:12.116  1397  1397 W ResourcesManager: getTopLevelResources: /data/app/com.sec.android.app.shealth-1/base.apk / 1.0 running in null rsrc of package com.sec.android.app.shealth
05-06 16:31:12.126  1397  1397 D ResourcesManager: For user 0 new overlays fetched Null
05-06 16:31:12.126  1397  1397 W ResourcesManager: getTopLevelResources: /data/app/com.sec.android.app.shealth-1/base.apk / 1.0 running in null rsrc of package com.sec.android.app.shealth
05-06 16:31:12.126  1397  1397 W ResourcesManager: getTopLevelResources: /data/app/com.sec.android.app.shealth-1/base.apk / 1.0 running in null rsrc of package com.sec.android.app.shealth
05-06 16:31:12.126  1397  1397 W ResourcesManager: getTopLevelResources: /data/app/com.sec.android.app.shealth-1/base.apk / 1.0 running in null rsrc of package com.sec.android.app.shealth
05-06 16:31:12.126  1397  1397 W ResourcesManager: getTopLevelResources: /data/app/com.google.android.apps.docs.editors.docs-1/base.apk / 1.0 running in null rsrc of package com.google.android.apps.docs.editors.docs
05-06 16:31:12.126  1397  1397 D ResourcesManager: For user 0 new overlays fetched Null
05-06 16:31:12.126  1397  1397 W ResourcesManager: getTopLevelResources: /data/app/com.google.android.apps.docs.editors.docs-1/base.apk / 1.0 running in null rsrc of package com.google.android.apps.docs.editors.docs
05-06 16:31:12.126  1397  1397 W ResourcesManager: getTopLevelResources: /data/app/com.google.android.apps.cloudprint-1/base.apk / 1.0 running in null rsrc of package com.google.android.apps.cloudprint
05-06 16:31:12.136  1397  1397 D ResourcesManager: For user 0 new overlays fetched Null
05-06 16:31:12.136  1397  1397 W ResourcesManager: getTopLevelResources: /data/app/com.google.android.apps.cloudprint-1/base.apk / 1.0 running in null rsrc of package com.google.android.apps.cloudprint
05-06 16:31:12.136  1397  1397 W ResourcesManager: getTopLevelResources: /data/app/com.humblebundle.library-1/base.apk / 1.0 running in null rsrc of package com.humblebundle.library
05-06 16:31:12.136  1397  1397 W ResourcesManager: getTopLevelResources: /data/app/com.humblebundle.library-1/base.apk / 1.0 running in null rsrc of package com.humblebundle.library
05-06 16:31:12.136  1397  1397 W ResourcesManager: getTopLevelResources: /data/app/com.google.android.inputmethod.latin-1/base.apk / 1.0 running in null rsrc of package com.google.android.inputmethod.latin
05-06 16:31:12.136  1397  2649 D ActivityManager: isAutoRunBlockedApp:: com.sec.android.Kies, Auto Run ON
05-06 16:31:12.136  1397  1397 D ResourcesManager: For user 0 new overlays fetched Null
05-06 16:31:12.136  1397  1397 W ResourcesManager: getTopLevelResources: /data/app/com.google.android.inputmethod.latin-1/base.apk / 1.0 running in null rsrc of package com.google.android.inputmethod.latin
05-06 16:31:12.136  1397  1397 W ResourcesManager: getTopLevelResources: /data/app/com.google.android.apps.docs.editors.sheets-1/base.apk / 1.0 running in null rsrc of package com.google.android.apps.docs.editors.sheets
05-06 16:31:12.136  1397  1397 D ResourcesManager: For user 0 new overlays fetched Null
05-06 16:31:12.136  1397  1397 W ResourcesManager: getTopLevelResources: /data/app/com.google.android.apps.docs.editors.sheets-1/base.apk / 1.0 running in null rsrc of package com.google.android.apps.docs.editors.sheets
05-06 16:31:12.136  1397  1397 W ResourcesManager: getTopLevelResources: /data/app/com.microsoft.office.onenote-1/base.apk / 1.0 running in null rsrc of package com.microsoft.office.onenote
05-06 16:31:12.136  1397  1397 W ResourcesManager: getTopLevelResources: /data/app/com.microsoft.office.onenote-1/base.apk / 1.0 running in null rsrc of package com.microsoft.office.onenote
05-06 16:31:12.136  1397  1397 W ResourcesManager: getTopLevelResources: /data/app/com.google.android.apps.magazines-1/base.apk / 1.0 running in null rsrc of package com.google.android.apps.magazines
05-06 16:31:12.146  1397  1397 D ResourcesManager: For user 0 new overlays fetched Null
05-06 16:31:12.146  1397  1397 W ResourcesManager: getTopLevelResources: /data/app/com.google.android.apps.magazines-1/base.apk / 1.0 running in null rsrc of package com.google.android.apps.magazines
05-06 16:31:12.146  1397  1397 W ResourcesManager: getTopLevelResources: /data/app/com.google.android.apps.genie.geniewidget-1/base.apk / 1.0 running in null rsrc of package com.google.android.apps.genie.geniewidget
05-06 16:31:12.146  1397  1397 D ResourcesManager: For user 0 new overlays fetched Null
05-06 16:31:12.146  1397  1397 W ResourcesManager: getTopLevelResources: /data/app/com.google.android.apps.genie.geniewidget-1/base.apk / 1.0 running in null rsrc of package com.google.android.apps.genie.geniewidget
05-06 16:31:12.146  1397  1397 W ResourcesManager: getTopLevelResources: /data/app/com.google.android.calendar-1/base.apk / 1.0 running in null rsrc of package com.google.android.calendar
05-06 16:31:12.146  1397  1397 D ResourcesManager: For user 0 new overlays fetched Null
05-06 16:31:12.146  1397  1397 W ResourcesManager: getTopLevelResources: /data/app/com.google.android.calendar-1/base.apk / 1.0 running in null rsrc of package com.google.android.calendar
05-06 16:31:12.146  1397  1397 W ResourcesManager: getTopLevelResources: /data/app/com.google.android.apps.books-1/base.apk / 1.0 running in null rsrc of package com.google.android.apps.books
05-06 16:31:12.156  1397  1397 D ResourcesManager: For user 0 new overlays fetched Null
05-06 16:31:12.156  1397  1397 W ResourcesManager: getTopLevelResources: /data/app/com.google.android.apps.books-1/base.apk / 1.0 running in null rsrc of package com.google.android.apps.books
05-06 16:31:12.156  1397  1397 W ResourcesManager: getTopLevelResources: /data/app/com.google.android.inputmethod.pinyin-1/base.apk / 1.0 running in null rsrc of package com.google.android.inputmethod.pinyin
05-06 16:31:12.156  1397  1397 D ResourcesManager: For user 0 new overlays fetched Null
05-06 16:31:12.156  1397  2460 D RestrictionPolicy: userId: 0, isMicrophoneEnabledAsUser : true
05-06 16:31:12.156  1397  1397 W ResourcesManager: getTopLevelResources: /data/app/com.google.android.inputmethod.pinyin-1/base.apk / 1.0 running in null rsrc of package com.google.android.inputmethod.pinyin
05-06 16:31:12.156  1397  2531 D RestrictionPolicy: userId: 0, isMicrophoneEnabledAsUser : true
05-06 16:31:12.156  1397  1397 W ResourcesManager: getTopLevelResources: /data/app/org.thoughtcrime.securesms-1/base.apk / 1.0 running in null rsrc of package org.thoughtcrime.securesms
05-06 16:31:12.156  1397  1397 W ResourcesManager: getTopLevelResources: /data/app/org.thoughtcrime.securesms-1/base.apk / 1.0 running in null rsrc of package org.thoughtcrime.securesms
05-06 16:31:12.156  1397  1397 W ResourcesManager: getTopLevelResources: /data/app/org.mozilla.firefox-2/base.apk / 1.0 running in null rsrc of package org.mozilla.firefox
05-06 16:31:12.156  1397  3317 D RestrictionPolicy: userId: 0, isMicrophoneEnabledAsUser : true
05-06 16:31:12.156  1397  1397 W ResourcesManager: getTopLevelResources: /data/app/org.mozilla.firefox-2/base.apk / 1.0 running in null rsrc of package org.mozilla.firefox
05-06 16:31:12.156  1397  1397 W ResourcesManager: getTopLevelResources: /data/app/com.skype.raider-2/base.apk / 1.0 running in null rsrc of package com.skype.raider
05-06 16:31:12.156  1397  1397 W ResourcesManager: getTopLevelResources: /data/app/com.skype.raider-2/base.apk / 1.0 running in null rsrc of package com.skype.raider
05-06 16:31:12.156  1397  1397 W ResourcesManager: getTopLevelResources: /data/app/com.facebook.orca-2/base.apk / 1.0 running in null rsrc of package com.facebook.orca
05-06 16:31:12.156  1397  1397 W ResourcesManager: getTopLevelResources: /data/app/com.facebook.orca-2/base.apk / 1.0 running in null rsrc of package com.facebook.orca
05-06 16:31:12.156  1397  1397 W ResourcesManager: getTopLevelResources: /data/app/com.google.android.apps.plus-2/base.apk / 1.0 running in null rsrc of package com.google.android.apps.plus
05-06 16:31:12.156  1397  1416 D RestrictionPolicy: userId: 0, isMicrophoneEnabledAsUser : true
05-06 16:31:12.156  1397  3343 D RestrictionPolicy: userId: 0, isMicrophoneEnabledAsUser : true
05-06 16:31:12.156  1397  3209 D RestrictionPolicy: userId: 0, isMicrophoneEnabledAsUser : true
05-06 16:31:12.156  1397  2764 D RestrictionPolicy: userId: 0, isMicrophoneEnabledAsUser : true
05-06 16:31:12.156  1397  1397 D ResourcesManager: For user 0 new overlays fetched Null
05-06 16:31:12.156  1397  1397 W ResourcesManager: getTopLevelResources: /data/app/com.google.android.apps.plus-2/base.apk / 1.0 running in null rsrc of package com.google.android.apps.plus
05-06 16:31:12.156  1397  1397 W ResourcesManager: getTopLevelResources: /data/app/com.google.android.apps.plus-2/base.apk / 1.0 running in null rsrc of package com.google.android.apps.plus
05-06 16:31:12.156  1397  1397 W ResourcesManager: getTopLevelResources: /data/app/com.google.android.apps.plus-2/base.apk / 1.0 running in null rsrc of package com.google.android.apps.plus
05-06 16:31:12.156  1397  1397 W ResourcesManager: getTopLevelResources: /data/app/com.google.android.apps.inbox-2/base.apk / 1.0 running in null rsrc of package com.google.android.apps.inbox
05-06 16:31:12.166  1397  1397 D ResourcesManager: For user 0 new overlays fetched Null
05-06 16:31:12.166  1397  1397 W ResourcesManager: getTopLevelResources: /data/app/com.google.android.apps.inbox-2/base.apk / 1.0 running in null rsrc of package com.google.android.apps.inbox
05-06 16:31:12.166  1397  1397 W ResourcesManager: getTopLevelResources: /data/app/com.google.android.keep-1/base.apk / 1.0 running in null rsrc of package com.google.android.keep
05-06 16:31:12.166  1397  1397 D ResourcesManager: For user 0 new overlays fetched Null
05-06 16:31:12.166  1397  1397 W ResourcesManager: getTopLevelResources: /data/app/com.google.android.keep-1/base.apk / 1.0 running in null rsrc of package com.google.android.keep
05-06 16:31:12.166  1397  1397 W ResourcesManager: getTopLevelResources: /data/app/com.google.android.apps.docs.editors.slides-2/base.apk / 1.0 running in null rsrc of package com.google.android.apps.docs.editors.slides
05-06 16:31:12.166  1397  1397 D ResourcesManager: For user 0 new overlays fetched Null
05-06 16:31:12.176  1397  1397 W ResourcesManager: getTopLevelResources: /data/app/com.google.android.apps.docs.editors.slides-2/base.apk / 1.0 running in null rsrc of package com.google.android.apps.docs.editors.slides
05-06 16:31:12.176  1397  1397 V AlarmManager: Remove alarm for next reason : android.intent.action.PACKAGE_REMOVED : package: plv.colorado.edu.callinsbenchmark
05-06 16:31:12.176  1397  1466 W ResourcesManager: getTopLevelResources: /system/app/SamsungIMEv3/SamsungIMEv3.apk / 1.0 running in null rsrc of package com.sec.android.inputmethod
05-06 16:31:12.176  1397  1397 V AlarmManagerEXT: plv.colorado.edu.callinsbenchmark(10290) is removed.
05-06 16:31:12.196  1397  1466 D ResourcesManager: For user 0 new overlays fetched [/data/overlays/style/com.cambunch.MaterialDark/com.cambunch.MaterialDark.inputmethod.apk, /data/overlays/style/com.cambunch.MaterialDark/com.cambunch.MaterialDark.touchwiz.apk, /data/overlays/style/com.cambunch.MaterialDark/com.cambunch.MaterialDark.common.apk]
05-06 16:31:12.196  1397  1466 W ResourcesManager: getTopLevelResources: /system/app/SamsungIMEv3/SamsungIMEv3.apk / 1.0 running in null rsrc of package com.sec.android.inputmethod
05-06 16:31:12.196  1397  1466 W ResourcesManager: getTopLevelResources: /data/app/com.google.android.googlequicksearchbox-1/base.apk / 1.0 running in null rsrc of package com.google.android.googlequicksearchbox
05-06 16:31:12.196  1397  1466 W ResourcesManager: getTopLevelResources: /data/app/com.google.android.googlequicksearchbox-1/base.apk / 1.0 running in null rsrc of package com.google.android.googlequicksearchbox
05-06 16:31:12.196  1397  1466 W ResourcesManager: getTopLevelResources: /data/app/com.google.android.inputmethod.latin-1/base.apk / 1.0 running in null rsrc of package com.google.android.inputmethod.latin
05-06 16:31:12.196  1397  1466 W ResourcesManager: getTopLevelResources: /data/app/com.google.android.inputmethod.latin-1/base.apk / 1.0 running in null rsrc of package com.google.android.inputmethod.latin
05-06 16:31:12.196  1397  1466 W ResourcesManager: getTopLevelResources: /data/app/org.pocketworkstation.pckeyboard-1/base.apk / 1.0 running in null rsrc of package org.pocketworkstation.pckeyboard
05-06 16:31:12.206  1397  1466 D ResourcesManager: For user 0 new overlays fetched Null
05-06 16:31:12.206  1397  1466 W ResourcesManager: getTopLevelResources: /data/app/org.pocketworkstation.pckeyboard-1/base.apk / 1.0 running in null rsrc of package org.pocketworkstation.pckeyboard
05-06 16:31:12.206  1397  1466 W ResourcesManager: getTopLevelResources: /data/app/com.google.android.inputmethod.pinyin-1/base.apk / 1.0 running in null rsrc of package com.google.android.inputmethod.pinyin
05-06 16:31:12.206  1397  1466 W ResourcesManager: getTopLevelResources: /data/app/com.google.android.inputmethod.pinyin-1/base.apk / 1.0 running in null rsrc of package com.google.android.inputmethod.pinyin
05-06 16:31:12.206  1397  1466 W ResourcesManager: getTopLevelResources: /data/app/keepass2android.keepass2android_nonet-1/base.apk / 1.0 running in null rsrc of package keepass2android.keepass2android_nonet
05-06 16:31:12.216  1397  1466 D ResourcesManager: For user 0 new overlays fetched Null
05-06 16:31:12.216  1397  1466 W ResourcesManager: getTopLevelResources: /data/app/keepass2android.keepass2android_nonet-1/base.apk / 1.0 running in null rsrc of package keepass2android.keepass2android_nonet
05-06 16:31:12.216  1397  1466 W ResourcesManager: getTopLevelResources: /system/app/SamsungIMEv3/SamsungIMEv3.apk / 1.0 running in null rsrc of package com.sec.android.inputmethod
05-06 16:31:12.216  1397  1466 W ResourcesManager: getTopLevelResources: /data/app/com.google.android.inputmethod.latin-1/base.apk / 1.0 running in null rsrc of package com.google.android.inputmethod.latin
05-06 16:31:12.216  1397  1466 W ResourcesManager: getTopLevelResources: /data/app/com.google.android.inputmethod.pinyin-1/base.apk / 1.0 running in null rsrc of package com.google.android.inputmethod.pinyin
05-06 16:31:12.216  1397  1466 W ResourcesManager: getTopLevelResources: /data/app/org.pocketworkstation.pckeyboard-1/base.apk / 1.0 running in null rsrc of package org.pocketworkstation.pckeyboard
05-06 16:31:12.226  1397  1466 W ResourcesManager: getTopLevelResources: /data/app/com.google.android.inputmethod.latin-1/base.apk / 1.0 running in null rsrc of package com.google.android.inputmethod.latin
05-06 16:31:12.226  1397  1466 W ResourcesManager: getTopLevelResources: /data/app/com.google.android.inputmethod.pinyin-1/base.apk / 1.0 running in null rsrc of package com.google.android.inputmethod.pinyin
05-06 16:31:12.226  1397  1466 W ResourcesManager: getTopLevelResources: /system/app/SamsungIMEv3/SamsungIMEv3.apk / 1.0 running in null rsrc of package com.sec.android.inputmethod
05-06 16:31:12.226  1397  1466 W ResourcesManager: getTopLevelResources: /system/priv-app/LiveBroadcast/LiveBroadcast.apk / 1.0 running in null rsrc of package com.sec.android.app.camera.plb
05-06 16:31:12.226  1397  1466 D ResourcesManager: For user 0 new overlays fetched Null
05-06 16:31:12.226  1397  1466 W ResourcesManager: getTopLevelResources: /system/priv-app/LiveBroadcast/LiveBroadcast.apk / 1.0 running in null rsrc of package com.sec.android.app.camera.plb
05-06 16:31:12.226  1397  1466 W ResourcesManager: getTopLevelResources: /system/priv-app/SamsungCamera5/SamsungCamera5.apk / 1.0 running in null rsrc of package com.sec.android.app.camera
05-06 16:31:12.236  1397  1466 D ResourcesManager: For user 0 new overlays fetched Null
05-06 16:31:12.236  1397  1466 W ResourcesManager: getTopLevelResources: /system/priv-app/SamsungCamera5/SamsungCamera5.apk / 1.0 running in null rsrc of package com.sec.android.app.camera
05-06 16:31:12.236  1397  1466 W ResourcesManager: getTopLevelResources: /system/app/STalkback/STalkback.apk / 1.0 running in null rsrc of package com.samsung.android.app.talkback
05-06 16:31:12.236  1397  1466 D ResourcesManager: For user 0 new overlays fetched [/data/overlays/style/com.cambunch.MaterialDark/com.cambunch.MaterialDark.touchwiz.apk, /data/overlays/style/com.cambunch.MaterialDark/com.cambunch.MaterialDark.talkback.apk, /data/overlays/style/com.cambunch.MaterialDark/com.cambunch.MaterialDark.common.apk]
05-06 16:31:12.236  1397  1466 W ResourcesManager: getTopLevelResources: /system/app/STalkback/STalkback.apk / 1.0 running in null rsrc of package com.samsung.android.app.talkback
05-06 16:31:12.236  1397  1466 W ResourcesManager: getTopLevelResources: /system/app/UniversalSwitch/UniversalSwitch.apk / 1.0 running in null rsrc of package com.samsung.android.universalswitch
05-06 16:31:12.236  1397  1466 D ResourcesManager: For user 0 new overlays fetched [/data/overlays/style/com.cambunch.MaterialDark/com.cambunch.MaterialDark.touchwiz.apk, /data/overlays/style/com.cambunch.MaterialDark/com.cambunch.MaterialDark.universalswitch.apk, /data/overlays/style/com.cambunch.MaterialDark/com.cambunch.MaterialDark.common.apk]
05-06 16:31:12.236  1397  1466 W ResourcesManager: getTopLevelResources: /system/app/UniversalSwitch/UniversalSwitch.apk / 1.0 running in null rsrc of package com.samsung.android.universalswitch
05-06 16:31:12.236  1397  1466 W ResourcesManager: getTopLevelResources: /data/app/com.google.android.marvin.talkback-1/base.apk / 1.0 running in null rsrc of package com.google.android.marvin.talkback
05-06 16:31:12.246  1397  1466 D ResourcesManager: For user 0 new overlays fetched [/data/overlays/style/com.cambunch.MaterialDark/com.cambunch.MaterialDark.touchwiz.apk, /data/overlays/style/com.cambunch.MaterialDark/com.cambunch.MaterialDark.common.apk]
05-06 16:31:12.246  1397  1466 W ResourcesManager: getTopLevelResources: /data/app/com.google.android.marvin.talkback-1/base.apk / 1.0 running in null rsrc of package com.google.android.marvin.talkback
05-06 16:31:12.246  1397  1466 W ResourcesManager: getTopLevelResources: /data/app/com.google.android.marvin.talkback-1/base.apk / 1.0 running in null rsrc of package com.google.android.marvin.talkback
05-06 16:31:12.246  1397  1466 W ResourcesManager: getTopLevelResources: /data/app/com.google.android.marvin.talkback-1/base.apk / 1.0 running in null rsrc of package com.google.android.marvin.talkback
05-06 16:31:12.256  1397  1397 D AccessibilityManagerService: checkUniversalSwitchState start:
05-06 16:31:12.256  1397  1397 D AccessibilityManagerService: checkUniversalSwitchState universalSwitchEnabled:false
05-06 16:31:12.256  1397  1397 D AccessibilityManagerService: updateInputFilter universalSwitchState:false
05-06 16:31:12.256  1397  1397 D AccessibilityManagerService: updateInputFilter userState.mIsUniversalSwitchEnabled:false
05-06 16:31:12.266  1397  1397 I HarmonyEASService: onReceive : android.intent.action.PACKAGE_REMOVED for 0
05-06 16:31:12.276  1397  1466 D EnterpriseDeviceManagerService: Package has changed for user 0
05-06 16:31:12.276  1397  1466 D EnterpriseDeviceManagerService: Admin package name: com.ospolice.packagedisablerpremium
05-06 16:31:12.276  1397  1466 D EnterpriseDeviceManagerService: Admin package name: com.google.android.gms
05-06 16:31:12.286  1397  1415 D RestrictionPolicy: userId: 0, isMicrophoneEnabledAsUser : true
05-06 16:31:12.286  1397  3107 D RestrictionPolicy: userId: 0, isMicrophoneEnabledAsUser : true
05-06 16:31:12.286  1397  2697 D RestrictionPolicy: userId: 0, isMicrophoneEnabledAsUser : true
05-06 16:31:12.286  1397  3355 D RestrictionPolicy: userId: 0, isMicrophoneEnabledAsUser : true
05-06 16:31:12.286  1397  2632 D RestrictionPolicy: userId: 0, isMicrophoneEnabledAsUser : true
05-06 16:31:12.286  1397  3322 D RestrictionPolicy: userId: 0, isMicrophoneEnabledAsUser : true
05-06 16:31:12.296  1397  1397 D UniversalCredentialManagerService: inside mPkgReciever onReceive : android.intent.action.PACKAGE_REMOVED
05-06 16:31:12.296  1397  1397 D UniversalCredentialManagerService: ACTION_PACKAGE_REMOVED is called....
05-06 16:31:12.296  1397  1397 D UniversalCredentialManagerService: ****MSG_CLEAN_INFO block started****
05-06 16:31:12.296  1397  1397 D UniversalCredentialManagerService: uid - 10290, userId-0
05-06 16:31:12.296  1397  1397 D UniversalCredentialManagerService: notifyChangeToPlugin is called for package uninstalled...
05-06 16:31:12.296  1397  1397 D UcmService: notifyChangeToPlugin event 12
05-06 16:31:12.296  1397  1397 D UcmService: checkCallerPermissionFor is called for method-notifyChangeToPlugin
05-06 16:31:12.296  1397  1397 I UcmService: checkIfNotify for cs Name = com.samsung.ucs.agent.boot:com.samsung.ucs.agent.boot Package name = com.samsung.ucs.agent.boot
05-06 16:31:12.296  1397  1397 D UcmService: notifying to unmanaged plugin
05-06 16:31:12.296  3332  3354 D BootAgentService: notifyChange eventId-12
05-06 16:31:12.296  1397  1397 D UcmService: agentService com.samsung.ucs.agent.boot:com.samsung.ucs.agent.boot notify status - -1
05-06 16:31:12.296  1397  1397 D UcmService: agentService status--1
05-06 16:31:12.296  1397  1397 I UcmService: checkIfNotify for cs Name = com.sec.smartcard.manager:com.samsung.ucs.agent.baiMobile Package name = com.sec.smartcard.manager
05-06 16:31:12.296  1397  1397 D UcmService: notifying to unmanaged plugin
05-06 16:31:12.306 28275 28287 E ucsBai_agentService: notifyChange NOT SUPPORTED
05-06 16:31:12.306  1397  1397 D UcmService: agentService com.sec.smartcard.manager:com.samsung.ucs.agent.baiMobile notify status - 0
05-06 16:31:12.306  1397  1397 D UcmService: agentService status-0
05-06 16:31:12.306  1397  1397 I UcmService: checkIfNotify for cs Name = com.samsung.ucs.agent.ese:eSE Credential Storage Package name = com.samsung.ucs.agent.ese
05-06 16:31:12.306  1397  1397 D UcmService: notifying to managed plugin
05-06 16:31:12.306  1397  1397 D UcmService: checkIfNotify: Valid userid - 0
05-06 16:31:12.306  1397  1397 D PolicyManager: PolicyManager.isStorageEnabled() for userId = 0
05-06 16:31:12.306  1397  1397 D UniversalCredentialManagerService: checkCallerPermissionFor is called for method-isCredentialStorageManagedAsUser
05-06 16:31:12.306  1397  1397 D UniversalCredentialManagerService: isCredentialStorageManagedAsUser is called....
05-06 16:31:12.306  1397  1397 D PolicyManager: PolicyManager.isStorageEnabled() result = false
05-06 16:31:12.306  1397  1397 D UcmService: agentService com.samsung.ucs.agent.ese:eSE Credential Storage not notified
05-06 16:31:12.306  1397  1397 D UcmService: agentService status-0
05-06 16:31:12.306  1397  1397 D UniversalCredentialManagerService: ****MSG_CLEAN_INFO block ended****
05-06 16:31:12.306  1397  1397 D KnoxMUMContainerPolicy: mPackageReceiver : action - android.intent.action.PACKAGE_REMOVED
05-06 16:31:12.306  1397  1397 I OTPFW   : PackageRemovalReceiver::onReceive Enter
05-06 16:31:12.306  1397  1397 D OTPFW   : PackageRemovalReceiver::onReceive deleting token for Pkg = plv.colorado.edu.callinsbenchmark uid = 10290 container id = 0
05-06 16:31:12.306  1397  1397 I OTPFW   : ProvisionData::getAllEntries Enter
05-06 16:31:12.306  1397  1397 E OTPFW   : ProvisionData::getAllEntries Table is empty
05-06 16:31:12.306  1397  1397 E SDAgentPackageStateReceiver: Not going to handle 'plv.colorado.edu.callinsbenchmark'!
05-06 16:31:12.316  1397  1466 W ResourcesManager: getTopLevelResources: /system/app/SamsungIMEv3/SamsungIMEv3.apk / 1.0 running in null rsrc of package com.sec.android.inputmethod
05-06 16:31:12.316  1397  1466 W ResourcesManager: getTopLevelResources: /system/app/SamsungIMEv3/SamsungIMEv3.apk / 1.0 running in null rsrc of package com.sec.android.inputmethod
05-06 16:31:12.316  1397  1466 W ResourcesManager: getTopLevelResources: /data/app/com.google.android.inputmethod.latin-1/base.apk / 1.0 running in null rsrc of package com.google.android.inputmethod.latin
05-06 16:31:12.316  1397  1466 W ResourcesManager: getTopLevelResources: /data/app/com.google.android.inputmethod.latin-1/base.apk / 1.0 running in null rsrc of package com.google.android.inputmethod.latin
05-06 16:31:12.336  1397  1466 W ResourcesManager: getTopLevelResources: /system/priv-app/SecSettings2/SecSettings2.apk / 1.0 running in null rsrc of package com.android.settings
05-06 16:31:12.346  1397  1466 W ResourcesManager: getTopLevelResources: /system/priv-app/SecContacts_M/SecContacts_M.apk / 1.0 running in null rsrc of package com.android.contacts
05-06 16:31:12.346  1397  1466 D ResourcesManager: For user 0 new overlays fetched [/data/overlays/style/com.cambunch.MaterialDark/com.cambunch.MaterialDark.touchwiz.apk, /data/overlays/style/com.cambunch.MaterialDark/com.cambunch.MaterialDark.contacts.apk, /data/overlays/style/com.cambunch.MaterialDark/com.cambunch.MaterialDark.common.apk]
05-06 16:31:12.346  1397  1466 W ResourcesManager: getTopLevelResources: /system/priv-app/SecContacts_M/SecContacts_M.apk / 1.0 running in null rsrc of package com.android.contacts
05-06 16:31:12.356  1397  1466 W ResourcesManager: getTopLevelResources: /system/priv-app/SecContacts_M/SecContacts_M.apk / 1.0 running in null rsrc of package com.android.contacts
05-06 16:31:12.356  1397  1466 W ResourcesManager: getTopLevelResources: /system/priv-app/SecContacts_M/SecContacts_M.apk / 1.0 running in null rsrc of package com.android.contacts
05-06 16:31:12.356  1397  1466 W ResourcesManager: getTopLevelResources: /system/priv-app/SecMms_Epic_Common/SecMms_Epic_Common.apk / 1.0 running in null rsrc of package com.android.mms
05-06 16:31:12.356  1397  1466 W ResourcesManager: getTopLevelResources: /system/priv-app/SecMms_Epic_Common/SecMms_Epic_Common.apk / 1.0 running in null rsrc of package com.android.mms
05-06 16:31:12.356  1397  1466 W ResourcesManager: getTopLevelResources: /system/priv-app/SecMyFiles/SecMyFiles.apk / 1.0 running in null rsrc of package com.sec.android.app.myfiles
05-06 16:31:12.366  1397  1466 D ResourcesManager: For user 0 new overlays fetched [/data/overlays/style/com.cambunch.MaterialDark/com.cambunch.MaterialDark.myfiles.apk, /data/overlays/style/com.cambunch.MaterialDark/com.cambunch.MaterialDark.touchwiz.apk, /data/overlays/style/com.cambunch.MaterialDark/com.cambunch.MaterialDark.common.apk]
05-06 16:31:12.366  1397  1466 W ResourcesManager: getTopLevelResources: /system/priv-app/SecMyFiles/SecMyFiles.apk / 1.0 running in null rsrc of package com.sec.android.app.myfiles
05-06 16:31:12.366  1397  1466 W ResourcesManager: getTopLevelResources: /system/app/SecMemo3/SecMemo3.apk / 1.0 running in null rsrc of package com.samsung.android.app.memo
05-06 16:31:12.376  1397  1466 D ResourcesManager: For user 0 new overlays fetched [/data/overlays/style/com.cambunch.MaterialDark/com.cambunch.MaterialDark.touchwiz.apk, /data/overlays/style/com.cambunch.MaterialDark/com.cambunch.MaterialDark.memo.apk, /data/overlays/style/com.cambunch.MaterialDark/com.cambunch.MaterialDark.common.apk]
05-06 16:31:12.376  1397  1466 W ResourcesManager: getTopLevelResources: /system/app/SecMemo3/SecMemo3.apk / 1.0 running in null rsrc of package com.samsung.android.app.memo
05-06 16:31:12.376  1397  1466 W ResourcesManager: getTopLevelResources: /system/app/Weather2016/Weather2016.apk / 1.0 running in null rsrc of package com.samsung.android.weather
05-06 16:31:12.376  1397  1466 D ResourcesManager: For user 0 new overlays fetched [/data/overlays/style/com.cambunch.MaterialDark/com.cambunch.MaterialDark.weather.apk, /data/overlays/style/com.cambunch.MaterialDark/com.cambunch.MaterialDark.touchwiz.apk, /data/overlays/style/com.cambunch.MaterialDark/com.cambunch.MaterialDark.common.apk]
05-06 16:31:12.386  1397  1466 W ResourcesManager: getTopLevelResources: /system/app/Weather2016/Weather2016.apk / 1.0 running in null rsrc of package com.samsung.android.weather
05-06 16:31:12.386  1397  1466 W ResourcesManager: getTopLevelResources: /data/app/com.google.android.music-1/base.apk / 1.0 running in null rsrc of package com.google.android.music
05-06 16:31:12.386  1397  1466 W ResourcesManager: getTopLevelResources: /data/app/com.google.android.music-1/base.apk / 1.0 running in null rsrc of package com.google.android.music
05-06 16:31:12.386  1397  1466 W ResourcesManager: getTopLevelResources: /data/app/com.google.android.youtube-2/base.apk / 1.0 running in null rsrc of package com.google.android.youtube
05-06 16:31:12.386  1397  1466 D ResourcesManager: For user 0 new overlays fetched Null
05-06 16:31:12.396  1397  1466 W ResourcesManager: getTopLevelResources: /data/app/com.google.android.youtube-2/base.apk / 1.0 running in null rsrc of package com.google.android.youtube
05-06 16:31:12.396  1397  1466 W ResourcesManager: getTopLevelResources: /data/app/com.google.android.apps.docs.editors.docs-1/base.apk / 1.0 running in null rsrc of package com.google.android.apps.docs.editors.docs
05-06 16:31:12.396  1397  1466 W ResourcesManager: getTopLevelResources: /data/app/com.google.android.apps.docs.editors.docs-1/base.apk / 1.0 running in null rsrc of package com.google.android.apps.docs.editors.docs
05-06 16:31:12.396  1397  1466 W ResourcesManager: getTopLevelResources: /data/app/com.google.android.apps.docs.editors.sheets-1/base.apk / 1.0 running in null rsrc of package com.google.android.apps.docs.editors.sheets
05-06 16:31:12.396  1397  1466 W ResourcesManager: getTopLevelResources: /data/app/com.google.android.apps.docs.editors.sheets-1/base.apk / 1.0 running in null rsrc of package com.google.android.apps.docs.editors.sheets
05-06 16:31:12.396  1397  1466 W ResourcesManager: getTopLevelResources: /data/app/com.google.earth-1/base.apk / 1.0 running in null rsrc of package com.google.earth
05-06 16:31:12.396  1397  1466 D ResourcesManager: For user 0 new overlays fetched Null
05-06 16:31:12.396  1397  1466 W ResourcesManager: getTopLevelResources: /data/app/com.google.earth-1/base.apk / 1.0 running in null rsrc of package com.google.earth
05-06 16:31:12.396  1397  1466 W ResourcesManager: getTopLevelResources: /data/app/com.google.android.apps.books-1/base.apk / 1.0 running in null rsrc of package com.google.android.apps.books
05-06 16:31:12.396  1397  1466 W ResourcesManager: getTopLevelResources: /data/app/com.google.android.apps.books-1/base.apk / 1.0 running in null rsrc of package com.google.android.apps.books
05-06 16:31:12.396  1397  1466 W ResourcesManager: getTopLevelResources: /data/app/com.crittermap.backcountrynavigator.license-1/base.apk / 1.0 running in null rsrc of package com.crittermap.backcountrynavigator.license
05-06 16:31:12.406  1397  2460 D RestrictionPolicy: userId: 0, isMicrophoneEnabledAsUser : true
05-06 16:31:12.406  1397  2531 D RestrictionPolicy: userId: 0, isMicrophoneEnabledAsUser : true
05-06 16:31:12.406  1397  3317 D RestrictionPolicy: userId: 0, isMicrophoneEnabledAsUser : true
05-06 16:31:12.406  1397  1416 D RestrictionPolicy: userId: 0, isMicrophoneEnabledAsUser : true
05-06 16:31:12.406  1397  1466 D ResourcesManager: For user 0 new overlays fetched Null
05-06 16:31:12.406  1397  3343 D RestrictionPolicy: userId: 0, isMicrophoneEnabledAsUser : true
05-06 16:31:12.406  1397  3209 D RestrictionPolicy: userId: 0, isMicrophoneEnabledAsUser : true
05-06 16:31:12.406  1397  2764 D RestrictionPolicy: userId: 0, isMicrophoneEnabledAsUser : true
05-06 16:31:12.406  1397  1466 W ResourcesManager: getTopLevelResources: /data/app/com.crittermap.backcountrynavigator.license-1/base.apk / 1.0 running in null rsrc of package com.crittermap.backcountrynavigator.license
05-06 16:31:12.406  1397  1466 W ResourcesManager: getTopLevelResources: /data/app/keepass2android.keepass2android_nonet-1/base.apk / 1.0 running in null rsrc of package keepass2android.keepass2android_nonet
05-06 16:31:12.406  1397  1466 W ResourcesManager: getTopLevelResources: /data/app/keepass2android.keepass2android_nonet-1/base.apk / 1.0 running in null rsrc of package keepass2android.keepass2android_nonet
05-06 16:31:12.406  1397  1466 W ResourcesManager: getTopLevelResources: /data/app/keepass2android.keepass2android_nonet-1/base.apk / 1.0 running in null rsrc of package keepass2android.keepass2android_nonet
05-06 16:31:12.406  1397  1466 W ResourcesManager: getTopLevelResources: /data/app/com.amazon.kindle-2/base.apk / 1.0 running in null rsrc of package com.amazon.kindle
05-06 16:31:12.416  1397  1466 D ResourcesManager: For user 0 new overlays fetched Null
05-06 16:31:12.416  1397  1466 W ResourcesManager: getTopLevelResources: /data/app/com.amazon.kindle-2/base.apk / 1.0 running in null rsrc of package com.amazon.kindle
05-06 16:31:12.416  1397  1466 W ResourcesManager: getTopLevelResources: /data/app/com.amazon.kindle-2/base.apk / 1.0 running in null rsrc of package com.amazon.kindle
05-06 16:31:12.416  1397  1466 W ResourcesManager: getTopLevelResources: /data/app/com.google.android.keep-1/base.apk / 1.0 running in null rsrc of package com.google.android.keep
05-06 16:31:12.416  1397  1466 W ResourcesManager: getTopLevelResources: /data/app/com.google.android.keep-1/base.apk / 1.0 running in null rsrc of package com.google.android.keep
05-06 16:31:12.416  1397  1466 W ResourcesManager: getTopLevelResources: /data/app/com.google.android.apps.docs.editors.slides-2/base.apk / 1.0 running in null rsrc of package com.google.android.apps.docs.editors.slides
05-06 16:31:12.416  1397  1466 W ResourcesManager: getTopLevelResources: /data/app/com.google.android.apps.docs.editors.slides-2/base.apk / 1.0 running in null rsrc of package com.google.android.apps.docs.editors.slides
05-06 16:31:12.426  1397  1466 W ResourcesManager: getTopLevelResources: /data/app/com.audible.application-1/base.apk / 1.0 running in null rsrc of package com.audible.application
05-06 16:31:12.426  1397  1466 D ResourcesManager: For user 0 new overlays fetched Null
05-06 16:31:12.426  1397  1466 W ResourcesManager: getTopLevelResources: /data/app/com.audible.application-1/base.apk / 1.0 running in null rsrc of package com.audible.application
05-06 16:31:12.426  1397  1466 W ResourcesManager: getTopLevelResources: /system/priv-app/MyPlaces_Hero/MyPlaces_Hero.apk / 1.0 running in null rsrc of package com.sec.android.widgetapp.locationwidget
05-06 16:31:12.426  1397  1466 D ResourcesManager: For user 0 new overlays fetched Null
05-06 16:31:12.426  1397  1466 W ResourcesManager: getTopLevelResources: /system/priv-app/MyPlaces_Hero/MyPlaces_Hero.apk / 1.0 running in null rsrc of package com.sec.android.widgetapp.locationwidget
05-06 16:31:12.426  1397  1466 W ResourcesManager: getTopLevelResources: /system/priv-app/SecSettings2/SecSettings2.apk / 1.0 running in null rsrc of package com.android.settings
05-06 16:31:12.426  1397  1466 W ResourcesManager: getTopLevelResources: /system/priv-app/TouchWizHome_2016/TouchWizHome_2016.apk / 1.0 running in null rsrc of package com.sec.android.app.launcher
05-06 16:31:12.436  1397  1466 D ResourcesManager: For user 0 new overlays fetched [/data/overlays/style/com.cambunch.MaterialDark/com.cambunch.MaterialDark.touchwiz.apk, /data/overlays/style/com.cambunch.MaterialDark/com.cambunch.MaterialDark.common.apk]
05-06 16:31:12.436  1397  1466 W ResourcesManager: getTopLevelResources: /system/priv-app/TouchWizHome_2016/TouchWizHome_2016.apk / 1.0 running in null rsrc of package com.sec.android.app.launcher
05-06 16:31:12.436  1397  1466 W ResourcesManager: getTopLevelResources: /system/app/SPlanner_M/SPlanner_M.apk / 1.0 running in null rsrc of package com.android.calendar
05-06 16:31:12.436  1397  1466 D ResourcesManager: For user 0 new overlays fetched [/data/overlays/style/com.cambunch.MaterialDark/com.cambunch.MaterialDark.touchwiz.apk, /data/overlays/style/com.cambunch.MaterialDark/com.cambunch.MaterialDark.calendar.apk, /data/overlays/style/com.cambunch.MaterialDark/com.cambunch.MaterialDark.common.apk]
05-06 16:31:12.436  1397  1466 W ResourcesManager: getTopLevelResources: /system/app/SPlanner_M/SPlanner_M.apk / 1.0 running in null rsrc of package com.android.calendar
05-06 16:31:12.436  1397  1466 W ResourcesManager: getTopLevelResources: /system/app/SPlanner_M/SPlanner_M.apk / 1.0 running in null rsrc of package com.android.calendar
05-06 16:31:12.436  1397  1466 W ResourcesManager: getTopLevelResources: /system/app/SecHelp/SecHelp.apk / 1.0 running in null rsrc of package com.samsung.helphub
05-06 16:31:12.446  1397  1466 D ResourcesManager: For user 0 new overlays fetched Null
05-06 16:31:12.446  1397  1466 W ResourcesManager: getTopLevelResources: /system/app/SecHelp/SecHelp.apk / 1.0 running in null rsrc of package com.samsung.helphub
05-06 16:31:12.446  1397  1466 W ResourcesManager: getTopLevelResources: /system/app/Weather2016/Weather2016.apk / 1.0 running in null rsrc of package com.samsung.android.weather
05-06 16:31:12.446  1397  1466 W ResourcesManager: getTopLevelResources: /system/app/Weather2016/Weather2016.apk / 1.0 running in null rsrc of package com.samsung.android.weather
05-06 16:31:12.446  1397  1466 W ResourcesManager: getTopLevelResources: /data/app/com.google.android.gms-1/base.apk / 1.0 running in null rsrc of package com.google.android.gms
05-06 16:31:12.446  1397  1466 W ResourcesManager: getTopLevelResources: /data/app/com.google.android.gms-1/base.apk / 1.0 running in null rsrc of package com.google.android.gms
05-06 16:31:12.446  1397  1466 W ResourcesManager: getTopLevelResources: /data/app/com.android.chrome-1/base.apk / 1.0 running in null rsrc of package com.android.chrome
