05-06 16:31:13.416  1397  3317 V BroadcastQueue: [background] Process cur broadcast BroadcastRecord{98454c5 u0 android.intent.action.PACKAGE_REMOVED qIdx=4}, state= (APP_RECEIVE) DELIVERED for app ProcessRecord{9b3a82 22132:com.android.settings/1000}
05-06 16:31:13.416 22132 22132 I DataWarningReceiver: DataWarningReceiver
05-06 16:31:13.416 29069 29069 I Finsky  : [1] com.google.android.vending.verifier.e.a_(2372): Verification id=147 response=0
05-06 16:31:13.416  1397  3209 D PackageManager: [VERIFY] verifyPendingInstall(147, VERIFICATION_ALLOW), uid=10034
05-06 16:31:13.416  1397  1571 D PackageManager: [MSG] PACKAGE_VERIFIED: observer{82013176}
05-06 16:31:13.416  1397  1571 D PackageManager: [VERIFY] PACKAGE_VERIFIED: 
05-06 16:31:13.416  1397  1571 D PackageManager: PackageVerificationState{
05-06 16:31:13.416  1397  1571 D PackageManager:     verifier packages=com.android.vending(10034),com.samsung.android.sm.devicesecurity(5012),
05-06 16:31:13.416  1397  1571 D PackageManager:     intent=Intent { act=android.intent.action.PACKAGE_NEEDS_VERIFICATION dat=file:///data/local/tmp/app-debug.apk typ=application/vnd.android.package-archive flg=0x10000001 cmp=com.android.vending/com.google.android.vending.verifier.PackageVerificationReceiver VirtualScreenParam=Params{mDisplayId=-1, null, mFlags=0x00000000)} (has extras) }
05-06 16:31:13.416  1397  1571 D PackageManager:     others=147, false, false, false, false, false
05-06 16:31:13.416  1397  1571 D PackageManager: }
05-06 16:31:13.416  1397  1571 D PackageVerificationState: [VERIFY] setVerifierResponse {verificationID=147, uid=10034, code=1
05-06 16:31:13.416  1397  1571 D PackageManager: [VERIFY] sendOrderedBroadcastToPendingVerifier:
05-06 16:31:13.416  1397  1571 D PackageManager: PackageVerificationState{
05-06 16:31:13.416  1397  1571 D PackageManager:     verifier packages=com.samsung.android.sm.devicesecurity(5012),
05-06 16:31:13.416  1397  1571 D PackageManager:     intent=Intent { act=android.intent.action.PACKAGE_NEEDS_VERIFICATION dat=file:///data/local/tmp/app-debug.apk typ=application/vnd.android.package-archive flg=0x10000001 cmp=com.android.vending/com.google.android.vending.verifier.PackageVerificationReceiver VirtualScreenParam=Params{mDisplayId=-1, null, mFlags=0x00000000)} (has extras) }
05-06 16:31:13.416  1397  1571 D PackageManager:     others=147, false, false, false, false, false
05-06 16:31:13.416  1397  1571 D PackageManager: }
05-06 16:31:13.416 10583 13108 W ResourcesManager: getTopLevelResources: /data/app/com.google.android.apps.plus-2/base.apk / 1.0 running in com.google.android.googlequicksearchbox rsrc of package com.google.android.apps.plus
05-06 16:31:13.426  1397  2531 D RestrictionPolicy: userId: 0, isMicrophoneEnabledAsUser : true
05-06 16:31:13.426 10583 13108 W ResourcesManager: getTopLevelResources: /data/app/com.google.android.apps.inbox-2/base.apk / 1.0 running in com.google.android.googlequicksearchbox rsrc of package com.google.android.apps.inbox
05-06 16:31:13.426  1397  2764 D RestrictionPolicy: userId: 0, isMicrophoneEnabledAsUser : true
05-06 16:31:13.426  1397  3322 D RestrictionPolicy: userId: 0, isMicrophoneEnabledAsUser : true
05-06 16:31:13.426  1397  1416 D RestrictionPolicy: userId: 0, isMicrophoneEnabledAsUser : true
05-06 16:31:13.426  1397  2632 D RestrictionPolicy: userId: 0, isMicrophoneEnabledAsUser : true
05-06 16:31:13.426  1397  3317 D RestrictionPolicy: userId: 0, isMicrophoneEnabledAsUser : true
05-06 16:31:13.426 10583 13108 D ResourcesManager: For user 0 new overlays fetched Null
05-06 16:31:13.426  1397  3343 D RestrictionPolicy: userId: 0, isMicrophoneEnabledAsUser : true
05-06 16:31:13.436 10583 13108 W ResourcesManager: getTopLevelResources: /data/app/com.google.android.apps.inbox-2/base.apk / 1.0 running in com.google.android.googlequicksearchbox rsrc of package com.google.android.apps.inbox
05-06 16:31:13.436 10583 13108 W ResourcesManager: getTopLevelResources: /data/app/com.google.android.keep-1/base.apk / 1.0 running in com.google.android.googlequicksearchbox rsrc of package com.google.android.keep
05-06 16:31:13.436 10583 13108 D ResourcesManager: For user 0 new overlays fetched Null
05-06 16:31:13.436 10583 13108 W ResourcesManager: getTopLevelResources: /data/app/com.google.android.apps.maps-1/base.apk / 1.0 running in com.google.android.googlequicksearchbox rsrc of package com.google.android.apps.maps
05-06 16:31:13.446 30289 30289 E Zygote  : v2
05-06 16:31:13.446 30289 30289 I libpersona: KNOX_SDCARD checking this for 10061
05-06 16:31:13.446 30289 30289 I libpersona: KNOX_SDCARD not a persona
05-06 16:31:13.446 30289 30289 W SELinux : Function: selinux_compare_spd_ram, index[1], priority [2], priority version is VE=SEPF_SECMOBILE_6.0.1_0010
05-06 16:31:13.446  1397  2649 I ActivityManager: Start proc 30289:com.samsung.android.provider.shootingmodeprovider/u0a61 for broadcast-3 com.samsung.android.provider.shootingmodeprovider/com.samsung.android.app.shootingmodeinstaller.PackageIntentReceiver
05-06 16:31:13.446 30289 30289 E Zygote  : accessInfo : 0
05-06 16:31:13.446 30289 30289 W SELinux : SELinux: seapp_context_lookup: seinfo=platform, level=s0:c512,c768, pkgname=com.samsung.android.provider.shootingmodeprovider 
05-06 16:31:13.456 18899 30286 D KLMS-2.6.032: : KLMSUtility(): IsPackageExistInDevice().mAppInfoList: 427
05-06 16:31:13.456 10583 13108 D ResourcesManager: For user 0 new overlays fetched Null
05-06 16:31:13.456 18899 30286 D KLMS-2.6.032: : KLMSSharedPreferences(): deleteNotificationAppList().pkgName: plv.colorado.edu.callinsbenchmark
05-06 16:31:13.456 18899 30286 I KLMS-2.6.032: : KLMSSharedPreferences(): getNotificationAppList(): null
05-06 16:31:13.456 18899 30286 D KLMS-2.6.032: : Systemprocess(): Notification App List is Null. Remove Notification.
05-06 16:31:13.456 18899 30286 I KLMS-2.6.032: : Systemprocess(): IsTrackerIDExistInDeviceDB().START: plv.colorado.edu.callinsbenchmark
05-06 16:31:13.466 10583 13108 W ResourcesManager: getTopLevelResources: /data/app/com.google.android.apps.maps-1/base.apk / 1.0 running in com.google.android.googlequicksearchbox rsrc of package com.google.android.apps.maps
05-06 16:31:13.466 10583 13108 W ResourcesManager: getTopLevelResources: /data/app/com.google.android.apps.messaging-1/base.apk / 1.0 running in com.google.android.googlequicksearchbox rsrc of package com.google.android.apps.messaging
05-06 16:31:13.466 18899 30286 D KLMS-2.6.032: : DataSource(): Fetched Data from data base count : 0
05-06 16:31:13.466 18899 30286 D KLMS-2.6.032: : Systemprocess(): PackageName is not Exist.
05-06 16:31:13.466 18899 30286 I KLMS-2.6.032: : Systemprocess(): IsTrackerIDExistInDeviceDB().END
05-06 16:31:13.466 18899 30286 I KLMS-2.6.032: : Systemprocess(): listeningToPackageRemovedforKLM().END
05-06 16:31:13.466 18899 30286 I KLMS-2.6.032: : Systemprocess(): listeningToPackageRemoved().END
05-06 16:31:13.466 10583 13108 D ResourcesManager: For user 0 new overlays fetched Null
05-06 16:31:13.466  1397  1468 V BroadcastQueue: [foreground] Process cur broadcast BroadcastRecord{405c328 u0 android.intent.action.PACKAGE_NEEDS_VERIFICATION qIdx=2}, state= (APP_RECEIVE) DELIVERED for app ProcessRecord{5592f8b 30072:com.samsung.android.sm.devicesecurity/5012}
05-06 16:31:13.466 30072 30072 I seatbelt: feature is disabled or not activated
05-06 16:31:13.476  1397  2697 D PackageManager: [VERIFY] verifyPendingInstall(147, VERIFICATION_ALLOW), uid=5012
05-06 16:31:13.476 10583 13108 W ResourcesManager: getTopLevelResources: /data/app/com.google.android.apps.messaging-1/base.apk / 1.0 running in com.google.android.googlequicksearchbox rsrc of package com.google.android.apps.messaging
05-06 16:31:13.476  1397  1571 D PackageManager: [MSG] PACKAGE_VERIFIED: observer{82013176}
05-06 16:31:13.476 18899 18899 I KLMS-2.6.032: : KLMSIntentService(): onDestroy()
05-06 16:31:13.476  1397  1397 D PackageManager: [VERIFY] onReceive for RequiredVerifier id=147
05-06 16:31:13.476  1397  1397 D PackageManager: [VERIFY] sendMessageDelayed(CHECK_PENDING_VERIFICATION, 147, 10000)
05-06 16:31:13.476  1397  1571 D PackageManager: [VERIFY] PACKAGE_VERIFIED: 
05-06 16:31:13.476  1397  1571 D PackageManager: PackageVerificationState{
05-06 16:31:13.476  1397  1571 D PackageManager:     verifier packages=com.samsung.android.sm.devicesecurity(5012),
05-06 16:31:13.476  1397  1571 D PackageManager:     intent=Intent { act=android.intent.action.PACKAGE_NEEDS_VERIFICATION dat=file:///data/local/tmp/app-debug.apk typ=application/vnd.android.package-archive flg=0x10000001 cmp=com.samsung.android.sm.devicesecurity/.AppVerificationReceiver VirtualScreenParam=Params{mDisplayId=-1, null, mFlags=0x00000000)} (has extras) }
05-06 16:31:13.476  1397  1571 D PackageManager:     others=147, false, false, false, false, false
05-06 16:31:13.476  1397  1571 D PackageManager: }
05-06 16:31:13.476  1397  1571 D PackageVerificationState: [VERIFY] setVerifierResponse {verificationID=147, uid=5012, code=1
05-06 16:31:13.476  1397  1571 D PackageManager: [VERIFY] packageVerificationCompletion: completed id=147
05-06 16:31:13.476  1397  1571 D PackageManager: [VERIFY] broadcastPackageVerified(147, VERIFICATION_ALLOW, file:///data/local/tmp/app-debug.apk)
05-06 16:31:13.476 23568 30285 I Keyboard.Facilitator.MainLanguageModelLoader: loadStaticLm() : Loading File = /data/user/0/com.google.android.inputmethod.latin/files/dicts/en_US/main%00003aen_us (offset=0, length=4430832) with up to date LoudsLmContentVersion = 20160111
05-06 16:31:13.476 23568 30285 I Keyboard.Facilitator.DynamicLanguageModelLoader: run()
05-06 16:31:13.476 23568 30285 I Keyboard.Facilitator.DynamicLanguageModelLoader: run() : Loading LM = history
05-06 16:31:13.476 23568 30285 I Keyboard.Facilitator.DynamicLanguageModelLoader: run() : Loaded File = UserHistory.en_US.dict
05-06 16:31:13.476 23568 30285 I Keyboard.Facilitator.DynamicLanguageModelLoader: run() : Loading LM = user
05-06 16:31:13.476 23568 30285 I Keyboard.Facilitator.DynamicLanguageModelLoader: run() : Loaded File = Personal.en_US.dict
05-06 16:31:13.476 10583 13108 W ResourcesManager: getTopLevelResources: /data/app/com.google.android.apps.genie.geniewidget-1/base.apk / 1.0 running in com.google.android.googlequicksearchbox rsrc of package com.google.android.apps.genie.geniewidget
05-06 16:31:13.476 23568 30285 I Keyboard.Facilitator.PersonalDictionaryLoader: run() : Loaded (exit)
05-06 16:31:13.476 23568 30285 I Keyboard.Facilitator.Delight2FileSweeper: run()
05-06 16:31:13.476 23568 30285 I Keyboard.Facilitator.RecurringTaskScheduler: run()
05-06 16:31:13.476 23568 30285 I StatsUtilsManager: startPeriodStatsRecorder() : Success
05-06 16:31:13.476 23568 30285 I PeriodicStatsRecorder: shouldRecordStats() = Too Soon
05-06 16:31:13.476 10583 13108 D ResourcesManager: For user 0 new overlays fetched Null
05-06 16:31:13.486 10583 13108 W ResourcesManager: getTopLevelResources: /data/app/com.microsoft.office.onenote-1/base.apk / 1.0 running in com.google.android.googlequicksearchbox rsrc of package com.microsoft.office.onenote
05-06 16:31:13.486 10583 13108 D ResourcesManager: For user 0 new overlays fetched Null
05-06 16:31:13.486 10583 13108 W ResourcesManager: getTopLevelResources: /data/app/com.microsoft.office.onenote-1/base.apk / 1.0 running in com.google.android.googlequicksearchbox rsrc of package com.microsoft.office.onenote
05-06 16:31:13.496 10583 13108 W ResourcesManager: getTopLevelResources: /data/app/com.microsoft.office.onenote-1/base.apk / 1.0 running in com.google.android.googlequicksearchbox rsrc of package com.microsoft.office.onenote
05-06 16:31:13.496 10583 13108 W ResourcesManager: getTopLevelResources: /data/app/com.microsoft.office.onenote-1/base.apk / 1.0 running in com.google.android.googlequicksearchbox rsrc of package com.microsoft.office.onenote
05-06 16:31:13.496 30246 30258 D DefContainer: Copying /data/local/tmp/app-debug.apk to base.apk
05-06 16:31:13.496 10583 13108 W ResourcesManager: getTopLevelResources: /data/app/com.microsoft.office.onenote-1/base.apk / 1.0 running in com.google.android.googlequicksearchbox rsrc of package com.microsoft.office.onenote
05-06 16:31:13.496 10583 13108 W ResourcesManager: getTopLevelResources: /data/app/com.sec.android.app.shealth-1/base.apk / 1.0 running in com.google.android.googlequicksearchbox rsrc of package com.sec.android.app.shealth
05-06 16:31:13.496 10583 13108 D ResourcesManager: For user 0 new overlays fetched Null
05-06 16:31:13.506  1397  1571 D PackageManager: checking allow list after copying finished
05-06 16:31:13.506 30289 30289 D TimaKeyStoreProvider: TimaSignature is unavailable
05-06 16:31:13.506 10583 13108 W ResourcesManager: getTopLevelResources: /data/app/com.sec.android.app.shealth-1/base.apk / 1.0 running in com.google.android.googlequicksearchbox rsrc of package com.sec.android.app.shealth
05-06 16:31:13.506 30289 30289 D ActivityThread: Added TimaKeyStore provider
05-06 16:31:13.506 10583 13108 W ResourcesManager: getTopLevelResources: /data/app/com.sec.android.app.shealth-1/base.apk / 1.0 running in com.google.android.googlequicksearchbox rsrc of package com.sec.android.app.shealth
05-06 16:31:13.516 10583 13108 W ResourcesManager: getTopLevelResources: /data/app/com.Relmtech.RemotePaid-1/base.apk / 1.0 running in com.google.android.googlequicksearchbox rsrc of package com.Relmtech.RemotePaid
05-06 16:31:13.516  1397  1571 W System.err: remove failed: ENOENT (No such file or directory) : /data/app/vmdl1230682463.tmp/lib
05-06 16:31:13.516  1397  3322 V BroadcastQueue: [background] Process cur broadcast BroadcastRecord{98454c5 u0 android.intent.action.PACKAGE_REMOVED qIdx=4}, state= (APP_RECEIVE) DELIVERED for app ProcessRecord{4f08327 30289:com.samsung.android.provider.shootingmodeprovider/u0a61}
05-06 16:31:13.516  1397  1571 E NativeLibraryHelper: Failed to load assets verifier: 0
05-06 16:31:13.516  1397  1571 D PackageManager: remove MCS_UNBIND and Posting MCS_UNBIND
05-06 16:31:13.516  1397  1571 D PackageManager: [MSG] PROCESS_PENDING_INSTALL: observer{82013176}
05-06 16:31:13.516  1397  1571 D PackageManager: currentStatus{1}
05-06 16:31:13.516  1397  1571 D PackageManager: installPackageLI: path
05-06 16:31:13.516 10583 13108 D ResourcesManager: For user 0 new overlays fetched Null
05-06 16:31:13.526 30289 30289 W ResourcesManager: getTopLevelResources: /system/priv-app/ShootingModeProvider/ShootingModeProvider.apk / 1.0 running in com.samsung.android.provider.shootingmodeprovider rsrc of package com.samsung.android.provider.shootingmodeprovider
05-06 16:31:13.526 10583 13108 W ResourcesManager: getTopLevelResources: /data/app/com.Relmtech.RemotePaid-1/base.apk / 1.0 running in com.google.android.googlequicksearchbox rsrc of package com.Relmtech.RemotePaid
05-06 16:31:13.526 10583 13108 W ResourcesManager: getTopLevelResources: /data/app/com.Relmtech.RemotePaid-1/base.apk / 1.0 running in com.google.android.googlequicksearchbox rsrc of package com.Relmtech.RemotePaid
05-06 16:31:13.526  1397  2648 I InjectionManagerService -AppFeature: getCoreFeaturePkgList :[]
05-06 16:31:13.526 30289 30289 I InjectionManager: Inside getClassLibPath + mLibMap{0=, 1=}
05-06 16:31:13.526 10583 13108 W ResourcesManager: getTopLevelResources: /data/app/com.Relmtech.RemotePaid-1/base.apk / 1.0 running in com.google.android.googlequicksearchbox rsrc of package com.Relmtech.RemotePaid
05-06 16:31:13.526 10583 13108 W ResourcesManager: getTopLevelResources: /data/app/com.Relmtech.RemotePaid-1/base.apk / 1.0 running in com.google.android.googlequicksearchbox rsrc of package com.Relmtech.RemotePaid
05-06 16:31:13.526 10583 13108 W ResourcesManager: getTopLevelResources: /data/app/com.Relmtech.RemotePaid-1/base.apk / 1.0 running in com.google.android.googlequicksearchbox rsrc of package com.Relmtech.RemotePaid
05-06 16:31:13.526 30289 30289 D ResourcesManager: For user 0 new overlays fetched Null
05-06 16:31:13.526 10583 13108 W ResourcesManager: getTopLevelResources: /data/app/com.Relmtech.RemotePaid-1/base.apk / 1.0 running in com.google.android.googlequicksearchbox rsrc of package com.Relmtech.RemotePaid
05-06 16:31:13.526 10583 13108 W ResourcesManager: getTopLevelResources: /data/app/com.Relmtech.RemotePaid-1/base.apk / 1.0 running in com.google.android.googlequicksearchbox rsrc of package com.Relmtech.RemotePaid
05-06 16:31:13.526 10583 13108 W ResourcesManager: getTopLevelResources: /data/app/com.Relmtech.RemotePaid-1/base.apk / 1.0 running in com.google.android.googlequicksearchbox rsrc of package com.Relmtech.RemotePaid
05-06 16:31:13.526 10583 13108 W ResourcesManager: getTopLevelResources: /data/app/com.quirky.android.wink.wink-2/base.apk / 1.0 running in com.google.android.googlequicksearchbox rsrc of package com.quirky.android.wink.wink
05-06 16:31:13.536 30289 30289 I InjectionManager: Inside getClassLibPath caller 
05-06 16:31:13.536 10583 13108 D ResourcesManager: For user 0 new overlays fetched Null
05-06 16:31:13.536 30289 30289 W System  : ClassLoader referenced unknown path: /system/priv-app/ShootingModeProvider/lib/arm64
05-06 16:31:13.556 30289 30289 D InjectionManager: InjectionManager
05-06 16:31:13.556 30289 30289 D InjectionManager: fillFeatureStoreMap com.samsung.android.provider.shootingmodeprovider
05-06 16:31:13.556 30289 30289 I InjectionManager: Constructor com.samsung.android.provider.shootingmodeprovider, Feature store :{}
05-06 16:31:13.556 30289 30289 I InjectionManager: featureStore :{}
05-06 16:31:13.556  1397  2648 D RestrictionPolicy: userId: 0, isMicrophoneEnabledAsUser : true
05-06 16:31:13.556  1397  3317 D RestrictionPolicy: userId: 0, isMicrophoneEnabledAsUser : true
05-06 16:31:13.556  1397  2531 D RestrictionPolicy: userId: 0, isMicrophoneEnabledAsUser : true
05-06 16:31:13.556  1397  2632 D RestrictionPolicy: userId: 0, isMicrophoneEnabledAsUser : true
05-06 16:31:13.556  1397  2649 D RestrictionPolicy: userId: 0, isMicrophoneEnabledAsUser : true
05-06 16:31:13.556  1397  1416 D RestrictionPolicy: userId: 0, isMicrophoneEnabledAsUser : true
05-06 16:31:13.566  1397  2460 V BroadcastQueue: [background] Process cur broadcast BroadcastRecord{98454c5 u0 android.intent.action.PACKAGE_REMOVED qIdx=4}, state= (APP_RECEIVE) DELIVERED for app ProcessRecord{5592f8b 30072:com.samsung.android.sm.devicesecurity/5012}
05-06 16:31:13.576  1397  2697 V BroadcastQueue: [background] Process cur broadcast BroadcastRecord{98454c5 u0 android.intent.action.PACKAGE_REMOVED qIdx=4}, state= (APP_RECEIVE) DELIVERED for app ProcessRecord{658618e 29270:com.samsung.android.sm/1000}
05-06 16:31:13.606  1397  3343 V BroadcastQueue: [background] Process cur broadcast BroadcastRecord{98454c5 u0 android.intent.action.PACKAGE_REMOVED qIdx=4}, state= (APP_RECEIVE) DELIVERED for app ProcessRecord{3947c0a 3018:com.android.phone/1001}
05-06 16:31:13.606  1397  1571 W PackageManager: verifying app can be installed or not
05-06 16:31:13.606  1397  1571 D ApplicationPolicy: isApplicationInstallationEnabled
05-06 16:31:13.606  1397  1571 D ApplicationPolicy: isApplicationInstallationEnabled :  Checking PKG WL - false
05-06 16:31:13.606  1397  1571 D ApplicationPolicy: isApplicationInstallationEnabled :  Checking PKG BL - true
05-06 16:31:13.606  1397  1571 D ApplicationPolicy: isApplicationInstallationEnabled :  Checking PERM BL - true
05-06 16:31:13.606  1397  1571 D ApplicationPolicy: isApplicationInstallationEnabled :  Checking SIG BL - true
05-06 16:31:13.606  1397  1571 D ApplicationPolicy: isApplicationInstallationEnabled :  Checking PKG WL - false
05-06 16:31:13.606  1397  1571 D ApplicationPolicy: isApplicationInstallationEnabled :  Checking PKG BL - true
05-06 16:31:13.606  1397  1571 D ApplicationPolicy: isApplicationInstallationEnabled :  Checking PERM BL - true
05-06 16:31:13.606  1397  1571 D ApplicationPolicy: isApplicationInstallationEnabled :  Checking SIG BL - true
05-06 16:31:13.606  1397  1571 D ApplicationPolicy: isApplicationInstallationEnabled :  Checking PKG WL - false
05-06 16:31:13.606  1397  1571 D ApplicationPolicy: isApplicationInstallationEnabled :  Checking PKG BL - true
05-06 16:31:13.606  1397  1571 D ApplicationPolicy: isApplicationInstallationEnabled :  Checking PERM BL - true
05-06 16:31:13.606  1397  1571 D ApplicationPolicy: isApplicationInstallationEnabled :  Checking SIG BL - true
05-06 16:31:13.606  1397  1571 D ApplicationPolicy: isApplicationInstallationEnabled :  enabled true
05-06 16:31:13.606  1397  1571 D RestrictionPolicy: isNewAdminInstallationEnabledInternal : false
05-06 16:31:13.606  1397  1571 I AASAInstall: ship device
05-06 16:31:13.616  1397  1571 E NativeLibraryHelper: Failed to load assets verifier: 0
05-06 16:31:13.616  1397  1571 I PackageManager.DexOptimizer: Running dexopt (dex2oat) on: /data/app/vmdl1230682463.tmp/base.apk pkg=plv.colorado.edu.callinsbenchmark isa=arm64 vmSafeMode=false debuggable=true oatDir = /data/app/vmdl1230682463.tmp/oat bootComplete=true
05-06 16:31:13.636  1397  2460 I ActivityManager: Start proc 30306:com.samsung.android.intelligenceservice2/5010 for broadcast-3 com.samsung.android.intelligenceservice2/com.samsung.android.intelligenceservice.useranalysis.UserAnalysisBroadcastReceiver
05-06 16:31:13.636 30306 30306 E Zygote  : v2
05-06 16:31:13.636 30306 30306 I libpersona: KNOX_SDCARD checking this for 5010
05-06 16:31:13.636 30306 30306 I libpersona: KNOX_SDCARD not a persona
05-06 16:31:13.636 30306 30306 W SELinux : Function: selinux_compare_spd_ram, index[1], priority [2], priority version is VE=SEPF_SECMOBILE_6.0.1_0010
05-06 16:31:13.636 30306 30306 E Zygote  : accessInfo : 0
05-06 16:31:13.636 30306 30306 W SELinux : SELinux: seapp_context_lookup: seinfo=platform, level=s0:c512,c768, pkgname=com.samsung.android.intelligenceservice2 
05-06 16:31:13.656 30306 30306 D TimaKeyStoreProvider: TimaSignature is unavailable
05-06 16:31:13.656 30306 30306 D ActivityThread: Added TimaKeyStore provider
05-06 16:31:13.676  1397  3355 V BroadcastQueue: [background] Process cur broadcast BroadcastRecord{98454c5 u0 android.intent.action.PACKAGE_REMOVED qIdx=4}, state= (APP_RECEIVE) DELIVERED for app ProcessRecord{724ee79 30306:com.samsung.android.intelligenceservice2/5010}
05-06 16:31:13.676 30306 30306 W ResourcesManager: getTopLevelResources: /system/priv-app/intelligenceservice2/intelligenceservice2.apk / 1.0 running in com.samsung.android.intelligenceservice2 rsrc of package com.samsung.android.intelligenceservice2
05-06 16:31:13.686  1397  3321 I InjectionManagerService -AppFeature: getCoreFeaturePkgList :[]
05-06 16:31:13.686  1397  3107 D RestrictionPolicy: userId: 0, isMicrophoneEnabledAsUser : true
05-06 16:31:13.686 30306 30306 I InjectionManager: Inside getClassLibPath + mLibMap{0=, 1=}
05-06 16:31:13.686  1397  3343 D RestrictionPolicy: userId: 0, isMicrophoneEnabledAsUser : true
05-06 16:31:13.686  1397  3322 D RestrictionPolicy: userId: 0, isMicrophoneEnabledAsUser : true
05-06 16:31:13.686  1397  3209 D RestrictionPolicy: userId: 0, isMicrophoneEnabledAsUser : true
05-06 16:31:13.686 30306 30306 D ResourcesManager: For user 0 new overlays fetched Null
05-06 16:31:13.686  1397  3355 D RestrictionPolicy: userId: 0, isMicrophoneEnabledAsUser : true
05-06 16:31:13.686  1397  2531 D RestrictionPolicy: userId: 0, isMicrophoneEnabledAsUser : true
05-06 16:31:13.696  1397  2648 D RestrictionPolicy: userId: 0, isMicrophoneEnabledAsUser : true
05-06 16:31:13.696 30306 30306 I InjectionManager: Inside getClassLibPath caller 
05-06 16:31:13.696 30305 30305 I dex2oat : /system/bin/dex2oat --debuggable
05-06 16:31:13.706 30306 30306 W System  : ClassLoader referenced unknown path: /system/priv-app/intelligenceservice2/lib/arm64
05-06 16:31:13.706 30306 30306 D UserAnalysis.Provider: PlaceProvider onCreate()
05-06 16:31:13.726 30306 30306 D UserAnalysis.Secu: Key for secure DB is newly created
05-06 16:31:13.726 30306 30306 D UserAnalysis.SDBH: SecurePlaceDbHelper() 
05-06 16:31:13.726 30306 30306 D UserAnalysis: Create SecureDbHelper
05-06 16:31:13.736 30306 30306 D UserAnalysis.App: onCreate()
05-06 16:31:13.736 30306 30306 D InjectionManager: InjectionManager
05-06 16:31:13.736 30306 30306 D InjectionManager: fillFeatureStoreMap com.samsung.android.intelligenceservice2
05-06 16:31:13.736 30306 30306 I InjectionManager: Constructor com.samsung.android.intelligenceservice2, Feature store :{}
05-06 16:31:13.736 30306 30306 I InjectionManager: featureStore :{}
05-06 16:31:13.736 30306 30306 D UserAnalysis.MainBR: Intent(action: android.intent.action.PACKAGE_REMOVED) is received.
05-06 16:31:13.746 30306 30306 D UserAnalysis.App: no applications having user consent for prediction
05-06 16:31:13.756 30322 30322 E Zygote  : v2
05-06 16:31:13.756 30322 30322 I libpersona: KNOX_SDCARD checking this for 1000
05-06 16:31:13.756 30322 30322 I libpersona: KNOX_SDCARD not a persona
05-06 16:31:13.766 30322 30322 W SELinux : Function: selinux_compare_spd_ram, index[1], priority [2], priority version is VE=SEPF_SECMOBILE_6.0.1_0010
05-06 16:31:13.766 30322 30322 E Zygote  : accessInfo : 0
05-06 16:31:13.776  1397  2531 I ActivityManager: Start proc 30322:com.samsung.android.app.filterinstaller/1000 for broadcast-3 com.samsung.android.app.filterinstaller/.PackageIntentReceiver
05-06 16:31:13.776  1397  2531 I ActivityManager: Killing 29793:com.android.calendar/u0a142 (adj 15): DHA:empty #33
05-06 16:31:13.786 30306 30306 V PlaceDetection v1.0.29 : [PlaceDetection::stopService] Service stopped.
05-06 16:31:13.796 30322 30322 D TimaKeyStoreProvider: TimaSignature is unavailable
05-06 16:31:13.796 30322 30322 D ActivityThread: Added TimaKeyStore provider
05-06 16:31:13.806  1397  2460 D RestrictionPolicy: userId: 0, isMicrophoneEnabledAsUser : true
05-06 16:31:13.806  1397  3322 D RestrictionPolicy: userId: 0, isMicrophoneEnabledAsUser : true
05-06 16:31:13.806  1397  3107 V BroadcastQueue: [background] Process cur broadcast BroadcastRecord{98454c5 u0 android.intent.action.PACKAGE_REMOVED qIdx=4}, state= (APP_RECEIVE) DELIVERED for app ProcessRecord{5f897be 30322:com.samsung.android.app.filterinstaller/1000}
05-06 16:31:13.806  1397  2764 D RestrictionPolicy: userId: 0, isMicrophoneEnabledAsUser : true
05-06 16:31:13.806  1397  2764 D RestrictionPolicy: userId: 0, isMicrophoneEnabledAsUser : true
05-06 16:31:13.806  1397  2697 D RestrictionPolicy: userId: 0, isMicrophoneEnabledAsUser : true
05-06 16:31:13.806  1397  3209 D RestrictionPolicy: userId: 0, isMicrophoneEnabledAsUser : true
05-06 16:31:13.806 30306 30306 V PlaceDetection v1.0.29 : [PlaceDetectionManager::removeDetectionListener] PlaceDetectionListener removed.
05-06 16:31:13.816 30322 30322 W ResourcesManager: getTopLevelResources: /system/app/FilterInstaller/FilterInstaller.apk / 1.0 running in com.samsung.android.app.filterinstaller rsrc of package com.samsung.android.app.filterinstaller
05-06 16:31:13.816  1397  3317 I InjectionManagerService -AppFeature: getCoreFeaturePkgList :[]
05-06 16:31:13.816 30322 30322 I InjectionManager: Inside getClassLibPath + mLibMap{0=, 1=}
05-06 16:31:13.816 30322 30322 D ResourcesManager: For user 0 new overlays fetched Null
05-06 16:31:13.826 30322 30322 I InjectionManager: Inside getClassLibPath caller 
05-06 16:31:13.826  1397  3343 I ActivityManager: Start proc 30339:com.sec.android.provider.badge/u0a4 for content provider com.sec.android.provider.badge/.BadgeProvider
05-06 16:31:13.826 30339 30339 E Zygote  : v2
05-06 16:31:13.826 30339 30339 I libpersona: KNOX_SDCARD checking this for 10004
05-06 16:31:13.826 30339 30339 I libpersona: KNOX_SDCARD not a persona
05-06 16:31:13.826 30339 30339 W SELinux : Function: selinux_compare_spd_ram, index[1], priority [2], priority version is VE=SEPF_SECMOBILE_6.0.1_0010
05-06 16:31:13.826  1397  3321 D ActivityManager: isAutoRunBlockedApp:: com.android.calendar, Auto Run ON
05-06 16:31:13.826 30339 30339 E Zygote  : accessInfo : 0
05-06 16:31:13.826 30339 30339 W SELinux : SELinux: seapp_context_lookup: seinfo=platform, level=s0:c512,c768, pkgname=com.sec.android.provider.badge 
05-06 16:31:13.836 30322 30322 W System  : ClassLoader referenced unknown path: /system/app/FilterInstaller/lib/arm64
05-06 16:31:13.836  1397  1415 V AlarmManager:  remove PendingIntent] PendingIntent{408b01f: PendingIntentRecord{4569f6c com.samsung.android.intelligenceservice2 broadcastIntent}}
05-06 16:31:13.846 30322 30322 D InjectionManager: InjectionManager
05-06 16:31:13.846 30322 30322 D InjectionManager: fillFeatureStoreMap com.samsung.android.app.filterinstaller
05-06 16:31:13.846 30322 30322 I InjectionManager: Constructor com.samsung.android.app.filterinstaller, Feature store :{}
05-06 16:31:13.846 30322 30322 I InjectionManager: featureStore :{}
05-06 16:31:13.846 30306 30306 V PlaceDetection v1.0.29 : [PlaceDetection::setDisableDetection] PlaceType PLACE_OTHER disabled.
05-06 16:31:13.846 30306 30306 V PlaceDetection v1.0.29 : [PlaceDetectionManager::setChangeDetector] PlaceType PLACE_OTHER set as false.
05-06 16:31:13.846 30306 30306 V PlaceDetection v1.0.29 : [PlaceDetectionManager::setSharedData] PreferenceValue PLACE_OTHER_ACTIVITY set as false
05-06 16:31:13.846 30306 30306 V PlaceDetection v1.0.29 : [PlaceDetectionManager::setSharedData] PreferenceValue COLLECTION_GPS set as false
05-06 16:31:13.846 30322 30322 D FilterPackageIntentReceiver: FilterInstaller does not have information of this package plv.colorado.edu.callinsbenchmark
05-06 16:31:13.846 30306 30306 V PlaceDetection v1.0.29 : [PlaceDetectionManager::setSharedData] PreferenceValue COLLECTION_WIFI set as false
05-06 16:31:13.846 30306 30306 V PlaceDetection v1.0.29 : [PlaceDetectionManager::setSharedData] PreferenceValue COLLECTION_NETWORK set as false
05-06 16:31:13.846 30306 30306 V PlaceDetection v1.0.29 : [PlaceDetectionManager::setSharedData] PreferenceValue COLLECTION_SENSOR set as false
05-06 16:31:13.846 30306 30306 V PlaceDetection v1.0.29 : [PlaceDetection::setDisableDetection] PlaceType PLACE_HOME disabled.
05-06 16:31:13.846 30306 30306 V PlaceDetection v1.0.29 : [PlaceDetectionManager::setChangeDetector] PlaceType PLACE_HOME set as false.
05-06 16:31:13.846 30306 30306 V PlaceDetection v1.0.29 : [PlaceDetectionManager::setSharedData] PreferenceValue PLACE_HOME set as false
05-06 16:31:13.856 30339 30339 D TimaKeyStoreProvider: TimaSignature is unavailable
05-06 16:31:13.856 30339 30339 D ActivityThread: Added TimaKeyStore provider
05-06 16:31:13.856 30306 30306 V PlaceDetection v1.0.29 : [PlaceDetectionManager::setSharedData] PreferenceValue COLLECTION_GPS set as false
05-06 16:31:13.866 30306 30306 V PlaceDetection v1.0.29 : [PlaceDetectionManager::setSharedData] PreferenceValue COLLECTION_WIFI set as false
05-06 16:31:13.866 30306 30306 V PlaceDetection v1.0.29 : [PlaceDetectionManager::setSharedData] PreferenceValue COLLECTION_NETWORK set as false
05-06 16:31:13.866 30306 30306 V PlaceDetection v1.0.29 : [PlaceDetectionManager::setSharedData] PreferenceValue COLLECTION_SENSOR set as false
05-06 16:31:13.866 30306 30306 V PlaceDetection v1.0.29 : [PlaceDetection::setDisableDetection] PlaceType PLACE_WORK disabled.
05-06 16:31:13.866 30306 30306 V PlaceDetection v1.0.29 : [PlaceDetectionManager::setChangeDetector] PlaceType PLACE_WORK set as false.
05-06 16:31:13.866 30352 30352 E Zygote  : v2
05-06 16:31:13.866 30352 30352 I libpersona: KNOX_SDCARD checking this for 10112
05-06 16:31:13.866 30352 30352 I libpersona: KNOX_SDCARD not a persona
05-06 16:31:13.866 30352 30352 W SELinux : Function: selinux_compare_spd_ram, index[1], priority [2], priority version is VE=SEPF_SECMOBILE_6.0.1_0010
05-06 16:31:13.866 30306 30306 V PlaceDetection v1.0.29 : [PlaceDetectionManager::setSharedData] PreferenceValue PLACE_WORK set as false
05-06 16:31:13.866  1397  1416 I ActivityManager: Start proc 30352:com.sec.android.widgetapp.samsungapps/u0a112 for broadcast-3 com.sec.android.widgetapp.samsungapps/.PackageChangeReceiver
05-06 16:31:13.866 30352 30352 E Zygote  : accessInfo : 0
05-06 16:31:13.866 30352 30352 W SELinux : SELinux: seapp_context_lookup: seinfo=samsung, level=s0:c512,c768, pkgname=com.sec.android.widgetapp.samsungapps 
05-06 16:31:13.866 30306 30306 V PlaceDetection v1.0.29 : [PlaceDetectionManager::setSharedData] PreferenceValue COLLECTION_GPS set as false
05-06 16:31:13.866  1397  1416 I ActivityManager: Killing 29740:com.android.providers.calendar/u0a51 (adj 15): DHA:empty #33
05-06 16:31:13.866 30306 30306 V PlaceDetection v1.0.29 : [PlaceDetectionManager::setSharedData] PreferenceValue COLLECTION_WIFI set as false
05-06 16:31:13.866 30306 30306 V PlaceDetection v1.0.29 : [PlaceDetectionManager::setSharedData] PreferenceValue COLLECTION_NETWORK set as false
05-06 16:31:13.866 30306 30306 V PlaceDetection v1.0.29 : [PlaceDetectionManager::setSharedData] PreferenceValue COLLECTION_SENSOR set as false
05-06 16:31:13.866 30306 30306 V PlaceDetection v1.0.29 : [PlaceDetection::setDisableDetection] PlaceType MYCAR disabled.
05-06 16:31:13.866 30306 30306 V PlaceDetection v1.0.29 : [PlaceDetectionManager::setChangeDetector] PlaceType MYCAR set as false.
05-06 16:31:13.866 30306 30306 V PlaceDetection v1.0.29 : [PlaceDetectionManager::setSharedData] PreferenceValue PLACE_CAR set as false
05-06 16:31:13.876  1397  2649 I ActivityManager: Killing 29893:org.mozilla.firefox.UpdateService/u0a270 (adj 15): DHA:empty #33
05-06 16:31:13.886 30306 30306 D BluetoothAdapter: cancelDiscovery
05-06 16:31:13.886 11623 12937 D BluetoothAdapterProperties: mDiscovering is false
05-06 16:31:13.886 11623 12937 E BluetoothAdapterService: This is not a scanning status. cancelDiscovery() will be not called.
05-06 16:31:13.886 30306 30306 D BluetoothAdapter: cancelDiscovery = true
05-06 16:31:13.886 30306 30306 V PlaceDetection v1.0.29 : [BTManager::unregisterReceiver] Error : Failed to unregister bluetooth broadcast receiver.
05-06 16:31:13.886  1397  2531 D ActivityManager: isAutoRunBlockedApp:: com.android.providers.calendar, Auto Run ON
05-06 16:31:13.896 30306 30306 V PlaceDetection v1.0.29 : [PlaceDetection::stopService] Service stopped.
05-06 16:31:13.896 30306 30306 V PlaceDetection v1.0.29 : [PlaceDetectionManager::removeDetectionListener] PlaceDetectionListener removed.
05-06 16:31:13.896 30339 30339 W ResourcesManager: getTopLevelResources: /system/priv-app/BadgeProvider_M/BadgeProvider_M.apk / 1.0 running in com.sec.android.provider.badge rsrc of package com.sec.android.provider.badge
05-06 16:31:13.896  1397  2697 I InjectionManagerService -AppFeature: getCoreFeaturePkgList :[]
05-06 16:31:13.896 30339 30339 I InjectionManager: Inside getClassLibPath + mLibMap{0=, 1=}
05-06 16:31:13.896  1397  1415 V AlarmManager:  remove PendingIntent] PendingIntent{dc44658: PendingIntentRecord{4569f6c com.samsung.android.intelligenceservice2 broadcastIntent}}
05-06 16:31:13.896 30352 30352 D TimaKeyStoreProvider: TimaSignature is unavailable
05-06 16:31:13.896 30339 30339 D ResourcesManager: For user 0 new overlays fetched Null
05-06 16:31:13.896 30352 30352 D ActivityThread: Added TimaKeyStore provider
05-06 16:31:13.896  1397  2632 D PackageManager: setEnabledSetting : userId = 0 packageName = com.samsung.android.intelligenceservice2 cmp = com.samsung.android.intelligenceservice.useranalysis.predictor.PlacePredictor$AirplaneAndLocationModeReceiver newState = 2 callingPackage = 5010
05-06 16:31:13.906  1397  2531 D PackageManager: setEnabledSetting : userId = 0 packageName = com.samsung.android.intelligenceservice2 cmp = com.samsung.android.intelligenceservice.useranalysis.predictor.PlacePredictor$BtConnectionReceiver newState = 2 callingPackage = 5010
05-06 16:31:13.906  1397  3107 V BroadcastQueue: [background] Process cur broadcast BroadcastRecord{98454c5 u0 android.intent.action.PACKAGE_REMOVED qIdx=4}, state= (APP_RECEIVE) DELIVERED for app ProcessRecord{a10f3b1 30352:com.sec.android.widgetapp.samsungapps/u0a112}
05-06 16:31:13.906 30339 30339 I InjectionManager: Inside getClassLibPath caller 
05-06 16:31:13.916  1397  3321 D ActivityManager: isAutoRunBlockedApp:: org.mozilla.firefox, Auto Run ON
05-06 16:31:13.916 30339 30339 W System  : ClassLoader referenced unknown path: /system/priv-app/BadgeProvider_M/lib/arm64
05-06 16:31:13.916 30305 30336 W dex2oat : Before Android 4.1, method int android.support.v7.widget.ListViewCompat.lookForSelectablePosition(int, boolean) would have incorrectly overridden the package-private method in android.widget.ListView
05-06 16:31:13.926 30339 30339 D BadgeProvider: onCreate
05-06 16:31:13.926 30339 30339 D BadgeProvider: DatabaseHelper
05-06 16:31:13.926 30339 30339 D InjectionManager: InjectionManager
05-06 16:31:13.926 30339 30339 D InjectionManager: fillFeatureStoreMap com.sec.android.provider.badge
05-06 16:31:13.926 30339 30339 I InjectionManager: Constructor com.sec.android.provider.badge, Feature store :{}
05-06 16:31:13.926 30339 30339 I InjectionManager: featureStore :{}
05-06 16:31:13.926 30305 30305 W dex2oat : Before Android 4.1, method android.graphics.PorterDuffColorFilter android.support.graphics.drawable.VectorDrawableCompat.updateTintFilter(android.graphics.PorterDuffColorFilter, android.content.res.ColorStateList, android.graphics.PorterDuff$Mode) would have incorrectly overridden the package-private method in android.graphics.drawable.Drawable
05-06 16:31:13.926 30352 30352 W ResourcesManager: getTopLevelResources: /system/app/GalaxyAppsWidget_Phone_Hero/GalaxyAppsWidget_Phone_Hero.apk / 1.0 running in com.sec.android.widgetapp.samsungapps rsrc of package com.sec.android.widgetapp.samsungapps
05-06 16:31:13.936  1397  2649 I InjectionManagerService -AppFeature: getCoreFeaturePkgList :[]
05-06 16:31:13.936 30352 30352 I InjectionManager: Inside getClassLibPath + mLibMap{0=, 1=}
05-06 16:31:13.936  1397  3322 D RestrictionPolicy: userId: 0, isMicrophoneEnabledAsUser : true
05-06 16:31:13.936  1397  2460 D RestrictionPolicy: userId: 0, isMicrophoneEnabledAsUser : true
05-06 16:31:13.936  1397  3107 D RestrictionPolicy: userId: 0, isMicrophoneEnabledAsUser : true
05-06 16:31:13.936  1397  2632 D RestrictionPolicy: userId: 0, isMicrophoneEnabledAsUser : true
05-06 16:31:13.936  1397  1416 D RestrictionPolicy: userId: 0, isMicrophoneEnabledAsUser : true
05-06 16:31:13.936  1397  3321 D RestrictionPolicy: userId: 0, isMicrophoneEnabledAsUser : true
05-06 16:31:13.936 30352 30352 D ResourcesManager: For user 0 new overlays fetched Null
05-06 16:31:13.946 30339 30349 D BaseReflect: null getOwnClass TEST
05-06 16:31:13.946 30339 30349 D MethodReflector: android.content.ContentResolver getClass TEST
05-06 16:31:13.946 30339 30349 D BaseReflect: class android.content.ContentResolver isSupportClass TEST
05-06 16:31:13.946 30339 30349 D BaseReflect: class android.content.ContentResolver getOwnClass TEST
05-06 16:31:13.946 30352 30352 I InjectionManager: Inside getClassLibPath caller 
05-06 16:31:13.946 30339 30349 D MethodReflector: notifyChange is called
05-06 16:31:13.946 30339 30349 D BadgeProvider: sendNotify entered. [uri] : content://com.sec.badge/apps
05-06 16:31:13.946 30339 30349 D BadgeProvider: sendNotify, [notify] : null
05-06 16:31:13.946 30339 30349 D BadgeProvider: update, getCallingPackage() : com.samsung.android.sm
05-06 16:31:13.946 30339 30349 D BadgeProvider: update, [uri] : content://com.sec.badge/apps
05-06 16:31:13.946 30339 30349 D BadgeProvider: update, [uri.query] : null
05-06 16:31:13.946 30339 30349 D BadgeProvider: update, [BadgeCount] : badgecount=0
05-06 16:31:13.946 30339 30349 D BadgeProvider: update, [UpdateCount] : 1
05-06 16:31:13.956 30352 30352 W System  : ClassLoader referenced unknown path: /system/app/GalaxyAppsWidget_Phone_Hero/lib/arm64
05-06 16:31:13.966 30352 30352 D InjectionManager: InjectionManager
05-06 16:31:13.966 30352 30352 D InjectionManager: fillFeatureStoreMap com.sec.android.widgetapp.samsungapps
05-06 16:31:13.966 30352 30352 I InjectionManager: Constructor com.sec.android.widgetapp.samsungapps, Feature store :{}
05-06 16:31:13.966 30352 30352 I InjectionManager: featureStore :{}
05-06 16:31:13.976 30365 30365 E Zygote  : v2
05-06 16:31:13.976 30365 30365 I libpersona: KNOX_SDCARD checking this for 1000
05-06 16:31:13.976 30365 30365 I libpersona: KNOX_SDCARD not a persona
05-06 16:31:13.976 30365 30365 W SELinux : Function: selinux_compare_spd_ram, index[1], priority [2], priority version is VE=SEPF_SECMOBILE_6.0.1_0010
05-06 16:31:13.976  1397  3107 I ActivityManager: Start proc 30365:com.android.keychain/1000 for broadcast-3 com.android.keychain/.KeyChainBroadcastReceiver
05-06 16:31:13.986 30365 30365 E Zygote  : accessInfo : 0
05-06 16:31:13.986  1397  3107 I ActivityManager: Killing 29719:com.google.android.calendar/u0a116 (adj 15): DHA:empty #33
05-06 16:31:14.016 30365 30365 D TimaKeyStoreProvider: TimaSignature is unavailable
05-06 16:31:14.016 30365 30365 D ActivityThread: Added TimaKeyStore provider
05-06 16:31:14.016  1397  3321 V BroadcastQueue: [background] Process cur broadcast BroadcastRecord{98454c5 u0 android.intent.action.PACKAGE_REMOVED qIdx=4}, state= (APP_RECEIVE) DELIVERED for app ProcessRecord{f5de096 30365:com.android.keychain/1000}
05-06 16:31:14.026  1397  2531 D ActivityManager: isAutoRunBlockedApp:: com.google.android.calendar, Auto Run ON
05-06 16:31:14.026 30365 30365 W ResourcesManager: getTopLevelResources: /system/app/KeyChain/KeyChain.apk / 1.0 running in com.android.keychain rsrc of package com.android.keychain
05-06 16:31:14.026  1397  2764 I InjectionManagerService -AppFeature: getCoreFeaturePkgList :[]
05-06 16:31:14.026 30365 30365 I InjectionManager: Inside getClassLibPath + mLibMap{0=, 1=}
05-06 16:31:14.036 30365 30365 D ResourcesManager: For user 0 new overlays fetched Null
05-06 16:31:14.036 30365 30365 I InjectionManager: Inside getClassLibPath caller 
05-06 16:31:14.046 30365 30365 W System  : ClassLoader referenced unknown path: /system/app/KeyChain/lib/arm64
05-06 16:31:14.046 30365 30365 D InjectionManager: InjectionManager
05-06 16:31:14.046 30365 30365 D InjectionManager: fillFeatureStoreMap com.android.keychain
05-06 16:31:14.046 30365 30365 I InjectionManager: Constructor com.android.keychain, Feature store :{}
05-06 16:31:14.046 30365 30365 I InjectionManager: featureStore :{}
05-06 16:31:14.046 30365 30365 W ContextImpl: Calling a method in the system process without a qualified user: android.app.ContextImpl.startService:1305 android.content.ContextWrapper.startService:606 android.content.ContextWrapper.startService:606 com.android.keychain.KeyChainBroadcastReceiver.onReceive:12 android.app.ActivityThread.handleReceiver:3634 
05-06 16:31:14.056  1397  2531 V BroadcastQueue: [background] Process cur broadcast BroadcastRecord{98454c5 u0 android.intent.action.PACKAGE_REMOVED qIdx=4}, state= (APP_RECEIVE) DELIVERED for app ProcessRecord{9b01241 28995:com.sec.android.app.popupuireceiver/1000}
05-06 16:31:14.056 28995 28995 D PR.PopupuiReceiver: >> onReceive() : android.intent.action.PACKAGE_REMOVED
05-06 16:31:14.066  1397  3107 D SecContentProvider2: query(), uri = -1 selection = getSealedState
05-06 16:31:14.066  1397  2697 D SecContentProvider2: query(), uri = 15 selection = getSealedHideNotificationMessages
05-06 16:31:14.066  1397  2632 D RestrictionPolicy: userId: 0, isMicrophoneEnabledAsUser : true
05-06 16:31:14.066  1397  3355 D RestrictionPolicy: userId: 0, isMicrophoneEnabledAsUser : true
05-06 16:31:14.066  1397  3321 D RestrictionPolicy: userId: 0, isMicrophoneEnabledAsUser : true
05-06 16:31:14.066  1397  3209 D RestrictionPolicy: userId: 0, isMicrophoneEnabledAsUser : true
05-06 16:31:14.066  1397  1415 D RestrictionPolicy: userId: 0, isMicrophoneEnabledAsUser : true
05-06 16:31:14.076  1397  2648 D RestrictionPolicy: userId: 0, isMicrophoneEnabledAsUser : true
05-06 16:31:14.076  1397  2649 D RestrictionPolicy: userId: 0, isMicrophoneEnabledAsUser : true
05-06 16:31:14.076  1397  3317 D SecContentProvider2: query(), uri = 15 selection = getCheckCoverPopupState
05-06 16:31:14.076 28995 28995 I PR.PopupuiReceiver_KNOX: knoxSealedHideNotiMsg : 0, knoxCheckCoverPopupState : true
05-06 16:31:14.076 28995 28995 D PR.PopupuiReceiver: actionPackageRemoved()
05-06 16:31:14.086 28995 28995 I PR.PopupuiReceiver: finish = true, dialog = false, toast = false
05-06 16:31:14.086 28995 28995 I PR.Utilities: finish from : null [0ms]
05-06 16:31:14.086 28995 28995 I Process : Sending signal. PID: 28995 SIG: 9
05-06 16:31:14.106  1397  3355 I ActivityManager: Start proc 30378:com.android.calendar/u0a142 for broadcast-3 com.android.calendar/.subscription.SubscriptionAppUninstallReceiver
05-06 16:31:14.106   647   647 E lowmemorykiller: Error opening /proc/28995/oom_score_adj; errno=2
05-06 16:31:14.106 30378 30378 E Zygote  : v2
05-06 16:31:14.106 30378 30378 I libpersona: KNOX_SDCARD checking this for 10142
05-06 16:31:14.106 30378 30378 I libpersona: KNOX_SDCARD not a persona
05-06 16:31:14.106 30378 30378 W SELinux : Function: selinux_compare_spd_ram, index[1], priority [2], priority version is VE=SEPF_SECMOBILE_6.0.1_0010
05-06 16:31:14.106 30378 30378 E Zygote  : accessInfo : 0
05-06 16:31:14.106 30378 30378 W SELinux : SELinux: seapp_context_lookup: seinfo=platform, level=s0:c512,c768, pkgname=com.android.calendar 
05-06 16:31:14.116  1397  2697 I ActivityManager: Process com.sec.android.app.popupuireceiver (pid 28995)(adj 11) has died(66,1031)
05-06 16:31:14.116  1397  2697 D ActivityManager: isAutoRunBlockedApp:: com.sec.android.app.popupuireceiver, Auto Run ON
05-06 16:31:14.116  1397  2697 W ContextImpl: Calling a method in the system process without a qualified user: android.app.ContextImpl.sendBroadcast:830 com.android.server.am.ActivityManagerService.updateOomAdjLocked:26652 com.android.server.am.ActivityManagerService.appDiedLocked:7551 com.android.server.am.ActivityManagerService$AppDeathRecipient.binderDied:1915 android.os.BinderProxy.sendDeathNotice:558 
05-06 16:31:14.126  1397  1468 V MARsPolicyManager: executePolicy policy  spcmpolicy(1) reason Adj 14 BG Killed
05-06 16:31:14.126  1397  1468 I ActivityManager: Force stopping com.google.android.apps.plus appid=10218 user=0: MARs-NonSticky-Kill-spcmpolicy(1)
05-06 16:31:14.126  1397  1468 I ActivityManager: Killing 30107:com.google.android.apps.plus/u0a218 (adj 15): stop com.google.android.apps.plus cause MARs-NonSticky-Kill-spcmpolicy(1)
05-06 16:31:14.126  1397  1468 D ActivityManager: isAutoRunBlockedApp:: com.google.android.apps.plus, Auto Run ON
05-06 16:31:14.136  1397  1468 D splitIntent: Broadcast cleanup, package=com.google.android.apps.plus, queue=background, nextReceiver=97
05-06 16:31:14.136  1397  1468 D splitIntent: Broadcast cleanup, record=BroadcastRecord{98454c5 u0 android.intent.action.PACKAGE_REMOVED qIdx=4}, state= (APP_RECEIVE), receivers.size=117
05-06 16:31:14.146 30378 30378 D TimaKeyStoreProvider: TimaSignature is unavailable
05-06 16:31:14.146 30378 30378 D ActivityThread: Added TimaKeyStore provider
05-06 16:31:14.156  1397  3322 V BroadcastQueue: [background] Process cur broadcast BroadcastRecord{98454c5 u0 android.intent.action.PACKAGE_REMOVED qIdx=4}, state= (APP_RECEIVE) DELIVERED for app ProcessRecord{5637004 30378:com.android.calendar/u0a142}
05-06 16:31:14.166 30378 30378 W ResourcesManager: getTopLevelResources: /system/app/SPlanner_M/SPlanner_M.apk / 1.0 running in com.android.calendar rsrc of package com.android.calendar
05-06 16:31:14.166  1397  2649 I InjectionManagerService -AppFeature: getCoreFeaturePkgList :[]
05-06 16:31:14.166 30378 30378 I InjectionManager: Inside getClassLibPath + mLibMap{0=, 1=}
05-06 16:31:14.166 30378 30378 D ResourcesManager: For user 0 new overlays fetched [/data/overlays/style/com.cambunch.MaterialDark/com.cambunch.MaterialDark.touchwiz.apk, /data/overlays/style/com.cambunch.MaterialDark/com.cambunch.MaterialDark.calendar.apk, /data/overlays/style/com.cambunch.MaterialDark/com.cambunch.MaterialDark.common.apk]
05-06 16:31:14.176 30378 30378 I InjectionManager: Inside getClassLibPath caller 
05-06 16:31:14.186 30378 30378 W System  : ClassLoader referenced unknown path: /system/app/SPlanner_M/lib/arm64
05-06 16:31:14.186  2984  2984 D WfcPhoneStateListener: onSignalStrengthsChanged(): signal strength did not change
05-06 16:31:14.186  2592  2933 D NetworkController.MobileSignalController(0/1): onSignalStrengthsChanged signalStrength=SignalStrength: 99 99 -120 -160 -120 -1 -1 20 -101 -8 84 -1 2147483647 0x4000 gsm|lte level=4
05-06 16:31:14.186  2592  2933 D NetworkController.MobileSignalController(0/1): getMobileIconGroup(): 13
05-06 16:31:14.186  2592  2933 D NetworkController.MobileSignalController(0/1): updateTMOMobileIconGroup(): 13
05-06 16:31:14.196  1397  2764 D RestrictionPolicy: userId: 0, isMicrophoneEnabledAsUser : true
05-06 16:31:14.196  1397  2648 D RestrictionPolicy: userId: 0, isMicrophoneEnabledAsUser : true
05-06 16:31:14.196  1397  3355 D RestrictionPolicy: userId: 0, isMicrophoneEnabledAsUser : true
05-06 16:31:14.196  1397  2697 D RestrictionPolicy: userId: 0, isMicrophoneEnabledAsUser : true
05-06 16:31:14.196  1397  3317 D RestrictionPolicy: userId: 0, isMicrophoneEnabledAsUser : true
05-06 16:31:14.196  1397  3343 D RestrictionPolicy: userId: 0, isMicrophoneEnabledAsUser : true
05-06 16:31:14.206 30378 30378 I BNRClientProivder, VERSION : 1.7.8: register - started.
05-06 16:31:14.226 30378 30378 I BNRClientProivder, VERSION : 1.7.8: register - xml6 quick_backup : CALENDARSETTING, ztQlGIvsvZ, com.android.calendar.preference.KiesBackupReceiver
05-06 16:31:14.226 30378 30378 I QBNRClientHelper: init SyncClientHelper : CALENDARSETTING
05-06 16:31:14.226 30378 30378 W ResourcesManager: getTopLevelResources: /system/app/SPlanner_M/SPlanner_M.apk / 1.0 running in com.android.calendar rsrc of package com.android.calendar
05-06 16:31:14.236 30378 30378 D InjectionManager: InjectionManager
05-06 16:31:14.236 30378 30378 D InjectionManager: fillFeatureStoreMap com.android.calendar
