05-06 16:58:46.168  4481  1425 I UpdateIcingCorporaServi: UpdateCorporaTask done [took 218 ms] updated apps [took 218 ms] 
05-06 16:58:46.168  1397  3321 D PackageManager: setEnabledSetting : userId = 0 packageName = com.google.android.apps.plus cmp = com.google.android.apps.photos.phone.SetWallpaperActivityAlias newState = 2 callingPackage = 10218
05-06 16:58:46.178  1397  3355 V BroadcastQueue: [background] Process cur broadcast BroadcastRecord{a373ca4 u0 com.samsung.android.intent.action.PACKAGE_ADDED qIdx=4}, state= (APP_RECEIVE) DELIVERED for app ProcessRecord{ddc0c10 1247:com.sec.android.app.shealth/u0a39}
05-06 16:58:46.178  1397  3317 D PackageManager: setEnabledSetting : userId = 0 packageName = com.google.android.apps.plus cmp = com.google.android.apps.plus.phone.VideoViewActivityAlias newState = 2 callingPackage = 10218
05-06 16:58:46.178  1397  3322 D PackageManager: setEnabledSetting : userId = 0 packageName = com.google.android.apps.plus cmp = com.google.android.apps.plus.phone.HostPhotoViewIntentActivityAlias newState = 2 callingPackage = 10218
05-06 16:58:46.188  3292  3298 E DataBuffer: Internal data leak within a DataBuffer object detected!  Be sure to explicitly call release() on all DataBuffer extending objects when you are done with them. (internal object: com.google.android.gms.common.data.DataHolder@9afc22f)
05-06 16:58:46.188  3292  3298 E DataBuffer: Internal data leak within a DataBuffer object detected!  Be sure to explicitly call release() on all DataBuffer extending objects when you are done with them. (internal object: com.google.android.gms.common.data.DataHolder@c5a303c)
05-06 16:58:46.188  3292  3298 E DataBuffer: Internal data leak within a DataBuffer object detected!  Be sure to explicitly call release() on all DataBuffer extending objects when you are done with them. (internal object: com.google.android.gms.common.data.DataHolder@78101c5)
05-06 16:58:46.188  1397  3343 V BroadcastQueue: [background] Process cur broadcast BroadcastRecord{a373ca4 u0 com.samsung.android.intent.action.PACKAGE_ADDED qIdx=4}, state= (APP_RECEIVE) DELIVERED for app ProcessRecord{8a814eb 4531:com.sec.android.app.shealth:remote/u0a39}
05-06 16:58:46.188  3292  3298 E DataBuffer: Internal data leak within a DataBuffer object detected!  Be sure to explicitly call release() on all DataBuffer extending objects when you are done with them. (internal object: com.google.android.gms.common.data.DataHolder@3d5f71a)
05-06 16:58:46.188  3292  3298 E DataBuffer: Internal data leak within a DataBuffer object detected!  Be sure to explicitly call release() on all DataBuffer extending objects when you are done with them. (internal object: com.google.android.gms.common.data.DataHolder@b80524b)
05-06 16:58:46.188  3292  3298 E DataBuffer: Internal data leak within a DataBuffer object detected!  Be sure to explicitly call release() on all DataBuffer extending objects when you are done with them. (internal object: com.google.android.gms.common.data.DataHolder@fb81428)
05-06 16:58:46.188  1397  2632 D PackageManager: setEnabledSetting : userId = 0 packageName = com.google.android.apps.plus cmp = com.google.android.libraries.social.ingest.IngestActivity newState = 2 callingPackage = 10218
05-06 16:58:46.188  1397  2648 D PackageManager: setEnabledSetting : userId = 0 packageName = com.google.android.apps.plus cmp = com.google.android.libraries.social.ingest.IngestService newState = 2 callingPackage = 10218
05-06 16:58:46.198  1397  1416 D PackageManager: setEnabledSetting : userId = 0 packageName = com.google.android.apps.plus cmp = com.google.android.apps.photos.service.GooglePhotoDownsyncService newState = 2 callingPackage = 10218
05-06 16:58:46.198  1397  3343 V BroadcastQueue: [background] Process cur broadcast BroadcastRecord{a373ca4 u0 com.samsung.android.intent.action.PACKAGE_ADDED qIdx=4}, state= (APP_RECEIVE) DELIVERED for app ProcessRecord{8a814eb 4531:com.sec.android.app.shealth:remote/u0a39}
05-06 16:58:46.358 24069  1439 W ResourcesManager: getTopLevelResources: /data/app/plv.colorado.edu.callinsbenchmark-1/base.apk / 1.0 running in com.samsung.oh rsrc of package plv.colorado.edu.callinsbenchmark
05-06 16:58:46.358 24069  1439 D ResourcesManager: For user 0 new overlays fetched Null
05-06 16:58:46.458  2663  2663 D Recents : onTaskStackChanged
05-06 16:58:46.468  2663  2663 W ResourcesManager: getTopLevelResources: /data/app/plv.colorado.edu.callinsbenchmark-1/base.apk / 1.0 running in com.android.systemui rsrc of package plv.colorado.edu.callinsbenchmark
05-06 16:58:46.468  2663  2663 D ResourcesManager: For user 0 new overlays fetched Null
05-06 16:58:46.658   649   649 D libEGL  : eglInitialize EGLDisplay = 0x7fda953ba8
05-06 16:58:47.148 11169 11186 I Icing   : Indexing BF4BB629879229CF6F7BA3441DD898DF27EC586E from com.google.android.gms
05-06 16:58:47.198 11169 11186 W ResourcesManager: getTopLevelResources: /data/app/plv.colorado.edu.callinsbenchmark-1/base.apk / 1.0 running in com.google.android.gms rsrc of package plv.colorado.edu.callinsbenchmark
05-06 16:58:47.198 11169 11186 D ResourcesManager: For user 0 new overlays fetched Null
05-06 16:58:47.208 11169 11186 W ResourcesManager: getTopLevelResources: /data/app/plv.colorado.edu.callinsbenchmark-1/base.apk / 1.0 running in com.google.android.gms rsrc of package plv.colorado.edu.callinsbenchmark
05-06 16:58:47.218 11169 11186 I Icing   : Indexing done BF4BB629879229CF6F7BA3441DD898DF27EC586E
05-06 16:58:47.218 11169 11186 I Icing   : Indexing FEE191E978FC01BC8DEC9472493D7C98450EDEEA from com.google.android.googlequicksearchbox
05-06 16:58:47.248 11169 11186 I Icing   : Indexing done FEE191E978FC01BC8DEC9472493D7C98450EDEEA
05-06 16:58:48.358  1397  1468 D CustomFrequencyManagerService: releaseDVFSLockLocked : Getting Lock type frm List : DVFS_MIN_LIMIT  frequency : 1555200  uid : 1000  pid : 1397  tag : ACTIVITY_RESUME_BOOSTER@15
05-06 16:58:48.358  1397  1468 D ActivityManager: mDVFSHelper.release()
05-06 16:58:48.358  1397  1468 D CustomFrequencyManagerService: acquireDVFSLockLocked : type : DVFS_MIN_LIMIT  frequency : 1555200  uid : 1000  pid : 1397  pkgName : ACTIVITY_RESUME_BOOSTER@21
05-06 16:58:48.378  1397  2446 W System.err: remove failed: ENOENT (No such file or directory) : /data/system/recent_tasks/372_task.xml.bak
05-06 16:58:48.658  1397  1397 D CustomFrequencyManagerService: releaseDVFSLockLocked : Getting Lock type frm List : DVFS_MIN_LIMIT  frequency : 1555200  uid : 1000  pid : 1397  tag : ACTIVITY_RESUME_BOOSTER@21
05-06 16:58:48.938  1397  1571 D PackageManager: [MSG] WRITE_PACKAGE_RESTRICTIONS
05-06 16:58:48.968  1397  1571 W System.err: remove failed: ENOENT (No such file or directory) : /data/system/users/0/package-restrictions.xml.bak
05-06 16:58:49.238  2984  2984 D WfcPhoneStateListener: onSignalStrengthsChanged(): signal strength did not change
05-06 16:58:49.238  2592  2933 D NetworkController.MobileSignalController(0/1): onSignalStrengthsChanged signalStrength=SignalStrength: 99 99 -120 -160 -120 -1 -1 20 -99 -8 148 -1 2147483647 0x5000 gsm|lte level=5
05-06 16:58:49.238  2592  2933 D NetworkController.MobileSignalController(0/1): getMobileIconGroup(): 13
05-06 16:58:49.238  2592  2933 D NetworkController.MobileSignalController(0/1): updateTMOMobileIconGroup(): 13
05-06 16:58:49.668 11169 11193 I System.out: (HTTPLog)-Static: isSBSettingEnabled false
05-06 16:58:49.668 11169 11193 I System.out: (HTTPLog)-Static: isSBSettingEnabled false
05-06 16:58:49.678   930  2080 D EnterpriseController: netId is 0
05-06 16:58:49.678   930  2080 D Netd    : getNetworkForDns: using netid 683 for uid 10018
05-06 16:58:50.148  1315  1327 W SQLiteConnectionPool: A SQLiteConnection object for database '+data+user+0+com_samsung_svoice_sync+databases+svoicelocal_db' was leaked!  Please fix your application to end transactions in progress properly and to close the database when it is no longer needed.
05-06 16:58:50.518  2592  2933 D NetworkController.MobileSignalController(0/1): onSignalStrengthsChanged signalStrength=SignalStrength: 99 99 -120 -160 -120 -1 -1 20 -99 -8 158 -1 2147483647 0x5000 gsm|lte level=5
05-06 16:58:50.518  2592  2933 D NetworkController.MobileSignalController(0/1): getMobileIconGroup(): 13
05-06 16:58:50.518  2592  2933 D NetworkController.MobileSignalController(0/1): updateTMOMobileIconGroup(): 13
05-06 16:58:50.518  2984  2984 D WfcPhoneStateListener: onSignalStrengthsChanged(): signal strength did not change
05-06 16:58:50.778  1397  2531 V AlarmManager:  remove PendingIntent] PendingIntent{cae77d3: PendingIntentRecord{85cf079 com.google.android.gms broadcastIntent}}
05-06 16:58:51.538  1397  3343 D PowerManagerService: [api] release WakeLock flags=0x10000006 tag=PowerUI.Notification uid=10067 pid=2592 (0x0)
05-06 16:58:51.768  1397  5400 D ConnectivityService: returning getNetworkInfo for network type 1 : [type: WIFI[] - WIFI, state: CONNECTED/CONNECTED, reason: (unspecified), extra: "Maxwell", roaming: false, failover: false, isAvailable: true]
05-06 16:58:51.998  1397  3322 D BatteryService: !@BatteryListener : batteryPropertiesChanged!
05-06 16:58:52.008  1397  3322 D BatteryService: level:100, scale:100, status:5, health:2, present:true, voltage: 4351, temperature: 279, technology: Li-ion, AC powered:false, USB powered:true, POGO powered:false, Wireless powered:false, icon:17303418, invalid charger:0, maxChargingCurrent:0
05-06 16:58:52.008  1397  3322 D BatteryService: online:4, current avg:29, charge type:1, power sharing:false, high voltage charger:false, capacity:280000, batterySWSelfDischarging:false, current_now:215
05-06 16:58:52.008  1397  1397 D BatteryService: Sending ACTION_BATTERY_CHANGED.
05-06 16:58:52.008  1397  1397 I MotionRecognitionService: Plugged
05-06 16:58:52.008  1397  1397 D MotionRecognitionService:   cableConnection= 1
05-06 16:58:52.008  1397  1397 D MotionRecognitionService: setPowerConnected | current backoffstate  = 1024 , state =1024
05-06 16:58:52.008  1397  1397 D MotionRecognitionService: skip setTransmitPower. 
05-06 16:58:52.008  1397  1397 I Tethering: BATTERY_CHANGED, level = 100lowBatteryThreshold = 15
05-06 16:58:52.018  1397  2388 D WifiController: ApOrStaEnabledState  msg.what= 155652
05-06 16:58:52.018  2592  2592 D KeyguardUpdateMonitor: received broadcast android.intent.action.BATTERY_CHANGED
05-06 16:58:52.018  2592  2592 D KeyguardUpdateMonitor: handleBatteryUpdate
05-06 16:58:52.018  2592  2592 D PowerUI : priorPlugType = 2 mPlugType =  2
05-06 16:58:52.018  2613  2613 D BatteryMonitor: new battery level: 100
05-06 16:58:52.048  2592  2592 D BatteryMeterView: ACTION_BATTERY_CHANGED : level:100 status:5 health:2
05-06 16:58:52.048  2592  2592 D BatteryMeterView: ACTION_BATTERY_CHANGED : level:100 status:5 health:2
05-06 16:58:52.048 11623 11623 V HeadsetService: HeadsetService - Received Intent.ACTION_BATTERY_CHANGED
05-06 16:58:52.048 11623 12758 D HeadsetStateMachine: Disconnected process message: 10, size: 0
05-06 16:58:53.088  2592  2933 D NetworkController.MobileSignalController(0/1): onSignalStrengthsChanged signalStrength=SignalStrength: 99 99 -120 -160 -120 -1 -1 19 -100 -9 158 -1 2147483647 0x4000 gsm|lte level=4
05-06 16:58:53.088  2592  2933 D NetworkController.MobileSignalController(0/1): getMobileIconGroup(): 13
05-06 16:58:53.088  2592  2933 D NetworkController.MobileSignalController(0/1): updateTMOMobileIconGroup(): 13
05-06 16:58:53.088  2984  2984 D WfcPhoneStateListener: onSignalStrengthsChanged(): signal strength changed; Level 4
05-06 16:58:53.088  2984  2984 D WfcService: updateSignalStrength(): gsmSignalStrength=4
05-06 16:58:53.088  2984  2984 W ContextImpl: Calling a method in the system process without a qualified user: android.app.ContextImpl.startService:1305 android.content.ContextWrapper.startService:606 com.samsung.tmowfc.wfccontroller.WfcService.updateSignalStrength:177 com.samsung.tmowfc.wfccontroller.WfcPhoneStateListener.onSignalStrengthsChanged:218 android.telephony.PhoneStateListener$1.handleMessage:333 
05-06 16:58:53.108  2984  2984 I WfcController: processSignalStrength(): gsmSignalStrength=4
05-06 16:58:53.108  2984  2984 D WfcController: isRadioConnected(): radio is connected
05-06 16:58:53.108  2984  2984 D WfcController: checkAndUpdateLowSignal(): !isRadioConnected()=false, (mWfcControlState.mWifiState == WifiStates.DISCONNECTED)=false, mWifiManager.isWifiEnabled()=true
05-06 16:58:53.108  2984  2984 D WfcController: isRadioConnected(): radio is connected
05-06 16:58:53.118  2984  2984 D WfcController: checkAndUpdateLowSignal(): Broadcast NOT in low signal
05-06 16:58:53.118  2984  2984 D WfcController: checkAndUpdateLowSignal(): Broadcast nothing changed
05-06 16:58:54.198  1397  2855 E Watchdog: !@Sync 6512 [05-06 16:58:54.214]
05-06 16:58:55.378  1397  1468 W ActivityManager: Launch timeout has expired, giving up wake lock!
05-06 16:58:55.518  1397  1468 I ActivityManager: Killing 831:com.samsung.android.intelligenceservice2/5010 (adj 15): DHA:empty #33
05-06 16:58:55.568  1397  2460 D ActivityManager: isAutoRunBlockedApp:: com.samsung.android.intelligenceservice2, Auto Run ON
05-06 16:58:55.638  2984  2984 D WfcPhoneStateListener: onSignalStrengthsChanged(): signal strength did not change
05-06 16:58:55.638  2592  2933 D NetworkController.MobileSignalController(0/1): onSignalStrengthsChanged signalStrength=SignalStrength: 99 99 -120 -160 -120 -1 -1 19 -100 -9 148 -1 2147483647 0x4000 gsm|lte level=4
05-06 16:58:55.638  2592  2933 D NetworkController.MobileSignalController(0/1): getMobileIconGroup(): 13
05-06 16:58:55.638  2592  2933 D NetworkController.MobileSignalController(0/1): updateTMOMobileIconGroup(): 13
05-06 16:58:55.728  1397  2200 V AlarmManager: Expired Alarm result :8
05-06 16:58:55.908  1397  5400 D SSRM:n  : SIOP:: AP = 320, PST = 321 (W:14), CP = 33, CUR = 29, LCD = 56
05-06 16:58:55.928  1397  5400 D ConnectivityService: returning getNetworkInfo for network type 1 : [type: WIFI[] - WIFI, state: CONNECTED/CONNECTED, reason: (unspecified), extra: "Maxwell", roaming: false, failover: false, isAvailable: true]
05-06 16:58:56.918  2984  2984 D WfcPhoneStateListener: onSignalStrengthsChanged(): signal strength did not change
05-06 16:58:56.918  2592  2933 D NetworkController.MobileSignalController(0/1): onSignalStrengthsChanged signalStrength=SignalStrength: 99 99 -120 -160 -120 -1 -1 19 -100 -8 154 -1 2147483647 0x4000 gsm|lte level=4
05-06 16:58:56.918  2592  2933 D NetworkController.MobileSignalController(0/1): getMobileIconGroup(): 13
05-06 16:58:56.918  2592  2933 D NetworkController.MobileSignalController(0/1): updateTMOMobileIconGroup(): 13
05-06 16:58:58.198  2592  2933 D NetworkController.MobileSignalController(0/1): onSignalStrengthsChanged signalStrength=SignalStrength: 99 99 -120 -160 -120 -1 -1 19 -100 -8 128 -1 2147483647 0x4000 gsm|lte level=4
05-06 16:58:58.198  2592  2933 D NetworkController.MobileSignalController(0/1): getMobileIconGroup(): 13
05-06 16:58:58.198  2592  2933 D NetworkController.MobileSignalController(0/1): updateTMOMobileIconGroup(): 13
05-06 16:58:58.198  2984  2984 D WfcPhoneStateListener: onSignalStrengthsChanged(): signal strength did not change
05-06 16:58:59.998  1397  2200 V AlarmManager: Expired Alarm result :8
05-06 16:59:00.008  2592  2592 D KeyguardUpdateMonitor: received broadcast android.intent.action.TIME_TICK
05-06 16:59:00.008  2592  2592 D KeyguardUpdateMonitor: handleTimeUpdate
05-06 16:59:00.008  2592  2592 D SecKeyguardClockSingleImageView: min:59, hour:4, hour_day:16
05-06 16:59:00.038  2592  2592 D Clock   : received broadcast android.intent.action.TIME_TICK
05-06 16:59:00.088  2592  2592 D DateView: received broadcast android.intent.action.TIME_TICK
05-06 16:59:00.768  2984  2984 D WfcPhoneStateListener: onSignalStrengthsChanged(): signal strength did not change
05-06 16:59:00.768  2592  2933 D NetworkController.MobileSignalController(0/1): onSignalStrengthsChanged signalStrength=SignalStrength: 99 99 -120 -160 -120 -1 -1 19 -100 -8 152 -1 2147483647 0x4000 gsm|lte level=4
05-06 16:59:00.768  2592  2933 D NetworkController.MobileSignalController(0/1): getMobileIconGroup(): 13
05-06 16:59:00.768  2592  2933 D NetworkController.MobileSignalController(0/1): updateTMOMobileIconGroup(): 13
05-06 16:59:00.928  1397  2200 V AlarmManager: Expired Alarm result :4
05-06 16:59:00.958 29069 29099 I Finsky  : [17848] com.google.android.finsky.c.e.run(1151): Replicating app states via AMAS.
05-06 16:59:02.288  1397  3343 D BatteryService: !@BatteryListener : batteryPropertiesChanged!
05-06 16:59:02.288  1397  3343 D BatteryService: level:100, scale:100, status:5, health:2, present:true, voltage: 4353, temperature: 280, technology: Li-ion, AC powered:false, USB powered:true, POGO powered:false, Wireless powered:false, icon:17303418, invalid charger:0, maxChargingCurrent:0
05-06 16:59:02.288  1397  3343 D BatteryService: online:4, current avg:136, charge type:1, power sharing:false, high voltage charger:false, capacity:280000, batterySWSelfDischarging:false, current_now:198
05-06 16:59:02.288  1397  1397 D BatteryService: Sending ACTION_BATTERY_CHANGED.
05-06 16:59:02.298  1397  1397 I MotionRecognitionService: Plugged
05-06 16:59:02.298  1397  1397 D MotionRecognitionService:   cableConnection= 1
05-06 16:59:02.298  1397  1397 D MotionRecognitionService: setPowerConnected | current backoffstate  = 1024 , state =1024
05-06 16:59:02.298  1397  1397 D MotionRecognitionService: skip setTransmitPower. 
05-06 16:59:02.298  1397  1397 I Tethering: BATTERY_CHANGED, level = 100lowBatteryThreshold = 15
05-06 16:59:02.298  1397  2388 D WifiController: ApOrStaEnabledState  msg.what= 155652
05-06 16:59:02.308  2592  2592 D KeyguardUpdateMonitor: received broadcast android.intent.action.BATTERY_CHANGED
05-06 16:59:02.308  2592  2592 D KeyguardUpdateMonitor: handleBatteryUpdate
05-06 16:59:02.308  2592  2592 D PowerUI : priorPlugType = 2 mPlugType =  2
05-06 16:59:02.308  2613  2613 D BatteryMonitor: new battery level: 100
05-06 16:59:02.328 11623 11623 V HeadsetService: HeadsetService - Received Intent.ACTION_BATTERY_CHANGED
05-06 16:59:02.328 11623 12758 D HeadsetStateMachine: Disconnected process message: 10, size: 0
05-06 16:59:02.338  2592  2592 D BatteryMeterView: ACTION_BATTERY_CHANGED : level:100 status:5 health:2
05-06 16:59:02.338  2592  2592 D BatteryMeterView: ACTION_BATTERY_CHANGED : level:100 status:5 health:2
05-06 16:59:02.398 29069 29099 I Finsky  : [17848] com.google.android.finsky.c.c.a(311): Completed 0 account content syncs with 0 successful.
05-06 16:59:02.398 29069 29069 I Finsky  : [1] com.google.android.finsky.services.j.a(149): Installation state replication succeeded.
05-06 16:59:03.318  2592  2933 D NetworkController.MobileSignalController(0/1): onSignalStrengthsChanged signalStrength=SignalStrength: 99 99 -120 -160 -120 -1 -1 19 -100 -8 114 -1 2147483647 0x4000 gsm|lte level=4
05-06 16:59:03.318  2592  2933 D NetworkController.MobileSignalController(0/1): getMobileIconGroup(): 13
05-06 16:59:03.318  2592  2933 D NetworkController.MobileSignalController(0/1): updateTMOMobileIconGroup(): 13
05-06 16:59:03.328  2984  2984 D WfcPhoneStateListener: onSignalStrengthsChanged(): signal strength did not change
05-06 16:59:04.268  1370  1376 I art     : Debugger is active
05-06 16:59:04.388  1370  1370 I System.out: Debugger has connected
05-06 16:59:04.388  1370  1370 I System.out: waiting for debugger to settle...
05-06 16:59:04.588  1370  1370 I System.out: waiting for debugger to settle...
05-06 16:59:04.608  2984  2984 D WfcPhoneStateListener: onSignalStrengthsChanged(): signal strength did not change
05-06 16:59:04.608  2592  2933 D NetworkController.MobileSignalController(0/1): onSignalStrengthsChanged signalStrength=SignalStrength: 99 99 -120 -160 -120 -1 -1 18 -100 -8 164 -1 2147483647 0x4000 gsm|lte level=4
05-06 16:59:04.608  2592  2933 D NetworkController.MobileSignalController(0/1): getMobileIconGroup(): 13
05-06 16:59:04.608  2592  2933 D NetworkController.MobileSignalController(0/1): updateTMOMobileIconGroup(): 13
05-06 16:59:04.848  1370  1370 I System.out: waiting for debugger to settle...
05-06 16:59:05.058  1370  1370 I System.out: waiting for debugger to settle...
05-06 16:59:05.258  1370  1370 I System.out: waiting for debugger to settle...
05-06 16:59:05.468  1370  1370 I System.out: waiting for debugger to settle...
05-06 16:59:05.668  1370  1370 I System.out: waiting for debugger to settle...
05-06 16:59:05.868  1370  1370 I System.out: waiting for debugger to settle...
05-06 16:59:05.888  2592  2933 D NetworkController.MobileSignalController(0/1): onSignalStrengthsChanged signalStrength=SignalStrength: 99 99 -120 -160 -120 -1 -1 19 -101 -8 166 -1 2147483647 0x4000 gsm|lte level=4
05-06 16:59:05.888  2984  2984 D WfcPhoneStateListener: onSignalStrengthsChanged(): signal strength did not change
05-06 16:59:05.888  2592  2933 D NetworkController.MobileSignalController(0/1): getMobileIconGroup(): 13
05-06 16:59:05.888  2592  2933 D NetworkController.MobileSignalController(0/1): updateTMOMobileIconGroup(): 13
05-06 16:59:05.988  1397  5400 D SSRM:n  : SIOP:: AP = 310, PST = 320 (W:14), CP = 32, CUR = 136, LCD = 56
05-06 16:59:06.068  1370  1370 I System.out: waiting for debugger to settle...
05-06 16:59:06.268  1370  1370 I System.out: debugger has settled (1408)
05-06 16:59:06.288   649   688 D libEGL  : eglTerminate EGLDisplay = 0x7f9e63eea8
05-06 16:59:06.288   649   688 D libEGL  : eglTerminate EGLDisplay = 0x7f9e63eea8
05-06 16:59:06.288  1397  1470 D ViewRootImpl: #3 mView = null
05-06 16:59:06.298  1370  1370 I InjectionManager: Inside getClassLibPath caller 
05-06 16:59:06.298  1397  1470 D InputDispatcher: Focus left window: 1397
05-06 16:59:06.298  1397  1498 D PointerIcon: setMouseIconStyle1 pointerType: 1001 iconType:101 flag:0 pid:1397 uid:1000
05-06 16:59:06.298  1397  1498 D PointerIcon: setMouseCustomIcon IconType is same.101
05-06 16:59:06.298  2592  2592 D PhoneStatusBar: setSystemUiVisibility vis=8600 mask=ffffffff oldVal=8000 newVal=8600 diff=600
05-06 16:59:06.298  1397  1470 D StatusBarManagerService: manageDisableList userId=0 what=0x0 pkg=Window{62fa377 u0 d0 Starting plv.colorado.edu.callinsbenchmark}
05-06 16:59:06.298  1397  2244 E libEGL  : ------------------------------------------------
05-06 16:59:06.298  1397  2244 E libEGL  : HWUI Context(1707426560) Damaged Report-Shader
05-06 16:59:06.298  1397  2244 E libEGL  : HWUI   Shaders(1):
05-06 16:59:06.298  1397  2244 E libEGL  : HWUI     Unit 0) DAMAGED Handle(13)
05-06 16:59:06.298  1397  2244 E libEGL  : ------------------------------------------------
05-06 16:59:06.298  1397  2244 E libGLESv2: HWUI Protection: wrong calling from app context F:ES2-glDeleteShader, handle(13)
05-06 16:59:06.308  1397  1470 D RestrictionPolicy: isStatusBarExpansionAllowedAsUser : true, userId = 0
05-06 16:59:06.308  1397  1470 D RestrictionPolicy: isStatusBarExpansionAllowedAsUser : true, userId = 0
05-06 16:59:06.318  1397  1470 E ViewRootImpl: sendUserActionEvent() mView == null
05-06 16:59:06.318  1397  2244 D libEGL  : eglTerminate EGLDisplay = 0x7f88712228
05-06 16:59:06.478   649  2246 I SurfaceFlinger: id=4885 Removed dallinsbenc (12/13)
05-06 16:59:06.478   649  6926 I SurfaceFlinger: id=4885 Removed dallinsbenc (-2/13)
05-06 16:59:06.478  1397  1498 W AppOps  : Finishing op nesting under-run: uid 1000 pkg android code 24 time=0 duration=0 nesting=0
05-06 16:59:06.488   649   649 D libEGL  : eglTerminate EGLDisplay = 0x7fda953ca8
05-06 16:59:08.438  2984  2984 D WfcPhoneStateListener: onSignalStrengthsChanged(): signal strength did not change
05-06 16:59:08.438  2592  2933 D NetworkController.MobileSignalController(0/1): onSignalStrengthsChanged signalStrength=SignalStrength: 99 99 -120 -160 -120 -1 -1 20 -100 -8 118 -1 2147483647 0x4000 gsm|lte level=4
05-06 16:59:08.438  2592  2933 D NetworkController.MobileSignalController(0/1): getMobileIconGroup(): 13
05-06 16:59:08.438  2592  2933 D NetworkController.MobileSignalController(0/1): updateTMOMobileIconGroup(): 13
05-06 16:59:10.998  2984  2984 D WfcPhoneStateListener: onSignalStrengthsChanged(): signal strength did not change
05-06 16:59:11.008  2592  2933 D NetworkController.MobileSignalController(0/1): onSignalStrengthsChanged signalStrength=SignalStrength: 99 99 -120 -160 -120 -1 -1 20 -100 -8 164 -1 2147483647 0x4000 gsm|lte level=4
05-06 16:59:11.008  2592  2933 D NetworkController.MobileSignalController(0/1): getMobileIconGroup(): 13
05-06 16:59:11.008  2592  2933 D NetworkController.MobileSignalController(0/1): updateTMOMobileIconGroup(): 13
05-06 16:59:12.288  2984  2984 D WfcPhoneStateListener: onSignalStrengthsChanged(): signal strength did not change
05-06 16:59:12.288  2592  2933 D NetworkController.MobileSignalController(0/1): onSignalStrengthsChanged signalStrength=SignalStrength: 99 99 -120 -160 -120 -1 -1 20 -100 -8 144 -1 2147483647 0x4000 gsm|lte level=4
05-06 16:59:12.288  2592  2933 D NetworkController.MobileSignalController(0/1): getMobileIconGroup(): 13
05-06 16:59:12.288  2592  2933 D NetworkController.MobileSignalController(0/1): updateTMOMobileIconGroup(): 13
05-06 16:59:12.608  1397  2648 D BatteryService: !@BatteryListener : batteryPropertiesChanged!
05-06 16:59:12.608  1397  2648 D BatteryService: level:100, scale:100, status:5, health:2, present:true, voltage: 4353, temperature: 280, technology: Li-ion, AC powered:false, USB powered:true, POGO powered:false, Wireless powered:false, icon:17303418, invalid charger:0, maxChargingCurrent:0
05-06 16:59:12.608  1397  2648 D BatteryService: online:4, current avg:169, charge type:1, power sharing:false, high voltage charger:false, capacity:280000, batterySWSelfDischarging:false, current_now:177
05-06 16:59:12.608  1397  1397 D BatteryService: Sending ACTION_BATTERY_CHANGED.
05-06 16:59:12.618  1397  1397 I MotionRecognitionService: Plugged
05-06 16:59:12.618  1397  1397 D MotionRecognitionService:   cableConnection= 1
05-06 16:59:12.618  1397  1397 D MotionRecognitionService: setPowerConnected | current backoffstate  = 1024 , state =1024
05-06 16:59:12.618  1397  1397 D MotionRecognitionService: skip setTransmitPower. 
05-06 16:59:12.618  1397  1397 I Tethering: BATTERY_CHANGED, level = 100lowBatteryThreshold = 15
05-06 16:59:12.618  1397  2388 D WifiController: ApOrStaEnabledState  msg.what= 155652
05-06 16:59:12.628  2592  2592 D KeyguardUpdateMonitor: received broadcast android.intent.action.BATTERY_CHANGED
05-06 16:59:12.628  2592  2592 D KeyguardUpdateMonitor: handleBatteryUpdate
05-06 16:59:12.628  2592  2592 D PowerUI : priorPlugType = 2 mPlugType =  2
05-06 16:59:12.628  2613  2613 D BatteryMonitor: new battery level: 100
05-06 16:59:12.638  2592  2592 D BatteryMeterView: ACTION_BATTERY_CHANGED : level:100 status:5 health:2
05-06 16:59:12.638 11623 11623 V HeadsetService: HeadsetService - Received Intent.ACTION_BATTERY_CHANGED
05-06 16:59:12.638 11623 12758 D HeadsetStateMachine: Disconnected process message: 10, size: 0
05-06 16:59:12.658  2592  2592 D BatteryMeterView: ACTION_BATTERY_CHANGED : level:100 status:5 health:2
05-06 16:59:13.558  2592  2933 D NetworkController.MobileSignalController(0/1): onSignalStrengthsChanged signalStrength=SignalStrength: 99 99 -120 -160 -120 -1 -1 19 -99 -8 146 -1 2147483647 0x5000 gsm|lte level=5
05-06 16:59:13.558  2984  2984 D WfcPhoneStateListener: onSignalStrengthsChanged(): signal strength changed; Level 5
05-06 16:59:13.558  2592  2933 D NetworkController.MobileSignalController(0/1): getMobileIconGroup(): 13
05-06 16:59:13.558  2984  2984 D WfcService: updateSignalStrength(): gsmSignalStrength=5
05-06 16:59:13.558  2592  2933 D NetworkController.MobileSignalController(0/1): updateTMOMobileIconGroup(): 13
05-06 16:59:13.558  2984  2984 W ContextImpl: Calling a method in the system process without a qualified user: android.app.ContextImpl.startService:1305 android.content.ContextWrapper.startService:606 com.samsung.tmowfc.wfccontroller.WfcService.updateSignalStrength:177 com.samsung.tmowfc.wfccontroller.WfcPhoneStateListener.onSignalStrengthsChanged:218 android.telephony.PhoneStateListener$1.handleMessage:333 
05-06 16:59:13.568  2984  2984 I WfcController: processSignalStrength(): gsmSignalStrength=5
05-06 16:59:13.568  2984  2984 D WfcController: isRadioConnected(): radio is connected
05-06 16:59:13.568  2984  2984 D WfcController: checkAndUpdateLowSignal(): !isRadioConnected()=false, (mWfcControlState.mWifiState == WifiStates.DISCONNECTED)=false, mWifiManager.isWifiEnabled()=true
05-06 16:59:13.568  2984  2984 D WfcController: isRadioConnected(): radio is connected
05-06 16:59:13.568  2984  2984 D WfcController: checkAndUpdateLowSignal(): Broadcast NOT in low signal
05-06 16:59:13.568  2984  2984 D WfcController: checkAndUpdateLowSignal(): Broadcast nothing changed
05-06 16:59:16.028  1397  5400 D SSRM:n  : SIOP:: AP = 300, PST = 320 (W:14), CP = 32, CUR = 169, LCD = 56
05-06 16:59:16.148  1397  1409 I art     : Background sticky concurrent mark sweep GC freed 237295(13MB) AllocSpace objects, 32(640KB) LOS objects, 15% free, 81MB/95MB, paused 3.048ms total 125.807ms
05-06 16:59:17.498  1370  1370 W System  : ClassLoader referenced unknown path: /data/app/plv.colorado.edu.callinsbenchmark-1/lib/arm64
05-06 16:59:18.068  1370  1370 D InjectionManager: InjectionManager
05-06 16:59:18.068  1370  1370 D InjectionManager: fillFeatureStoreMap plv.colorado.edu.callinsbenchmark
05-06 16:59:18.078  1370  1370 I InjectionManager: Constructor plv.colorado.edu.callinsbenchmark, Feature store :{}
05-06 16:59:18.078  1370  1370 I InjectionManager: featureStore :{}
05-06 16:59:18.618 32163 32185 I com.newrelic.agent.android: Harvester: connected
05-06 16:59:18.618 32163 32185 I com.newrelic.agent.android: Harvester: Sending 0 HTTP transactions.
05-06 16:59:18.618 32163 32185 I com.newrelic.agent.android: Harvester: Sending 0 HTTP errors.
05-06 16:59:18.618 32163 32185 I com.newrelic.agent.android: Harvester: Sending 0 activity traces.
05-06 16:59:18.618 32163 32185 I com.newrelic.agent.android: Harvester: Sending 0 analytics events.
05-06 16:59:18.628 32163 32185 I System.out: Thread-18188(ApacheHTTPLog):isSBSettingEnabled false
05-06 16:59:18.628 32163 32185 I System.out: Thread-18188(ApacheHTTPLog):isShipBuild true
05-06 16:59:18.628 32163 32185 I System.out: Thread-18188(ApacheHTTPLog):getDebugLevel 0x4f4c
05-06 16:59:18.628 32163 32185 I System.out: Thread-18188(ApacheHTTPLog):Smart Bonding Setting is false
05-06 16:59:18.628 32163 32185 I System.out: Thread-18188(ApacheHTTPLog):SmartBonding Setting is false, SHIP_BUILD is true, log to file is false, DBG is false, DEBUG_LEVEL (1-LOW, 2-MID, 3-HIGH) is 1
05-06 16:59:18.708  2549  2740 D ContactsProvider_EventLog: contents_sample_state: [ contacts(1087) data(7355) accounts({com.google (6)=1090, vnd.sec.contact.sim (2)=3}) accounts deleted({}) calls([logtype:100 cnt:10, logtype:1150 cnt:6])  ]
05-06 16:59:18.708  2549  2740 D ContactsProvider_EventLog: contents_sample_state: [ agr({[5]=89, [5 ,5]=1, [3]=860, [2]=3, [6]=129, [3 ,5]=5})  ]
05-06 16:59:18.798 32163 32185 I System.out: NR_Harvester-1 calls detatch()
05-06 16:59:19.468  1370  1370 W ResourcesManager: getTopLevelResources: /data/app/plv.colorado.edu.callinsbenchmark-1/base.apk / 1.0 running in plv.colorado.edu.callinsbenchmark rsrc of package plv.colorado.edu.callinsbenchmark
05-06 16:59:19.488  1370  1370 D ContextRelationManager: ContextRelationManager() : FEATURE_ENABLED=true
05-06 16:59:19.498  1370  1370 D RelationGraph: garbageCollect()
05-06 16:59:19.528  1370  1370 W ResourcesManager: getTopLevelResources: /data/app/plv.colorado.edu.callinsbenchmark-1/base.apk / 1.0 running in plv.colorado.edu.callinsbenchmark rsrc of package plv.colorado.edu.callinsbenchmark
05-06 16:59:19.958  2984  2984 D WfcPhoneStateListener: onSignalStrengthsChanged(): signal strength did not change
05-06 16:59:19.968  2592  2933 D NetworkController.MobileSignalController(0/1): onSignalStrengthsChanged signalStrength=SignalStrength: 99 99 -120 -160 -120 -1 -1 20 -99 -8 168 -1 2147483647 0x5000 gsm|lte level=5
05-06 16:59:19.968  2592  2933 D NetworkController.MobileSignalController(0/1): getMobileIconGroup(): 13
05-06 16:59:19.968  2592  2933 D NetworkController.MobileSignalController(0/1): updateTMOMobileIconGroup(): 13
05-06 16:59:20.078  1397  2200 V AlarmManager: Expired Alarm result :8
05-06 16:59:20.088  1397  2200 W ActivityManager: Unable to start service Intent { flg=0x4 cmp=com.amazon.mShop.android/com.amazon.avod.syncservice.MShopSyncServiceProxy VirtualScreenParam=Params{mDisplayId=-1, null, mFlags=0x00000000)} (has extras) } U=0: not found
05-06 16:59:20.098  1397  3209 V BroadcastQueue: [background] Process cur broadcast BroadcastRecord{238203b u0 null qIdx=4}, state= (APP_RECEIVE) DELIVERED for app ProcessRecord{327f5d4 3292:com.google.android.gms.persistent/u0a18}
05-06 16:59:21.248  2592  2933 D NetworkController.MobileSignalController(0/1): onSignalStrengthsChanged signalStrength=SignalStrength: 99 99 -120 -160 -120 -1 -1 20 -99 -8 116 -1 2147483647 0x5000 gsm|lte level=5
05-06 16:59:21.248  2592  2933 D NetworkController.MobileSignalController(0/1): getMobileIconGroup(): 13
05-06 16:59:21.248  2592  2933 D NetworkController.MobileSignalController(0/1): updateTMOMobileIconGroup(): 13
05-06 16:59:21.248  2984  2984 D WfcPhoneStateListener: onSignalStrengthsChanged(): signal strength did not change
05-06 16:59:22.878  1397  2531 D BatteryService: !@BatteryListener : batteryPropertiesChanged!
05-06 16:59:22.888  1397  2531 D BatteryService: level:100, scale:100, status:5, health:2, present:true, voltage: 4352, temperature: 280, technology: Li-ion, AC powered:false, USB powered:true, POGO powered:false, Wireless powered:false, icon:17303418, invalid charger:0, maxChargingCurrent:0
05-06 16:59:22.888  1397  2531 D BatteryService: online:4, current avg:165, charge type:1, power sharing:false, high voltage charger:false, capacity:280000, batterySWSelfDischarging:false, current_now:173
05-06 16:59:22.888  1397  1397 D BatteryService: Sending ACTION_BATTERY_CHANGED.
05-06 16:59:22.888  1397  1397 I MotionRecognitionService: Plugged
05-06 16:59:22.888  1397  1397 D MotionRecognitionService:   cableConnection= 1
05-06 16:59:22.888  1397  1397 D MotionRecognitionService: setPowerConnected | current backoffstate  = 1024 , state =1024
05-06 16:59:22.888  1397  1397 D MotionRecognitionService: skip setTransmitPower. 
05-06 16:59:22.888  1397  1397 I Tethering: BATTERY_CHANGED, level = 100lowBatteryThreshold = 15
05-06 16:59:22.888  1397  2388 D WifiController: ApOrStaEnabledState  msg.what= 155652
05-06 16:59:22.898  2592  2592 D KeyguardUpdateMonitor: received broadcast android.intent.action.BATTERY_CHANGED
05-06 16:59:22.898  2592  2592 D KeyguardUpdateMonitor: handleBatteryUpdate
05-06 16:59:22.898  2592  2592 D PowerUI : priorPlugType = 2 mPlugType =  2
05-06 16:59:22.898  2613  2613 D BatteryMonitor: new battery level: 100
05-06 16:59:22.898  2592  2592 D BatteryMeterView: ACTION_BATTERY_CHANGED : level:100 status:5 health:2
05-06 16:59:22.908 11623 11623 V HeadsetService: HeadsetService - Received Intent.ACTION_BATTERY_CHANGED
05-06 16:59:22.908 11623 12758 D HeadsetStateMachine: Disconnected process message: 10, size: 0
05-06 16:59:22.928  2592  2592 D BatteryMeterView: ACTION_BATTERY_CHANGED : level:100 status:5 health:2
05-06 16:59:23.818  2984  2984 D WfcPhoneStateListener: onSignalStrengthsChanged(): signal strength did not change
05-06 16:59:23.818  2592  2933 D NetworkController.MobileSignalController(0/1): onSignalStrengthsChanged signalStrength=SignalStrength: 99 99 -120 -160 -120 -1 -1 20 -99 -8 150 -1 2147483647 0x5000 gsm|lte level=5
05-06 16:59:23.818  2592  2933 D NetworkController.MobileSignalController(0/1): getMobileIconGroup(): 13
05-06 16:59:23.818  2592  2933 D NetworkController.MobileSignalController(0/1): updateTMOMobileIconGroup(): 13
05-06 16:59:24.208  1397  2855 E Watchdog: !@Sync 6513 [05-06 16:59:24.217]
05-06 16:59:25.068  1370  1370 D Activity: performCreate Call Injection manager
05-06 16:59:25.088  1370  1370 I InjectionManager: dispatchOnViewCreated > Target : plv.colorado.edu.callinsbenchmark.CallinsBenchmark isFragment :false
05-06 16:59:25.148  1370  1370 D SecWifiDisplayUtil: Metadata value : SecSettings2
05-06 16:59:25.168  1370  1370 D ViewRootImpl: #1 mView = com.android.internal.policy.PhoneWindow$DecorView{9121079 I.E...... R.....ID 0,0-0,0}
05-06 16:59:25.188  1370  1463 D OpenGLRenderer: Use EGL_SWAP_BEHAVIOR_PRESERVED: true
05-06 16:59:25.198  1397  3317 D ISSUE_DEBUG: InputChannelName : c0f716e plv.colorado.edu.callinsbenchmark/plv.colorado.edu.callinsbenchmark.CallinsBenchmark
05-06 16:59:25.208  1397  1416 D ActivityManager: post active user change for 0 fullscreen true isFloatingActivity() false isHomeActivity() false
05-06 16:59:25.208  1397  1416 D KnoxTimeoutHandler: postActiveUserChange [MsgParam] userId: 0 fullscreen is true showWhenlocked is false
05-06 16:59:25.208  1397  1397 D KnoxTimeoutHandler: handleActiveUserChange [MsgParam] userId: 0 fullscreen is true showWhenlocked is false
05-06 16:59:25.218  1397  1397 I KnoxTimeoutHandler: Shared devices show user statefalse
05-06 16:59:25.278   649   649 I SurfaceFlinger: id=4886 createSurf (1x1),1 flag=404, DallinsBenc
05-06 16:59:25.298  1397  2460 D InputDispatcher: Focus entered window: 1370
05-06 16:59:25.308  1397  1498 D PointerIcon: setMouseIconStyle1 pointerType: 1001 iconType:101 flag:0 pid:1397 uid:1000
05-06 16:59:25.308  1397  1498 D PointerIcon: setMouseCustomIcon IconType is same.101
05-06 16:59:25.318  1370  1463 I Adreno  : QUALCOMM build                   : c0299d7, I241dab1ec4
05-06 16:59:25.318  1370  1463 I Adreno  : Build Date                       : 01/25/16
05-06 16:59:25.318  1370  1463 I Adreno  : OpenGL ES Shader Compiler Version: XE031.06.00.05
05-06 16:59:25.318  1370  1463 I Adreno  : Local Branch                     : 
05-06 16:59:25.318  1370  1463 I Adreno  : Remote Branch                    : refs/tags/AU_LINUX_ANDROID_LA.HB.1.1.1.06.00.01.063.117
05-06 16:59:25.318  1370  1463 I Adreno  : Remote Branch                    : NONE
05-06 16:59:25.318  1370  1463 I Adreno  : Reconstruct Branch               : NOTHING
05-06 16:59:25.328  1370  1463 D libEGL  : eglInitialize EGLDisplay = 0x7fa6e5f188
05-06 16:59:25.328  1370  1463 I OpenGLRenderer: Initialized EGL, version 1.4
05-06 16:59:25.488  1370  1370 I InjectionManager: dispatchCreateOptionsMenu :plv.colorado.edu.callinsbenchmark.CallinsBenchmark
05-06 16:59:25.488  1370  1370 I InjectionManager: dispatchPrepareOptionsMenu :plv.colorado.edu.callinsbenchmark.CallinsBenchmark
05-06 16:59:25.498  1370  1370 D ViewRootImpl: MSG_RESIZED_REPORT: ci=Rect(0, 96 - 0, 0) vi=Rect(0, 96 - 0, 0) or=1
05-06 16:59:25.508  1397  3209 D InputMethodManagerService: windowGainedFocus mCurrentFocusedUserId - 0 and mSecureKeypadEnabled-false
05-06 16:59:25.518 23568 23568 I Keyboard.Facilitator: onFinishInput()
05-06 16:59:25.588  1370  1370 W DisplayListCanvas: DisplayListCanvas is started on unbinded RenderNode (without mOwningView)
05-06 16:59:25.598  1370  1463 D libGLESv1: DTS_GLAPI : DTS is not allowed for Package : plv.colorado.edu.callinsbenchmark
05-06 16:59:25.698  1397  2648 V WindowStateAnimator: Finishing drawing window Window{c0f716e u0 d0 plv.colorado.edu.callinsbenchmark/plv.colorado.edu.callinsbenchmark.CallinsBenchmark}: mDrawState=DRAW_PENDING
05-06 16:59:25.708  1370  1370 I Timeline: Timeline: Activity_idle id: android.os.BinderProxy@98239db time:195698749
05-06 16:59:25.708   649   649 D libEGL  : eglInitialize EGLDisplay = 0x7fda953ba8
05-06 16:59:25.718  1397  1498 D KnoxTimeoutHandler: notifyActivityDrawn [MsgParam] userId: 0 fullscreen is true showWhenlocked is false
05-06 16:59:25.718  1397  1397 D KnoxTimeoutHandler: activityDrawn [MsgParam] userId: 0 fullscreen is true showWhenlocked is false
05-06 16:59:25.718  1397  1498 I ActivityManager: Displayed plv.colorado.edu.callinsbenchmark/.CallinsBenchmark: +40s266ms (total +1m9s314ms)
05-06 16:59:25.718  1397  1498 I Timeline: Timeline: Activity_windows_visible id: ActivityRecord{a6e3ad9 u0 plv.colorado.edu.callinsbenchmark/.CallinsBenchmark t372} time:195698763
05-06 16:59:25.718  1397  1498 D ViewRootImpl: #3 mView = null
05-06 16:59:25.718  1397  1397 I KnoxTimeoutHandler: SD activityfalse
05-06 16:59:25.748 10583 10583 V ActivityThread: updateVisibility : ActivityRecord{c40be48 token=android.os.BinderProxy@285ac75 {com.google.android.googlequicksearchbox/com.google.android.launcher.GEL}} show : false
05-06 16:59:25.908   649   688 I SurfaceFlinger: id=4884 Removed dallinsbenc (6/13)
05-06 16:59:25.908   649   683 I SurfaceFlinger: id=4884 Removed dallinsbenc (-2/13)
05-06 16:59:25.928   649   649 D libEGL  : eglTerminate EGLDisplay = 0x7fda953ca8
05-06 16:59:26.018  1397  2419 D MdnieScenarioControlService:  packageName : plv.colorado.edu.callinsbenchmark    className : plv.colorado.edu.callinsbenchmark.CallinsBenchmark
05-06 16:59:26.078  1397  5400 D SSRM:n  : SIOP:: AP = 300, PST = 319 (W:14), CP = 31, CUR = 165, LCD = 56
05-06 16:59:26.118  1397  2419 I MdnieScenarioControlService: mGameModeLauncher : false
05-06 16:59:26.118  1397  2419 I MdnieScenarioControlService: setUIMode
05-06 16:59:26.428  1397  5400 W ContextImpl: Calling a method in the system process without a qualified user: android.app.ContextImpl.sendBroadcast:830 g.g.insertLog:-1 g.g.a:-1 g.d.handleMessage:-1 android.os.Handler.dispatchMessage:102 
05-06 16:59:26.428  1397  5400 D SurveyLogging: app_id = com.android.server.ssrm, feature = SLUG, extra = {"S_INFO":"30009/plv.colorado.edu.callinsbenchmark/0/40266/1", "SSRM":"0/-1/-1/31/0/57059/X/X/X/X", "MEMINFO":"3504576/132776/20776/1051132/447108/443640/653932/381788/2097148/1081804/692120", "OOMINFO":"254811/0/664236/15475/48096/185947/133805/0/0/147456/204112/116276/241544/731668", "UPTIME":"333624.44"}
05-06 16:59:26.448  1397  1468 V BroadcastQueue: [background] Process cur broadcast BroadcastRecord{945367a u0 com.samsung.android.providers.context.log.action.USE_APP_FEATURE_SURVEY qIdx=4}, state= (APP_RECEIVE) DELIVERED for app ProcessRecord{86b504e 3364:com.samsung.android.providers.context/u0a8}
05-06 16:59:31.488  2984  2984 D WfcPhoneStateListener: onSignalStrengthsChanged(): signal strength did not change
05-06 16:59:31.488  2592  2933 D NetworkController.MobileSignalController(0/1): onSignalStrengthsChanged signalStrength=SignalStrength: 99 99 -120 -160 -120 -1 -1 20 -99 -8 146 -1 2147483647 0x5000 gsm|lte level=5
05-06 16:59:31.488  2592  2933 D NetworkController.MobileSignalController(0/1): getMobileIconGroup(): 13
05-06 16:59:31.488  2592  2933 D NetworkController.MobileSignalController(0/1): updateTMOMobileIconGroup(): 13
05-06 16:59:33.138  1397  2531 D BatteryService: !@BatteryListener : batteryPropertiesChanged!
05-06 16:59:33.138  1397  2531 D BatteryService: level:100, scale:100, status:5, health:2, present:true, voltage: 4353, temperature: 280, technology: Li-ion, AC powered:false, USB powered:true, POGO powered:false, Wireless powered:false, icon:17303418, invalid charger:0, maxChargingCurrent:0
05-06 16:59:33.138  1397  2531 D BatteryService: online:4, current avg:164, charge type:1, power sharing:false, high voltage charger:false, capacity:280000, batterySWSelfDischarging:false, current_now:167
05-06 16:59:33.138  1397  1397 D BatteryService: Sending ACTION_BATTERY_CHANGED.
05-06 16:59:33.148  1397  1397 I MotionRecognitionService: Plugged
05-06 16:59:33.148  1397  1397 D MotionRecognitionService:   cableConnection= 1
05-06 16:59:33.148  1397  1397 D MotionRecognitionService: setPowerConnected | current backoffstate  = 1024 , state =1024
05-06 16:59:33.148  1397  1397 D MotionRecognitionService: skip setTransmitPower. 
05-06 16:59:33.148  1397  1397 I Tethering: BATTERY_CHANGED, level = 100lowBatteryThreshold = 15
05-06 16:59:33.158  1397  2388 D WifiController: ApOrStaEnabledState  msg.what= 155652
05-06 16:59:33.158  2592  2592 D KeyguardUpdateMonitor: received broadcast android.intent.action.BATTERY_CHANGED
05-06 16:59:33.158  2592  2592 D KeyguardUpdateMonitor: handleBatteryUpdate
05-06 16:59:33.158  2592  2592 D PowerUI : priorPlugType = 2 mPlugType =  2
05-06 16:59:33.158  2613  2613 D BatteryMonitor: new battery level: 100
05-06 16:59:33.168  2592  2592 D BatteryMeterView: ACTION_BATTERY_CHANGED : level:100 status:5 health:2
05-06 16:59:33.168 11623 11623 V HeadsetService: HeadsetService - Received Intent.ACTION_BATTERY_CHANGED
05-06 16:59:33.168 11623 12758 D HeadsetStateMachine: Disconnected process message: 10, size: 0
05-06 16:59:33.188  2592  2592 D BatteryMeterView: ACTION_BATTERY_CHANGED : level:100 status:5 health:2
05-06 16:59:33.228  1397  3343 I ActivityManager: Killing 846:com.sec.android.provider.badge/u0a4 (adj 15): DHA:empty #33
05-06 16:59:33.248  1397  2531 D ActivityManager: isAutoRunBlockedApp:: com.sec.android.provider.badge, Auto Run ON
05-06 16:59:34.048  2984  2984 D WfcPhoneStateListener: onSignalStrengthsChanged(): signal strength did not change
05-06 16:59:34.048  2592  2933 D NetworkController.MobileSignalController(0/1): onSignalStrengthsChanged signalStrength=SignalStrength: 99 99 -120 -160 -120 -1 -1 20 -99 -8 172 -1 2147483647 0x5000 gsm|lte level=5
05-06 16:59:34.048  2592  2933 D NetworkController.MobileSignalController(0/1): getMobileIconGroup(): 13
05-06 16:59:34.048  2592  2933 D NetworkController.MobileSignalController(0/1): updateTMOMobileIconGroup(): 13
05-06 16:59:35.338  2984  2984 D WfcPhoneStateListener: onSignalStrengthsChanged(): signal strength did not change
05-06 16:59:35.338  2592  2933 D NetworkController.MobileSignalController(0/1): onSignalStrengthsChanged signalStrength=SignalStrength: 99 99 -120 -160 -120 -1 -1 20 -99 -8 110 -1 2147483647 0x5000 gsm|lte level=5
05-06 16:59:35.338  2592  2933 D NetworkController.MobileSignalController(0/1): getMobileIconGroup(): 13
05-06 16:59:35.338  2592  2933 D NetworkController.MobileSignalController(0/1): updateTMOMobileIconGroup(): 13
05-06 16:59:36.118  1397  5400 D SSRM:n  : SIOP:: AP = 300, PST = 318 (W:14), CP = 31, CUR = 164, LCD = 56
05-06 16:59:36.608  2592  2933 D NetworkController.MobileSignalController(0/1): onSignalStrengthsChanged signalStrength=SignalStrength: 99 99 -120 -160 -120 -1 -1 20 -99 -8 136 -1 2147483647 0x5000 gsm|lte level=5
05-06 16:59:36.608  2592  2933 D NetworkController.MobileSignalController(0/1): getMobileIconGroup(): 13
05-06 16:59:36.608  2592  2933 D NetworkController.MobileSignalController(0/1): updateTMOMobileIconGroup(): 13
05-06 16:59:36.608  2984  2984 D WfcPhoneStateListener: onSignalStrengthsChanged(): signal strength did not change
05-06 16:59:39.188  2592  2933 D NetworkController.MobileSignalController(0/1): onSignalStrengthsChanged signalStrength=SignalStrength: 99 99 -120 -160 -120 -1 -1 21 -98 -8 132 -1 2147483647 0x5000 gsm|lte level=5
05-06 16:59:39.188  2592  2933 D NetworkController.MobileSignalController(0/1): getMobileIconGroup(): 13
05-06 16:59:39.188  2592  2933 D NetworkController.MobileSignalController(0/1): updateTMOMobileIconGroup(): 13
05-06 16:59:39.188  2984  2984 D WfcPhoneStateListener: onSignalStrengthsChanged(): signal strength did not change
05-06 16:59:41.728  2984  2984 D WfcPhoneStateListener: onSignalStrengthsChanged(): signal strength did not change
05-06 16:59:41.738  2592  2933 D NetworkController.MobileSignalController(0/1): onSignalStrengthsChanged signalStrength=SignalStrength: 99 99 -120 -160 -120 -1 -1 20 -98 -8 112 -1 2147483647 0x5000 gsm|lte level=5
05-06 16:59:41.738  2592  2933 D NetworkController.MobileSignalController(0/1): getMobileIconGroup(): 13
05-06 16:59:41.738  2592  2933 D NetworkController.MobileSignalController(0/1): updateTMOMobileIconGroup(): 13
05-06 16:59:43.008  2984  2984 D WfcPhoneStateListener: onSignalStrengthsChanged(): signal strength did not change
05-06 16:59:43.018  2592  2933 D NetworkController.MobileSignalController(0/1): onSignalStrengthsChanged signalStrength=SignalStrength: 99 99 -120 -160 -120 -1 -1 19 -98 -8 122 -1 2147483647 0x5000 gsm|lte level=5
05-06 16:59:43.018  2592  2933 D NetworkController.MobileSignalController(0/1): getMobileIconGroup(): 13
05-06 16:59:43.018  2592  2933 D NetworkController.MobileSignalController(0/1): updateTMOMobileIconGroup(): 13
05-06 16:59:43.408  1397  3343 D BatteryService: !@BatteryListener : batteryPropertiesChanged!
05-06 16:59:43.408  1397  3343 D BatteryService: level:100, scale:100, status:5, health:2, present:true, voltage: 4352, temperature: 280, technology: Li-ion, AC powered:false, USB powered:true, POGO powered:false, Wireless powered:false, icon:17303418, invalid charger:0, maxChargingCurrent:0
05-06 16:59:43.408  1397  3343 D BatteryService: online:4, current avg:162, charge type:1, power sharing:false, high voltage charger:false, capacity:280000, batterySWSelfDischarging:false, current_now:186
05-06 16:59:43.408  1397  1397 D BatteryService: Sending ACTION_BATTERY_CHANGED.
05-06 16:59:43.418  1397  1397 I MotionRecognitionService: Plugged
05-06 16:59:43.418  1397  1397 D MotionRecognitionService:   cableConnection= 1
05-06 16:59:43.418  1397  1397 D MotionRecognitionService: setPowerConnected | current backoffstate  = 1024 , state =1024
05-06 16:59:43.418  1397  1397 D MotionRecognitionService: skip setTransmitPower. 
05-06 16:59:43.418  1397  1397 I Tethering: BATTERY_CHANGED, level = 100lowBatteryThreshold = 15
05-06 16:59:43.418  1397  2388 D WifiController: ApOrStaEnabledState  msg.what= 155652
05-06 16:59:43.418  2592  2592 D KeyguardUpdateMonitor: received broadcast android.intent.action.BATTERY_CHANGED
05-06 16:59:43.418  2592  2592 D KeyguardUpdateMonitor: handleBatteryUpdate
05-06 16:59:43.418  2592  2592 D PowerUI : priorPlugType = 2 mPlugType =  2
05-06 16:59:43.428  2613  2613 D BatteryMonitor: new battery level: 100
