05-06 16:58:45.228  1397  1466 W ResourcesManager: getTopLevelResources: /system/priv-app/SecGallery2015/SecGallery2015.apk / 1.0 running in null rsrc of package com.sec.android.gallery3d
05-06 16:58:45.228  1278  1278 D AndroidRuntime: readGMSProperty: start
05-06 16:58:45.228  1278  1278 D AndroidRuntime: readGMSProperty: already setted!!
05-06 16:58:45.228  1278  1278 D AndroidRuntime: propertySet: couldn't set property (it is from app)
05-06 16:58:45.228  1278  1278 D AndroidRuntime: readGMSProperty: could not set the property(default)!!
05-06 16:58:45.228  1278  1278 D AndroidRuntime: propertySet: couldn't set property (it is from app)
05-06 16:58:45.228  1278  1278 D AndroidRuntime: propertySet: couldn't set property (it is from app)
05-06 16:58:45.228  1278  1278 D AndroidRuntime: propertySet: couldn't set property (it is from app)
05-06 16:58:45.228  1278  1278 D AndroidRuntime: propertySet: couldn't set property (it is from app)
05-06 16:58:45.228  1278  1278 D AndroidRuntime: readGMSProperty: end
05-06 16:58:45.228  1278  1278 D AndroidRuntime: addProductProperty: start
05-06 16:58:45.228  1397  1466 W ResourcesManager: getTopLevelResources: /system/priv-app/SecGallery2015/SecGallery2015.apk / 1.0 running in null rsrc of package com.sec.android.gallery3d
05-06 16:58:45.228  1397  1466 W ResourcesManager: getTopLevelResources: /system/priv-app/SecMms_Epic_Common/SecMms_Epic_Common.apk / 1.0 running in null rsrc of package com.android.mms
05-06 16:58:45.228  1296  1296 D SettingsValueDB:main:  : VSP:: match for uri : content://com.samsung.voiceserviceplatform.database.SettingsValueDB/SettingsvalueTb is : -1
05-06 16:58:45.228  1296  1296 D SettingsValueDB:main:  : VSP::URI didnt match
05-06 16:58:45.228  1397  1466 W ResourcesManager: getTopLevelResources: /system/app/ClockPackage_M/ClockPackage_M.apk / 1.0 running in null rsrc of package com.sec.android.app.clockpackage
05-06 16:58:45.228  1397  1466 D ResourcesManager: For user 0 new overlays fetched [/data/overlays/style/com.cambunch.MaterialDark/com.cambunch.MaterialDark.touchwiz.apk, /data/overlays/style/com.cambunch.MaterialDark/com.cambunch.MaterialDark.clockpackage.apk, /data/overlays/style/com.cambunch.MaterialDark/com.cambunch.MaterialDark.common.apk]
05-06 16:58:45.228  1397  1466 W ResourcesManager: getTopLevelResources: /system/app/ClockPackage_M/ClockPackage_M.apk / 1.0 running in null rsrc of package com.sec.android.app.clockpackage
05-06 16:58:45.228  1296  1296 D SettingsValueDB:main:  : VSP:: match for uri : content://com.samsung.voiceserviceplatform.database.SettingsValueDB/language is : 3
05-06 16:58:45.238  1397  1466 W ResourcesManager: getTopLevelResources: /system/app/ClockPackage_M/ClockPackage_M.apk / 1.0 running in null rsrc of package com.sec.android.app.clockpackage
05-06 16:58:45.238  1296  1296 D SettingsValueDB:main:  : VSP::lang from content values is  en_US
05-06 16:58:45.238  1296  1296 I skwskw:main:  : VSP::############################122 value : en_US
05-06 16:58:45.238  1397  1466 W ResourcesManager: getTopLevelResources: /system/app/QuickConnect_40/QuickConnect_40.apk / 1.0 running in null rsrc of package com.samsung.android.qconnect
05-06 16:58:45.238  1296  1296 I skwskw:main:  : VSP::############################123 value : en_US
05-06 16:58:45.238  1296  1296 I N66_CommonHandler:main:  : VSP:: rowUpdated : 1
05-06 16:58:45.238  1397  1466 D ResourcesManager: For user 0 new overlays fetched Null
05-06 16:58:45.238  1296  1296 D SVFSettings: updateServerBasedOnLang() connect to server US_PROD2_SERVER_HOST_IP
05-06 16:58:45.238  1296  1296 D o       : :main:VSP::setTargetServerAddress() : interaction-us2.samsung-svoice.com
05-06 16:58:45.238  1397  1466 W ResourcesManager: getTopLevelResources: /system/app/QuickConnect_40/QuickConnect_40.apk / 1.0 running in null rsrc of package com.samsung.android.qconnect
05-06 16:58:45.238  1296  1296 D o       : :main:VSP::setTargetServerPort() : 443
05-06 16:58:45.238  1397  1466 W ResourcesManager: getTopLevelResources: /system/app/SPlanner_M/SPlanner_M.apk / 1.0 running in null rsrc of package com.android.calendar
05-06 16:58:45.238  1397  1466 W ResourcesManager: getTopLevelResources: /system/app/SecMemo3/SecMemo3.apk / 1.0 running in null rsrc of package com.samsung.android.app.memo
05-06 16:58:45.238  1397  1466 W ResourcesManager: getTopLevelResources: /system/app/SecMemo3/SecMemo3.apk / 1.0 running in null rsrc of package com.samsung.android.app.memo
05-06 16:58:45.238 10583 13108 D LauncherApps: getActivityList callingUid: 0 user: 0
05-06 16:58:45.248 10583 13108 W ResourcesManager: getTopLevelResources: /data/app/plv.colorado.edu.callinsbenchmark-1/base.apk / 1.0 running in com.google.android.googlequicksearchbox rsrc of package plv.colorado.edu.callinsbenchmark
05-06 16:58:45.248 10583 13108 D ResourcesManager: For user 0 new overlays fetched Null
05-06 16:58:45.248 10583 13108 W ResourcesManager: getTopLevelResources: /data/app/plv.colorado.edu.callinsbenchmark-1/base.apk / 1.0 running in com.google.android.googlequicksearchbox rsrc of package plv.colorado.edu.callinsbenchmark
05-06 16:58:45.258  1278  1278 D ICU     : No timezone override file found: /data/misc/zoneinfo/current/icu/icu_tzdata.dat
05-06 16:58:45.258  1397  5413 I System.out: Category Thread calls detatch()
05-06 16:58:45.268  1296  1296 W ResourcesManager: getTopLevelResources: /system/app/SamsungTTS/SamsungTTS.apk / 1.0 running in com.samsung.voiceserviceplatform rsrc of package com.samsung.SMT
05-06 16:58:45.268  1296  1296 D ResourcesManager: For user 0 new overlays fetched [/data/overlays/style/com.cambunch.MaterialDark/com.cambunch.MaterialDark.touchwiz.apk, /data/overlays/style/com.cambunch.MaterialDark/com.cambunch.MaterialDark.SMT.apk, /data/overlays/style/com.cambunch.MaterialDark/com.cambunch.MaterialDark.common.apk]
05-06 16:58:45.278 10583 13108 D LauncherApps: getActivityList callingUid: 0 user: 0
05-06 16:58:45.278  1296  1296 W ResourcesManager: getTopLevelResources: /data/app/com.google.android.tts-1/base.apk / 1.0 running in com.samsung.voiceserviceplatform rsrc of package com.google.android.tts
05-06 16:58:45.278  1397  1415 D RestrictionPolicy: userId: 0, isMicrophoneEnabledAsUser : true
05-06 16:58:45.278  1296  1296 D ResourcesManager: For user 0 new overlays fetched Null
05-06 16:58:45.278  1397  3317 D RestrictionPolicy: userId: 0, isMicrophoneEnabledAsUser : true
05-06 16:58:45.278  1397  3355 D RestrictionPolicy: userId: 0, isMicrophoneEnabledAsUser : true
05-06 16:58:45.278  1397  2697 D RestrictionPolicy: userId: 0, isMicrophoneEnabledAsUser : true
05-06 16:58:45.288  1397  2648 D RestrictionPolicy: userId: 0, isMicrophoneEnabledAsUser : true
05-06 16:58:45.288  1397  3321 D RestrictionPolicy: userId: 0, isMicrophoneEnabledAsUser : true
05-06 16:58:45.288  1278  1278 I Radio-JNI: register_android_hardware_Radio DONE
05-06 16:58:45.298  1278  1278 E AffinityControl: AffinityControl: registerfunction enter
05-06 16:58:45.298  1341  1341 E Zygote  : v2
05-06 16:58:45.298  1341  1341 I libpersona: KNOX_SDCARD checking this for 1000
05-06 16:58:45.298  1341  1341 I libpersona: KNOX_SDCARD not a persona
05-06 16:58:45.298  1341  1341 W SELinux : Function: selinux_compare_spd_ram, index[1], priority [2], priority version is VE=SEPF_SECMOBILE_6.0.1_0010
05-06 16:58:45.298  1397  1416 I ActivityManager: Start proc 1341:com.samsung.SMT/1000 for service com.samsung.SMT/.SamsungTTSService
05-06 16:58:45.298  1341  1341 E Zygote  : accessInfo : 0
05-06 16:58:45.298  1296  1296 I TextToSpeech: Sucessfully bound to com.samsung.SMT
05-06 16:58:45.298  1296  1296 D Test    : Creating TTS instance!
05-06 16:58:45.298  1296  1296 D SVClient:main:  : VSP::Creating new object for SVClient!
05-06 16:58:45.298  1296  1296 D SVClient:main:  : VSP::SVClient initialization with applicationContext : com.samsung.voiceserviceplatform.VoiceServicePlatformApp@73c57c2
05-06 16:58:45.308  1278  1278 D AndroidRuntime: Calling main entry com.android.commands.am.Am
05-06 16:58:45.308  1296  1296 I SamsungHTTPClient:main:  : VSP::MY THREAD ID UI : 1
05-06 16:58:45.318  1315  1332 D PLMProvider: match for uri : content://com.samsung.svoice.sync/device_id is : 1
05-06 16:58:45.318  1315  1332 D PLMDeviceInfo: Binder_2 : PLM ::Device Id generation is complete
05-06 16:58:45.328  1296  1296 I svoiceapi_jar: RELEASE_DATE 2016 Feb 02
05-06 16:58:45.328  1296  1296 I svoiceapi_jar: RELEASE_VER  0.99_22_TCP_Prepare2_TTS
05-06 16:58:45.328  1296  1296 I svoiceapi_jar: Loading svoice dll
05-06 16:58:45.328  1341  1341 D TimaKeyStoreProvider: TimaSignature is unavailable
05-06 16:58:45.328  1341  1341 D ActivityThread: Added TimaKeyStore provider
Starting: Intent { cmp=plv.colorado.edu.callinsbenchmark/.CallinsBenchmark VirtualScreenParam=Params{mDisplayId=-1, null, mFlags=0x00000000)} }
05-06 16:58:45.338  1296  1296 I svoiceapi_jar: Loading success
05-06 16:58:45.338  1397  2764 I ActivityManager: Force stopping plv.colorado.edu.callinsbenchmark appid=10293 user=-1: set debug app
05-06 16:58:45.338  1296  1296 I svoiceapi: SVoiceSession Release Date : 2016 Jan 14
05-06 16:58:45.338  1296  1296 I svoiceapi: Library Ver : 0.99_20_TCP_Prepare2_TTS
05-06 16:58:45.338  1296  1296 I svoiceapi: SVoiceSession::SVoiceSession, Default loglevel = 5
05-06 16:58:45.338  1296  1296 I svoiceapi: create handle : -197360128
05-06 16:58:45.348  1296  1296 I svoiceapi: Sentinel registered : -189642480
05-06 16:58:45.348  1296  1296 I svoiceapi: SVoiceSession::Enable logs, loglevel = 4
05-06 16:58:45.348  1296  1296 I sessionThread:main:  : VSP::LOG_LEVEL is set as 4
05-06 16:58:45.348  1341  1341 W ResourcesManager: getTopLevelResources: /system/app/SamsungTTS/SamsungTTS.apk / 1.0 running in com.samsung.SMT rsrc of package com.samsung.SMT
05-06 16:58:45.348  1397  2764 D VirtualScreenPolicy: applyVirtualScreenAttrs attrs=VirtualScreenAttrs{mDisplayId=0, mBaseDisplayId=0, mBaseActivity=false}
05-06 16:58:45.348  1397  2764 W ResourcesManager: getTopLevelResources: /data/app/plv.colorado.edu.callinsbenchmark-1/base.apk / 1.0 running in null rsrc of package plv.colorado.edu.callinsbenchmark
05-06 16:58:45.348  1397  2764 D ResourcesManager: For user 0 new overlays fetched Null
05-06 16:58:45.348  1397  2764 D GameManagerService: identifyGamePackage. plv.colorado.edu.callinsbenchmark
05-06 16:58:45.348  1397  2764 D MultiWindowPolicy: Gamemode - return 0,  when calling  identifyForegroundApp(plv.colorado.edu.callinsbenchmark)
05-06 16:58:45.348  1397  1416 I InjectionManagerService -AppFeature: getCoreFeaturePkgList :[]
05-06 16:58:45.348  1397  2764 D CustomFrequencyManagerService: acquireDVFSLockLocked : type : DVFS_MIN_LIMIT  frequency : 1555200  uid : 1000  pid : 1397  pkgName : ACTIVITY_RESUME_BOOSTER@15
05-06 16:58:45.348  1296  1296 D ClientSDKManager : initNLUResponseList
05-06 16:58:45.348  1296  1296 D InjectionManager: InjectionManager
05-06 16:58:45.348  1296  1296 D InjectionManager: fillFeatureStoreMap com.samsung.voiceserviceplatform
05-06 16:58:45.348  1341  1341 I InjectionManager: Inside getClassLibPath + mLibMap{0=, 1=}
05-06 16:58:45.348  1296  1362 I sessionThread: DEBUG : SDK : Session Thread run got called : 
05-06 16:58:45.348  1296  1362 I sessionThread:SessionThread:  : VSP::Inside processTask while loop; task is empty so sleeping : 
05-06 16:58:45.348  1296  1296 I InjectionManager: Constructor com.samsung.voiceserviceplatform, Feature store :{}
05-06 16:58:45.348  1296  1296 I InjectionManager: featureStore :{}
05-06 16:58:45.348  1296  1296 I SV_TTSPlayer: inside TTSDownloadReceiver
05-06 16:58:45.348  1341  1341 D ResourcesManager: For user 0 new overlays fetched [/data/overlays/style/com.cambunch.MaterialDark/com.cambunch.MaterialDark.touchwiz.apk, /data/overlays/style/com.cambunch.MaterialDark/com.cambunch.MaterialDark.SMT.apk, /data/overlays/style/com.cambunch.MaterialDark/com.cambunch.MaterialDark.common.apk]
05-06 16:58:45.358  1397  2764 D ActivityManager: mDVFSHelper.acquire()
05-06 16:58:45.358  1397  2764 D FocusedStackFrame: Set to : 0
05-06 16:58:45.358  1397  2764 V WindowManager: addAppToken: AppWindowToken{d09cac37f token=Token{3b35c9e ActivityRecord{a6e3ad9 u0 plv.colorado.edu.callinsbenchmark/.CallinsBenchmark t372}}} to stack=1 task=372 at 0
05-06 16:58:45.358  1397  1498 D SecWifiDisplayUtil: Metadata value : SecSettings2
05-06 16:58:45.358  1397  1498 D ViewRootImpl: #1 mView = com.android.internal.policy.PhoneWindow$DecorView{eeb6c11 V.E...... R.....ID 0,0-0,0}
05-06 16:58:45.358  1341  1341 I InjectionManager: Inside getClassLibPath caller 
05-06 16:58:45.358  1397  1498 D ISSUE_DEBUG: InputChannelName : 62fa377 Starting plv.colorado.edu.callinsbenchmark
05-06 16:58:45.368  1341  1341 W System  : ClassLoader referenced unknown path: /system/app/SamsungTTS/lib/arm64
05-06 16:58:45.368  1341  1341 D InjectionManager: InjectionManager
05-06 16:58:45.368  1341  1341 D InjectionManager: fillFeatureStoreMap com.samsung.SMT
05-06 16:58:45.368  1341  1341 I InjectionManager: Constructor com.samsung.SMT, Feature store :{}
05-06 16:58:45.368  1341  1341 I InjectionManager: featureStore :{}
05-06 16:58:45.368  1397  2764 D InputDispatcher: Focused application set to: xxxx
05-06 16:58:45.368  1397  2764 D InputDispatcher: Focus left window: 10583
05-06 16:58:45.368   649   649 I SurfaceFlinger: id=4884 createSurf (1x1),1 flag=404, dallinsbenc
05-06 16:58:45.368  1278  1278 D AndroidRuntime: Shutting down VM
05-06 16:58:45.378  1397  3209 V BroadcastQueue: [background] Process cur broadcast BroadcastRecord{ec9310f u0 android.intent.action.PACKAGE_ADDED qIdx=4}, state= (APP_RECEIVE) DELIVERED for app ProcessRecord{a294a57 2549:android.process.acore/u0a5}
05-06 16:58:45.378  1296  1296 I VoiceFrameworkService:main:  : VSP::Oncreate() of Service
05-06 16:58:45.378  1296  1296 I VoiceFrameworkServiceHandler:main:  : VSP::VoiceFrameworkServiceHandler() Start
05-06 16:58:45.388  1296  1296 I VoiceFrameworkServiceHandler:main:  : VSP::MyHandlerThread
05-06 16:58:45.388  1296  1296 I VoiceFrameworkServiceHandler:main:  : VSP::VoiceFrameworkServiceHandler() end
05-06 16:58:45.388  1296  1296 D VoiceFrameworkService:main:  : VSP::Nagalat checkMPermissions
05-06 16:58:45.388  1296  1365 I VoiceFrameworkServiceHandler:VoiceFrameworkServiceHandler MyHandlerThread:  : VSP::MyHandlerThread run
05-06 16:58:45.388  1397  1498 D PointerIcon: setMouseIconStyle1 pointerType: 1001 iconType:101 flag:0 pid:1397 uid:1000
05-06 16:58:45.388  1397  1498 D PointerIcon: setMouseCustomIcon IconType is same.101
05-06 16:58:45.388  1397  1498 D ViewRootImpl: MSG_RESIZED_REPORT: ci=Rect(0, 96 - 0, 0) vi=Rect(0, 96 - 0, 0) or=1
05-06 16:58:45.388  4481  4512 W SearchService: Abort, client detached.
05-06 16:58:45.398  1397  2649 D RestrictionPolicy: userId: 0, isMicrophoneEnabledAsUser : true
05-06 16:58:45.398  1397  3322 D RestrictionPolicy: userId: 0, isMicrophoneEnabledAsUser : true
05-06 16:58:45.398  1397  2648 D RestrictionPolicy: userId: 0, isMicrophoneEnabledAsUser : true
05-06 16:58:45.398  1397  3321 D RestrictionPolicy: userId: 0, isMicrophoneEnabledAsUser : true
05-06 16:58:45.398  1397  1416 D RestrictionPolicy: userId: 0, isMicrophoneEnabledAsUser : true
05-06 16:58:45.398  1397  2531 D RestrictionPolicy: userId: 0, isMicrophoneEnabledAsUser : true
05-06 16:58:45.418  1397  1498 V WindowStateAnimator: Finishing drawing window Window{62fa377 u0 d0 Starting plv.colorado.edu.callinsbenchmark}: mDrawState=DRAW_PENDING
05-06 16:58:45.418   649   649 D libEGL  : eglInitialize EGLDisplay = 0x7fda953ba8
05-06 16:58:45.438  1296  1296 D VoiceFrameworkService:main:  : VSP::checkMPermissions all permission not granted
05-06 16:58:45.448  1397  3209 V BroadcastQueue: [background] Process cur broadcast BroadcastRecord{ec9310f u0 android.intent.action.PACKAGE_ADDED qIdx=4}, state= (APP_RECEIVE) DELIVERED for app ProcessRecord{9b3a82 22132:com.android.settings/1000}
05-06 16:58:45.448  4481   622 I DeviceStateChecker: DeviceStateChecker cancelled
05-06 16:58:45.448  4481  4481 I MicroDetector: Keeping mic open: false
05-06 16:58:45.448  4481  4481 I MicrophoneInputStream: mic_close com.google.android.apps.gsa.speech.audio.ah@541df22
05-06 16:58:45.448  1296  1296 D VoiceFrameworkService:main:  : VSP::onStartCommand
05-06 16:58:45.448  1296  1296 D VoiceFrameworkService:main:  : VSP::Nagalat checkMPermissions
05-06 16:58:45.448  4481 32363 E AudioRecord-JNI: Error -4 during AudioRecord native read
05-06 16:58:45.448  1296  1296 D VoiceFrameworkService:main:  : VSP::checkMPermissions all permission not granted
05-06 16:58:45.458  1370  1370 E Zygote  : v2
05-06 16:58:45.458  1370  1370 I libpersona: KNOX_SDCARD checking this for 10293
05-06 16:58:45.458  1370  1370 I libpersona: KNOX_SDCARD not a persona
05-06 16:58:45.458  1397  3343 I ActivityManager: Start proc 1370:plv.colorado.edu.callinsbenchmark/u0a293 for activity plv.colorado.edu.callinsbenchmark/.CallinsBenchmark
05-06 16:58:45.458  1370  1370 W SELinux : Function: selinux_compare_spd_ram, index[1], priority [2], priority version is VE=SEPF_SECMOBILE_6.0.1_0010
05-06 16:58:45.458  1370  1370 E Zygote  : accessInfo : 0
05-06 16:58:45.458  1370  1370 W SELinux : SELinux: seapp_context_lookup: seinfo=default, level=s0:c512,c768, pkgname=plv.colorado.edu.callinsbenchmark 
05-06 16:58:45.458  1370  1370 I art     : Late-enabling -Xcheck:jni
05-06 16:58:45.468  1397  3209 V BroadcastQueue: [background] Process cur broadcast BroadcastRecord{ec9310f u0 android.intent.action.PACKAGE_ADDED qIdx=4}, state= (APP_RECEIVE) DELIVERED for app ProcessRecord{9b3a82 22132:com.android.settings/1000}
05-06 16:58:45.478  1315  1331 D PLMProvider: match for uri : content://com.samsung.svoice.sync/tos_accepted is : 8
05-06 16:58:45.478  1397  2632 V BroadcastQueue: [background] Process cur broadcast BroadcastRecord{ec9310f u0 android.intent.action.PACKAGE_ADDED qIdx=4}, state= (APP_RECEIVE) DELIVERED for app ProcessRecord{9b3a82 22132:com.android.settings/1000}
05-06 16:58:45.478 22132 22132 I DataWarningReceiver: DataWarningReceiver
05-06 16:58:45.498  1397  2632 V BroadcastQueue: [background] Process cur broadcast BroadcastRecord{ec9310f u0 android.intent.action.PACKAGE_ADDED qIdx=4}, state= (APP_RECEIVE) DELIVERED for app ProcessRecord{2f8d6dd 812:com.samsung.android.provider.shootingmodeprovider/u0a61}
05-06 16:58:45.498  1370  1370 D TimaKeyStoreProvider: TimaSignature is unavailable
05-06 16:58:45.498  1370  1370 D ActivityThread: Added TimaKeyStore provider
05-06 16:58:45.498  1296  1296 D VoiceFrameworkService:main:  : VSP::onDestroy
05-06 16:58:45.498  1296  1296 I RecognitionManager:main:  : VSP::created RecognitionManager
05-06 16:58:45.498  1296  1296 I SV_SpeechDetector:main:  : VSP:: getInstance
05-06 16:58:45.498  1296  1296 I SV_SpeechDetector:main:  : VSP:: Constructor
05-06 16:58:45.498  1397  2697 V BroadcastQueue: [background] Process cur broadcast BroadcastRecord{ec9310f u0 android.intent.action.PACKAGE_ADDED qIdx=4}, state= (APP_RECEIVE) DELIVERED for app ProcessRecord{1328364 29860:com.samsung.android.sm.provider/1000}
05-06 16:58:45.498  1296  1296 D VoiceEngineControl: initializeVoiceEngine
05-06 16:58:45.508  1296  1296 E VoiceEngineWrapper: getInstance() : make new VoiceEngine
05-06 16:58:45.508  1296  1296 I VoiceEngine: version : 2.5.06.vsg
05-06 16:58:45.508  1296  1296 E VoiceEngine: Trying to load libVSGpreProcessingEngine.so
05-06 16:58:45.508  1397  2649 V WindowOrientationListener: setCurrentAppOrientation :-1
05-06 16:58:45.508  1397  2649 V WindowOrientationListener: OrientationSensorJudge.getProposedRotation, Rotation: -1
05-06 16:58:45.508  1397  2649 V WindowManager: rotationForOrientationLw(orient=-1, last=0); user=0  sensorRotation=-1 mLidState=-1 mDockMode=0 mHdmiPlugged=false mMobileKeyboardEnabled=false displayId=0
05-06 16:58:45.508  1397  2649 V WindowOrientationListener: OrientationSensorJudge.getProposedRotation, Rotation: -1
05-06 16:58:45.508  1397  2649 D ActivityManager:  Launching plv.colorado.edu.callinsbenchmark, updated priority
05-06 16:58:45.508  1296  1296 E VoiceEngine: WARNING: java.lang.UnsatisfiedLinkError: dalvik.system.PathClassLoader[DexPathList[[zip file "/system/framework/android.test.runner.jar", zip file "/system/priv-app/SVoice_1.0/SVoice_1.0.apk"],nativeLibraryDirectories=[/system/priv-app/SVoice_1.0/lib/arm, /system/priv-app/SVoice_1.0/SVoice_1.0.apk!/lib/armeabi, /vendor/lib, /system/lib]]] couldn't find "libVSGpreProcessingEngine.so"
05-06 16:58:45.508  1397  1397 D GameManagerService: NotifyRunnable. pkg: plv.colorado.edu.callinsbenchmark, type: 4, isMinimized: false, isTunableApp: false
05-06 16:58:45.508  1296  1296 D VoiceEngineControl: Initialize
05-06 16:58:45.508  1296  1296 E SV_SpeechDetector:main:  : VSP::There is error to initialize VoiceEngineControl
05-06 16:58:45.508  1296  1296 D MultiMicControl: initializeMultiMicNS
05-06 16:58:45.508  1296  1296 E MultiMicNSWrapper: getInstance() : make new MultiMicNS
05-06 16:58:45.518  1296  1296 E MultiMicNS: Trying to load libDMC_MultiMic.so
05-06 16:58:45.518  1296  1296 E MultiMicNS: WARNING: Could not load libDMC_MultiMic.so dalvik.system.PathClassLoader[DexPathList[[zip file "/system/framework/android.test.runner.jar", zip file "/system/priv-app/SVoice_1.0/SVoice_1.0.apk"],nativeLibraryDirectories=[/system/priv-app/SVoice_1.0/lib/arm, /system/priv-app/SVoice_1.0/SVoice_1.0.apk!/lib/armeabi, /vendor/lib, /system/lib]]] couldn't find "libDMC_MultiMic.so"
05-06 16:58:45.518  1296  1296 I RecognitionManager:main:  : VSP::unregisterRecognitionEngine
05-06 16:58:45.518  1296  1296 I RecognitionManager:main:  : VSP::unregisterRecognitionEngine
05-06 16:58:45.518  1296  1296 I RecognitionManager:main:  : VSP::unregisterRecognitionEngine
05-06 16:58:45.518  1296  1296 I RecognitionManager:main:  : VSP::destroy
05-06 16:58:45.518  1296  1296 I Recorder:main:  : VSP::release
05-06 16:58:45.518  1296  1296 I Recorder:main:  : VSP::setState
05-06 16:58:45.518  1296  1296 I EmbeddedFrameworkManager:main:  : VSP::destroy
05-06 16:58:45.518  1296  1296 I VoiceFrameworkServiceHandler:main:  : VSP::onDestroy
05-06 16:58:45.518   649   688 D libEGL  : eglTerminate EGLDisplay = 0x7f9e63eea8
05-06 16:58:45.528  1397  1468 V MARsPolicyManager: updatePackagesScore PackageInfo name -- plv.colorado.edu.callinsbenchmark
05-06 16:58:45.518   649   688 D libEGL  : eglTerminate EGLDisplay = 0x7f9e63eea8
05-06 16:58:45.528   938 23434 I APM::AudioPolicyManager: stopInput() input 2974
05-06 16:58:45.528   938   631 D audio_hw_primary: in_set_parameters: enter: kvpairs=routing=0
05-06 16:58:45.528   938   631 I samsungRecord: [samsungrecord] MicCalonoff 1
05-06 16:58:45.528   938   631 V audio_hw_primary: in_set_parameters: exit: status(0)
05-06 16:58:45.528   938   631 D audio_hw_primary: in_standby: enter: stream (0xed4f7000) usecase(16: audio-record)
05-06 16:58:45.528  1370  1370 W ResourcesManager: getTopLevelResources: /data/app/plv.colorado.edu.callinsbenchmark-1/base.apk / 1.0 running in plv.colorado.edu.callinsbenchmark rsrc of package plv.colorado.edu.callinsbenchmark
05-06 16:58:45.538  1397  2697 I InjectionManagerService -AppFeature: getCoreFeaturePkgList :[]
05-06 16:58:45.538  1370  1370 I InjectionManager: Inside getClassLibPath + mLibMap{0=, 1=}
05-06 16:58:45.538  1397  1416 V BroadcastQueue: [background] Process cur broadcast BroadcastRecord{ec9310f u0 android.intent.action.PACKAGE_ADDED qIdx=4}, state= (APP_RECEIVE) DELIVERED for app ProcessRecord{561f970 494:com.samsung.android.sm.devicesecurity/5012}
05-06 16:58:45.538  1370  1370 D ResourcesManager: For user 0 new overlays fetched Null
05-06 16:58:45.538  1370  1370 W ActivityThread: Application plv.colorado.edu.callinsbenchmark is waiting for the debugger on port 8100...
05-06 16:58:45.538  2663  2663 V CenterBarWindowService: noteResumeComponent  /arrangeState : 0
05-06 16:58:45.548  1341  1341 W ContextImpl: Calling a method in the system process without a qualified user: android.app.ContextImpl.sendBroadcast:830 android.content.ContextWrapper.sendBroadcast:410 com.samsung.SMT.b.i.a:-1 com.samsung.SMT.SamsungTTSService.onCreate:-1 android.app.ActivityThread.handleCreateService:3807 
05-06 16:58:45.548  1370  1370 I System.out: Sending WAIT chunk
05-06 16:58:45.548  1397  1416 I ActivityManager: Killing 32699:com.samsung.enhanceservice/5004 (adj 15): DHA:empty #33
05-06 16:58:45.558  1397  1416 I ActivityManager: Killing 32708:com.samsung.dcmservice/5004 (adj 15): DHA:empty #33
05-06 16:58:45.558  1397  1416 V BroadcastQueue: [background] Process cur broadcast BroadcastRecord{ec9310f u0 android.intent.action.PACKAGE_ADDED qIdx=4}, state= (APP_RECEIVE) DELIVERED for app ProcessRecord{3947c0a 3018:com.android.phone/1001}
05-06 16:58:45.558  1397  1470 D StatusBarManagerService: manageDisableList userId=0 what=0x0 pkg=Window{62fa377 u0 d0 Starting plv.colorado.edu.callinsbenchmark}
05-06 16:58:45.558  1397  1470 D RestrictionPolicy: isStatusBarExpansionAllowedAsUser : true, userId = 0
05-06 16:58:45.578  1397  3322 V BroadcastQueue: [background] Process cur broadcast BroadcastRecord{ec9310f u0 android.intent.action.PACKAGE_ADDED qIdx=4}, state= (APP_RECEIVE) DELIVERED for app ProcessRecord{23c274f 6377:com.samsung.android.themecenter/1000}
05-06 16:58:45.578  6377  6377 I ThemeManagerReceiver: ThemeManagerReceiver onReceive android.intent.action.PACKAGE_ADDED
05-06 16:58:45.578  1397  5400 D ConnectivityService: returning getNetworkInfo for network type 1 : [type: WIFI[] - WIFI, state: CONNECTED/CONNECTED, reason: (unspecified), extra: "Maxwell", roaming: false, failover: false, isAvailable: true]
05-06 16:58:45.578  1341  1341 W ContextImpl: Calling a method in the system process without a qualified user: android.app.ContextImpl.startService:1305 android.content.ContextWrapper.startService:606 com.samsung.SMT.SamsungTTSService.g:-1 com.samsung.SMT.SamsungTTSService.onCreate:-1 android.app.ActivityThread.handleCreateService:3807 
05-06 16:58:45.578  1397  1470 D RestrictionPolicy: isStatusBarExpansionAllowedAsUser : true, userId = 0
05-06 16:58:45.588  1341  1341 I SamsungTTS: Interface ver201503021
05-06 16:58:45.588  1341  1341 I SamsungTTS: Engine ver200812311
05-06 16:58:45.588  1397  3322 V BroadcastQueue: [background] Process cur broadcast BroadcastRecord{ec9310f u0 android.intent.action.PACKAGE_ADDED qIdx=4}, state= (APP_RECEIVE) DELIVERED for app ProcessRecord{f60f19e 858:com.samsung.android.app.filterinstaller/1000}
05-06 16:58:45.588 32677 32677 I ServiceManager: [#CMH#] Disconnected to Service  com.samsung.dcmservice.DCMService
05-06 16:58:45.598 32677 32677 I ServiceManager: [#CMH#] Disconnected to Service  com.samsung.enhanceservice.EnhanceService
05-06 16:58:45.598  1341  1341 W ContextImpl: Calling a method in the system process without a qualified user: android.app.ContextImpl.startService:1305 android.content.ContextWrapper.startService:606 com.samsung.SMT.SamsungTTSService.g:-1 com.samsung.SMT.SamsungTTSService.a:-1 com.samsung.SMT.c.onReceive:-1 
05-06 16:58:45.598   858   858 E FilterPackageIntentReceiver: This package doen not have permission
05-06 16:58:45.598  1397  3321 D ActivityManager: isAutoRunBlockedApp:: com.samsung.enhanceservice, Auto Run ON
05-06 16:58:45.598  1397  3321 W ActivityManager: Scheduling restart of crashed service com.samsung.enhanceservice/.EnhanceService in 10371ms
05-06 16:58:45.598  1296  1296 I TextToSpeech: Connected to ComponentInfo{com.samsung.SMT/com.samsung.SMT.SamsungTTSService}
05-06 16:58:45.598  1397  2460 D ActivityManager: isAutoRunBlockedApp:: com.samsung.dcmservice, Auto Run ON
05-06 16:58:45.598  1397  2460 W ActivityManager: Scheduling restart of crashed service com.samsung.dcmservice/.DCMService in 20365ms
05-06 16:58:45.608  1341  1353 D SamsungTTS: onIsLanguageAvailable() : L=eng  C=USA  V=null  LANG_COUNTRY_AVAILABLE
05-06 16:58:45.608  1296  1389 I TextToSpeech: Set up connection to ComponentInfo{com.samsung.SMT/com.samsung.SMT.SamsungTTSService}
05-06 16:58:45.618  1296  1296 I SV_TTSPlayer:main:  : VSP::locale is: en_US
05-06 16:58:45.618  1397  2764 V BroadcastQueue: [background] Process cur broadcast BroadcastRecord{ec9310f u0 android.intent.action.PACKAGE_ADDED qIdx=4}, state= (APP_RECEIVE) DELIVERED for app ProcessRecord{16689aa 872:com.sec.android.widgetapp.samsungapps/u0a112}
05-06 16:58:45.618  1397  1470 W ResourcesManager: getTopLevelResources: /data/app/plv.colorado.edu.callinsbenchmark-1/base.apk / 1.0 running in null rsrc of package plv.colorado.edu.callinsbenchmark
05-06 16:58:45.618  1341  1353 D SamsungTTS: onIsLanguageAvailable() : L=eng  C=USA  V=null  LANG_COUNTRY_AVAILABLE
05-06 16:58:45.618  1341  1357 D SamsungTTS: onIsLanguageAvailable() : L=eng  C=USA  V=null  LANG_COUNTRY_AVAILABLE
05-06 16:58:45.628  1341  1390 D SamsungTTS: onIsLanguageAvailable() : L=eng  C=USA  V=null  LANG_COUNTRY_AVAILABLE
05-06 16:58:45.628  1341  1363 D SamsungTTS: onIsLanguageAvailable() : L=eng  C=USA  V=f00  LANG_COUNTRY_VAR_AVAILABLE
05-06 16:58:45.628  1341  1363 D SamsungTTS: onLoadLanguage() : [ LANG_COUNTRY_VAR_AVAILABLE ]  L=eng  C=USA  V=f00
05-06 16:58:45.638  1397  1470 D ViewRootImpl: #1 mView = com.android.internal.policy.PhoneWindow$DecorView{47dd2d6 V.E...... R.....I. 0,0-0,0}
05-06 16:58:45.638  1296  1296 D Test    : TTS initialized! & queue size is : 0
05-06 16:58:45.648  1397  1470 D ISSUE_DEBUG: InputChannelName : 3b84c44 Waiting For Debugger: plv.colorado.edu.callinsbenchmark
05-06 16:58:45.648  1397  1470 V MARsPolicyManager: handelAlertToastWindowStarted pkgName = android
05-06 16:58:45.648  1397  1470 D InputDispatcher: Focus entered window: 1397
05-06 16:58:45.648  1397  1498 D PointerIcon: setMouseIconStyle1 pointerType: 1001 iconType:101 flag:0 pid:1397 uid:1000
05-06 16:58:45.648  1397  1498 D PointerIcon: setMouseCustomIcon IconType is same.101
05-06 16:58:45.658  1397  5400 D ConnectivityService: returning getNetworkInfo for network type 1 : [type: WIFI[] - WIFI, state: CONNECTED/CONNECTED, reason: (unspecified), extra: "Maxwell", roaming: false, failover: false, isAvailable: true]
05-06 16:58:45.668  1391  1391 E Zygote  : v2
05-06 16:58:45.668  1391  1391 I libpersona: KNOX_SDCARD checking this for 1000
05-06 16:58:45.668  1391  1391 I libpersona: KNOX_SDCARD not a persona
05-06 16:58:45.668  1391  1391 W SELinux : Function: selinux_compare_spd_ram, index[1], priority [2], priority version is VE=SEPF_SECMOBILE_6.0.1_0010
05-06 16:58:45.668  1397  2764 I ActivityManager: Start proc 1391:com.samsung.android.app.mirrorlink/1000 for broadcast-3 com.samsung.android.app.mirrorlink/com.samsung.android.mirrorlink.acms.receivers.AcmsPackageEventListener
05-06 16:58:45.668  1391  1391 E Zygote  : accessInfo : 0
05-06 16:58:45.678   938   631 V audio_hw_primary: stop_input_stream: enter: usecase(16: audio-record)
05-06 16:58:45.678   938   631 V audio_hw_primary: disable_audio_route: enter: usecase(16)
05-06 16:58:45.678   938   631 E msm8974_platform: platform_add_backend_name: Invalid snd_device = 0
05-06 16:58:45.678   938   631 D audio_hw_primary: disable_audio_route: reset and update mixer path: audio-record
05-06 16:58:45.678   938   631 V audio_hw_primary: disable_audio_route: exit
05-06 16:58:45.678   938   631 E audio_hw_primary: disable_snd_device: Invalid sound device 0
05-06 16:58:45.678   938   631 V audio_hw_primary: stop_input_stream: exit: status(0)
05-06 16:58:45.678   938   631 V audio_hw_primary: in_standby: exit:  status(0)
05-06 16:58:45.688  4481  4518 I MicroRecognitionRunner: Stopping hotword detection.
05-06 16:58:45.688   938  9410 D audio_hw_primary: adev_close_input_stream: enter:stream_handle(0xed4f7000)
05-06 16:58:45.688   938  9410 V audio_hw_primary: stop_voice_note_recording
05-06 16:58:45.688   938  9410 D audio_hw_primary: in_standby: enter: stream (0xed4f7000) usecase(16: audio-record)
05-06 16:58:45.688   938  9410 V audio_hw_primary: in_standby: exit:  status(0)
05-06 16:58:45.688   938  9410 E audio_hw_primary: adev_close_input_stream, set jack_in to null
05-06 16:58:45.688  4481   629 I MicroRecognitionRunner: Detection finished
05-06 16:58:45.718   649   649 I SurfaceFlinger: id=4885 createSurf (193x193),1 flag=4, dallinsbenc
05-06 16:58:45.718  1341  1363 W ContextImpl: Calling a method in the system process without a qualified user: android.app.ContextImpl.sendBroadcast:830 android.content.ContextWrapper.sendBroadcast:410 com.samsung.SMT.b.i.a:-1 com.samsung.SMT.SamsungTTSService.b:-1 com.samsung.SMT.SamsungTTSService.onLoadLanguage:-1 
05-06 16:58:45.728  1341  1363 W ContextImpl: Calling a method in the system process without a qualified user: android.app.ContextImpl.sendBroadcast:830 android.content.ContextWrapper.sendBroadcast:410 android.speech.tts.TextToSpeechService$SynthThread.broadcastTtsQueueProcessingCompleted:460 android.speech.tts.TextToSpeechService$SynthThread.queueIdle:452 android.os.MessageQueue.next:392 
05-06 16:58:45.728  1391  1391 D TimaKeyStoreProvider: TimaSignature is unavailable
05-06 16:58:45.728  1391  1391 D ActivityThread: Added TimaKeyStore provider
***Uninstalling old version***
***Install new APK***
***Run APK***
***Get PID***
['u0_a293', '', '', '1370', '', '965', '', '', '2145084', '46236', 'futex_wait', '0000000000', 'S', 'plv.colorado.edu.callinsbenchmark\r\n']
1370
***Open Bridge***
05-06 16:58:45.738  1397  3317 V BroadcastQueue: [background] Process cur broadcast BroadcastRecord{ec9310f u0 android.intent.action.PACKAGE_ADDED qIdx=4}, state= (APP_RECEIVE) DELIVERED for app ProcessRecord{8cbe329 1391:com.samsung.android.app.mirrorlink/1000}
05-06 16:58:45.738  1397  2244 D libEGL  : eglInitialize EGLDisplay = 0x7f88712188
05-06 16:58:45.738  1397  2244 I OpenGLRenderer: Initialized EGL, version 1.4
05-06 16:58:45.748  1391  1391 W ResourcesManager: getTopLevelResources: /system/app/MirrorLink/MirrorLink.apk / 1.0 running in com.samsung.android.app.mirrorlink rsrc of package com.samsung.android.app.mirrorlink
05-06 16:58:45.748  1397  3322 I InjectionManagerService -AppFeature: getCoreFeaturePkgList :[]
05-06 16:58:45.748  1391  1391 I InjectionManager: Inside getClassLibPath + mLibMap{0=, 1=}
05-06 16:58:45.748  1391  1391 D ResourcesManager: For user 0 new overlays fetched Null
05-06 16:58:45.748  1391  1391 I InjectionManager: Inside getClassLibPath caller 
05-06 16:58:45.758  1391  1391 W System  : ClassLoader referenced unknown path: /system/app/MirrorLink/lib/arm
05-06 16:58:45.758  1397  1470 D StatusBarManagerService: manageDisableList userId=0 what=0x0 pkg=Window{3b84c44 u0 d0 Waiting For Debugger: plv.colorado.edu.callinsbenchmark}
05-06 16:58:45.758  2592  2592 D PhoneStatusBar: setSystemUiVisibility vis=8000 mask=ffffffff oldVal=8600 newVal=8000 diff=600
05-06 16:58:45.758  1397  1470 D RestrictionPolicy: isStatusBarExpansionAllowedAsUser : true, userId = 0
05-06 16:58:45.758  1397  1470 D RestrictionPolicy: isStatusBarExpansionAllowedAsUser : true, userId = 0
05-06 16:58:45.768  1397  1470 W DisplayListCanvas: DisplayListCanvas is started on unbinded RenderNode (without mOwningView)
05-06 16:58:45.768  1397  3317 I ActivityManager: Killing 32754:com.samsung.ipservice/5004 (adj 15): DHA:empty #33
05-06 16:58:45.768  1391  1391 D InjectionManager: InjectionManager
05-06 16:58:45.768  1391  1391 D InjectionManager: fillFeatureStoreMap com.samsung.android.app.mirrorlink
05-06 16:58:45.768  1391  1391 I InjectionManager: Constructor com.samsung.android.app.mirrorlink, Feature store :{}
05-06 16:58:45.768  1391  1391 I InjectionManager: featureStore :{}
05-06 16:58:45.778  1391  1391 D AcmsPackageEventListener: action2:android.intent.action.PACKAGE_ADDED
05-06 16:58:45.778  1391  1391 D AcmsPackageEventListener: pkgName:plv.colorado.edu.callinsbenchmark ,10293
05-06 16:58:45.778  1397  3343 I ActivityManager: Killing 32677:com.samsung.cmh:CMH/5004 (adj 15): DHA:empty #33
05-06 16:58:45.778  1397  3343 V BroadcastQueue: [background] Process cur broadcast BroadcastRecord{ec9310f u0 android.intent.action.PACKAGE_ADDED qIdx=4}, state= (APP_RECEIVE) DELIVERED for app ProcessRecord{32cb73e 2613:com.sec.imsservice/1000}
05-06 16:58:45.788  1397  1470 V WindowStateAnimator: Finishing drawing window Window{3b84c44 u0 d0 Waiting For Debugger: plv.colorado.edu.callinsbenchmark}: mDrawState=DRAW_PENDING
05-06 16:58:45.788   649   649 D libEGL  : eglInitialize EGLDisplay = 0x7fda953ba8
05-06 16:58:45.798  1405  1405 E Zygote  : v2
05-06 16:58:45.798  1405  1405 I libpersona: KNOX_SDCARD checking this for 10014
05-06 16:58:45.798  1405  1405 I libpersona: KNOX_SDCARD not a persona
05-06 16:58:45.798  1405  1405 W SELinux : Function: selinux_compare_spd_ram, index[1], priority [2], priority version is VE=SEPF_SECMOBILE_6.0.1_0010
05-06 16:58:45.798  1405  1405 E Zygote  : accessInfo : 0
05-06 16:58:45.798  1397  3343 I ActivityManager: Start proc 1405:com.sec.android.app.samsungapps/u0a14 for broadcast-3 com.sec.android.app.samsungapps/.MyPackageReplacedReceiver
05-06 16:58:45.798  1405  1405 W SELinux : SELinux: seapp_context_lookup: seinfo=samsung, level=s0:c512,c768, pkgname=com.sec.android.app.samsungapps 
05-06 16:58:45.808  1397  3209 D ActivityManager: isAutoRunBlockedApp:: com.samsung.ipservice, Auto Run ON
05-06 16:58:45.808  1397  3209 W ActivityManager: Scheduling restart of crashed service com.samsung.ipservice/.IPService in 30163ms
05-06 16:58:45.808  1397  1470 D ViewRootImpl: MSG_RESIZED_REPORT: ci=Rect(0, 0 - 0, 0) vi=Rect(0, 0 - 0, 0) or=1
05-06 16:58:45.808  1397  2419 D MdnieScenarioControlService:  packageName : plv.colorado.edu.callinsbenchmark    className : plv.colorado.edu.callinsbenchmark.CallinsBenchmark
05-06 16:58:45.818  1397  3355 D ActivityManager: isAutoRunBlockedApp:: com.samsung.cmh, Auto Run ON
05-06 16:58:45.818 32735 32735 I StoryService: [StoryService] On destroy() 
05-06 16:58:45.818   649   649 D libEGL  : eglInitialize EGLDisplay = 0x7fda953ba8
05-06 16:58:45.818  1405  1405 D TimaKeyStoreProvider: TimaSignature is unavailable
05-06 16:58:45.818  1405  1405 D ActivityThread: Added TimaKeyStore provider
05-06 16:58:45.828  1397  1470 V WindowStateAnimator: Finishing drawing window Window{3b84c44 u0 d0 Waiting For Debugger: plv.colorado.edu.callinsbenchmark}: mDrawState=HAS_DRAWN
05-06 16:58:45.828 32735 32735 I ServiceController: [StoryService] shutdown() 
05-06 16:58:45.828  1397  3317 V BroadcastQueue: [background] Process cur broadcast BroadcastRecord{ec9310f u0 android.intent.action.PACKAGE_ADDED qIdx=4}, state= (APP_RECEIVE) DELIVERED for app ProcessRecord{502dfdc 1405:com.sec.android.app.samsungapps/u0a14}
05-06 16:58:45.838  1405  1405 W ResourcesManager: getTopLevelResources: /data/app/com.sec.android.app.samsungapps-1/base.apk / 1.0 running in com.sec.android.app.samsungapps rsrc of package com.sec.android.app.samsungapps
05-06 16:58:45.838  1397  1415 I InjectionManagerService -AppFeature: getCoreFeaturePkgList :[]
05-06 16:58:45.838  1405  1405 I InjectionManager: Inside getClassLibPath + mLibMap{0=, 1=}
05-06 16:58:45.848  1405  1405 D ResourcesManager: For user 0 new overlays fetched Null
05-06 16:58:45.848  1405  1405 I InjectionManager: Inside getClassLibPath caller 
05-06 16:58:45.848  1405  1405 W System  : ClassLoader referenced unknown path: /data/app/com.sec.android.app.samsungapps-1/lib/arm64
05-06 16:58:45.858  1397  5400 D SSRM:n  : SIOP:: AP = 370, PST = 316 (W:6), CP = 34, CUR = 42, LCD = 56
05-06 16:58:45.868  1405  1405 D InjectionManager: InjectionManager
05-06 16:58:45.868  1405  1405 D InjectionManager: fillFeatureStoreMap com.sec.android.app.samsungapps
05-06 16:58:45.868  1405  1405 I InjectionManager: Constructor com.sec.android.app.samsungapps, Feature store :{}
05-06 16:58:45.868  1405  1405 I InjectionManager: featureStore :{}
05-06 16:58:45.868  1397  5400 D ConnectivityService: returning getNetworkInfo for network type 1 : [type: WIFI[] - WIFI, state: CONNECTED/CONNECTED, reason: (unspecified), extra: "Maxwell", roaming: false, failover: false, isAvailable: true]
05-06 16:58:45.868  1397  3317 V BroadcastQueue: [background] Process cur broadcast BroadcastRecord{ec9310f u0 android.intent.action.PACKAGE_ADDED qIdx=4}, state= (APP_RECEIVE) DELIVERED for app ProcessRecord{a4cd95b 1218:com.facebook.system/u0a12}
05-06 16:58:45.878  1397  3317 V BroadcastQueue: [background] Process cur broadcast BroadcastRecord{ec9310f u0 android.intent.action.PACKAGE_ADDED qIdx=4}, state= (APP_RECEIVE) DELIVERED for app ProcessRecord{dfd75e9 25723:com.facebook.appmanager/u0a105}
05-06 16:58:45.888  1397  3322 V BroadcastQueue: [background] Process cur broadcast BroadcastRecord{ec9310f u0 android.intent.action.PACKAGE_ADDED qIdx=4}, state= (APP_RECEIVE) DELIVERED for app ProcessRecord{5045294 4481:com.google.android.googlequicksearchbox:search/u0a73}
05-06 16:58:45.888   649   683 I SurfaceFlinger: id=4878 Removed HEL (4/14)
05-06 16:58:45.888   649  6926 I SurfaceFlinger: id=4878 Removed HEL (-2/14)
05-06 16:58:45.898  1397  3322 I ActivityManager: Killing 32735:com.samsung.storyservice/5004 (adj 15): DHA:empty #33
05-06 16:58:45.898  1397  2531 V BroadcastQueue: [background] Process cur broadcast BroadcastRecord{ec9310f u0 android.intent.action.PACKAGE_ADDED qIdx=4}, state= (APP_RECEIVE) DELIVERED for app ProcessRecord{5045294 4481:com.google.android.googlequicksearchbox:search/u0a73}
05-06 16:58:45.908   649   649 D libEGL  : eglTerminate EGLDisplay = 0x7fda953ca8
05-06 16:58:45.908  1397  2419 I MdnieScenarioControlService: mGameModeLauncher : false
05-06 16:58:45.918  1397  2531 V BroadcastQueue: [background] Process cur broadcast BroadcastRecord{ec9310f u0 android.intent.action.PACKAGE_ADDED qIdx=4}, state= (APP_RECEIVE) DELIVERED for app ProcessRecord{582eece 10583:com.google.android.googlequicksearchbox/u0a73}
05-06 16:58:45.918  4481  1425 W ResourcesManager: getTopLevelResources: /data/app/plv.colorado.edu.callinsbenchmark-1/base.apk / 1.0 running in com.google.android.googlequicksearchbox rsrc of package plv.colorado.edu.callinsbenchmark
05-06 16:58:45.918 10583 10583 E ReflectionReceiver: Unrecognized event: android.intent.action.PACKAGE_ADDED
05-06 16:58:45.918  4481  1425 D ResourcesManager: For user 0 new overlays fetched Null
05-06 16:58:45.918  1397  2419 I MdnieScenarioControlService: setUIMode
05-06 16:58:45.928  1397  2531 V BroadcastQueue: [background] Process cur broadcast BroadcastRecord{ec9310f u0 android.intent.action.PACKAGE_ADDED qIdx=4}, state= (APP_RECEIVE) DELIVERED for app ProcessRecord{f98f9d5 29069:com.android.vending/u0a34}
05-06 16:58:45.928  1397  3317 D ActivityManager: isAutoRunBlockedApp:: com.samsung.storyservice, Auto Run ON
05-06 16:58:45.948  4481  1425 I AppIncrementalLogger: logEvent(): Logged 132 bytes in 45 ms
05-06 16:58:45.948  4481  1425 I UpdateIcingCorporaServi: Updating corpora: APPS=plv.colorado.edu.callinsbenchmark, CONTACTS=MAYBE
05-06 16:58:45.948 29069 29069 I Finsky  : [1] com.google.android.finsky.utils.PermissionPolicies$PermissionPolicyService.onStartCommand(117): post-install permissions check for plv.colorado.edu.callinsbenchmark
05-06 16:58:45.958  1397  3321 V BroadcastQueue: [background] Process cur broadcast BroadcastRecord{ec9310f u0 android.intent.action.PACKAGE_ADDED qIdx=4}, state= (APP_RECEIVE) DELIVERED for app ProcessRecord{327f5d4 3292:com.google.android.gms.persistent/u0a18}
05-06 16:58:45.958 29069 29069 I Finsky  : [1] com.google.android.finsky.utils.bc.run(2302): Package state data is missing for plv.colorado.edu.callinsbenchmark
05-06 16:58:45.968 11169  1004 D PkgBroadcastIntentOp: Received broadcast action=android.intent.action.PACKAGE_ADDED and uri=plv.colorado.edu.callinsbenchmark
05-06 16:58:45.978  1397  2697 V BroadcastQueue: [background] Process cur broadcast BroadcastRecord{ec9310f u0 android.intent.action.PACKAGE_ADDED qIdx=4}, state= (APP_RECEIVE) DELIVERED for app ProcessRecord{922b64f 11169:com.google.android.gms/u0a18}
05-06 16:58:45.978 11169 11169 W ResourcesManager: getTopLevelResources: /data/app/com.google.android.play.games-1/base.apk / 1.0 running in com.google.android.gms rsrc of package com.google.android.play.games
05-06 16:58:45.988  1397  2648 D PackageManager: setEnabledSetting : userId = 0 packageName = com.google.android.gms cmp = com.google.android.gms.people.pub.PeopleProfileActionGatewayActivity newState = 2 callingPackage = 10018
05-06 16:58:45.998 11169  1004 D WearableController: Received broadcast action=android.intent.action.PACKAGE_ADDED and uri=plv.colorado.edu.callinsbenchmark
05-06 16:58:46.008 11169 11169 W ResourcesManager: getTopLevelResources: /data/app/com.google.android.play.games-1/base.apk / 1.0 running in com.google.android.gms rsrc of package com.google.android.play.games
05-06 16:58:46.008  1397  2697 V BroadcastQueue: [background] Process cur broadcast BroadcastRecord{ec9310f u0 android.intent.action.PACKAGE_ADDED qIdx=4}, state= (APP_RECEIVE) DELIVERED for app ProcessRecord{922b64f 11169:com.google.android.gms/u0a18}
05-06 16:58:46.008  4481  1425 W ResourcesManager: getTopLevelResources: /data/app/plv.colorado.edu.callinsbenchmark-1/base.apk / 1.0 running in com.google.android.googlequicksearchbox rsrc of package plv.colorado.edu.callinsbenchmark
05-06 16:58:46.018 11169 11169 D AsyncTaskServiceImpl: Submit a task: k
05-06 16:58:46.028 11169  1433 D k       : Processing package: plv.colorado.edu.callinsbenchmark
05-06 16:58:46.028  1397  2697 V BroadcastQueue: [background] Process cur broadcast BroadcastRecord{ec9310f u0 android.intent.action.PACKAGE_ADDED qIdx=4}, state= (APP_RECEIVE) DELIVERED for app ProcessRecord{922b64f 11169:com.google.android.gms/u0a18}
05-06 16:58:46.028 11169  1433 D GassUtils: Found app info for package plv.colorado.edu.callinsbenchmark:1. Hash: 0e1490e2d21a2d65d3dde2e375384e83b134c0c9b03299f35f12ad0db1c4ec19
05-06 16:58:46.028 11169  1433 D k       : Found info for package plv.colorado.edu.callinsbenchmark in db.
05-06 16:58:46.038  1397  3355 V BroadcastQueue: [background] Process cur broadcast BroadcastRecord{ec9310f u0 android.intent.action.PACKAGE_ADDED qIdx=4}, state= (APP_RECEIVE) DELIVERED for app ProcessRecord{922b64f 11169:com.google.android.gms/u0a18}
05-06 16:58:46.048  1397  3355 V BroadcastQueue: [background] Process cur broadcast BroadcastRecord{ec9310f u0 android.intent.action.PACKAGE_ADDED qIdx=4}, state= (APP_RECEIVE) DELIVERED for app ProcessRecord{327f5d4 3292:com.google.android.gms.persistent/u0a18}
05-06 16:58:46.058  1397  1416 V BroadcastQueue: [background] Process cur broadcast BroadcastRecord{ec9310f u0 android.intent.action.PACKAGE_ADDED qIdx=4}, state= (APP_RECEIVE) DELIVERED for app ProcessRecord{327f5d4 3292:com.google.android.gms.persistent/u0a18}
05-06 16:58:46.058  1397  1416 V BroadcastQueue: [background] Process cur broadcast BroadcastRecord{ec9310f u0 android.intent.action.PACKAGE_ADDED qIdx=4}, state= (APP_RECEIVE) DELIVERED for app ProcessRecord{b45f953 29975:com.google.android.apps.docs/u0a100}
05-06 16:58:46.068  1397  1416 V BroadcastQueue: [background] Process cur broadcast BroadcastRecord{ec9310f u0 android.intent.action.PACKAGE_ADDED qIdx=4}, state= (APP_RECEIVE) DELIVERED for app ProcessRecord{95602c6 24069:com.samsung.oh/u0a37}
05-06 16:58:46.078  1397  3107 V BroadcastQueue: [background] Process cur broadcast BroadcastRecord{ec9310f u0 android.intent.action.PACKAGE_ADDED qIdx=4}, state= (APP_RECEIVE) DELIVERED for app ProcessRecord{95602c6 24069:com.samsung.oh/u0a37}
05-06 16:58:46.078 24069 24069 I RemoteSupport: (SystemEventReceiver, 40) android.intent.action.PACKAGE_ADDED
05-06 16:58:46.078 24069  1435 I RemoteSupport: (SystemEventReceiver, 150) packageMonitor @ intent : android.intent.action.PACKAGE_ADDED
05-06 16:58:46.078 24069  1435 E RemoteSupport: (ServiceBind, 80) ServiceBind Class has not been initialized.
05-06 16:58:46.088  1397  3209 V BroadcastQueue: [background] Process cur broadcast BroadcastRecord{ec9310f u0 android.intent.action.PACKAGE_ADDED qIdx=4}, state= (APP_RECEIVE) DELIVERED for app ProcessRecord{8a814eb 4531:com.sec.android.app.shealth:remote/u0a39}
05-06 16:58:46.098  1397  3209 V BroadcastQueue: [background] Process cur broadcast BroadcastRecord{ec9310f u0 android.intent.action.PACKAGE_ADDED qIdx=4}, state= (APP_RECEIVE) DELIVERED for app ProcessRecord{dab8ed7 30676:com.google.android.apps.plus/u0a218}
05-06 16:58:46.128  1397  3317 V BroadcastQueue: [background] Process cur broadcast BroadcastRecord{5a688f8 u0 com.samsung.android.providers.context.log.action.USE_APP_FEATURE_SURVEY qIdx=4}, state= (APP_RECEIVE) DELIVERED for app ProcessRecord{86b504e 3364:com.samsung.android.providers.context/u0a8}
05-06 16:58:46.138  1397  3317 V BroadcastQueue: [background] Process cur broadcast BroadcastRecord{d7411d1 u0 update-hint qIdx=4}, state= (APP_RECEIVE) DELIVERED for app ProcessRecord{5045294 4481:com.google.android.googlequicksearchbox:search/u0a73}
05-06 16:58:46.148  1397  3355 V BroadcastQueue: [background] Process cur broadcast BroadcastRecord{7f7436 u0 com.samsung.android.providers.context.log.action.USE_APP_FEATURE_SURVEY qIdx=4}, state= (APP_RECEIVE) DELIVERED for app ProcessRecord{86b504e 3364:com.samsung.android.providers.context/u0a8}
05-06 16:58:46.158  1397  3355 V BroadcastQueue: [background] Process cur broadcast BroadcastRecord{3711f37 u0 update-hint qIdx=4}, state= (APP_RECEIVE) DELIVERED for app ProcessRecord{5045294 4481:com.google.android.googlequicksearchbox:search/u0a73}
05-06 16:58:46.158  1397  2460 D PackageManager: setEnabledSetting : userId = 0 packageName = com.google.android.apps.plus cmp = com.google.android.apps.photos.phone.GetContentActivityAlias newState = 2 callingPackage = 10218
05-06 16:58:46.168  1397  2460 D PackageManager: setEnabledSetting : userId = 0 packageName = com.google.android.apps.plus cmp = com.google.android.apps.photos.phone.SendContentActivityAlias newState = 2 callingPackage = 10218
