05-06 20:59:06.078  1397  1571 W System.err: remove failed: ENOENT (No such file or directory) : /data/system/packages.xml.bak
05-06 20:59:06.128  1397  2764 D RestrictionPolicy: userId: 0, isMicrophoneEnabledAsUser : true
05-06 20:59:06.128  1397  3343 D RestrictionPolicy: userId: 0, isMicrophoneEnabledAsUser : true
05-06 20:59:06.138  1397  3355 D RestrictionPolicy: userId: 0, isMicrophoneEnabledAsUser : true
05-06 20:59:06.138  1397  3321 D RestrictionPolicy: userId: 0, isMicrophoneEnabledAsUser : true
05-06 20:59:06.138  1397  2697 D RestrictionPolicy: userId: 0, isMicrophoneEnabledAsUser : true
05-06 20:59:06.138  1397  2460 D RestrictionPolicy: userId: 0, isMicrophoneEnabledAsUser : true
05-06 20:59:06.138  1397  2632 D RestrictionPolicy: userId: 0, isMicrophoneEnabledAsUser : true
05-06 20:59:06.148  1397  1571 W System.err: remove failed: ENOENT (No such file or directory) : /data/system/users/0/package-restrictions.xml.bak
05-06 20:59:06.148  1397  1571 I PackageManager: enforceEDMPermissionLI
05-06 20:59:06.148  1397 19771 I HarmonyEASService: Updating for all 1
05-06 20:59:06.148  1397  1571 D SecureStorageService: Called signDexFileInsideZip primaryAbi=arm64
05-06 20:59:06.148  1397  1571 D SecureStorageService: apk path=/data/app/plv.colorado.edu.callinsbenchmark-1/base.apk
05-06 20:59:06.148  1397  1571 D SecureStorageService: uid=10295
05-06 20:59:06.148  1397  1571 D SecureStorageService: abi=64
05-06 20:59:06.148  1397  1571 D SecureStorageService: type=dex
05-06 20:59:06.238 19773 19773 I         : SS_ART_lib [I]: permission is absent: /data/app/plv.colorado.edu.callinsbenchmark-1/base.apk
05-06 20:59:06.238 19773 19773 I         : SS_ART_lib [I]: access to SS denied
05-06 20:59:06.238  1397  1571 E SecureStorageService: Process failed status=0x0200
05-06 20:59:06.238  1397  1571 W PackageManager: Can't sign the dex file!
05-06 20:59:06.238  1397  1571 D PackageManager: doPostInstall for uid{10295}
05-06 20:59:06.238  1397  1571 D PackageManager: token 169 to BM for possible restore
05-06 20:59:06.238  1397  1571 V BackupManagerService: restoreAtInstall pkg=plv.colorado.edu.callinsbenchmark token=a9 restoreSet=3312eb00296a6906
05-06 20:59:06.248  1397  2432 D BackupManagerService: MSG_RUN_RESTORE observer=null
05-06 20:59:06.248  1397  1571 W ResourcesManager: getTopLevelResources: /system/priv-app/SecMms_Epic_Common/SecMms_Epic_Common.apk / 1.0 running in null rsrc of package com.android.mms
05-06 20:59:06.248  1397  1571 D ResourcesManager: For user 0 new overlays fetched [/data/overlays/style/com.cambunch.MaterialDark/com.cambunch.MaterialDark.touchwiz.apk, /data/overlays/style/com.cambunch.MaterialDark/com.cambunch.MaterialDark.mms.apk, /data/overlays/style/com.cambunch.MaterialDark/com.cambunch.MaterialDark.common.apk]
05-06 20:59:06.248  1397  1571 W ResourcesManager: getTopLevelResources: /data/app/com.google.android.apps.messaging-1/base.apk / 1.0 running in null rsrc of package com.google.android.apps.messaging
05-06 20:59:06.248  1397  1571 D ResourcesManager: For user 0 new overlays fetched Null
05-06 20:59:06.248  1397  1571 W ResourcesManager: getTopLevelResources: /data/app/org.thoughtcrime.securesms-1/base.apk / 1.0 running in null rsrc of package org.thoughtcrime.securesms
05-06 20:59:06.258  1397  1571 D ResourcesManager: For user 0 new overlays fetched Null
05-06 20:59:06.258  1397  1571 W ResourcesManager: getTopLevelResources: /data/app/com.facebook.orca-2/base.apk / 1.0 running in null rsrc of package com.facebook.orca
05-06 20:59:06.258  1397  3209 D RestrictionPolicy: userId: 0, isMicrophoneEnabledAsUser : true
05-06 20:59:06.258  1397  2764 D RestrictionPolicy: userId: 0, isMicrophoneEnabledAsUser : true
05-06 20:59:06.258  1397  3107 D RestrictionPolicy: userId: 0, isMicrophoneEnabledAsUser : true
05-06 20:59:06.258  1397  3343 D RestrictionPolicy: userId: 0, isMicrophoneEnabledAsUser : true
05-06 20:59:06.258  1397  3355 D RestrictionPolicy: userId: 0, isMicrophoneEnabledAsUser : true
05-06 20:59:06.268  1397  2632 D RestrictionPolicy: userId: 0, isMicrophoneEnabledAsUser : true
05-06 20:59:06.278  1397  3317 W PackageManager: Couldn't remove dex file for package:  at location /data/app/plv.colorado.edu.callinsbenchmark-2/base.apk, retcode=-1
05-06 20:59:06.278  1397  3317 V BroadcastQueue: [background] Process cur broadcast BroadcastRecord{1810cd u0 android.intent.action.PACKAGE_FULLY_REMOVED qIdx=4}, state= (APP_RECEIVE) DELIVERED for app ProcessRecord{dd8f714 1397:system/1000}
05-06 20:59:06.288  2984  2984 D WfcPhoneStateListener: onSignalStrengthsChanged(): signal strength did not change
05-06 20:59:06.288  2592  2933 D NetworkController.MobileSignalController(0/1): onSignalStrengthsChanged signalStrength=SignalStrength: 99 99 -120 -160 -120 -1 -1 18 -102 -8 132 -1 2147483647 0x4000 gsm|lte level=4
05-06 20:59:06.288  2592  2933 D NetworkController.MobileSignalController(0/1): getMobileIconGroup(): 13
05-06 20:59:06.288  2592  2933 D NetworkController.MobileSignalController(0/1): updateTMOMobileIconGroup(): 13
05-06 20:59:06.298  3292  3292 V GLSActivity: AuthDelegateWrapperCreated with selected intent: Intent { cmp=com.google.android.gms/.auth.DefaultAuthDelegateService VirtualScreenParam=Params{mDisplayId=-1, null, mFlags=0x00000000)} }
05-06 20:59:06.298 11169 11186 I Icing   : Indexing done BF4BB629879229CF6F7BA3441DD898DF27EC586E
05-06 20:59:06.298 11169 11186 I Icing   : Indexing FEE191E978FC01BC8DEC9472493D7C98450EDEEA from com.google.android.googlequicksearchbox
05-06 20:59:06.318 19774 19774 E Zygote  : v2
05-06 20:59:06.318  1397  1397 I ActivityManager: Start proc 19774:com.android.documentsui/u0a99 for broadcast-3 com.android.documentsui/.PackageReceiver
05-06 20:59:06.318 19774 19774 W SELinux : Function: selinux_compare_spd_ram, index[1], priority [2], priority version is VE=SEPF_SECMOBILE_6.0.1_0010
05-06 20:59:06.318 19774 19774 I libpersona: KNOX_SDCARD checking this for 10099
05-06 20:59:06.318 19774 19774 I libpersona: KNOX_SDCARD not a persona
05-06 20:59:06.328 19774 19774 E Zygote  : accessInfo : 0
05-06 20:59:06.328 19774 19774 W SELinux : SELinux: seapp_context_lookup: seinfo=platform, level=s0:c512,c768, pkgname=com.android.documentsui 
05-06 20:59:06.348  3292  3292 V GLSActivity: AuthDelegateWrapperCreated with selected intent: Intent { cmp=com.google.android.gms/.auth.DefaultAuthDelegateService VirtualScreenParam=Params{mDisplayId=-1, null, mFlags=0x00000000)} }
05-06 20:59:06.358  3292  3292 V GLSActivity: AuthDelegateWrapperCreated with selected intent: Intent { cmp=com.google.android.gms/.auth.DefaultAuthDelegateService VirtualScreenParam=Params{mDisplayId=-1, null, mFlags=0x00000000)} }
05-06 20:59:06.388  1397  1571 D ResourcesManager: For user 0 new overlays fetched Null
05-06 20:59:06.388  1397  1571 D PackageManager: [MSG] MCS_UNBIND
05-06 20:59:06.388  1397  1415 D RestrictionPolicy: userId: 0, isMicrophoneEnabledAsUser : true
05-06 20:59:06.388  1397  2648 D RestrictionPolicy: userId: 0, isMicrophoneEnabledAsUser : true
05-06 20:59:06.388  1397  3317 D RestrictionPolicy: userId: 0, isMicrophoneEnabledAsUser : true
05-06 20:59:06.388  1397  3107 D RestrictionPolicy: userId: 0, isMicrophoneEnabledAsUser : true
05-06 20:59:06.388  1397  2649 D RestrictionPolicy: userId: 0, isMicrophoneEnabledAsUser : true
05-06 20:59:06.388  1397  3343 D RestrictionPolicy: userId: 0, isMicrophoneEnabledAsUser : true
05-06 20:59:06.398  1397  3355 I ActivityManager: Killing 18747:com.sec.android.app.shealth/u0a39 (adj 15): DHA:empty #33
05-06 20:59:06.398 19774 19774 D TimaKeyStoreProvider: TimaSignature is unavailable
05-06 20:59:06.398 19774 19774 D ActivityThread: Added TimaKeyStore provider
05-06 20:59:06.408  1397  3343 V BroadcastQueue: [background] Process cur broadcast BroadcastRecord{1810cd u0 android.intent.action.PACKAGE_FULLY_REMOVED qIdx=4}, state= (APP_RECEIVE) DELIVERED for app ProcessRecord{d52bb0b 19774:com.android.documentsui/u0a99}
05-06 20:59:06.418  3292  5427 I System.out: (HTTPLog)-Static: isSBSettingEnabled false
05-06 20:59:06.418  3292  5427 I System.out: (HTTPLog)-Static: isSBSettingEnabled false
05-06 20:59:06.418   930  2080 D EnterpriseController: netId is 0
05-06 20:59:06.418   930  2080 D Netd    : getNetworkForDns: using netid 683 for uid 10018
05-06 20:59:06.418 11169 11186 I Icing   : Indexing done FEE191E978FC01BC8DEC9472493D7C98450EDEEA
05-06 20:59:06.428 19774 19774 W ResourcesManager: getTopLevelResources: /system/app/DocumentsUI/DocumentsUI.apk / 1.0 running in com.android.documentsui rsrc of package com.android.documentsui
05-06 20:59:06.428   998  3608 D bauth_FPBAuthService: FPBAuthService, 6910
05-06 20:59:06.428   998  3608 D bauth_FPBAuthService: FPBAuthService, 7033
05-06 20:59:06.428   998  3608 D bauth_TLC_Communicator: Call FP cmd 0xc (30)
05-06 20:59:06.428  3292  3298 E DataBuffer: Internal data leak within a DataBuffer object detected!  Be sure to explicitly call release() on all DataBuffer extending objects when you are done with them. (internal object: com.google.android.gms.common.data.DataHolder@1d7ae02)
05-06 20:59:06.428  3292  3298 E DataBuffer: Internal data leak within a DataBuffer object detected!  Be sure to explicitly call release() on all DataBuffer extending objects when you are done with them. (internal object: com.google.android.gms.common.data.DataHolder@765e313)
05-06 20:59:06.428  3292  3298 E DataBuffer: Internal data leak within a DataBuffer object detected!  Be sure to explicitly call release() on all DataBuffer extending objects when you are done with them. (internal object: com.google.android.gms.common.data.DataHolder@543a950)
05-06 20:59:06.428  3292  3298 E DataBuffer: Internal data leak within a DataBuffer object detected!  Be sure to explicitly call release() on all DataBuffer extending objects when you are done with them. (internal object: com.google.android.gms.common.data.DataHolder@f45a749)
05-06 20:59:06.428  3292  3298 E DataBuffer: Internal data leak within a DataBuffer object detected!  Be sure to explicitly call release() on all DataBuffer extending objects when you are done with them. (internal object: com.google.android.gms.common.data.DataHolder@516a84e)
05-06 20:59:06.428  3292  3298 E DataBuffer: Internal data leak within a DataBuffer object detected!  Be sure to explicitly call release() on all DataBuffer extending objects when you are done with them. (internal object: com.google.android.gms.common.data.DataHolder@c419d6f)
05-06 20:59:06.448  1397  3107 D ActivityManager: isAutoRunBlockedApp:: com.sec.android.app.shealth, Auto Run ON
05-06 20:59:06.448   998  3608 D bauth_TLC_Communicator: Check the Trustlet return code is completed
05-06 20:59:06.448   998  3608 D bauth_FPBAuthService: check_opcode status = 5, opcode = 0, func_ret_val = 0, function_status = 0, timeout = 0
05-06 20:59:06.448   998  3608 D bauth_TLC_Communicator: Call FUNC ID 0x4
05-06 20:59:06.448   998  3608 I bauth_TLC_Communicator: change qseecom bandwidth to low
05-06 20:59:06.448   998  3608 D bauth_TLC_Communicator: Call FUNC ID 0x20
05-06 20:59:06.448   998  3608 D QSEECOMAPI: : QSEECom_dealloc_memory 
05-06 20:59:06.448   998  3608 D QSEECOMAPI: : QSEECom_shutdown_app, app_id = 4207
05-06 20:59:06.448  1397  2648 I InjectionManagerService -AppFeature: getCoreFeaturePkgList :[]
05-06 20:59:06.448 19774 19774 I InjectionManager: Inside getClassLibPath + mLibMap{0=, 1=}
05-06 20:59:06.448   998  3608 D bauth_TLC_Communicator: FUNC ID 0x20 is completed
05-06 20:59:06.448   998  3608 D bauth_TLC_Communicator: FUNC ID 0x4 completed
05-06 20:59:06.448   998  3608 D bauth_TLC_Communicator: passed session is successfully closed
05-06 20:59:06.448   998  3608 D bauth_FPBAuthSensorControl: FPBAuthSensorControl, 221
05-06 20:59:06.448   998  3608 D bauth_FPBAuthService: FPBAuthService, 630
05-06 20:59:06.448 19774 19774 D ResourcesManager: For user 0 new overlays fetched Null
05-06 20:59:06.448   998  3608 D bauth_FPBAuthService: FPBAuthService, 7130
05-06 20:59:06.448   998  3608 D bauth_FPBAuthService: FPBAuthService, 7297
05-06 20:59:06.448   998  3608 D bauth_FPBAuthService: FPBAuthService, 6933
05-06 20:59:06.448 19774 19774 I InjectionManager: Inside getClassLibPath caller 
05-06 20:59:06.458 19774 19774 W System  : ClassLoader referenced unknown path: /system/app/DocumentsUI/lib/arm64
05-06 20:59:06.468 19774 19774 D InjectionManager: InjectionManager
05-06 20:59:06.468 19774 19774 D InjectionManager: fillFeatureStoreMap com.android.documentsui
05-06 20:59:06.468 19774 19774 I InjectionManager: Constructor com.android.documentsui, Feature store :{}
05-06 20:59:06.468 19774 19774 I InjectionManager: featureStore :{}
05-06 20:59:06.478  1397  3209 I ActivityManager: Start proc 19793:com.android.externalstorage/u0a11 for content provider com.android.externalstorage/.ExternalStorageProvider
05-06 20:59:06.478 19793 19793 E Zygote  : v2
05-06 20:59:06.478 19793 19793 I libpersona: KNOX_SDCARD checking this for 10011
05-06 20:59:06.478 19793 19793 W SELinux : Function: selinux_compare_spd_ram, index[1], priority [2], priority version is VE=SEPF_SECMOBILE_6.0.1_0010
05-06 20:59:06.478 19793 19793 I libpersona: KNOX_SDCARD not a persona
05-06 20:59:06.478 19793 19793 E Zygote  : accessInfo : 0
05-06 20:59:06.478 19793 19793 W SELinux : SELinux: seapp_context_lookup: seinfo=platform, level=s0:c512,c768, pkgname=com.android.externalstorage 
05-06 20:59:06.498 19803 19803 E Zygote  : v2
05-06 20:59:06.498 19803 19803 I libpersona: KNOX_SDCARD checking this for 10012
05-06 20:59:06.498 19803 19803 W SELinux : Function: selinux_compare_spd_ram, index[1], priority [2], priority version is VE=SEPF_SECMOBILE_6.0.1_0010
05-06 20:59:06.498 19803 19803 I libpersona: KNOX_SDCARD not a persona
05-06 20:59:06.498 19803 19803 E Zygote  : accessInfo : 0
05-06 20:59:06.498  1397  1416 I ActivityManager: Start proc 19803:com.facebook.system/u0a12 for broadcast-3 com.facebook.system/com.facebook.oxygen.installer.service.PackageReceiver
05-06 20:59:06.498 19803 19803 W SELinux : SELinux: seapp_context_lookup: seinfo=default, level=s0:c512,c768, pkgname=com.facebook.system 
05-06 20:59:06.498  1397  1416 I ActivityManager: Killing 18957:com.samsung.android.app.FileShareServer/5005 (adj 15): DHA:empty #33
05-06 20:59:06.508  1397  3321 D RestrictionPolicy: userId: 0, isMicrophoneEnabledAsUser : true
05-06 20:59:06.518  1397  2632 D RestrictionPolicy: userId: 0, isMicrophoneEnabledAsUser : true
05-06 20:59:06.518  1397  2460 D RestrictionPolicy: userId: 0, isMicrophoneEnabledAsUser : true
05-06 20:59:06.518  1397  2531 D RestrictionPolicy: userId: 0, isMicrophoneEnabledAsUser : true
05-06 20:59:06.518 19793 19793 D TimaKeyStoreProvider: TimaSignature is unavailable
05-06 20:59:06.518  1397  3355 D RestrictionPolicy: userId: 0, isMicrophoneEnabledAsUser : true
05-06 20:59:06.518 19793 19793 D ActivityThread: Added TimaKeyStore provider
05-06 20:59:06.518  1397  3343 D RestrictionPolicy: userId: 0, isMicrophoneEnabledAsUser : true
05-06 20:59:06.518  1397  1415 D RestrictionPolicy: userId: 0, isMicrophoneEnabledAsUser : true
05-06 20:59:06.518  1397  2697 D ActivityManager: isAutoRunBlockedApp:: com.samsung.android.app.FileShareServer, Auto Run ON
05-06 20:59:06.528  1397  3107 I ActivityManager: Killing 19022:com.google.android.apps.walletnfcrel/u0a84 (adj 15): DHA:empty #33
05-06 20:59:06.528 19803 19803 D TimaKeyStoreProvider: TimaSignature is unavailable
05-06 20:59:06.528 19803 19803 D ActivityThread: Added TimaKeyStore provider
05-06 20:59:06.538 19793 19793 W ResourcesManager: getTopLevelResources: /system/priv-app/ExternalStorageProvider/ExternalStorageProvider.apk / 1.0 running in com.android.externalstorage rsrc of package com.android.externalstorage
05-06 20:59:06.538  1397  3322 V BroadcastQueue: [background] Process cur broadcast BroadcastRecord{1810cd u0 android.intent.action.PACKAGE_FULLY_REMOVED qIdx=4}, state= (APP_RECEIVE) DELIVERED for app ProcessRecord{3358083 19803:com.facebook.system/u0a12}
05-06 20:59:06.538  1397  2649 I InjectionManagerService -AppFeature: getCoreFeaturePkgList :[]
05-06 20:59:06.538 19793 19793 I InjectionManager: Inside getClassLibPath + mLibMap{0=, 1=}
05-06 20:59:06.548 19793 19793 D ResourcesManager: For user 0 new overlays fetched Null
05-06 20:59:06.548 19803 19803 W ResourcesManager: getTopLevelResources: /data/app/com.facebook.system-1/base.apk / 1.0 running in com.facebook.system rsrc of package com.facebook.system
05-06 20:59:06.548 19793 19793 I InjectionManager: Inside getClassLibPath caller 
05-06 20:59:06.548  1397  2764 I InjectionManagerService -AppFeature: getCoreFeaturePkgList :[]
05-06 20:59:06.548 19803 19803 I InjectionManager: Inside getClassLibPath + mLibMap{0=, 1=}
05-06 20:59:06.548 19803 19803 D ResourcesManager: For user 0 new overlays fetched Null
05-06 20:59:06.548 19793 19793 W System  : ClassLoader referenced unknown path: /system/priv-app/ExternalStorageProvider/lib/arm64
05-06 20:59:06.548 19803 19803 I InjectionManager: Inside getClassLibPath caller 
05-06 20:59:06.558 19793 19793 D VolumeInfo: VolumeInfo from Parcel: id private ,type 1 ,disk null
05-06 20:59:06.558 19793 19793 D VolumeInfo: VolumeInfo from Parcel: id emulated ,type 2 ,disk null
05-06 20:59:06.558 19793 19793 D VolumeInfo: VolumeInfo from Parcel: id privatemode ,type 0 ,disk null
05-06 20:59:06.558 19803 19803 W System  : ClassLoader referenced unknown path: /data/app/com.facebook.system-1/lib/arm64
05-06 20:59:06.558  1397  2648 D ActivityManager: isAutoRunBlockedApp:: com.google.android.apps.walletnfcrel, Auto Run ON
05-06 20:59:06.558 19793 19793 D ExternalStorage: After updating volumes, found 1 active roots
05-06 20:59:06.558 19803 19803 D InjectionManager: InjectionManager
05-06 20:59:06.558 19803 19803 D InjectionManager: fillFeatureStoreMap com.facebook.system
05-06 20:59:06.558 19803 19803 I InjectionManager: Constructor com.facebook.system, Feature store :{}
05-06 20:59:06.558 19803 19803 I InjectionManager: featureStore :{}
05-06 20:59:06.558 19793 19793 D InjectionManager: InjectionManager
05-06 20:59:06.558 19793 19793 D InjectionManager: fillFeatureStoreMap com.android.externalstorage
05-06 20:59:06.558 19793 19793 I InjectionManager: Constructor com.android.externalstorage, Feature store :{}
05-06 20:59:06.558 19793 19793 I InjectionManager: featureStore :{}
05-06 20:59:06.568  1397  2649 V BroadcastQueue: [background] Process cur broadcast BroadcastRecord{1810cd u0 android.intent.action.PACKAGE_FULLY_REMOVED qIdx=4}, state= (APP_RECEIVE) DELIVERED for app ProcessRecord{db7cb57 18475:com.facebook.appmanager/u0a105}
05-06 20:59:06.568  1397  2649 I ActivityManager: Killing 19233:com.google.android.gms:car/u0a18 (adj 15): DHA:empty #33
05-06 20:59:06.568  1397  2649 V BroadcastQueue: [background] Process cur broadcast BroadcastRecord{1810cd u0 android.intent.action.PACKAGE_FULLY_REMOVED qIdx=4}, state= (APP_RECEIVE) DELIVERED for app ProcessRecord{922b64f 11169:com.google.android.gms/u0a18}
05-06 20:59:06.578  1397  2649 V BroadcastQueue: [background] Process cur broadcast BroadcastRecord{1810cd u0 android.intent.action.PACKAGE_FULLY_REMOVED qIdx=4}, state= (APP_RECEIVE) DELIVERED for app ProcessRecord{922b64f 11169:com.google.android.gms/u0a18}
05-06 20:59:06.588  1397  2649 V BroadcastQueue: [background] Process cur broadcast BroadcastRecord{4c5a1df u0 android.intent.action.UID_REMOVED qIdx=4}, state= (APP_RECEIVE) DELIVERED for app ProcessRecord{420f8cb 3626:android.process.media/u0a52}
05-06 20:59:06.588  3626  3626 V DownloadManager: onReceive intent + android.intent.action.UID_REMOVED
05-06 20:59:06.598  3292  5427 I GmsBackupTransport: Http Response Code : 200
05-06 20:59:06.608  1397  3321 V BroadcastQueue: [background] Process cur broadcast BroadcastRecord{f20e2c u0 com.google.android.apps.gsa.search.core.location.ACTIVITY_DETECTION qIdx=4}, state= (APP_RECEIVE) DELIVERED for app ProcessRecord{c9639a5 12096:com.google.android.googlequicksearchbox:search/u0a73}
05-06 20:59:06.618  1397  2460 D ActivityManager: isAutoRunBlockedApp:: com.google.android.gms, Auto Run ON
05-06 20:59:06.618  3292  3308 I GmsBackupTransport: Current restore package : PackageInfo{5635268 @pm@}
05-06 20:59:06.628  1397  2432 D BackupManagerService: initiateOneRestore packageName=@pm@
05-06 20:59:06.638  1397  2649 I ActivityManager: Start proc 19819:com.android.shell/2000 for content provider com.android.shell/.BugreportStorageProvider
05-06 20:59:06.638 19819 19819 E Zygote  : v2
05-06 20:59:06.638 19819 19819 I libpersona: KNOX_SDCARD checking this for 2000
05-06 20:59:06.638 19819 19819 I libpersona: KNOX_SDCARD not a persona
05-06 20:59:06.638 19819 19819 W SELinux : Function: selinux_compare_spd_ram, index[1], priority [2], priority version is VE=SEPF_SECMOBILE_6.0.1_0010
05-06 20:59:06.638  1397  2697 D RestrictionPolicy: userId: 0, isMicrophoneEnabledAsUser : true
05-06 20:59:06.638 19819 19819 E Zygote  : accessInfo : 0
05-06 20:59:06.638  1397  2531 D RestrictionPolicy: userId: 0, isMicrophoneEnabledAsUser : true
05-06 20:59:06.638  1397  3321 D RestrictionPolicy: userId: 0, isMicrophoneEnabledAsUser : true
05-06 20:59:06.638  1397  3209 D RestrictionPolicy: userId: 0, isMicrophoneEnabledAsUser : true
05-06 20:59:06.638  1397  2764 D RestrictionPolicy: userId: 0, isMicrophoneEnabledAsUser : true
05-06 20:59:06.638  1397  3343 D RestrictionPolicy: userId: 0, isMicrophoneEnabledAsUser : true
05-06 20:59:06.638  1397  2648 V BroadcastQueue: [background] Process cur broadcast BroadcastRecord{969a0f5 u0 com.samsung.android.sm.security.service.ACTION_THREAT_PACKAGE_REMOVED qIdx=4}, state= (APP_RECEIVE) DELIVERED for app ProcessRecord{f479e3b 19488:com.samsung.android.sm/1000}
05-06 20:59:06.648  1397  2648 V BroadcastQueue: [background] Process cur broadcast BroadcastRecord{3825e8a u-1 android.intent.action.PACKAGE_VERIFIED qIdx=4}, state= (APP_RECEIVE) DELIVERED for app ProcessRecord{7cc0a23 18289:com.android.vending/u0a34}
05-06 20:59:06.658 18289 18289 I Finsky  : [1] com.google.android.vending.verifier.PackageVerificationReceiver.onReceive(40): Verification requested, id = 162
05-06 20:59:06.668  1397  2432 V BackupManagerService: No more packages; finishing restore
05-06 20:59:06.678  1397  2432 D PackageManager: BM finishing package install for 169
05-06 20:59:06.678  1397  2432 I BackupRestoreController: restoreFinished for 0
05-06 20:59:06.678  1397  2432 I BackupManagerService: Restore complete.
05-06 20:59:06.678  1397  1571 D PackageManager: [MSG] POST_INSTALL: observer{58955464}
05-06 20:59:06.678  1397  1571 D PackageManager:           Handling post-install for 169
05-06 20:59:06.678 19819 19819 D TimaKeyStoreProvider: TimaSignature is unavailable
05-06 20:59:06.678 19819 19819 D ActivityThread: Added TimaKeyStore provider
05-06 20:59:06.678  1397  1571 W Settings: Setting install_non_market_apps has moved from android.provider.Settings.Global to android.provider.Settings.Secure, returning read-only value.
05-06 20:59:06.678  1397  1571 I art     : Starting a blocking GC Explicit
05-06 20:59:06.678 19831 19831 E Zygote  : v2
05-06 20:59:06.678 19831 19831 I libpersona: KNOX_SDCARD checking this for 10039
05-06 20:59:06.678 19831 19831 I libpersona: KNOX_SDCARD not a persona
05-06 20:59:06.678 19831 19831 W SELinux : Function: selinux_compare_spd_ram, index[1], priority [2], priority version is VE=SEPF_SECMOBILE_6.0.1_0010
05-06 20:59:06.678 19831 19831 E Zygote  : accessInfo : 0
05-06 20:59:06.678 19831 19831 W SELinux : SELinux: seapp_context_lookup: seinfo=release, level=s0:c512,c768, pkgname=com.sec.android.app.shealth 
05-06 20:59:06.688  1397  3107 I ActivityManager: Start proc 19831:com.sec.android.app.shealth/u0a39 for broadcast-3 com.sec.android.app.shealth/com.samsung.android.app.shealth.serviceframework.partner.PluginBroadcastReceiver
05-06 20:59:06.688  1397  2764 I ActivityManager: Killing 19334:com.google.android.gm/u0a115 (adj 15): DHA:empty #33
05-06 20:59:06.708 19819 19819 W ResourcesManager: getTopLevelResources: /system/priv-app/Shell/Shell.apk / 1.0 running in com.android.shell rsrc of package com.android.shell
05-06 20:59:06.718  1397  2764 I InjectionManagerService -AppFeature: getCoreFeaturePkgList :[]
05-06 20:59:06.718 19819 19819 I InjectionManager: Inside getClassLibPath + mLibMap{0=, 1=}
05-06 20:59:06.718 19819 19819 D ResourcesManager: For user 0 new overlays fetched Null
05-06 20:59:06.718 19819 19819 I InjectionManager: Inside getClassLibPath caller 
05-06 20:59:06.728 19831 19831 D TimaKeyStoreProvider: TimaSignature is unavailable
05-06 20:59:06.728 19831 19831 D ActivityThread: Added TimaKeyStore provider
05-06 20:59:06.728 19819 19819 W System  : ClassLoader referenced unknown path: /system/priv-app/Shell/lib/arm64
05-06 20:59:06.728 19819 19819 W ResourcesManager: getTopLevelResources: /system/priv-app/Shell/Shell.apk / 1.0 running in com.android.shell rsrc of package com.android.shell
05-06 20:59:06.738  1397  3209 V BroadcastQueue: [background] Process cur broadcast BroadcastRecord{11bedd7 u0 com.samsung.android.intent.action.PACKAGE_REMOVED qIdx=4}, state= (APP_RECEIVE) DELIVERED for app ProcessRecord{6a5f6c4 19831:com.sec.android.app.shealth/u0a39}
05-06 20:59:06.748  1397  3322 D ActivityManager: isAutoRunBlockedApp:: com.google.android.gm, Auto Run ON
05-06 20:59:06.748 19819 19819 D InjectionManager: InjectionManager
05-06 20:59:06.748 19819 19819 D InjectionManager: fillFeatureStoreMap com.android.shell
05-06 20:59:06.748 19819 19819 I InjectionManager: Constructor com.android.shell, Feature store :{}
05-06 20:59:06.748 19819 19819 I InjectionManager: featureStore :{}
05-06 20:59:06.758 19831 19831 W ResourcesManager: getTopLevelResources: /data/app/com.sec.android.app.shealth-1/base.apk / 1.0 running in com.sec.android.app.shealth rsrc of package com.sec.android.app.shealth
05-06 20:59:06.758  1397  3355 I InjectionManagerService -AppFeature: getCoreFeaturePkgList :[]
05-06 20:59:06.758 19831 19831 I InjectionManager: Inside getClassLibPath + mLibMap{0=, 1=}
05-06 20:59:06.768 19831 19831 D ResourcesManager: For user 0 new overlays fetched Null
05-06 20:59:06.768  1397  2531 D RestrictionPolicy: userId: 0, isMicrophoneEnabledAsUser : true
05-06 20:59:06.768 19831 19831 I InjectionManager: Inside getClassLibPath caller 
05-06 20:59:06.768  1397  3317 D RestrictionPolicy: userId: 0, isMicrophoneEnabledAsUser : true
05-06 20:59:06.768  1397  3209 D RestrictionPolicy: userId: 0, isMicrophoneEnabledAsUser : true
05-06 20:59:06.768  1397  3355 D RestrictionPolicy: userId: 0, isMicrophoneEnabledAsUser : true
05-06 20:59:06.768  1397  3322 D RestrictionPolicy: userId: 0, isMicrophoneEnabledAsUser : true
05-06 20:59:06.768  1397  2649 D RestrictionPolicy: userId: 0, isMicrophoneEnabledAsUser : true
05-06 20:59:06.768  1397  3321 D RestrictionPolicy: userId: 0, isMicrophoneEnabledAsUser : true
05-06 20:59:06.778  1397  2855 E Watchdog: !@Sync 6720 [05-06 20:59:06.789]
05-06 20:59:06.778 19831 19831 I MultiDex: VM with version 2.1.0 has multidex support
05-06 20:59:06.778 19831 19831 I MultiDex: install
05-06 20:59:06.778 19831 19831 I MultiDex: VM has multidex support, MultiDex support library is disabled.
05-06 20:59:06.778 19831 19831 I MultiDex: install
05-06 20:59:06.778 19831 19831 I MultiDex: VM has multidex support, MultiDex support library is disabled.
05-06 20:59:06.778 19774 19792 D Documents: Update found 10 roots in 319ms
05-06 20:59:06.788 19831 19831 W ResourcesManager: getTopLevelResources: /data/app/com.sec.android.app.shealth-1/base.apk / 1.0 running in com.sec.android.app.shealth rsrc of package com.sec.android.app.shealth
05-06 20:59:06.788 19774 19817 D Documents: Update found 10 roots in 230ms
05-06 20:59:06.848 19831 19831 D InjectionManager: InjectionManager
05-06 20:59:06.848 19831 19831 D InjectionManager: fillFeatureStoreMap com.sec.android.app.shealth
05-06 20:59:06.848 19831 19831 I InjectionManager: Constructor com.sec.android.app.shealth, Feature store :{}
05-06 20:59:06.848 19831 19831 I InjectionManager: featureStore :{}
05-06 20:59:06.868 19831 19831 D HealthDataStore: Service for HealthDataStore is connected
05-06 20:59:06.868  1397  1571 I art     : Explicit concurrent mark sweep GC freed 135178(8MB) AllocSpace objects, 10(232KB) LOS objects, 16% free, 79MB/95MB, paused 1.745ms total 192.230ms
05-06 20:59:06.868  1397  1571 D PackageManager: result of install: 1{58955464}
Success
05-06 20:59:06.868 19546 19546 I art     : System.exit called, status: 0
05-06 20:59:06.868 19546 19546 I AndroidRuntime: VM exiting with result code 0.
05-06 20:59:06.888  1397  2531 V BroadcastQueue: [background] Process cur broadcast BroadcastRecord{11bedd7 u0 com.samsung.android.intent.action.PACKAGE_REMOVED qIdx=4}, state= (APP_RECEIVE) DELIVERED for app ProcessRecord{36fbcf8 17879:com.sec.android.app.shealth:remote/u0a39}
05-06 20:59:06.888 19831 19831 D S HEALTH - HealthDataStoreManager: HealthDataStoreManager.onConnected (19831)
05-06 20:59:06.888  1397  1397 W ResourcesManager: getTopLevelResources: /data/app/com.google.android.gms-1/base.apk / 1.0 running in null rsrc of package com.google.android.gms
05-06 20:59:06.898  1397  1466 W ResourcesManager: getTopLevelResources: /system/app/SamsungIMEv3/SamsungIMEv3.apk / 1.0 running in null rsrc of package com.sec.android.inputmethod
05-06 20:59:06.898  1397  2460 D RestrictionPolicy: userId: 0, isMicrophoneEnabledAsUser : true
05-06 20:59:06.898  1397  3355 D RestrictionPolicy: userId: 0, isMicrophoneEnabledAsUser : true
05-06 20:59:06.898  1397  1416 D RestrictionPolicy: userId: 0, isMicrophoneEnabledAsUser : true
05-06 20:59:06.898  1397  2632 D RestrictionPolicy: userId: 0, isMicrophoneEnabledAsUser : true
05-06 20:59:06.898  1397  2697 D RestrictionPolicy: userId: 0, isMicrophoneEnabledAsUser : true
05-06 20:59:06.898  1397  3343 D RestrictionPolicy: userId: 0, isMicrophoneEnabledAsUser : true
05-06 20:59:06.908  1397  1397 D ResourcesManager: For user 0 new overlays fetched Null
05-06 20:59:06.908  1397  1397 W ResourcesManager: getTopLevelResources: /data/app/com.google.android.gms-1/base.apk / 1.0 running in null rsrc of package com.google.android.gms
05-06 20:59:06.908  1397  1397 W ResourcesManager: getTopLevelResources: /system/priv-app/SNS_v2/SNS_v2.apk / 1.0 running in null rsrc of package com.sec.android.app.sns3
05-06 20:59:06.908 19831 19831 D HealthConsole: Service for HealthDataConsole is connected
05-06 20:59:06.908  1397  1397 D ResourcesManager: For user 0 new overlays fetched Null
05-06 20:59:06.908  1397  1397 W ResourcesManager: getTopLevelResources: /system/priv-app/SNS_v2/SNS_v2.apk / 1.0 running in null rsrc of package com.sec.android.app.sns3
05-06 20:59:06.908  1397  1397 W ResourcesManager: getTopLevelResources: /system/priv-app/SNS_v2/SNS_v2.apk / 1.0 running in null rsrc of package com.sec.android.app.sns3
05-06 20:59:06.908  1397  1397 W ResourcesManager: getTopLevelResources: /system/priv-app/SNS_v2/SNS_v2.apk / 1.0 running in null rsrc of package com.sec.android.app.sns3
05-06 20:59:06.908  1397  1397 W ResourcesManager: getTopLevelResources: /system/priv-app/SNS_v2/SNS_v2.apk / 1.0 running in null rsrc of package com.sec.android.app.sns3
05-06 20:59:06.908  1397  1397 W ResourcesManager: getTopLevelResources: /system/priv-app/SNS_v2/SNS_v2.apk / 1.0 running in null rsrc of package com.sec.android.app.sns3
05-06 20:59:06.908  1397  1397 W ResourcesManager: getTopLevelResources: /system/priv-app/SNS_v2/SNS_v2.apk / 1.0 running in null rsrc of package com.sec.android.app.sns3
05-06 20:59:06.908  1397  1397 W ResourcesManager: getTopLevelResources: /system/priv-app/SNS_v2/SNS_v2.apk / 1.0 running in null rsrc of package com.sec.android.app.sns3
05-06 20:59:06.908  1397  1397 W ResourcesManager: getTopLevelResources: /system/priv-app/SNS_v2/SNS_v2.apk / 1.0 running in null rsrc of package com.sec.android.app.sns3
05-06 20:59:06.908  1397  1397 W ResourcesManager: getTopLevelResources: /system/priv-app/SNS_v2/SNS_v2.apk / 1.0 running in null rsrc of package com.sec.android.app.sns3
05-06 20:59:06.908  1397  1397 W ResourcesManager: getTopLevelResources: /system/priv-app/SamsungAccount_Hero/SamsungAccount_Hero.apk / 1.0 running in null rsrc of package com.osp.app.signin
05-06 20:59:06.918  1397  1397 D ResourcesManager: For user 0 new overlays fetched Null
05-06 20:59:06.918  1397  1397 W ResourcesManager: getTopLevelResources: /system/priv-app/SamsungAccount_Hero/SamsungAccount_Hero.apk / 1.0 running in null rsrc of package com.osp.app.signin
05-06 20:59:06.918  1397  1397 W ResourcesManager: getTopLevelResources: /system/app/CoreApps/CoreApps.apk / 1.0 running in null rsrc of package com.samsung.android.coreapps
05-06 20:59:06.918  1397  1397 D ResourcesManager: For user 0 new overlays fetched [/data/overlays/style/com.cambunch.MaterialDark/com.cambunch.MaterialDark.touchwiz.apk, /data/overlays/style/com.cambunch.MaterialDark/com.cambunch.MaterialDark.coreapps.apk, /data/overlays/style/com.cambunch.MaterialDark/com.cambunch.MaterialDark.common.apk]
05-06 20:59:06.918  1397  1397 W ResourceType: ResTable_typeSpec entry count inconsistent: given 3, previously 118
05-06 20:59:06.918  1397  1397 W ResourcesManager: getTopLevelResources: /system/app/CoreApps/CoreApps.apk / 1.0 running in null rsrc of package com.samsung.android.coreapps
05-06 20:59:06.918  1397  1397 W ResourcesManager: getTopLevelResources: /data/app/com.google.android.gm-1/base.apk / 1.0 running in null rsrc of package com.google.android.gm
05-06 20:59:06.918  1397  1397 W ResourcesManager: getTopLevelResources: /data/app/com.google.android.gm-1/base.apk / 1.0 running in null rsrc of package com.google.android.gm
05-06 20:59:06.918  1397  1397 W ResourcesManager: getTopLevelResources: /data/app/com.google.android.gm-1/base.apk / 1.0 running in null rsrc of package com.google.android.gm
05-06 20:59:06.918  1397  1397 W ResourcesManager: getTopLevelResources: /data/app/com.google.android.gm-1/base.apk / 1.0 running in null rsrc of package com.google.android.gm
05-06 20:59:06.918  1397  1397 W ResourcesManager: getTopLevelResources: /data/app/com.google.android.gm-1/base.apk / 1.0 running in null rsrc of package com.google.android.gm
05-06 20:59:06.918  1397  1397 W ResourcesManager: getTopLevelResources: /data/app/com.google.android.gm-1/base.apk / 1.0 running in null rsrc of package com.google.android.gm
05-06 20:59:06.918  1397  1397 W ResourcesManager: getTopLevelResources: /data/app/com.humblebundle.library-1/base.apk / 1.0 running in null rsrc of package com.humblebundle.library
05-06 20:59:06.918  1397  1397 D ResourcesManager: For user 0 new overlays fetched Null
05-06 20:59:06.928  1397  1397 W ResourcesManager: getTopLevelResources: /data/app/com.humblebundle.library-1/base.apk / 1.0 running in null rsrc of package com.humblebundle.library
05-06 20:59:06.928  1397  1397 W ResourcesManager: getTopLevelResources: /data/app/com.microsoft.office.onenote-1/base.apk / 1.0 running in null rsrc of package com.microsoft.office.onenote
05-06 20:59:06.928  1397  1397 D ResourcesManager: For user 0 new overlays fetched Null
05-06 20:59:06.928  1397  1397 W ResourcesManager: getTopLevelResources: /data/app/com.microsoft.office.onenote-1/base.apk / 1.0 running in null rsrc of package com.microsoft.office.onenote
05-06 20:59:06.928  1397  1397 W ResourcesManager: getTopLevelResources: /data/app/com.microsoft.office.onenote-1/base.apk / 1.0 running in null rsrc of package com.microsoft.office.onenote
05-06 20:59:06.928  1397  1397 W ResourcesManager: getTopLevelResources: /data/app/com.microsoft.office.onenote-1/base.apk / 1.0 running in null rsrc of package com.microsoft.office.onenote
05-06 20:59:06.928  1397  1397 W ResourcesManager: getTopLevelResources: /data/app/org.thoughtcrime.securesms-1/base.apk / 1.0 running in null rsrc of package org.thoughtcrime.securesms
05-06 20:59:06.928  1397  1397 D ResourcesManager: For user 0 new overlays fetched Null
05-06 20:59:06.928  1397  1397 W ResourcesManager: getTopLevelResources: /data/app/org.thoughtcrime.securesms-1/base.apk / 1.0 running in null rsrc of package org.thoughtcrime.securesms
05-06 20:59:06.928  1397  1397 W ResourcesManager: getTopLevelResources: /data/app/org.mozilla.firefox-2/base.apk / 1.0 running in null rsrc of package org.mozilla.firefox
05-06 20:59:06.928  1397  1397 W ResourcesManager: getTopLevelResources: /data/app/org.mozilla.firefox-2/base.apk / 1.0 running in null rsrc of package org.mozilla.firefox
05-06 20:59:06.928  1397  1397 W ResourcesManager: getTopLevelResources: /data/app/com.skype.raider-2/base.apk / 1.0 running in null rsrc of package com.skype.raider
05-06 20:59:06.938  1397  1397 D ResourcesManager: For user 0 new overlays fetched Null
05-06 20:59:06.938  1397  1466 D ResourcesManager: For user 0 new overlays fetched [/data/overlays/style/com.cambunch.MaterialDark/com.cambunch.MaterialDark.inputmethod.apk, /data/overlays/style/com.cambunch.MaterialDark/com.cambunch.MaterialDark.touchwiz.apk, /data/overlays/style/com.cambunch.MaterialDark/com.cambunch.MaterialDark.common.apk]
05-06 20:59:06.938  1397  1397 W ResourcesManager: getTopLevelResources: /data/app/com.skype.raider-2/base.apk / 1.0 running in null rsrc of package com.skype.raider
05-06 20:59:06.938  1397  1397 W ResourcesManager: getTopLevelResources: /data/app/com.facebook.orca-2/base.apk / 1.0 running in null rsrc of package com.facebook.orca
05-06 20:59:06.938  1397  1498 W ResourcesManager: getTopLevelResources: /system/priv-app/InputDevices/InputDevices.apk / 1.0 running in null rsrc of package com.android.inputdevices
05-06 20:59:06.948 28275 28275 D ucsBai_ConnectionManager: mPackageReceiver Action android.intent.action.PACKAGE_ADDED
05-06 20:59:06.948  6377  6377 D ThemeManagerService: BroadcastReceiver packageName :plv.colorado.edu.callinsbenchmark, action = android.intent.action.PACKAGE_ADDED
05-06 20:59:06.948  4974  4974 I PackagesBroadcastReceiverCmd: PackagesMonitor onReceive :plv.colorado.edu.callinsbenchmark
05-06 20:59:06.958  2663  2663 I Recents_MultiWindowAppListInfo: android.intent.action.PACKAGE_ADDED
05-06 20:59:06.958  1397  2531 V BroadcastQueue: [background] Process cur broadcast BroadcastRecord{11bedd7 u0 com.samsung.android.intent.action.PACKAGE_REMOVED qIdx=4}, state= (APP_RECEIVE) DELIVERED for app ProcessRecord{36fbcf8 17879:com.sec.android.app.shealth:remote/u0a39}
05-06 20:59:06.968  3018  3018 D CarrierServiceBindHelper: Receive action: android.intent.action.PACKAGE_ADDED
05-06 20:59:06.968  3010  3010 W ResourcesManager: getTopLevelResources: /data/app/com.google.android.gms-1/base.apk / 1.0 running in com.android.nfc rsrc of package com.google.android.gms
05-06 20:59:06.968  3018  3018 D CarrierServiceBindHelper: mHandler: 3
05-06 20:59:06.968  1397  3343 I ActivityManager: Killing 19247:com.google.process.gapps/u0a18 (adj 15): DHA:empty #33
05-06 20:59:06.968  3018  3018 D CarrierConfigLoader: mHandler: 9 phoneId: 0
05-06 20:59:06.968  3010  3010 D ResourcesManager: For user 0 new overlays fetched Null
05-06 20:59:06.968  3010  3010 W ResourcesManager: getTopLevelResources: /data/app/com.google.android.gms-1/base.apk / 1.0 running in com.android.nfc rsrc of package com.google.android.gms
05-06 20:59:06.978  3010  3010 D ApduServiceInfo: seId: 0
05-06 20:59:06.978 19831 19853 I GAv4    : Google Analytics 7.5.71 is starting up. To enable debug logging on a device run:
05-06 20:59:06.978 19831 19853 I GAv4    :   adb shell setprop log.tag.GAv4 DEBUG
05-06 20:59:06.978 19831 19853 I GAv4    :   adb logcat -s GAv4
05-06 20:59:06.978  3010  3010 W ResourcesManager: getTopLevelResources: /data/app/com.google.android.apps.walletnfcrel-2/base.apk / 1.0 running in com.android.nfc rsrc of package com.google.android.apps.walletnfcrel
05-06 20:59:06.978  3010  3010 D ResourcesManager: For user 0 new overlays fetched Null
05-06 20:59:06.988  3010  3010 D ApduServiceInfo: seId: 0
05-06 20:59:06.978  3010  3010 W ResourcesManager: getTopLevelResources: /data/app/com.google.android.apps.walletnfcrel-2/base.apk / 1.0 running in com.android.nfc rsrc of package com.google.android.apps.walletnfcrel
05-06 20:59:06.988 19774 19857 D Documents: Update found 10 roots in 32ms
05-06 20:59:06.988  3010  3010 D ApduServiceInfo: seId: 0
05-06 20:59:06.988  3010  3010 W ResourcesManager: getTopLevelResources: /data/app/com.samsung.android.spayfw-1/base.apk / 1.0 running in com.android.nfc rsrc of package com.samsung.android.spayfw
05-06 20:59:06.988  3010  3010 D ResourcesManager: For user 0 new overlays fetched Null
05-06 20:59:06.988  3010  3010 W ResourcesManager: getTopLevelResources: /data/app/com.samsung.android.spayfw-1/base.apk / 1.0 running in com.android.nfc rsrc of package com.samsung.android.spayfw
05-06 20:59:06.988  1397  3317 V BroadcastQueue: [background] Process cur broadcast BroadcastRecord{304cdde u0 com.samsung.android.providers.context.log.action.USE_APP_FEATURE_SURVEY qIdx=4}, state= (APP_RECEIVE) DELIVERED for app ProcessRecord{86b504e 3364:com.samsung.android.providers.context/u0a8}
05-06 20:59:07.018  1397  2460 D RestrictionPolicy: userId: 0, isMicrophoneEnabledAsUser : true
05-06 20:59:07.038  3010 19861 D RegisteredComponentCache: Collect Tech packages for Knox
05-06 20:59:07.018  1397  1415 I ActivityManager: Start proc 19862:com.google.android.partnersetup/u0a22 for broadcast-3 com.google.android.partnersetup/.RlzPingBroadcastReceiver
05-06 20:59:07.038 19862 19862 E Zygote  : v2
05-06 20:59:07.018  1397  1416 D RestrictionPolicy: userId: 0, isMicrophoneEnabledAsUser : true
05-06 20:59:07.038 19862 19862 W SELinux : Function: selinux_compare_spd_ram, index[1], priority [2], priority version is VE=SEPF_SECMOBILE_6.0.1_0010
05-06 20:59:07.018  1397  2649 D RestrictionPolicy: userId: 0, isMicrophoneEnabledAsUser : true
05-06 20:59:07.038 19862 19862 E Zygote  : accessInfo : 0
05-06 20:59:07.018  1397  2697 D RestrictionPolicy: userId: 0, isMicrophoneEnabledAsUser : true
05-06 20:59:07.038 19862 19862 W SELinux : SELinux: seapp_context_lookup: seinfo=untrusted, level=s0:c512,c768, pkgname=com.google.android.partnersetup 
05-06 20:59:07.018  1397  3343 D RestrictionPolicy: userId: 0, isMicrophoneEnabledAsUser : true
05-06 20:59:07.018  1397  3355 D RestrictionPolicy: userId: 0, isMicrophoneEnabledAsUser : true
05-06 20:59:07.018  3010 19861 W ResourcesManager: getTopLevelResources: /data/app/com.sec.android.app.shealth-1/base.apk / 1.0 running in com.android.nfc rsrc of package com.sec.android.app.shealth
05-06 20:59:07.028  3010 19861 D ResourcesManager: For user 0 new overlays fetched Null
05-06 20:59:07.028  3010 19861 W ResourcesManager: getTopLevelResources: /data/app/com.sec.android.app.shealth-1/base.apk / 1.0 running in com.android.nfc rsrc of package com.sec.android.app.shealth
05-06 20:59:07.028  3010 19861 W ResourcesManager: getTopLevelResources: /system/priv-app/Tag/Tag.apk / 1.0 running in com.android.nfc rsrc of package com.android.apps.tag
05-06 20:59:07.028  3010 19861 D ResourcesManager: For user 0 new overlays fetched [/data/overlays/style/com.cambunch.MaterialDark/com.cambunch.MaterialDark.touchwiz.apk, /data/overlays/style/com.cambunch.MaterialDark/com.cambunch.MaterialDark.common.apk]
05-06 20:59:07.038  3010 19861 W ResourcesManager: getTopLevelResources: /system/priv-app/Tag/Tag.apk / 1.0 running in com.android.nfc rsrc of package com.android.apps.tag
05-06 20:59:07.038 19862 19862 I libpersona: KNOX_SDCARD checking this for 10022
05-06 20:59:07.038 19862 19862 I libpersona: KNOX_SDCARD not a persona
05-06 20:59:07.048 19831 19853 W GAv4    : AnalyticsReceiver is not registered or is disabled. Register the receiver for reliable dispatching on non-Google Play devices. See http://goo.gl/8Rd3yj for instructions.
05-06 20:59:07.038 19831 19853 W ResourcesManager: getTopLevelResources: /data/app/com.sec.android.app.shealth-1/base.apk / 1.0 running in com.sec.android.app.shealth rsrc of package com.sec.android.app.shealth
05-06 20:59:07.048  1397  3321 V AlarmManager:  remove PendingIntent] PendingIntent{7797bbf: PendingIntentRecord{728128c com.sec.android.app.shealth broadcastIntent}}
05-06 20:59:07.048 19831 19853 W GAv4    : CampaignTrackingReceiver is not registered, not exported or is disabled. Installation campaign tracking is not possible. See http://goo.gl/8Rd3yj for instructions.
05-06 20:59:07.058 19831 19853 W GAv4    : int configuration name not recognized: ga_dispatchPeriod
05-06 20:59:07.098 19862 19862 D TimaKeyStoreProvider: TimaSignature is unavailable
05-06 20:59:07.098 19862 19862 D ActivityThread: Added TimaKeyStore provider
05-06 20:59:07.108 19831 19840 W art     : Suspending all threads took: 6.167ms
05-06 20:59:07.108  1397  3321 D ActivityManager: isAutoRunBlockedApp:: com.google.android.gsf, Auto Run ON
05-06 20:59:07.118  1397  2764 V BroadcastQueue: [background] Process cur broadcast BroadcastRecord{5febdd5 u0 android.intent.action.PACKAGE_ADDED qIdx=4}, state= (APP_RECEIVE) DELIVERED for app ProcessRecord{30be9ea 19862:com.google.android.partnersetup/u0a22}
05-06 20:59:07.118  1397  1397 D ResourcesManager: For user 0 new overlays fetched Null
05-06 20:59:07.118  1397  1397 W ResourcesManager: getTopLevelResources: /data/app/com.facebook.orca-2/base.apk / 1.0 running in null rsrc of package com.facebook.orca
05-06 20:59:07.118  1397  1397 W ResourcesManager: getTopLevelResources: /system/priv-app/GoogleServicesFramework/GoogleServicesFramework.apk / 1.0 running in null rsrc of package com.google.android.gsf
05-06 20:59:07.118  1397  1397 D ResourcesManager: For user 0 new overlays fetched Null
05-06 20:59:07.118  1397  1397 W ResourcesManager: getTopLevelResources: /system/priv-app/GoogleServicesFramework/GoogleServicesFramework.apk / 1.0 running in null rsrc of package com.google.android.gsf
05-06 20:59:07.118  1397  1397 W ResourcesManager: getTopLevelResources: /system/priv-app/SCloudServiceHero/SCloudServiceHero.apk / 1.0 running in null rsrc of package com.samsung.android.scloud
05-06 20:59:07.128  1397  1397 D ResourcesManager: For user 0 new overlays fetched [/data/overlays/style/com.cambunch.MaterialDark/com.cambunch.MaterialDark.touchwiz.apk, /data/overlays/style/com.cambunch.MaterialDark/com.cambunch.MaterialDark.backup.apk, /data/overlays/style/com.cambunch.MaterialDark/com.cambunch.MaterialDark.common.apk]
05-06 20:59:07.128  1397  1397 W ResourcesManager: getTopLevelResources: /system/priv-app/SCloudServiceHero/SCloudServiceHero.apk / 1.0 running in null rsrc of package com.samsung.android.scloud
05-06 20:59:07.128  1397  1397 W ResourcesManager: getTopLevelResources: /system/priv-app/SCloudServiceHero/SCloudServiceHero.apk / 1.0 running in null rsrc of package com.samsung.android.scloud
05-06 20:59:07.128  1397  1397 W ResourcesManager: getTopLevelResources: /system/priv-app/SCloudServiceHero/SCloudServiceHero.apk / 1.0 running in null rsrc of package com.samsung.android.scloud
05-06 20:59:07.128  1397  1397 W ResourcesManager: getTopLevelResources: /system/priv-app/SCloudServiceHero/SCloudServiceHero.apk / 1.0 running in null rsrc of package com.samsung.android.scloud
05-06 20:59:07.128  1397  1397 W ResourcesManager: getTopLevelResources: /system/priv-app/SCloudServiceHero/SCloudServiceHero.apk / 1.0 running in null rsrc of package com.samsung.android.scloud
05-06 20:59:07.128  1397  1397 W ResourcesManager: getTopLevelResources: /system/priv-app/SCloudServiceHero/SCloudServiceHero.apk / 1.0 running in null rsrc of package com.samsung.android.scloud
05-06 20:59:07.128  1397  1397 W ResourcesManager: getTopLevelResources: /system/priv-app/SCloudServiceHero/SCloudServiceHero.apk / 1.0 running in null rsrc of package com.samsung.android.scloud
05-06 20:59:07.128  1397  1397 W ResourcesManager: getTopLevelResources: /system/priv-app/SCloudServiceHero/SCloudServiceHero.apk / 1.0 running in null rsrc of package com.samsung.android.scloud
05-06 20:59:07.128  1397  1397 W ResourcesManager: getTopLevelResources: /system/priv-app/SCloudServiceHero/SCloudServiceHero.apk / 1.0 running in null rsrc of package com.samsung.android.scloud
05-06 20:59:07.128  1397  1397 W ResourcesManager: getTopLevelResources: /system/priv-app/SCloudServiceHero/SCloudServiceHero.apk / 1.0 running in null rsrc of package com.samsung.android.scloud
05-06 20:59:07.128  1397  1397 W ResourcesManager: getTopLevelResources: /system/priv-app/SCloudServiceHero/SCloudServiceHero.apk / 1.0 running in null rsrc of package com.samsung.android.scloud
05-06 20:59:07.128  1397  1397 W ResourcesManager: getTopLevelResources: /system/priv-app/SCloudServiceHero/SCloudServiceHero.apk / 1.0 running in null rsrc of package com.samsung.android.scloud
05-06 20:59:07.128  1397  1397 W ResourcesManager: getTopLevelResources: /system/priv-app/SCloudServiceHero/SCloudServiceHero.apk / 1.0 running in null rsrc of package com.samsung.android.scloud
05-06 20:59:07.128  1397  1397 W ResourcesManager: getTopLevelResources: /system/priv-app/SNS_v2/SNS_v2.apk / 1.0 running in null rsrc of package com.sec.android.app.sns3
05-06 20:59:07.128  1397  1397 W ResourcesManager: getTopLevelResources: /system/priv-app/SNS_v2/SNS_v2.apk / 1.0 running in null rsrc of package com.sec.android.app.sns3
05-06 20:59:07.128  1397  1397 W ResourcesManager: getTopLevelResources: /system/priv-app/SNS_v2/SNS_v2.apk / 1.0 running in null rsrc of package com.sec.android.app.sns3
05-06 20:59:07.128  1397  1397 W ResourcesManager: getTopLevelResources: /system/priv-app/SNS_v2/SNS_v2.apk / 1.0 running in null rsrc of package com.sec.android.app.sns3
05-06 20:59:07.128 19831 19869 W GAv4    : AnalyticsService not registered in the app manifest. Hits might not be delivered reliably. See http://goo.gl/8Rd3yj for instructions.
05-06 20:59:07.128  1397  1397 W ResourcesManager: getTopLevelResources: /system/priv-app/SNS_v2/SNS_v2.apk / 1.0 running in null rsrc of package com.sec.android.app.sns3
