05-06 20:59:02.358  1397  1466 W ResourcesManager: getTopLevelResources: /system/app/STalkback/STalkback.apk / 1.0 running in null rsrc of package com.samsung.android.app.talkback
05-06 20:59:02.358  1397  1466 W ResourcesManager: getTopLevelResources: /system/app/UniversalSwitch/UniversalSwitch.apk / 1.0 running in null rsrc of package com.samsung.android.universalswitch
05-06 20:59:02.358  1397  1466 D ResourcesManager: For user 0 new overlays fetched [/data/overlays/style/com.cambunch.MaterialDark/com.cambunch.MaterialDark.touchwiz.apk, /data/overlays/style/com.cambunch.MaterialDark/com.cambunch.MaterialDark.universalswitch.apk, /data/overlays/style/com.cambunch.MaterialDark/com.cambunch.MaterialDark.common.apk]
05-06 20:59:02.358  1397  1466 W ResourcesManager: getTopLevelResources: /system/app/UniversalSwitch/UniversalSwitch.apk / 1.0 running in null rsrc of package com.samsung.android.universalswitch
05-06 20:59:02.358  1397  1466 W ResourcesManager: getTopLevelResources: /data/app/com.google.android.marvin.talkback-1/base.apk / 1.0 running in null rsrc of package com.google.android.marvin.talkback
05-06 20:59:02.358  1397  1466 D ResourcesManager: For user 0 new overlays fetched [/data/overlays/style/com.cambunch.MaterialDark/com.cambunch.MaterialDark.touchwiz.apk, /data/overlays/style/com.cambunch.MaterialDark/com.cambunch.MaterialDark.common.apk]
05-06 20:59:02.368  1397  1466 W ResourcesManager: getTopLevelResources: /data/app/com.google.android.marvin.talkback-1/base.apk / 1.0 running in null rsrc of package com.google.android.marvin.talkback
05-06 20:59:02.368  1397  1466 W ResourcesManager: getTopLevelResources: /data/app/com.google.android.marvin.talkback-1/base.apk / 1.0 running in null rsrc of package com.google.android.marvin.talkback
05-06 20:59:02.368  1397  1466 W ResourcesManager: getTopLevelResources: /data/app/com.google.android.marvin.talkback-1/base.apk / 1.0 running in null rsrc of package com.google.android.marvin.talkback
05-06 20:59:02.368  1397  1397 D AccessibilityManagerService: checkUniversalSwitchState start:
05-06 20:59:02.368  1397  1397 D AccessibilityManagerService: checkUniversalSwitchState universalSwitchEnabled:false
05-06 20:59:02.368  1397  1397 D AccessibilityManagerService: updateInputFilter universalSwitchState:false
05-06 20:59:02.368  1397  1397 D AccessibilityManagerService: updateInputFilter userState.mIsUniversalSwitchEnabled:false
05-06 20:59:02.378  1397  1397 I HarmonyEASService: onReceive : android.intent.action.PACKAGE_REMOVED for 0
05-06 20:59:02.378  1397  1466 D EnterpriseDeviceManagerService: Package has changed for user 0
05-06 20:59:02.378  1397  1466 D EnterpriseDeviceManagerService: Admin package name: com.ospolice.packagedisablerpremium
05-06 20:59:02.378  1397  1466 D EnterpriseDeviceManagerService: Admin package name: com.google.android.gms
05-06 20:59:02.398  1397  1397 D UniversalCredentialManagerService: inside mPkgReciever onReceive : android.intent.action.PACKAGE_REMOVED
05-06 20:59:02.398  1397  1397 D UniversalCredentialManagerService: ACTION_PACKAGE_REMOVED is called....
05-06 20:59:02.398  1397  1397 D UniversalCredentialManagerService: ****MSG_CLEAN_INFO block started****
05-06 20:59:02.398  1397  1397 D UniversalCredentialManagerService: uid - 10294, userId-0
05-06 20:59:02.398  1397  1397 D UniversalCredentialManagerService: notifyChangeToPlugin is called for package uninstalled...
05-06 20:59:02.398  1397  1397 D UcmService: notifyChangeToPlugin event 12
05-06 20:59:02.398  1397  1397 D UcmService: checkCallerPermissionFor is called for method-notifyChangeToPlugin
05-06 20:59:02.398  1397  1397 I UcmService: checkIfNotify for cs Name = com.samsung.ucs.agent.boot:com.samsung.ucs.agent.boot Package name = com.samsung.ucs.agent.boot
05-06 20:59:02.398  1397  1397 D UcmService: notifying to unmanaged plugin
05-06 20:59:02.398  3332  3354 D BootAgentService: notifyChange eventId-12
05-06 20:59:02.398  1397  1397 D UcmService: agentService com.samsung.ucs.agent.boot:com.samsung.ucs.agent.boot notify status - -1
05-06 20:59:02.398  1397  1397 D UcmService: agentService status--1
05-06 20:59:02.398  1397  1397 I UcmService: checkIfNotify for cs Name = com.sec.smartcard.manager:com.samsung.ucs.agent.baiMobile Package name = com.sec.smartcard.manager
05-06 20:59:02.398  1397  1397 D UcmService: notifying to unmanaged plugin
05-06 20:59:02.398 28275 28286 E ucsBai_agentService: notifyChange NOT SUPPORTED
05-06 20:59:02.398  1397  1397 D UcmService: agentService com.sec.smartcard.manager:com.samsung.ucs.agent.baiMobile notify status - 0
05-06 20:59:02.398  1397  1397 D UcmService: agentService status-0
05-06 20:59:02.398  1397  1397 I UcmService: checkIfNotify for cs Name = com.samsung.ucs.agent.ese:eSE Credential Storage Package name = com.samsung.ucs.agent.ese
05-06 20:59:02.398  1397  1397 D UcmService: notifying to managed plugin
05-06 20:59:02.398  1397  1397 D UcmService: checkIfNotify: Valid userid - 0
05-06 20:59:02.398  1397  1397 D PolicyManager: PolicyManager.isStorageEnabled() for userId = 0
05-06 20:59:02.398  1397  1397 D UniversalCredentialManagerService: checkCallerPermissionFor is called for method-isCredentialStorageManagedAsUser
05-06 20:59:02.398  1397  1397 D UniversalCredentialManagerService: isCredentialStorageManagedAsUser is called....
05-06 20:59:02.398  1397  1397 D PolicyManager: PolicyManager.isStorageEnabled() result = false
05-06 20:59:02.398  1397  1397 D UcmService: agentService com.samsung.ucs.agent.ese:eSE Credential Storage not notified
05-06 20:59:02.398  1397  1397 D UcmService: agentService status-0
05-06 20:59:02.398  1397  1397 D UniversalCredentialManagerService: ****MSG_CLEAN_INFO block ended****
05-06 20:59:02.398  1397  1397 D KnoxMUMContainerPolicy: mPackageReceiver : action - android.intent.action.PACKAGE_REMOVED
05-06 20:59:02.398  1397  1397 I OTPFW   : PackageRemovalReceiver::onReceive Enter
05-06 20:59:02.398  1397  1397 D OTPFW   : PackageRemovalReceiver::onReceive deleting token for Pkg = plv.colorado.edu.callinsbenchmark uid = 10294 container id = 0
05-06 20:59:02.398  1397  1397 I OTPFW   : ProvisionData::getAllEntries Enter
05-06 20:59:02.398  1397  1397 E OTPFW   : ProvisionData::getAllEntries Table is empty
05-06 20:59:02.408  1397  1397 E SDAgentPackageStateReceiver: Not going to handle 'plv.colorado.edu.callinsbenchmark'!
05-06 20:59:02.408  3292 20040 I GCoreUlr: Cancelling scheduled uploads
05-06 20:59:02.408  3292 20040 I GCoreUlr: Not calling LocationReporter, hasMoved: false, elapsed millis: 155136, request: Stationary(3600000)
05-06 20:59:02.408  1397  1466 W ResourcesManager: getTopLevelResources: /system/app/SamsungIMEv3/SamsungIMEv3.apk / 1.0 running in null rsrc of package com.sec.android.inputmethod
05-06 20:59:02.408  3292 20040 I GCoreUlr: Scheduling next upload for 3444864ms from now
05-06 20:59:02.418  1397  1466 W ResourcesManager: getTopLevelResources: /system/app/SamsungIMEv3/SamsungIMEv3.apk / 1.0 running in null rsrc of package com.sec.android.inputmethod
05-06 20:59:02.418  1397  2531 D RestrictionPolicy: userId: 0, isMicrophoneEnabledAsUser : true
05-06 20:59:02.418  1397  2764 D RestrictionPolicy: userId: 0, isMicrophoneEnabledAsUser : true
05-06 20:59:02.418  1397  3343 D RestrictionPolicy: userId: 0, isMicrophoneEnabledAsUser : true
05-06 20:59:02.418  1397  1415 D RestrictionPolicy: userId: 0, isMicrophoneEnabledAsUser : true
05-06 20:59:02.418  1397  2697 D RestrictionPolicy: userId: 0, isMicrophoneEnabledAsUser : true
05-06 20:59:02.418  1397  2632 D RestrictionPolicy: userId: 0, isMicrophoneEnabledAsUser : true
05-06 20:59:02.418  1397  1466 W ResourcesManager: getTopLevelResources: /data/app/com.google.android.inputmethod.latin-1/base.apk / 1.0 running in null rsrc of package com.google.android.inputmethod.latin
05-06 20:59:02.418  1397  1466 W ResourcesManager: getTopLevelResources: /data/app/com.google.android.inputmethod.latin-1/base.apk / 1.0 running in null rsrc of package com.google.android.inputmethod.latin
05-06 20:59:02.428  1397  1466 W ResourcesManager: getTopLevelResources: /system/priv-app/SecSettings2/SecSettings2.apk / 1.0 running in null rsrc of package com.android.settings
05-06 20:59:02.428  1397  1466 W ResourcesManager: getTopLevelResources: /system/priv-app/SecContacts_M/SecContacts_M.apk / 1.0 running in null rsrc of package com.android.contacts
05-06 20:59:02.428  1397  1466 D ResourcesManager: For user 0 new overlays fetched [/data/overlays/style/com.cambunch.MaterialDark/com.cambunch.MaterialDark.touchwiz.apk, /data/overlays/style/com.cambunch.MaterialDark/com.cambunch.MaterialDark.contacts.apk, /data/overlays/style/com.cambunch.MaterialDark/com.cambunch.MaterialDark.common.apk]
05-06 20:59:02.438  1397  1466 W ResourcesManager: getTopLevelResources: /system/priv-app/SecContacts_M/SecContacts_M.apk / 1.0 running in null rsrc of package com.android.contacts
05-06 20:59:02.438  1397  1466 W ResourcesManager: getTopLevelResources: /system/priv-app/SecContacts_M/SecContacts_M.apk / 1.0 running in null rsrc of package com.android.contacts
05-06 20:59:02.438  1397  1466 W ResourcesManager: getTopLevelResources: /system/priv-app/SecContacts_M/SecContacts_M.apk / 1.0 running in null rsrc of package com.android.contacts
05-06 20:59:02.438  1397  1466 W ResourcesManager: getTopLevelResources: /system/priv-app/SecMms_Epic_Common/SecMms_Epic_Common.apk / 1.0 running in null rsrc of package com.android.mms
05-06 20:59:02.438  1397  1466 W ResourcesManager: getTopLevelResources: /system/priv-app/SecMms_Epic_Common/SecMms_Epic_Common.apk / 1.0 running in null rsrc of package com.android.mms
05-06 20:59:02.438  1397  1466 W ResourcesManager: getTopLevelResources: /system/priv-app/SecMyFiles/SecMyFiles.apk / 1.0 running in null rsrc of package com.sec.android.app.myfiles
05-06 20:59:02.438  1397  1466 D ResourcesManager: For user 0 new overlays fetched [/data/overlays/style/com.cambunch.MaterialDark/com.cambunch.MaterialDark.myfiles.apk, /data/overlays/style/com.cambunch.MaterialDark/com.cambunch.MaterialDark.touchwiz.apk, /data/overlays/style/com.cambunch.MaterialDark/com.cambunch.MaterialDark.common.apk]
05-06 20:59:02.438  1397  1466 W ResourcesManager: getTopLevelResources: /system/priv-app/SecMyFiles/SecMyFiles.apk / 1.0 running in null rsrc of package com.sec.android.app.myfiles
05-06 20:59:02.438  1397  1466 W ResourcesManager: getTopLevelResources: /system/app/Weather2016/Weather2016.apk / 1.0 running in null rsrc of package com.samsung.android.weather
05-06 20:59:02.448  1397  1466 D ResourcesManager: For user 0 new overlays fetched [/data/overlays/style/com.cambunch.MaterialDark/com.cambunch.MaterialDark.weather.apk, /data/overlays/style/com.cambunch.MaterialDark/com.cambunch.MaterialDark.touchwiz.apk, /data/overlays/style/com.cambunch.MaterialDark/com.cambunch.MaterialDark.common.apk]
05-06 20:59:02.448  1397  1466 W ResourcesManager: getTopLevelResources: /system/app/Weather2016/Weather2016.apk / 1.0 running in null rsrc of package com.samsung.android.weather
05-06 20:59:02.448  1397  1466 W ResourcesManager: getTopLevelResources: /data/app/com.google.android.music-1/base.apk / 1.0 running in null rsrc of package com.google.android.music
05-06 20:59:02.448  1397  1466 W ResourcesManager: getTopLevelResources: /data/app/com.google.android.music-1/base.apk / 1.0 running in null rsrc of package com.google.android.music
05-06 20:59:02.448  1397  1466 W ResourcesManager: getTopLevelResources: /data/app/com.google.android.youtube-2/base.apk / 1.0 running in null rsrc of package com.google.android.youtube
05-06 20:59:02.448  1397  1466 D ResourcesManager: For user 0 new overlays fetched Null
05-06 20:59:02.448  1397  1466 W ResourcesManager: getTopLevelResources: /data/app/com.google.android.youtube-2/base.apk / 1.0 running in null rsrc of package com.google.android.youtube
05-06 20:59:02.448  1397  1466 W ResourcesManager: getTopLevelResources: /data/app/com.samsung.android.app.memo-1/base.apk / 1.0 running in null rsrc of package com.samsung.android.app.memo
05-06 20:59:02.448  1397  1466 D ResourcesManager: For user 0 new overlays fetched Null
05-06 20:59:02.448  1397  1466 W ResourcesManager: getTopLevelResources: /data/app/com.samsung.android.app.memo-1/base.apk / 1.0 running in null rsrc of package com.samsung.android.app.memo
05-06 20:59:02.448  1397  1466 W ResourcesManager: getTopLevelResources: /data/app/com.google.android.apps.docs.editors.docs-1/base.apk / 1.0 running in null rsrc of package com.google.android.apps.docs.editors.docs
05-06 20:59:02.448  1397  1466 W ResourcesManager: getTopLevelResources: /data/app/com.google.android.apps.docs.editors.docs-1/base.apk / 1.0 running in null rsrc of package com.google.android.apps.docs.editors.docs
05-06 20:59:02.458  1397  1466 W ResourcesManager: getTopLevelResources: /data/app/com.google.android.apps.docs.editors.sheets-1/base.apk / 1.0 running in null rsrc of package com.google.android.apps.docs.editors.sheets
05-06 20:59:02.458  1397  1466 W ResourcesManager: getTopLevelResources: /data/app/com.google.android.apps.docs.editors.sheets-1/base.apk / 1.0 running in null rsrc of package com.google.android.apps.docs.editors.sheets
05-06 20:59:02.458  1397  1466 W ResourcesManager: getTopLevelResources: /data/app/com.google.earth-1/base.apk / 1.0 running in null rsrc of package com.google.earth
05-06 20:59:02.458  1397  1466 D ResourcesManager: For user 0 new overlays fetched Null
05-06 20:59:02.458  1397  1466 W ResourcesManager: getTopLevelResources: /data/app/com.google.earth-1/base.apk / 1.0 running in null rsrc of package com.google.earth
05-06 20:59:02.458  1397  1466 W ResourcesManager: getTopLevelResources: /data/app/com.google.android.apps.books-1/base.apk / 1.0 running in null rsrc of package com.google.android.apps.books
05-06 20:59:02.458  1397  1466 W ResourcesManager: getTopLevelResources: /data/app/com.google.android.apps.books-1/base.apk / 1.0 running in null rsrc of package com.google.android.apps.books
05-06 20:59:02.458  1397  1466 W ResourcesManager: getTopLevelResources: /data/app/keepass2android.keepass2android_nonet-1/base.apk / 1.0 running in null rsrc of package keepass2android.keepass2android_nonet
05-06 20:59:02.458  1397  1466 W ResourcesManager: getTopLevelResources: /data/app/keepass2android.keepass2android_nonet-1/base.apk / 1.0 running in null rsrc of package keepass2android.keepass2android_nonet
05-06 20:59:02.458  1397  1466 W ResourcesManager: getTopLevelResources: /data/app/keepass2android.keepass2android_nonet-1/base.apk / 1.0 running in null rsrc of package keepass2android.keepass2android_nonet
05-06 20:59:02.458  1397  1466 W ResourcesManager: getTopLevelResources: /data/app/com.amazon.kindle-2/base.apk / 1.0 running in null rsrc of package com.amazon.kindle
05-06 20:59:02.458  1397  1466 D ResourcesManager: For user 0 new overlays fetched Null
05-06 20:59:02.458  1397  1466 W ResourcesManager: getTopLevelResources: /data/app/com.amazon.kindle-2/base.apk / 1.0 running in null rsrc of package com.amazon.kindle
05-06 20:59:02.458  1397  1466 W ResourcesManager: getTopLevelResources: /data/app/com.amazon.kindle-2/base.apk / 1.0 running in null rsrc of package com.amazon.kindle
05-06 20:59:02.468  1397  1466 W ResourcesManager: getTopLevelResources: /data/app/com.google.android.keep-1/base.apk / 1.0 running in null rsrc of package com.google.android.keep
05-06 20:59:02.468  1397  1466 W ResourcesManager: getTopLevelResources: /data/app/com.google.android.keep-1/base.apk / 1.0 running in null rsrc of package com.google.android.keep
05-06 20:59:02.468  1397  1466 W ResourcesManager: getTopLevelResources: /data/app/com.google.android.apps.docs.editors.slides-2/base.apk / 1.0 running in null rsrc of package com.google.android.apps.docs.editors.slides
05-06 20:59:02.468  1397  1466 W ResourcesManager: getTopLevelResources: /data/app/com.google.android.apps.docs.editors.slides-2/base.apk / 1.0 running in null rsrc of package com.google.android.apps.docs.editors.slides
05-06 20:59:02.468  1397  1466 W ResourcesManager: getTopLevelResources: /data/app/com.audible.application-1/base.apk / 1.0 running in null rsrc of package com.audible.application
05-06 20:59:02.468  1397  1466 D ResourcesManager: For user 0 new overlays fetched Null
05-06 20:59:02.468  1397  1466 W ResourcesManager: getTopLevelResources: /data/app/com.audible.application-1/base.apk / 1.0 running in null rsrc of package com.audible.application
05-06 20:59:02.468  1397  1466 W ResourcesManager: getTopLevelResources: /data/app/com.crittermap.backcountrynavigator.license-2/base.apk / 1.0 running in null rsrc of package com.crittermap.backcountrynavigator.license
05-06 20:59:02.468  1397  1466 D ResourcesManager: For user 0 new overlays fetched Null
05-06 20:59:02.468  1397  1466 W ResourcesManager: getTopLevelResources: /data/app/com.crittermap.backcountrynavigator.license-2/base.apk / 1.0 running in null rsrc of package com.crittermap.backcountrynavigator.license
05-06 20:59:02.468  1397  1466 W ResourcesManager: getTopLevelResources: /system/priv-app/MyPlaces_Hero/MyPlaces_Hero.apk / 1.0 running in null rsrc of package com.sec.android.widgetapp.locationwidget
05-06 20:59:02.468  1397  1466 D ResourcesManager: For user 0 new overlays fetched Null
05-06 20:59:02.468  1397  1466 W ResourcesManager: getTopLevelResources: /system/priv-app/MyPlaces_Hero/MyPlaces_Hero.apk / 1.0 running in null rsrc of package com.sec.android.widgetapp.locationwidget
05-06 20:59:02.468  1397  1466 W ResourcesManager: getTopLevelResources: /system/priv-app/SecSettings2/SecSettings2.apk / 1.0 running in null rsrc of package com.android.settings
05-06 20:59:02.468  1397  1466 W ResourcesManager: getTopLevelResources: /system/priv-app/TouchWizHome_2016/TouchWizHome_2016.apk / 1.0 running in null rsrc of package com.sec.android.app.launcher
05-06 20:59:02.478  1397  1466 D ResourcesManager: For user 0 new overlays fetched [/data/overlays/style/com.cambunch.MaterialDark/com.cambunch.MaterialDark.touchwiz.apk, /data/overlays/style/com.cambunch.MaterialDark/com.cambunch.MaterialDark.common.apk]
05-06 20:59:02.478  1397  1466 W ResourcesManager: getTopLevelResources: /system/priv-app/TouchWizHome_2016/TouchWizHome_2016.apk / 1.0 running in null rsrc of package com.sec.android.app.launcher
05-06 20:59:02.478  1397  1466 W ResourcesManager: getTopLevelResources: /system/app/SPlanner_M/SPlanner_M.apk / 1.0 running in null rsrc of package com.android.calendar
05-06 20:59:02.478  1397  1466 D ResourcesManager: For user 0 new overlays fetched [/data/overlays/style/com.cambunch.MaterialDark/com.cambunch.MaterialDark.touchwiz.apk, /data/overlays/style/com.cambunch.MaterialDark/com.cambunch.MaterialDark.calendar.apk, /data/overlays/style/com.cambunch.MaterialDark/com.cambunch.MaterialDark.common.apk]
05-06 20:59:02.478  1397  1466 W ResourcesManager: getTopLevelResources: /system/app/SPlanner_M/SPlanner_M.apk / 1.0 running in null rsrc of package com.android.calendar
05-06 20:59:02.478  1397  1466 W ResourcesManager: getTopLevelResources: /system/app/SPlanner_M/SPlanner_M.apk / 1.0 running in null rsrc of package com.android.calendar
05-06 20:59:02.478  1397  1466 W ResourcesManager: getTopLevelResources: /system/app/SecHelp/SecHelp.apk / 1.0 running in null rsrc of package com.samsung.helphub
05-06 20:59:02.478  1397  1466 D ResourcesManager: For user 0 new overlays fetched Null
05-06 20:59:02.478  1397  1466 W ResourcesManager: getTopLevelResources: /system/app/SecHelp/SecHelp.apk / 1.0 running in null rsrc of package com.samsung.helphub
05-06 20:59:02.478  1397  1466 W ResourcesManager: getTopLevelResources: /system/app/Weather2016/Weather2016.apk / 1.0 running in null rsrc of package com.samsung.android.weather
05-06 20:59:02.478  1397  1466 W ResourcesManager: getTopLevelResources: /system/app/Weather2016/Weather2016.apk / 1.0 running in null rsrc of package com.samsung.android.weather
05-06 20:59:02.478  1397  1466 W ResourcesManager: getTopLevelResources: /data/app/com.google.android.gms-1/base.apk / 1.0 running in null rsrc of package com.google.android.gms
05-06 20:59:02.478  1397  1466 W ResourcesManager: getTopLevelResources: /data/app/com.google.android.gms-1/base.apk / 1.0 running in null rsrc of package com.google.android.gms
05-06 20:59:02.478  1397  1466 W ResourcesManager: getTopLevelResources: /data/app/com.android.chrome-1/base.apk / 1.0 running in null rsrc of package com.android.chrome
05-06 20:59:02.478  1397  1466 W ResourcesManager: getTopLevelResources: /data/app/com.android.chrome-1/base.apk / 1.0 running in null rsrc of package com.android.chrome
05-06 20:59:02.488  1397  1466 W ResourcesManager: getTopLevelResources: /data/app/com.google.android.apps.docs-1/base.apk / 1.0 running in null rsrc of package com.google.android.apps.docs
05-06 20:59:02.488  1397  1466 W ResourcesManager: getTopLevelResources: /data/app/com.google.android.apps.docs-1/base.apk / 1.0 running in null rsrc of package com.google.android.apps.docs
05-06 20:59:02.488  1397  1466 W ResourcesManager: getTopLevelResources: /data/app/com.google.android.apps.docs-1/base.apk / 1.0 running in null rsrc of package com.google.android.apps.docs
05-06 20:59:02.488  1397  1466 W ResourcesManager: getTopLevelResources: /data/app/com.samsung.oh-1/base.apk / 1.0 running in null rsrc of package com.samsung.oh
05-06 20:59:02.498  1397  1466 D ResourcesManager: For user 0 new overlays fetched Null
05-06 20:59:02.498  1397  1466 W ResourcesManager: getTopLevelResources: /data/app/com.samsung.oh-1/base.apk / 1.0 running in null rsrc of package com.samsung.oh
05-06 20:59:02.498  1397  1466 W ResourcesManager: getTopLevelResources: /data/app/com.google.android.youtube-2/base.apk / 1.0 running in null rsrc of package com.google.android.youtube
05-06 20:59:02.498  1397  1466 W ResourcesManager: getTopLevelResources: /data/app/com.google.android.apps.docs.editors.docs-1/base.apk / 1.0 running in null rsrc of package com.google.android.apps.docs.editors.docs
05-06 20:59:02.498  1397  1466 W ResourcesManager: getTopLevelResources: /data/app/com.digikey.mobile-1/base.apk / 1.0 running in null rsrc of package com.digikey.mobile
05-06 20:59:02.498  1397  1466 D ResourcesManager: For user 0 new overlays fetched Null
05-06 20:59:02.498  1397  1466 W ResourcesManager: getTopLevelResources: /data/app/com.digikey.mobile-1/base.apk / 1.0 running in null rsrc of package com.digikey.mobile
05-06 20:59:02.498  1397  1466 W ResourcesManager: getTopLevelResources: /data/app/com.google.android.play.games-1/base.apk / 1.0 running in null rsrc of package com.google.android.play.games
05-06 20:59:02.498  1397  1466 D ResourcesManager: For user 0 new overlays fetched Null
05-06 20:59:02.498  1397  1466 W ResourcesManager: getTopLevelResources: /data/app/com.google.android.play.games-1/base.apk / 1.0 running in null rsrc of package com.google.android.play.games
05-06 20:59:02.508  1397  1466 W ResourcesManager: getTopLevelResources: /data/app/com.google.android.apps.unveil-1/base.apk / 1.0 running in null rsrc of package com.google.android.apps.unveil
05-06 20:59:02.508  1397  1466 D ResourcesManager: For user 0 new overlays fetched Null
05-06 20:59:02.508  1397  1466 W ResourcesManager: getTopLevelResources: /data/app/com.google.android.apps.unveil-1/base.apk / 1.0 running in null rsrc of package com.google.android.apps.unveil
05-06 20:59:02.508  1397  1466 W ResourcesManager: getTopLevelResources: /data/app/com.google.android.apps.docs.editors.sheets-1/base.apk / 1.0 running in null rsrc of package com.google.android.apps.docs.editors.sheets
05-06 20:59:02.508  1397  1466 W ResourcesManager: getTopLevelResources: /data/app/com.agi.android.augmentedreality-1/base.apk / 1.0 running in null rsrc of package com.agi.android.augmentedreality
05-06 20:59:02.508  1397  1466 D ResourcesManager: For user 0 new overlays fetched Null
05-06 20:59:02.508  1397  1466 W ResourcesManager: getTopLevelResources: /data/app/com.agi.android.augmentedreality-1/base.apk / 1.0 running in null rsrc of package com.agi.android.augmentedreality
05-06 20:59:02.508  1397  1466 W ResourcesManager: getTopLevelResources: /data/app/com.agi.android.augmentedreality-1/base.apk / 1.0 running in null rsrc of package com.agi.android.augmentedreality
05-06 20:59:02.508  1397  1466 W ResourcesManager: getTopLevelResources: /data/app/org.npr.android.news-1/base.apk / 1.0 running in null rsrc of package org.npr.android.news
05-06 20:59:02.508  1397  1466 D ResourcesManager: For user 0 new overlays fetched Null
05-06 20:59:02.508  1397  1466 W ResourcesManager: getTopLevelResources: /data/app/org.npr.android.news-1/base.apk / 1.0 running in null rsrc of package org.npr.android.news
05-06 20:59:02.508  1397  1466 W ResourcesManager: getTopLevelResources: /data/app/com.google.android.apps.magazines-1/base.apk / 1.0 running in null rsrc of package com.google.android.apps.magazines
05-06 20:59:02.508  1397  1466 W ResourcesManager: getTopLevelResources: /data/app/com.google.android.apps.magazines-1/base.apk / 1.0 running in null rsrc of package com.google.android.apps.magazines
05-06 20:59:02.508  1397  1466 W ResourcesManager: getTopLevelResources: /data/app/com.google.android.apps.genie.geniewidget-1/base.apk / 1.0 running in null rsrc of package com.google.android.apps.genie.geniewidget
05-06 20:59:02.508  1397  1466 W ResourcesManager: getTopLevelResources: /data/app/com.google.android.apps.genie.geniewidget-1/base.apk / 1.0 running in null rsrc of package com.google.android.apps.genie.geniewidget
05-06 20:59:02.508  1397  1466 W ResourcesManager: getTopLevelResources: /data/app/com.google.android.calendar-1/base.apk / 1.0 running in null rsrc of package com.google.android.calendar
05-06 20:59:02.508  1397  1466 W ResourcesManager: getTopLevelResources: /data/app/com.google.android.calendar-1/base.apk / 1.0 running in null rsrc of package com.google.android.calendar
05-06 20:59:02.508  1397  1466 W ResourcesManager: getTopLevelResources: /data/app/com.metago.astro-1/base.apk / 1.0 running in null rsrc of package com.metago.astro
05-06 20:59:02.508  1397  1466 D ResourcesManager: For user 0 new overlays fetched Null
05-06 20:59:02.508  1397  1466 W ResourcesManager: getTopLevelResources: /data/app/com.metago.astro-1/base.apk / 1.0 running in null rsrc of package com.metago.astro
05-06 20:59:02.508  1397  1466 W ResourcesManager: getTopLevelResources: /data/app/keepass2android.keepass2android_nonet-1/base.apk / 1.0 running in null rsrc of package keepass2android.keepass2android_nonet
05-06 20:59:02.508  1397  1466 W ResourcesManager: getTopLevelResources: /data/app/com.quirky.android.wink.wink-2/base.apk / 1.0 running in null rsrc of package com.quirky.android.wink.wink
05-06 20:59:02.518  1397  1466 D ResourcesManager: For user 0 new overlays fetched Null
05-06 20:59:02.518  1397  1466 W ResourcesManager: getTopLevelResources: /data/app/com.quirky.android.wink.wink-2/base.apk / 1.0 running in null rsrc of package com.quirky.android.wink.wink
05-06 20:59:02.518  1397  1466 W ResourcesManager: getTopLevelResources: /data/app/com.quirky.android.wink.wink-2/base.apk / 1.0 running in null rsrc of package com.quirky.android.wink.wink
05-06 20:59:02.518  1397  1466 W ResourcesManager: getTopLevelResources: /data/app/com.google.android.apps.googlevoice-2/base.apk / 1.0 running in null rsrc of package com.google.android.apps.googlevoice
05-06 20:59:02.518  1397  1466 D ResourcesManager: For user 0 new overlays fetched Null
05-06 20:59:02.518  1397  1466 W ResourcesManager: getTopLevelResources: /data/app/com.google.android.apps.googlevoice-2/base.apk / 1.0 running in null rsrc of package com.google.android.apps.googlevoice
05-06 20:59:02.518  1397  1466 W ResourcesManager: getTopLevelResources: /data/app/com.netflix.mediaclient-2/base.apk / 1.0 running in null rsrc of package com.netflix.mediaclient
05-06 20:59:02.518  1397  1466 D ResourcesManager: For user 0 new overlays fetched Null
05-06 20:59:02.518  1397  1466 W ResourcesManager: getTopLevelResources: /data/app/com.netflix.mediaclient-2/base.apk / 1.0 running in null rsrc of package com.netflix.mediaclient
05-06 20:59:02.518  1397  1466 W ResourcesManager: getTopLevelResources: /data/app/com.amazon.mShop.android.shopping-2/base.apk / 1.0 running in null rsrc of package com.amazon.mShop.android.shopping
05-06 20:59:02.528  1397  1466 D ResourcesManager: For user 0 new overlays fetched Null
05-06 20:59:02.528  1397  1466 W ResourcesManager: getTopLevelResources: /data/app/com.amazon.mShop.android.shopping-2/base.apk / 1.0 running in null rsrc of package com.amazon.mShop.android.shopping
05-06 20:59:02.528  1397  1466 W ResourcesManager: getTopLevelResources: /data/app/com.google.android.apps.docs.editors.slides-2/base.apk / 1.0 running in null rsrc of package com.google.android.apps.docs.editors.slides
05-06 20:59:02.528  1397  1466 W ResourcesManager: getTopLevelResources: /data/app/com.crittermap.backcountrynavigator.license-2/base.apk / 1.0 running in null rsrc of package com.crittermap.backcountrynavigator.license
05-06 20:59:02.528  1397  1466 W ResourcesManager: getTopLevelResources: /data/app/com.google.android.googlequicksearchbox-2/base.apk / 1.0 running in null rsrc of package com.google.android.googlequicksearchbox
05-06 20:59:02.528  1397  1466 W ResourcesManager: getTopLevelResources: /system/priv-app/SecContacts_M/SecContacts_M.apk / 1.0 running in null rsrc of package com.android.contacts
05-06 20:59:02.528  1397  1466 W ResourcesManager: getTopLevelResources: /system/priv-app/SecGallery2015/SecGallery2015.apk / 1.0 running in null rsrc of package com.sec.android.gallery3d
05-06 20:59:02.528  1397  1466 W ResourcesManager: getTopLevelResources: /system/priv-app/SFinder_v4/SFinder_v4.apk / 1.0 running in null rsrc of package com.samsung.android.app.galaxyfinder
05-06 20:59:02.528  1397  1466 D ResourcesManager: For user 0 new overlays fetched [/data/overlays/style/com.cambunch.MaterialDark/com.cambunch.MaterialDark.touchwiz.apk, /data/overlays/style/com.cambunch.MaterialDark/com.cambunch.MaterialDark.galaxyfinder.apk, /data/overlays/style/com.cambunch.MaterialDark/com.cambunch.MaterialDark.common.apk]
05-06 20:59:02.528  1397  1466 W ResourcesManager: getTopLevelResources: /system/priv-app/SFinder_v4/SFinder_v4.apk / 1.0 running in null rsrc of package com.samsung.android.app.galaxyfinder
05-06 20:59:02.528  1397  1466 W ResourcesManager: getTopLevelResources: /system/priv-app/SFinder_v4/SFinder_v4.apk / 1.0 running in null rsrc of package com.samsung.android.app.galaxyfinder
05-06 20:59:02.538  1397  1466 W ResourcesManager: getTopLevelResources: /system/priv-app/LiveBroadcast/LiveBroadcast.apk / 1.0 running in null rsrc of package com.sec.android.app.camera.plb
05-06 20:59:02.538  1397  1466 W ResourcesManager: getTopLevelResources: /system/priv-app/LiveBroadcast/LiveBroadcast.apk / 1.0 running in null rsrc of package com.sec.android.app.camera.plb
05-06 20:59:02.538  1397  1466 W ResourcesManager: getTopLevelResources: /system/priv-app/LiveBroadcast/LiveBroadcast.apk / 1.0 running in null rsrc of package com.sec.android.app.camera.plb
05-06 20:59:02.538  1397  1466 W ResourcesManager: getTopLevelResources: /system/priv-app/SFinder_v4/SFinder_v4.apk / 1.0 running in null rsrc of package com.samsung.android.app.galaxyfinder
05-06 20:59:02.538  1397  3321 D RestrictionPolicy: userId: 0, isMicrophoneEnabledAsUser : true
05-06 20:59:02.538  1397  1466 W ResourcesManager: getTopLevelResources: /system/priv-app/SamsungCamera5/SamsungCamera5.apk / 1.0 running in null rsrc of package com.sec.android.app.camera
05-06 20:59:02.538  1397  3107 D RestrictionPolicy: userId: 0, isMicrophoneEnabledAsUser : true
05-06 20:59:02.538  1397  1466 W ResourcesManager: getTopLevelResources: /system/priv-app/SecContacts_M/SecContacts_M.apk / 1.0 running in null rsrc of package com.android.contacts
05-06 20:59:02.538  1397  2632 D RestrictionPolicy: userId: 0, isMicrophoneEnabledAsUser : true
05-06 20:59:02.538  1397  2697 D RestrictionPolicy: userId: 0, isMicrophoneEnabledAsUser : true
05-06 20:59:02.538  1397  2460 D RestrictionPolicy: userId: 0, isMicrophoneEnabledAsUser : true
05-06 20:59:02.538  1397  2648 D RestrictionPolicy: userId: 0, isMicrophoneEnabledAsUser : true
05-06 20:59:02.538  1397  1466 W ResourcesManager: getTopLevelResources: /system/priv-app/SecContacts_M/SecContacts_M.apk / 1.0 running in null rsrc of package com.android.contacts
05-06 20:59:02.548  1397  1466 W ResourcesManager: getTopLevelResources: /system/priv-app/SecContacts_M/SecContacts_M.apk / 1.0 running in null rsrc of package com.android.contacts
05-06 20:59:02.548  1397  1466 W ResourcesManager: getTopLevelResources: /system/priv-app/SecContacts_M/SecContacts_M.apk / 1.0 running in null rsrc of package com.android.contacts
05-06 20:59:02.548  1397  1466 W ResourcesManager: getTopLevelResources: /system/priv-app/SecGallery2015/SecGallery2015.apk / 1.0 running in null rsrc of package com.sec.android.gallery3d
05-06 20:59:02.548  1397  1466 W ResourcesManager: getTopLevelResources: /system/priv-app/SecGallery2015/SecGallery2015.apk / 1.0 running in null rsrc of package com.sec.android.gallery3d
05-06 20:59:02.548  1397  1466 W ResourcesManager: getTopLevelResources: /system/priv-app/SecMms_Epic_Common/SecMms_Epic_Common.apk / 1.0 running in null rsrc of package com.android.mms
05-06 20:59:02.548  1397  1466 W ResourcesManager: getTopLevelResources: /system/app/ClockPackage_M/ClockPackage_M.apk / 1.0 running in null rsrc of package com.sec.android.app.clockpackage
05-06 20:59:02.558  1397  1466 D ResourcesManager: For user 0 new overlays fetched [/data/overlays/style/com.cambunch.MaterialDark/com.cambunch.MaterialDark.touchwiz.apk, /data/overlays/style/com.cambunch.MaterialDark/com.cambunch.MaterialDark.clockpackage.apk, /data/overlays/style/com.cambunch.MaterialDark/com.cambunch.MaterialDark.common.apk]
05-06 20:59:02.558  1397  1466 W ResourcesManager: getTopLevelResources: /system/app/ClockPackage_M/ClockPackage_M.apk / 1.0 running in null rsrc of package com.sec.android.app.clockpackage
05-06 20:59:02.558  1397  1466 W ResourcesManager: getTopLevelResources: /system/app/ClockPackage_M/ClockPackage_M.apk / 1.0 running in null rsrc of package com.sec.android.app.clockpackage
05-06 20:59:02.558  1397  1466 W ResourcesManager: getTopLevelResources: /system/app/QuickConnect_40/QuickConnect_40.apk / 1.0 running in null rsrc of package com.samsung.android.qconnect
05-06 20:59:02.558  1397  1466 D ResourcesManager: For user 0 new overlays fetched Null
05-06 20:59:02.558  1397  1466 W ResourcesManager: getTopLevelResources: /system/app/QuickConnect_40/QuickConnect_40.apk / 1.0 running in null rsrc of package com.samsung.android.qconnect
05-06 20:59:02.558  1397  1466 W ResourcesManager: getTopLevelResources: /system/app/SPlanner_M/SPlanner_M.apk / 1.0 running in null rsrc of package com.android.calendar
05-06 20:59:02.558  1397  1466 W ResourcesManager: getTopLevelResources: /data/app/com.samsung.android.app.memo-1/base.apk / 1.0 running in null rsrc of package com.samsung.android.app.memo
05-06 20:59:02.568  1397  1466 W ResourcesManager: getTopLevelResources: /data/app/com.samsung.android.app.memo-1/base.apk / 1.0 running in null rsrc of package com.samsung.android.app.memo
05-06 20:59:02.568  1397  1466 D UsbSettingsManager: clearDefaults: plv.colorado.edu.callinsbenchmark
05-06 20:59:02.588  1397  1397 D UcmService: onReceive android.intent.action.PACKAGE_REMOVED
05-06 20:59:02.588  1397  1397 D UcmService: Package update in userId-0 and uid-10294
05-06 20:59:02.588  1397  1397 D UcmService: *****refreshAgentList userId-0 is called***
05-06 20:59:02.588  1397  1397 D UcmService: resolveAllowedAgents for user 0
05-06 20:59:02.588  1397  1397 D UcmService: found com.sec.smartcard.manager
05-06 20:59:02.588  1397  1397 D UcmService: found com.samsung.ucs.agent.ese
05-06 20:59:02.588  1397  1397 D UcmService: found com.samsung.ucs.agent.boot
05-06 20:59:02.588  1397  1397 D UcmService: mPersistentServices size is 3
05-06 20:59:02.588  1397  1397 D UcmService: -------Processing started for agentPackageName----- -com.sec.smartcard.manager
05-06 20:59:02.588  1397  1397 D UcmService:   agentPackageName -com.sec.smartcard.manager is an active plugin
05-06 20:59:02.588  1397  1397 D UcmService:   Check if caller has UCS Plugin permission...
05-06 20:59:02.588  1397  1397 D UcmService:   Agent has UCS PLUGIN permission. Processing further...
05-06 20:59:02.588  1397  1397 D UcmService: -------Processing started for agentPackageName----- -com.samsung.ucs.agent.ese
05-06 20:59:02.588  1397  1397 D UcmService:   agentPackageName -com.samsung.ucs.agent.ese is an active plugin
05-06 20:59:02.588  1397  1397 D UcmService:   Check if caller has UCS Plugin permission...
05-06 20:59:02.588  1397  1397 D UcmService:   Agent has UCS PLUGIN permission. Processing further...
05-06 20:59:02.588  1397  1397 D UcmService:   agentPackageName com.samsung.ucs.agent.ese is system storage. Checking system signature
05-06 20:59:02.588  1397  1397 D UcmService:   Signature match
05-06 20:59:02.588  1397  1397 D UcmService:   Valid system storage found is com.samsung.ucs.agent.ese
05-06 20:59:02.588  1397  1397 D UcmService: -------Processing started for agentPackageName----- -com.samsung.ucs.agent.boot
05-06 20:59:02.588  1397  1397 D UcmService:   agentPackageName -com.samsung.ucs.agent.boot is an active plugin
05-06 20:59:02.588  1397  1397 D UcmService:   Check if caller has UCS Plugin permission...
05-06 20:59:02.588  1397  1397 D UcmService:   Agent has UCS PLUGIN permission. Processing further...
05-06 20:59:02.588  1397  1397 D UcmService:   agentPackageName com.samsung.ucs.agent.boot is system storage. Checking system signature
05-06 20:59:02.588  1397  1397 D UcmService:   Signature match
05-06 20:59:02.588  1397  1397 D UcmService:   Valid system storage found is com.samsung.ucs.agent.boot
05-06 20:59:02.598  1397  1397 D UcmService: readPersistentServicesLocked is called...
05-06 20:59:02.598  1397  1397 D UcmService: PersistentServices  key-com.sec.smartcard.manager:com.samsung.ucs.agent.baiMobile
05-06 20:59:02.598  1397  1397 D InjectionManagerService -AppFeature:  Info before plv.colorado.edu.callinsbenchmark removal target ={} 
05-06 20:59:02.598  1397  1397 D InjectionManagerService -AppFeature:  source ={}
05-06 20:59:02.598  1397  1397 D UcmService: PersistentServices  value-10064
05-06 20:59:02.598  1397  1397 D UcmService: PersistentServices  key-com.samsung.ucs.agent.boot:com.samsung.ucs.agent.boot
05-06 20:59:02.598  1397  1397 D UcmService: PersistentServices  value-1000
05-06 20:59:02.598  1397  1397 D UcmService: PersistentServices  key-com.samsung.ucs.agent.ese:eSE Credential Storage
05-06 20:59:02.598  1397  1397 D UcmService: PersistentServices  value-10101
05-06 20:59:02.608  1397  1397 D GameManager.DatabaseHelper: removeGame(), packageName: plv.colorado.edu.callinsbenchmark, ret: 0
05-06 20:59:02.608  1397  1397 D JobSchedulerService: Receieved: android.intent.action.PACKAGE_REMOVED
05-06 20:59:02.618  1397  1397 V EnterpriseBillingAsyncHandler: packageModificationReceiver - onreceive - start - android.intent.action.PACKAGE_REMOVED
05-06 20:59:02.618  1397  2437 V EnterpriseBillingPolicyInternal: packageModification -  start - android.intent.action.PACKAGE_REMOVED
05-06 20:59:02.618  1397  2437 V EnterpriseBillingPolicyInternal: uID is 10294
05-06 20:59:02.618  1397  2437 V EnterpriseBillingPolicyInternal: Removed Packageuid is0
05-06 20:59:02.618  1397  2437 V EnterpriseBillingPolicyStorage: getProfileForApplication - enter
05-06 20:59:02.618  1397  2437 V EnterpriseBillingPolicyStorage: getProfileForApplication - exit null : containerId = 0
05-06 20:59:02.618  1397  2437 V EnterpriseBillingPolicyInternal: packageModificationReceiver - onreceive - personal application - profile null
05-06 20:59:02.648  1397  2375 V NetworkPolicy: ACTION_PACKAGE_REMOVED for uid=10294
05-06 20:59:02.658  1397  1397 D SdpManagerService:  ActionReceiver::onReceive() Intent { act=android.intent.action.PACKAGE_REMOVED dat=package:plv.colorado.edu.callinsbenchmark flg=0x4000010 bqHint=4 VirtualScreenParam=Params{mDisplayId=-1, null, mFlags=0x00000000)} (has extras) }
05-06 20:59:02.658  1397  1397 D SdpManagerService: ACTION_PACKAGE_REMOVED Intent { act=android.intent.action.PACKAGE_REMOVED dat=package:plv.colorado.edu.callinsbenchmark flg=0x4000010 bqHint=4 VirtualScreenParam=Params{mDisplayId=-1, null, mFlags=0x00000000)} (has extras) } DATA= package:plv.colorado.edu.callinsbenchmark UID 1000 userId 0
05-06 20:59:02.658  1397  1397 D SdpManagerService: ACTION_PACKAGE_REMOVED packageName:: plv.colorado.edu.callinsbenchmark
05-06 20:59:02.658  1397  1397 D EnterprisePartitionManager: SND -> {secure_fs remove_enc_dir}
05-06 20:59:02.658   591   624 D epmd    : Partition obj created
05-06 20:59:02.658   591   624 D epmd    : Partition::dump============== 0
05-06 20:59:02.658   591   624 D epmd    : Partition::mType > INTERNAL-SDCARD mSrcPath > /data/knox/secure_fs/enc_user mMntPath > /data/enc_user
05-06 20:59:02.658   591   624 D epmd    : Partition::SDP > not supported
05-06 20:59:02.658  1397  1575 D EnterprisePartitionManager: RCV <-
05-06 20:59:02.658   591   624 E epmd    : removeEncPkgDir ERROR
05-06 20:59:02.658  1397  1397 D EnterprisePartitionManager: RMV <-
05-06 20:59:02.658   591   624 D epmd    : deleting Partition object.
05-06 20:59:02.658  1397  1397 D EnterprisePartitionManager: event : 281 41 remove_enc_dir failed
05-06 20:59:02.658   591   624 W FrameworkListener: Handler 'secure_fs' error (No such file or directory)
05-06 20:59:02.658  1397  1397 D SdpManagerService: start document   : 
05-06 20:59:02.658  1397  1397 D SdpManagerService: start element    : engine_list
05-06 20:59:02.658  1397  1397 D SdpManagerService: start characters : 
05-06 20:59:02.658  1397  1397 D SdpManagerService: start element    : engine
05-06 20:59:02.668  1397  1397 D SdpManagerService:  attribte alias: android_0
05-06 20:59:02.668  1397  1397 D SdpManagerService:  attribte id: 0
05-06 20:59:02.668  1397  1397 D SdpManagerService: end element      : engine
05-06 20:59:02.668  1397  1397 D SdpManagerService: start characters : 
05-06 20:59:02.668  1397  1397 D SdpManagerService: end element      : engine_list
05-06 20:59:02.668  1397  1397 D SdpManagerService: end document     : 
05-06 20:59:02.668  1397  1397 W System.err: mkdir failed: EEXIST (File exists) : /data/system/users/0
05-06 20:59:02.668  1397  1397 E SdpManagerService: cant make directory /data/system/users/0
05-06 20:59:02.668  1397  1397 D SdpManagerService: start document   : 
05-06 20:59:02.668  1397  1397 D SdpManagerService: start element    : user
05-06 20:59:02.668  1397  1397 D SdpManagerService: end element      : user
05-06 20:59:02.668  1397  1397 D SdpUtil : num:0 index-0
05-06 20:59:02.668  1397  1397 D SdpUtil : detecected userId : 0
05-06 20:59:02.668  1397  1397 D SdpManagerService: end document     : 
05-06 20:59:02.668  1397  1397 E SdpManagerService: Can't find engine info [android_0]
05-06 20:59:02.668  1397  2649 D RestrictionPolicy: userId: 0, isMicrophoneEnabledAsUser : true
05-06 20:59:02.668  1397  2764 D RestrictionPolicy: userId: 0, isMicrophoneEnabledAsUser : true
05-06 20:59:02.668  1397  3343 D RestrictionPolicy: userId: 0, isMicrophoneEnabledAsUser : true
05-06 20:59:02.668  1397  3209 D RestrictionPolicy: userId: 0, isMicrophoneEnabledAsUser : true
05-06 20:59:02.668  2613  2839 D PresenceModule: onReceive: package removed
05-06 20:59:02.668  1397  1415 D RestrictionPolicy: userId: 0, isMicrophoneEnabledAsUser : true
05-06 20:59:02.668  2613  2839 D PresenceModule: handleMessage: msg 50
05-06 20:59:02.668  1397  3322 D RestrictionPolicy: userId: 0, isMicrophoneEnabledAsUser : true
05-06 20:59:02.668  2613  2839 D PresenceModule: Application package removed
05-06 20:59:02.668  1397  1416 D RestrictionPolicy: userId: 0, isMicrophoneEnabledAsUser : true
05-06 20:59:02.668  2613  2839 D PresenceModule: onAppPackageRemoved: app package: plv.colorado.edu.callinsbenchmark
05-06 20:59:02.668  2613  2839 D PresenceModule: onAppPackageRemoved: invalid package
05-06 20:59:02.688  2592  2592 D ShortcutManager: onReceive : android.intent.action.PACKAGE_REMOVED
05-06 20:59:02.688  2592  2592 D ShortcutManager: onReceive : Intent.EXTRA_REPLACING false,plv.colorado.edu.callinsbenchmark
05-06 20:59:02.718  2663  2663 I Recents_MultiWindowAppListInfo: android.intent.action.PACKAGE_REMOVE
05-06 20:59:02.718 19546 19546 I FIPS_bssl: FIPS approved mode (1) | 19546 | app_process
05-06 20:59:02.718  1397  1498 W ResourcesManager: getTopLevelResources: /system/priv-app/InputDevices/InputDevices.apk / 1.0 running in null rsrc of package com.android.inputdevices
05-06 20:59:02.718  1397  1498 D ResourcesManager: For user 0 new overlays fetched Null
05-06 20:59:02.718  1397  1498 W ResourcesManager: getTopLevelResources: /system/priv-app/InputDevices/InputDevices.apk / 1.0 running in null rsrc of package com.android.inputdevices
05-06 20:59:02.728  1397  2213 I InputReader: Reconfiguring input devices.  changes=0x00000010
05-06 20:59:02.728 19546 19546 D AndroidRuntime: >>>>>> START com.android.internal.os.RuntimeInit uid 2000 <<<<<<
05-06 20:59:02.728 19546 19546 D AndroidRuntime: CheckJNI is OFF
05-06 20:59:02.728 19546 19546 D AndroidRuntime: readGMSProperty: start
05-06 20:59:02.728 19546 19546 D AndroidRuntime: readGMSProperty: already setted!!
05-06 20:59:02.728 19546 19546 D AndroidRuntime: propertySet: couldn't set property (it is from app)
05-06 20:59:02.728 19546 19546 D AndroidRuntime: readGMSProperty: could not set the property(default)!!
05-06 20:59:02.728 19546 19546 D AndroidRuntime: propertySet: couldn't set property (it is from app)
05-06 20:59:02.728 19546 19546 D AndroidRuntime: propertySet: couldn't set property (it is from app)
05-06 20:59:02.728 19546 19546 D AndroidRuntime: propertySet: couldn't set property (it is from app)
05-06 20:59:02.728 19546 19546 D AndroidRuntime: propertySet: couldn't set property (it is from app)
05-06 20:59:02.728 19546 19546 D AndroidRuntime: readGMSProperty: end
05-06 20:59:02.728 19546 19546 D AndroidRuntime: addProductProperty: start
05-06 20:59:02.758 19546 19546 D ICU     : No timezone override file found: /data/misc/zoneinfo/current/icu/icu_tzdata.dat
05-06 20:59:02.758  3010  3010 W ResourcesManager: getTopLevelResources: /data/app/com.google.android.gms-1/base.apk / 1.0 running in com.android.nfc rsrc of package com.google.android.gms
05-06 20:59:02.768  3010  3010 W ResourcesManager: getTopLevelResources: /data/app/com.google.android.gms-1/base.apk / 1.0 running in com.android.nfc rsrc of package com.google.android.gms
05-06 20:59:02.768  3010  3010 D ApduServiceInfo: seId: 0
05-06 20:59:02.778  3010  3010 W ResourcesManager: getTopLevelResources: /data/app/com.google.android.apps.walletnfcrel-2/base.apk / 1.0 running in com.android.nfc rsrc of package com.google.android.apps.walletnfcrel
05-06 20:59:02.778  3010  3010 W ResourcesManager: getTopLevelResources: /data/app/com.google.android.apps.walletnfcrel-2/base.apk / 1.0 running in com.android.nfc rsrc of package com.google.android.apps.walletnfcrel
05-06 20:59:02.778  3010  3010 D ApduServiceInfo: seId: 0
05-06 20:59:02.778  3010  3010 W ResourcesManager: getTopLevelResources: /data/app/com.samsung.android.spayfw-1/base.apk / 1.0 running in com.android.nfc rsrc of package com.samsung.android.spayfw
05-06 20:59:02.778  3010  3010 W ResourcesManager: getTopLevelResources: /data/app/com.samsung.android.spayfw-1/base.apk / 1.0 running in com.android.nfc rsrc of package com.samsung.android.spayfw
05-06 20:59:02.778  3010  3010 D ApduServiceInfo: seId: 0
05-06 20:59:02.798 19546 19546 I Radio-JNI: register_android_hardware_Radio DONE
05-06 20:59:02.798  1397  3317 D RestrictionPolicy: userId: 0, isMicrophoneEnabledAsUser : true
05-06 20:59:02.798 19546 19546 E AffinityControl: AffinityControl: registerfunction enter
05-06 20:59:02.798  1397  2531 D RestrictionPolicy: userId: 0, isMicrophoneEnabledAsUser : true
05-06 20:59:02.798  1397  2649 D RestrictionPolicy: userId: 0, isMicrophoneEnabledAsUser : true
05-06 20:59:02.798  1397  2764 D RestrictionPolicy: userId: 0, isMicrophoneEnabledAsUser : true
05-06 20:59:02.798  1397  3343 D RestrictionPolicy: userId: 0, isMicrophoneEnabledAsUser : true
05-06 20:59:02.798  1397  3209 D RestrictionPolicy: userId: 0, isMicrophoneEnabledAsUser : true
05-06 20:59:02.808  3010 19552 D RegisteredComponentCache: Collect Tech packages for Knox
05-06 20:59:02.808  3010 19552 W ResourcesManager: getTopLevelResources: /data/app/com.sec.android.app.shealth-1/base.apk / 1.0 running in com.android.nfc rsrc of package com.sec.android.app.shealth
05-06 20:59:02.808  3010 19552 W ResourcesManager: getTopLevelResources: /data/app/com.sec.android.app.shealth-1/base.apk / 1.0 running in com.android.nfc rsrc of package com.sec.android.app.shealth
05-06 20:59:02.808  3010 19552 W ResourcesManager: getTopLevelResources: /system/priv-app/Tag/Tag.apk / 1.0 running in com.android.nfc rsrc of package com.android.apps.tag
05-06 20:59:02.808  3010 19552 W ResourcesManager: getTopLevelResources: /system/priv-app/Tag/Tag.apk / 1.0 running in com.android.nfc rsrc of package com.android.apps.tag
05-06 20:59:02.808 19546 19546 D AndroidRuntime: Calling main entry com.android.commands.pm.Pm
	pkg: /data/local/tmp/app-debug.apk
05-06 20:59:02.818  1397  2649 I PackageManager: installPackageAsUser params originPath =/data/local/tmp/app-debug.apk installerPackageName =null
05-06 20:59:02.818  1397  2649 D PackageManager: START_PACKAGE_INSTALL: observer{58955464}
05-06 20:59:02.818  1397  2649 D PackageManager:           originPath{/data/local/tmp/app-debug.apk}
05-06 20:59:02.818  1397  2649 D RestrictionPolicy: isNonMarketAppAllowed : true
