05-06 16:31:16.466 29069 29069 I Finsky  : [1] com.google.android.vending.verifier.PackageVerificationReceiver.onReceive(40): Verification requested, id = 147
05-06 16:31:16.476  1397  3343 I ActivityManager: Killing 29254:com.sec.android.daemonapp/u0a167 (adj 15): DHA:empty #33
05-06 16:31:16.476  1397  2697 V BroadcastQueue: [background] Process cur broadcast BroadcastRecord{9626273 u0 com.samsung.android.sm.security.service.ACTION_THREAT_PACKAGE_REMOVED qIdx=4}, state= (APP_RECEIVE) DELIVERED for app ProcessRecord{658618e 29270:com.samsung.android.sm/1000}
05-06 16:31:16.486  1397  2460 D RestrictionPolicy: userId: 0, isMicrophoneEnabledAsUser : true
05-06 16:31:16.486  1397  2764 D RestrictionPolicy: userId: 0, isMicrophoneEnabledAsUser : true
05-06 16:31:16.486  1397  2632 D RestrictionPolicy: userId: 0, isMicrophoneEnabledAsUser : true
05-06 16:31:16.486  1397  3355 D RestrictionPolicy: userId: 0, isMicrophoneEnabledAsUser : true
05-06 16:31:16.486  1397  3107 D RestrictionPolicy: userId: 0, isMicrophoneEnabledAsUser : true
05-06 16:31:16.486  1397  1416 D RestrictionPolicy: userId: 0, isMicrophoneEnabledAsUser : true
05-06 16:31:16.496 30494 30494 W ResourcesManager: getTopLevelResources: /system/priv-app/Shell/Shell.apk / 1.0 running in com.android.shell rsrc of package com.android.shell
05-06 16:31:16.496  1397  2531 I InjectionManagerService -AppFeature: getCoreFeaturePkgList :[]
05-06 16:31:16.496 30494 30494 I InjectionManager: Inside getClassLibPath + mLibMap{0=, 1=}
05-06 16:31:16.496 30494 30494 D ResourcesManager: For user 0 new overlays fetched Null
05-06 16:31:16.506 30506 30506 E Zygote  : v2
05-06 16:31:16.506 30506 30506 I libpersona: KNOX_SDCARD checking this for 10039
05-06 16:31:16.506 30506 30506 I libpersona: KNOX_SDCARD not a persona
05-06 16:31:16.506 30506 30506 W SELinux : Function: selinux_compare_spd_ram, index[1], priority [2], priority version is VE=SEPF_SECMOBILE_6.0.1_0010
05-06 16:31:16.506 30506 30506 E Zygote  : accessInfo : 0
05-06 16:31:16.506 30506 30506 W SELinux : SELinux: seapp_context_lookup: seinfo=release, level=s0:c512,c768, pkgname=com.sec.android.app.shealth 
05-06 16:31:16.506 30494 30494 I InjectionManager: Inside getClassLibPath caller 
05-06 16:31:16.516  1397  3209 I ActivityManager: Start proc 30506:com.sec.android.app.shealth/u0a39 for broadcast-3 com.sec.android.app.shealth/com.samsung.android.app.shealth.serviceframework.partner.PluginBroadcastReceiver
05-06 16:31:16.516 30494 30494 W System  : ClassLoader referenced unknown path: /system/priv-app/Shell/lib/arm64
05-06 16:31:16.526  1397  3355 D ActivityManager: isAutoRunBlockedApp:: com.sec.android.daemonapp, Auto Run ON
05-06 16:31:16.526 30494 30494 W ResourcesManager: getTopLevelResources: /system/priv-app/Shell/Shell.apk / 1.0 running in com.android.shell rsrc of package com.android.shell
05-06 16:31:16.526 30494 30494 D InjectionManager: InjectionManager
05-06 16:31:16.526 30494 30494 D InjectionManager: fillFeatureStoreMap com.android.shell
05-06 16:31:16.526 30494 30494 I InjectionManager: Constructor com.android.shell, Feature store :{}
05-06 16:31:16.526 30494 30494 I InjectionManager: featureStore :{}
05-06 16:31:16.546 30506 30506 D TimaKeyStoreProvider: TimaSignature is unavailable
05-06 16:31:16.546 30506 30506 D ActivityThread: Added TimaKeyStore provider
05-06 16:31:16.546  1397  2460 V BroadcastQueue: [background] Process cur broadcast BroadcastRecord{d52530 u0 com.samsung.android.intent.action.PACKAGE_REMOVED qIdx=4}, state= (APP_RECEIVE) DELIVERED for app ProcessRecord{f35a5a9 30506:com.sec.android.app.shealth/u0a39}
05-06 16:31:16.556 29975 29992 W System.err: remove failed: ENOTEMPTY (Directory not empty) : /data/user/0/com.google.android.apps.docs/cache/diskCache
05-06 16:31:16.556 29975 29992 W System.err: remove failed: ENOTEMPTY (Directory not empty) : /data/user/0/com.google.android.apps.docs/cache/docs_glide
05-06 16:31:16.556 30506 30506 W ResourcesManager: getTopLevelResources: /data/app/com.sec.android.app.shealth-1/base.apk / 1.0 running in com.sec.android.app.shealth rsrc of package com.sec.android.app.shealth
05-06 16:31:16.556  1397  3107 I InjectionManagerService -AppFeature: getCoreFeaturePkgList :[]
05-06 16:31:16.556 30506 30506 I InjectionManager: Inside getClassLibPath + mLibMap{0=, 1=}
05-06 16:31:16.566 30506 30506 D ResourcesManager: For user 0 new overlays fetched Null
05-06 16:31:16.566 30506 30506 I InjectionManager: Inside getClassLibPath caller 
05-06 16:31:16.576 30455 30467 D Documents: Update found 10 roots in 342ms
05-06 16:31:16.586 30455 30493 D Documents: Update found 10 roots in 244ms
05-06 16:31:16.586 30506 30506 I MultiDex: VM with version 2.1.0 has multidex support
05-06 16:31:16.586 30506 30506 I MultiDex: install
05-06 16:31:16.586 30506 30506 I MultiDex: VM has multidex support, MultiDex support library is disabled.
05-06 16:31:16.586 30506 30506 I MultiDex: install
05-06 16:31:16.586 30506 30506 I MultiDex: VM has multidex support, MultiDex support library is disabled.
05-06 16:31:16.596 30506 30506 W ResourcesManager: getTopLevelResources: /data/app/com.sec.android.app.shealth-1/base.apk / 1.0 running in com.sec.android.app.shealth rsrc of package com.sec.android.app.shealth
05-06 16:31:16.616  3292  7698 I GmsBackupTransport: Http Response Code : 200
05-06 16:31:16.616  1397  3343 D RestrictionPolicy: userId: 0, isMicrophoneEnabledAsUser : true
05-06 16:31:16.616  1397  1415 D RestrictionPolicy: userId: 0, isMicrophoneEnabledAsUser : true
05-06 16:31:16.616  1397  2460 D RestrictionPolicy: userId: 0, isMicrophoneEnabledAsUser : true
05-06 16:31:16.616  1397  1416 D RestrictionPolicy: userId: 0, isMicrophoneEnabledAsUser : true
05-06 16:31:16.626  1397  2648 D RestrictionPolicy: userId: 0, isMicrophoneEnabledAsUser : true
05-06 16:31:16.626  1397  3322 D RestrictionPolicy: userId: 0, isMicrophoneEnabledAsUser : true
05-06 16:31:16.626  1397  2531 D RestrictionPolicy: userId: 0, isMicrophoneEnabledAsUser : true
05-06 16:31:16.666  3292  5427 I GmsBackupTransport: Current restore package : PackageInfo{69a8024 @pm@}
05-06 16:31:16.666  1397  2432 D BackupManagerService: initiateOneRestore packageName=@pm@
05-06 16:31:16.686 30506 30506 D InjectionManager: InjectionManager
05-06 16:31:16.686 30506 30506 D InjectionManager: fillFeatureStoreMap com.sec.android.app.shealth
05-06 16:31:16.686 30506 30506 I InjectionManager: Constructor com.sec.android.app.shealth, Feature store :{}
05-06 16:31:16.686 30506 30506 I InjectionManager: featureStore :{}
05-06 16:31:16.696 30506 30506 D HealthDataStore: Service for HealthDataStore is connected
05-06 16:31:16.706 30506 30506 D S HEALTH - HealthDataStoreManager: HealthDataStoreManager.onConnected (30506)
05-06 16:31:16.706  1397  2460 V BroadcastQueue: [background] Process cur broadcast BroadcastRecord{d52530 u0 com.samsung.android.intent.action.PACKAGE_REMOVED qIdx=4}, state= (APP_RECEIVE) DELIVERED for app ProcessRecord{8a814eb 4531:com.sec.android.app.shealth:remote/u0a39}
05-06 16:31:16.716 30506 30506 D HealthConsole: Service for HealthDataConsole is connected
05-06 16:31:16.716  1397  2432 V BackupManagerService: No more packages; finishing restore
05-06 16:31:16.726  1397  2460 V BroadcastQueue: [background] Process cur broadcast BroadcastRecord{d52530 u0 com.samsung.android.intent.action.PACKAGE_REMOVED qIdx=4}, state= (APP_RECEIVE) DELIVERED for app ProcessRecord{8a814eb 4531:com.sec.android.app.shealth:remote/u0a39}
05-06 16:31:16.736  1397  3343 D RestrictionPolicy: userId: 0, isMicrophoneEnabledAsUser : true
05-06 16:31:16.736  1397  1415 D RestrictionPolicy: userId: 0, isMicrophoneEnabledAsUser : true
05-06 16:31:16.736  1397  2632 D RestrictionPolicy: userId: 0, isMicrophoneEnabledAsUser : true
05-06 16:31:16.736  1397  3355 D RestrictionPolicy: userId: 0, isMicrophoneEnabledAsUser : true
05-06 16:31:16.736  1397  3209 D RestrictionPolicy: userId: 0, isMicrophoneEnabledAsUser : true
05-06 16:31:16.736  1397  2432 D PackageManager: BM finishing package install for 154
05-06 16:31:16.736  1397  2432 I BackupRestoreController: restoreFinished for 0
05-06 16:31:16.736  1397  2432 I BackupManagerService: Restore complete.
05-06 16:31:16.736  1397  1571 D PackageManager: [MSG] POST_INSTALL: observer{82013176}
05-06 16:31:16.736  1397  1571 D PackageManager:           Handling post-install for 154
05-06 16:31:16.736  1397  2764 D RestrictionPolicy: userId: 0, isMicrophoneEnabledAsUser : true
05-06 16:31:16.746  1397  1571 W Settings: Setting install_non_market_apps has moved from android.provider.Settings.Global to android.provider.Settings.Secure, returning read-only value.
05-06 16:31:16.746  1397  1571 I art     : Starting a blocking GC Explicit
05-06 16:31:16.756  2984  2984 D WfcPhoneStateListener: onSignalStrengthsChanged(): signal strength did not change
05-06 16:31:16.756  2592  2933 D NetworkController.MobileSignalController(0/1): onSignalStrengthsChanged signalStrength=SignalStrength: 99 99 -120 -160 -120 -1 -1 19 -100 -8 140 -1 2147483647 0x4000 gsm|lte level=4
05-06 16:31:16.756  2592  2933 D NetworkController.MobileSignalController(0/1): getMobileIconGroup(): 13
05-06 16:31:16.756  2592  2933 D NetworkController.MobileSignalController(0/1): updateTMOMobileIconGroup(): 13
05-06 16:31:16.766  1397  3322 I ActivityManager: Killing 29289:com.chamberlain.myq.chamberlain/u0a216 (adj 15): DHA:empty #33
05-06 16:31:16.766  2592  2933 D NetworkController.MobileSignalController(0/1): onSignalStrengthsChanged signalStrength=SignalStrength: 99 99 -120 -160 -120 -1 -1 19 -100 -8 140 -1 2147483647 0x4000 gsm|lte level=4
05-06 16:31:16.776  2592  2933 D NetworkController.MobileSignalController(0/1): getMobileIconGroup(): 13
05-06 16:31:16.776  2592  2933 D NetworkController.MobileSignalController(0/1): updateTMOMobileIconGroup(): 13
05-06 16:31:16.776 30506 30525 I GAv4    : Google Analytics 7.5.71 is starting up. To enable debug logging on a device run:
05-06 16:31:16.776 30506 30525 I GAv4    :   adb shell setprop log.tag.GAv4 DEBUG
05-06 16:31:16.776 30506 30525 I GAv4    :   adb logcat -s GAv4
05-06 16:31:16.776  2984  2984 D WfcPhoneStateListener: onSignalStrengthsChanged(): signal strength did not change
05-06 16:31:16.796  1397  2648 D ActivityManager: isAutoRunBlockedApp:: com.chamberlain.myq.chamberlain, Auto Run ON
05-06 16:31:16.806 30506 30525 W ResourcesManager: getTopLevelResources: /data/app/com.sec.android.app.shealth-1/base.apk / 1.0 running in com.sec.android.app.shealth rsrc of package com.sec.android.app.shealth
05-06 16:31:16.806  1397  3209 V AlarmManager:  remove PendingIntent] PendingIntent{e6c6a48: PendingIntentRecord{83b60e1 com.sec.android.app.shealth broadcastIntent}}
05-06 16:31:16.806 30506 30525 W GAv4    : AnalyticsReceiver is not registered or is disabled. Register the receiver for reliable dispatching on non-Google Play devices. See http://goo.gl/8Rd3yj for instructions.
05-06 16:31:16.806 30506 30525 W GAv4    : CampaignTrackingReceiver is not registered, not exported or is disabled. Installation campaign tracking is not possible. See http://goo.gl/8Rd3yj for instructions.
05-06 16:31:16.816 30506 30525 W GAv4    : int configuration name not recognized: ga_dispatchPeriod
05-06 16:31:16.816 30506 30531 W GAv4    : AnalyticsService not registered in the app manifest. Hits might not be delivered reliably. See http://goo.gl/8Rd3yj for instructions.
05-06 16:31:16.866  1397  3209 D RestrictionPolicy: userId: 0, isMicrophoneEnabledAsUser : true
05-06 16:31:16.866  1397  2632 D RestrictionPolicy: userId: 0, isMicrophoneEnabledAsUser : true
05-06 16:31:16.866  1397  2648 D RestrictionPolicy: userId: 0, isMicrophoneEnabledAsUser : true
05-06 16:31:16.866  1397  1416 D RestrictionPolicy: userId: 0, isMicrophoneEnabledAsUser : true
05-06 16:31:16.876  1397  2649 D RestrictionPolicy: userId: 0, isMicrophoneEnabledAsUser : true
05-06 16:31:16.876  1397  2531 D RestrictionPolicy: userId: 0, isMicrophoneEnabledAsUser : true
05-06 16:31:16.876  1397  2764 D RestrictionPolicy: userId: 0, isMicrophoneEnabledAsUser : true
05-06 16:31:16.916  1397  2632 V AlarmManager:  remove PendingIntent] PendingIntent{1d43a60: PendingIntentRecord{7664b19 com.google.android.gms broadcastIntent}}
Success
05-06 16:31:16.956  1397  1571 I art     : Explicit concurrent mark sweep GC freed 136992(9MB) AllocSpace objects, 11(252KB) LOS objects, 16% free, 79MB/95MB, paused 1.943ms total 213.237ms
05-06 16:31:16.956  1397  1571 D PackageManager: result of install: 1{82013176}
05-06 16:31:16.966  1397  1397 W ResourcesManager: getTopLevelResources: /data/app/com.google.android.gms-1/base.apk / 1.0 running in null rsrc of package com.google.android.gms
05-06 16:31:16.966 30266 30266 I art     : System.exit called, status: 0
05-06 16:31:16.966 30266 30266 I AndroidRuntime: VM exiting with result code 0.
05-06 16:31:16.966  1397  1397 D ResourcesManager: For user 0 new overlays fetched Null
05-06 16:31:16.966  1397  1397 W ResourcesManager: getTopLevelResources: /data/app/com.google.android.gms-1/base.apk / 1.0 running in null rsrc of package com.google.android.gms
05-06 16:31:16.966  1397  1397 W ResourcesManager: getTopLevelResources: /system/priv-app/SNS_v2/SNS_v2.apk / 1.0 running in null rsrc of package com.sec.android.app.sns3
05-06 16:31:16.966  1397  1397 D ResourcesManager: For user 0 new overlays fetched Null
05-06 16:31:16.966  1397  1397 W ResourcesManager: getTopLevelResources: /system/priv-app/SNS_v2/SNS_v2.apk / 1.0 running in null rsrc of package com.sec.android.app.sns3
05-06 16:31:16.966  1397  1397 W ResourcesManager: getTopLevelResources: /system/priv-app/SNS_v2/SNS_v2.apk / 1.0 running in null rsrc of package com.sec.android.app.sns3
05-06 16:31:16.966  1397  1397 W ResourcesManager: getTopLevelResources: /system/priv-app/SNS_v2/SNS_v2.apk / 1.0 running in null rsrc of package com.sec.android.app.sns3
05-06 16:31:16.966  1397  1397 W ResourcesManager: getTopLevelResources: /system/priv-app/SNS_v2/SNS_v2.apk / 1.0 running in null rsrc of package com.sec.android.app.sns3
05-06 16:31:16.966  1397  1397 W ResourcesManager: getTopLevelResources: /system/priv-app/SNS_v2/SNS_v2.apk / 1.0 running in null rsrc of package com.sec.android.app.sns3
05-06 16:31:16.966  1397  1397 W ResourcesManager: getTopLevelResources: /system/priv-app/SNS_v2/SNS_v2.apk / 1.0 running in null rsrc of package com.sec.android.app.sns3
05-06 16:31:16.966  1397  1397 W ResourcesManager: getTopLevelResources: /system/priv-app/SNS_v2/SNS_v2.apk / 1.0 running in null rsrc of package com.sec.android.app.sns3
05-06 16:31:16.966  1397  1397 W ResourcesManager: getTopLevelResources: /system/priv-app/SNS_v2/SNS_v2.apk / 1.0 running in null rsrc of package com.sec.android.app.sns3
05-06 16:31:16.966  1397  1397 W ResourcesManager: getTopLevelResources: /system/priv-app/SNS_v2/SNS_v2.apk / 1.0 running in null rsrc of package com.sec.android.app.sns3
05-06 16:31:16.966  1397  1397 W ResourcesManager: getTopLevelResources: /system/priv-app/SamsungAccount_Hero/SamsungAccount_Hero.apk / 1.0 running in null rsrc of package com.osp.app.signin
05-06 16:31:16.976  1397  1466 W ResourcesManager: getTopLevelResources: /system/app/SamsungIMEv3/SamsungIMEv3.apk / 1.0 running in null rsrc of package com.sec.android.inputmethod
05-06 16:31:16.976  1397  1397 D ResourcesManager: For user 0 new overlays fetched Null
05-06 16:31:16.976  1397  1397 W ResourcesManager: getTopLevelResources: /system/priv-app/SamsungAccount_Hero/SamsungAccount_Hero.apk / 1.0 running in null rsrc of package com.osp.app.signin
05-06 16:31:16.976  1397  1397 W ResourcesManager: getTopLevelResources: /system/app/CoreApps/CoreApps.apk / 1.0 running in null rsrc of package com.samsung.android.coreapps
05-06 16:31:16.976  1397  1498 W ResourcesManager: getTopLevelResources: /system/priv-app/InputDevices/InputDevices.apk / 1.0 running in null rsrc of package com.android.inputdevices
05-06 16:31:16.996  1397  1397 D ResourcesManager: For user 0 new overlays fetched [/data/overlays/style/com.cambunch.MaterialDark/com.cambunch.MaterialDark.touchwiz.apk, /data/overlays/style/com.cambunch.MaterialDark/com.cambunch.MaterialDark.coreapps.apk, /data/overlays/style/com.cambunch.MaterialDark/com.cambunch.MaterialDark.common.apk]
05-06 16:31:16.996  1397  1498 D ResourcesManager: For user 0 new overlays fetched Null
05-06 16:31:16.996  1397  3209 D RestrictionPolicy: userId: 0, isMicrophoneEnabledAsUser : true
05-06 16:31:16.996  1397  3317 D RestrictionPolicy: userId: 0, isMicrophoneEnabledAsUser : true
05-06 16:31:16.996  1397  2648 D RestrictionPolicy: userId: 0, isMicrophoneEnabledAsUser : true
05-06 16:31:17.006  1397  3107 D RestrictionPolicy: userId: 0, isMicrophoneEnabledAsUser : true
05-06 16:31:17.006  1397  2697 D RestrictionPolicy: userId: 0, isMicrophoneEnabledAsUser : true
05-06 16:31:17.006  1397  3321 D RestrictionPolicy: userId: 0, isMicrophoneEnabledAsUser : true
05-06 16:31:17.006  1397  1397 W ResourceType: ResTable_typeSpec entry count inconsistent: given 3, previously 118
05-06 16:31:17.006  6377  6377 D ThemeManagerService: BroadcastReceiver packageName :plv.colorado.edu.callinsbenchmark, action = android.intent.action.PACKAGE_ADDED
05-06 16:31:17.006  1397  1498 W ResourcesManager: getTopLevelResources: /system/priv-app/InputDevices/InputDevices.apk / 1.0 running in null rsrc of package com.android.inputdevices
05-06 16:31:17.006  1397  1397 W ResourcesManager: getTopLevelResources: /system/app/CoreApps/CoreApps.apk / 1.0 running in null rsrc of package com.samsung.android.coreapps
05-06 16:31:17.006  1397  1466 D ResourcesManager: For user 0 new overlays fetched [/data/overlays/style/com.cambunch.MaterialDark/com.cambunch.MaterialDark.inputmethod.apk, /data/overlays/style/com.cambunch.MaterialDark/com.cambunch.MaterialDark.touchwiz.apk, /data/overlays/style/com.cambunch.MaterialDark/com.cambunch.MaterialDark.common.apk]
05-06 16:31:17.016  1397  1397 W ResourcesManager: getTopLevelResources: /data/app/com.google.android.gm-1/base.apk / 1.0 running in null rsrc of package com.google.android.gm
05-06 16:31:17.016  1397  1397 W ResourcesManager: getTopLevelResources: /data/app/com.google.android.gm-1/base.apk / 1.0 running in null rsrc of package com.google.android.gm
05-06 16:31:17.016  1397  1397 W ResourcesManager: getTopLevelResources: /data/app/com.google.android.gm-1/base.apk / 1.0 running in null rsrc of package com.google.android.gm
05-06 16:31:17.016  1397  1397 W ResourcesManager: getTopLevelResources: /data/app/com.google.android.gm-1/base.apk / 1.0 running in null rsrc of package com.google.android.gm
05-06 16:31:17.016  1397  1397 W ResourcesManager: getTopLevelResources: /data/app/com.google.android.gm-1/base.apk / 1.0 running in null rsrc of package com.google.android.gm
05-06 16:31:17.016 28275 28275 D ucsBai_ConnectionManager: mPackageReceiver Action android.intent.action.PACKAGE_ADDED
05-06 16:31:17.016  1397  1397 W ResourcesManager: getTopLevelResources: /data/app/com.google.android.gm-1/base.apk / 1.0 running in null rsrc of package com.google.android.gm
05-06 16:31:17.016  1397  1397 W ResourcesManager: getTopLevelResources: /data/app/com.humblebundle.library-1/base.apk / 1.0 running in null rsrc of package com.humblebundle.library
05-06 16:31:17.016  1397  1397 D ResourcesManager: For user 0 new overlays fetched Null
05-06 16:31:17.016  1397  1397 W ResourcesManager: getTopLevelResources: /data/app/com.humblebundle.library-1/base.apk / 1.0 running in null rsrc of package com.humblebundle.library
05-06 16:31:17.016  1397  1397 W ResourcesManager: getTopLevelResources: /data/app/com.microsoft.office.onenote-1/base.apk / 1.0 running in null rsrc of package com.microsoft.office.onenote
05-06 16:31:17.016 29110 29127 I SystemBroadcastReceiver: [#CMH#] Received broadcast 
05-06 16:31:17.016  1397  1397 D ResourcesManager: For user 0 new overlays fetched Null
05-06 16:31:17.016  1397  1397 W ResourcesManager: getTopLevelResources: /data/app/com.microsoft.office.onenote-1/base.apk / 1.0 running in null rsrc of package com.microsoft.office.onenote
05-06 16:31:17.016  1397  1397 W ResourcesManager: getTopLevelResources: /data/app/com.microsoft.office.onenote-1/base.apk / 1.0 running in null rsrc of package com.microsoft.office.onenote
05-06 16:31:17.016  1397  1397 W ResourcesManager: getTopLevelResources: /data/app/com.microsoft.office.onenote-1/base.apk / 1.0 running in null rsrc of package com.microsoft.office.onenote
05-06 16:31:17.016  1397  1397 W ResourcesManager: getTopLevelResources: /data/app/org.thoughtcrime.securesms-1/base.apk / 1.0 running in null rsrc of package org.thoughtcrime.securesms
05-06 16:31:17.016 29110 29127 I ControllerEventHandler: [#CMH#] onPackageAdded  null
05-06 16:31:17.016  1397  2213 I InputReader: Reconfiguring input devices.  changes=0x00000010
05-06 16:31:17.026  1397  1397 D ResourcesManager: For user 0 new overlays fetched Null
05-06 16:31:17.026 29110 29127 I SystemBroadcastReceiver: [#CMH#] onReceive completed 
05-06 16:31:17.026  1397  1397 W ResourcesManager: getTopLevelResources: /data/app/org.thoughtcrime.securesms-1/base.apk / 1.0 running in null rsrc of package org.thoughtcrime.securesms
05-06 16:31:17.026  1397  1397 W ResourcesManager: getTopLevelResources: /data/app/org.mozilla.firefox-2/base.apk / 1.0 running in null rsrc of package org.mozilla.firefox
05-06 16:31:17.026  1397  1397 W ResourcesManager: getTopLevelResources: /data/app/org.mozilla.firefox-2/base.apk / 1.0 running in null rsrc of package org.mozilla.firefox
05-06 16:31:17.026  1397  1397 W ResourcesManager: getTopLevelResources: /data/app/com.skype.raider-2/base.apk / 1.0 running in null rsrc of package com.skype.raider
05-06 16:31:17.026  1397  1397 D ResourcesManager: For user 0 new overlays fetched Null
05-06 16:31:17.026  1397  1397 W ResourcesManager: getTopLevelResources: /data/app/com.skype.raider-2/base.apk / 1.0 running in null rsrc of package com.skype.raider
05-06 16:31:17.026 30455 30536 D Documents: Update found 10 roots in 3ms
05-06 16:31:17.026  1397  1397 W ResourcesManager: getTopLevelResources: /data/app/com.facebook.orca-2/base.apk / 1.0 running in null rsrc of package com.facebook.orca
05-06 16:31:17.036  3018  3018 D CarrierServiceBindHelper: Receive action: android.intent.action.PACKAGE_ADDED
05-06 16:31:17.036  3018  3018 D CarrierServiceBindHelper: mHandler: 3
05-06 16:31:17.036  3018  3018 D CarrierConfigLoader: mHandler: 9 phoneId: 0
05-06 16:31:17.046  1397  1468 I ActivityManager: Start proc 30538:com.google.android.partnersetup/u0a22 for broadcast-3 com.google.android.partnersetup/.RlzPingBroadcastReceiver
05-06 16:31:17.046  2663  2663 I Recents_MultiWindowAppListInfo: android.intent.action.PACKAGE_ADDED
05-06 16:31:17.056 30538 30538 E Zygote  : v2
05-06 16:31:17.056 30538 30538 I libpersona: KNOX_SDCARD checking this for 10022
05-06 16:31:17.056 30538 30538 W SELinux : Function: selinux_compare_spd_ram, index[1], priority [2], priority version is VE=SEPF_SECMOBILE_6.0.1_0010
05-06 16:31:17.056 30538 30538 I libpersona: KNOX_SDCARD not a persona
05-06 16:31:17.056 30538 30538 E Zygote  : accessInfo : 0
05-06 16:31:17.056  3010  3010 W ResourcesManager: getTopLevelResources: /data/app/com.google.android.gms-1/base.apk / 1.0 running in com.android.nfc rsrc of package com.google.android.gms
05-06 16:31:17.056 30538 30538 W SELinux : SELinux: seapp_context_lookup: seinfo=untrusted, level=s0:c512,c768, pkgname=com.google.android.partnersetup 
05-06 16:31:17.066  3010  3010 D ResourcesManager: For user 0 new overlays fetched Null
05-06 16:31:17.066  3010  3010 W ResourcesManager: getTopLevelResources: /data/app/com.google.android.gms-1/base.apk / 1.0 running in com.android.nfc rsrc of package com.google.android.gms
05-06 16:31:17.076  3010  3010 D ApduServiceInfo: seId: 0
05-06 16:31:17.076  3010  3010 W ResourcesManager: getTopLevelResources: /data/app/com.google.android.apps.walletnfcrel-2/base.apk / 1.0 running in com.android.nfc rsrc of package com.google.android.apps.walletnfcrel
05-06 16:31:17.096  3010  3010 D ResourcesManager: For user 0 new overlays fetched Null
05-06 16:31:17.096  3010  3010 W ResourcesManager: getTopLevelResources: /data/app/com.google.android.apps.walletnfcrel-2/base.apk / 1.0 running in com.android.nfc rsrc of package com.google.android.apps.walletnfcrel
05-06 16:31:17.096  3010  3010 D ApduServiceInfo: seId: 0
05-06 16:31:17.106  3010 30551 W ResourcesManager: getTopLevelResources: /data/app/com.sec.android.app.shealth-1/base.apk / 1.0 running in com.android.nfc rsrc of package com.sec.android.app.shealth
05-06 16:31:17.106 30538 30538 D TimaKeyStoreProvider: TimaSignature is unavailable
05-06 16:31:17.106 30538 30538 D ActivityThread: Added TimaKeyStore provider
05-06 16:31:17.116  3010 30551 D ResourcesManager: For user 0 new overlays fetched Null
05-06 16:31:17.116  1397  3107 V BroadcastQueue: [background] Process cur broadcast BroadcastRecord{925c4af u0 android.intent.action.PACKAGE_ADDED qIdx=4}, state= (APP_RECEIVE) DELIVERED for app ProcessRecord{55c40bc 30538:com.google.android.partnersetup/u0a22}
05-06 16:31:17.116  3010 30551 W ResourcesManager: getTopLevelResources: /data/app/com.sec.android.app.shealth-1/base.apk / 1.0 running in com.android.nfc rsrc of package com.sec.android.app.shealth
05-06 16:31:17.116  1397  3321 D RestrictionPolicy: userId: 0, isMicrophoneEnabledAsUser : true
05-06 16:31:17.116  1397  1416 D RestrictionPolicy: userId: 0, isMicrophoneEnabledAsUser : true
05-06 16:31:17.116  3010 30551 W ResourcesManager: getTopLevelResources: /system/priv-app/Tag/Tag.apk / 1.0 running in com.android.nfc rsrc of package com.android.apps.tag
05-06 16:31:17.116  1397  2632 D RestrictionPolicy: userId: 0, isMicrophoneEnabledAsUser : true
05-06 16:31:17.126  1397  2649 D RestrictionPolicy: userId: 0, isMicrophoneEnabledAsUser : true
05-06 16:31:17.126  1397  2648 D RestrictionPolicy: userId: 0, isMicrophoneEnabledAsUser : true
05-06 16:31:17.126  1397  2697 D RestrictionPolicy: userId: 0, isMicrophoneEnabledAsUser : true
05-06 16:31:17.126  3010 30551 D ResourcesManager: For user 0 new overlays fetched [/data/overlays/style/com.cambunch.MaterialDark/com.cambunch.MaterialDark.touchwiz.apk, /data/overlays/style/com.cambunch.MaterialDark/com.cambunch.MaterialDark.common.apk]
05-06 16:31:17.126  3010 30551 W ResourcesManager: getTopLevelResources: /system/priv-app/Tag/Tag.apk / 1.0 running in com.android.nfc rsrc of package com.android.apps.tag
05-06 16:31:17.126  3010 30551 D RegisteredComponentCache: Collect Tech packages for Knox
05-06 16:31:17.156  1397  1397 D ResourcesManager: For user 0 new overlays fetched Null
05-06 16:31:17.156  1397  1397 W ResourcesManager: getTopLevelResources: /data/app/com.facebook.orca-2/base.apk / 1.0 running in null rsrc of package com.facebook.orca
05-06 16:31:17.156  1397  1397 W ResourcesManager: getTopLevelResources: /system/priv-app/GoogleServicesFramework/GoogleServicesFramework.apk / 1.0 running in null rsrc of package com.google.android.gsf
05-06 16:31:17.156  1397  1397 D ResourcesManager: For user 0 new overlays fetched Null
05-06 16:31:17.156  1397  1397 W ResourcesManager: getTopLevelResources: /system/priv-app/GoogleServicesFramework/GoogleServicesFramework.apk / 1.0 running in null rsrc of package com.google.android.gsf
05-06 16:31:17.166  1397  1397 W ResourcesManager: getTopLevelResources: /system/priv-app/SCloudServiceHero/SCloudServiceHero.apk / 1.0 running in null rsrc of package com.samsung.android.scloud
05-06 16:31:17.166  1397  1397 D ResourcesManager: For user 0 new overlays fetched [/data/overlays/style/com.cambunch.MaterialDark/com.cambunch.MaterialDark.touchwiz.apk, /data/overlays/style/com.cambunch.MaterialDark/com.cambunch.MaterialDark.backup.apk, /data/overlays/style/com.cambunch.MaterialDark/com.cambunch.MaterialDark.common.apk]
05-06 16:31:17.166  1397  1397 W ResourcesManager: getTopLevelResources: /system/priv-app/SCloudServiceHero/SCloudServiceHero.apk / 1.0 running in null rsrc of package com.samsung.android.scloud
05-06 16:31:17.166  1397  1397 W ResourcesManager: getTopLevelResources: /system/priv-app/SCloudServiceHero/SCloudServiceHero.apk / 1.0 running in null rsrc of package com.samsung.android.scloud
05-06 16:31:17.166  1397  1397 W ResourcesManager: getTopLevelResources: /system/priv-app/SCloudServiceHero/SCloudServiceHero.apk / 1.0 running in null rsrc of package com.samsung.android.scloud
05-06 16:31:17.166  1397  1397 W ResourcesManager: getTopLevelResources: /system/priv-app/SCloudServiceHero/SCloudServiceHero.apk / 1.0 running in null rsrc of package com.samsung.android.scloud
05-06 16:31:17.166  1397  1397 W ResourcesManager: getTopLevelResources: /system/priv-app/SCloudServiceHero/SCloudServiceHero.apk / 1.0 running in null rsrc of package com.samsung.android.scloud
05-06 16:31:17.166  1397  1397 W ResourcesManager: getTopLevelResources: /system/priv-app/SCloudServiceHero/SCloudServiceHero.apk / 1.0 running in null rsrc of package com.samsung.android.scloud
05-06 16:31:17.166  1397  1397 W ResourcesManager: getTopLevelResources: /system/priv-app/SCloudServiceHero/SCloudServiceHero.apk / 1.0 running in null rsrc of package com.samsung.android.scloud
05-06 16:31:17.166  1397  1397 W ResourcesManager: getTopLevelResources: /system/priv-app/SCloudServiceHero/SCloudServiceHero.apk / 1.0 running in null rsrc of package com.samsung.android.scloud
05-06 16:31:17.166  1397  1397 W ResourcesManager: getTopLevelResources: /system/priv-app/SCloudServiceHero/SCloudServiceHero.apk / 1.0 running in null rsrc of package com.samsung.android.scloud
05-06 16:31:17.166  1397  1397 W ResourcesManager: getTopLevelResources: /system/priv-app/SCloudServiceHero/SCloudServiceHero.apk / 1.0 running in null rsrc of package com.samsung.android.scloud
05-06 16:31:17.166  1397  1397 W ResourcesManager: getTopLevelResources: /system/priv-app/SCloudServiceHero/SCloudServiceHero.apk / 1.0 running in null rsrc of package com.samsung.android.scloud
05-06 16:31:17.166  1397  1397 W ResourcesManager: getTopLevelResources: /system/priv-app/SCloudServiceHero/SCloudServiceHero.apk / 1.0 running in null rsrc of package com.samsung.android.scloud
05-06 16:31:17.166  1397  1397 W ResourcesManager: getTopLevelResources: /system/priv-app/SCloudServiceHero/SCloudServiceHero.apk / 1.0 running in null rsrc of package com.samsung.android.scloud
05-06 16:31:17.166  1397  1397 W ResourcesManager: getTopLevelResources: /system/priv-app/SNS_v2/SNS_v2.apk / 1.0 running in null rsrc of package com.sec.android.app.sns3
05-06 16:31:17.166  1397  1397 W ResourcesManager: getTopLevelResources: /system/priv-app/SNS_v2/SNS_v2.apk / 1.0 running in null rsrc of package com.sec.android.app.sns3
05-06 16:31:17.166  1397  1397 W ResourcesManager: getTopLevelResources: /system/priv-app/SNS_v2/SNS_v2.apk / 1.0 running in null rsrc of package com.sec.android.app.sns3
05-06 16:31:17.166  1397  1397 W ResourcesManager: getTopLevelResources: /system/priv-app/SNS_v2/SNS_v2.apk / 1.0 running in null rsrc of package com.sec.android.app.sns3
05-06 16:31:17.166  1397  1397 W ResourcesManager: getTopLevelResources: /system/priv-app/SNS_v2/SNS_v2.apk / 1.0 running in null rsrc of package com.sec.android.app.sns3
05-06 16:31:17.166  1397  1397 W ResourcesManager: getTopLevelResources: /system/priv-app/SNS_v2/SNS_v2.apk / 1.0 running in null rsrc of package com.sec.android.app.sns3
05-06 16:31:17.166  1397  1397 W ResourcesManager: getTopLevelResources: /system/priv-app/SNS_v2/SNS_v2.apk / 1.0 running in null rsrc of package com.sec.android.app.sns3
05-06 16:31:17.166  1397  1397 W ResourcesManager: getTopLevelResources: /system/priv-app/SNS_v2/SNS_v2.apk / 1.0 running in null rsrc of package com.sec.android.app.sns3
05-06 16:31:17.166  1397  1397 W ResourcesManager: getTopLevelResources: /system/priv-app/SNS_v2/SNS_v2.apk / 1.0 running in null rsrc of package com.sec.android.app.sns3
05-06 16:31:17.166  1397  1397 W ResourcesManager: getTopLevelResources: /system/priv-app/SNS_v2/SNS_v2.apk / 1.0 running in null rsrc of package com.sec.android.app.sns3
05-06 16:31:17.166  1397  1397 W ResourcesManager: getTopLevelResources: /system/priv-app/SNS_v2/SNS_v2.apk / 1.0 running in null rsrc of package com.sec.android.app.sns3
05-06 16:31:17.176  1397  1397 W ResourcesManager: getTopLevelResources: /system/priv-app/SNS_v2/SNS_v2.apk / 1.0 running in null rsrc of package com.sec.android.app.sns3
05-06 16:31:17.176  1397  1397 W ResourcesManager: getTopLevelResources: /system/app/CoreApps/CoreApps.apk / 1.0 running in null rsrc of package com.samsung.android.coreapps
05-06 16:31:17.176  1397  1397 W ResourcesManager: getTopLevelResources: /system/app/CoreApps/CoreApps.apk / 1.0 running in null rsrc of package com.samsung.android.coreapps
05-06 16:31:17.176  1397  1397 W ResourcesManager: getTopLevelResources: /system/app/GoogleCalendarSyncAdapter/GoogleCalendarSyncAdapter.apk / 1.0 running in null rsrc of package com.google.android.syncadapters.calendar
05-06 16:31:17.176  1397  1397 D ResourcesManager: For user 0 new overlays fetched Null
05-06 16:31:17.176  1397  1397 W ResourcesManager: getTopLevelResources: /system/app/GoogleCalendarSyncAdapter/GoogleCalendarSyncAdapter.apk / 1.0 running in null rsrc of package com.google.android.syncadapters.calendar
05-06 16:31:17.176  1397  1466 W ResourcesManager: getTopLevelResources: /system/app/SamsungIMEv3/SamsungIMEv3.apk / 1.0 running in null rsrc of package com.sec.android.inputmethod
05-06 16:31:17.176  1397  1397 W ResourcesManager: getTopLevelResources: /system/app/GoogleContactsSyncAdapter/GoogleContactsSyncAdapter.apk / 1.0 running in null rsrc of package com.google.android.syncadapters.contacts
05-06 16:31:17.176  1397  1397 D ResourcesManager: For user 0 new overlays fetched Null
05-06 16:31:17.176  1397  1397 W ResourcesManager: getTopLevelResources: /system/app/GoogleContactsSyncAdapter/GoogleContactsSyncAdapter.apk / 1.0 running in null rsrc of package com.google.android.syncadapters.contacts
05-06 16:31:17.176  1397  1397 W ResourcesManager: getTopLevelResources: /data/app/com.google.android.gms-1/base.apk / 1.0 running in null rsrc of package com.google.android.gms
05-06 16:31:17.176  1397  1397 W ResourcesManager: getTopLevelResources: /data/app/com.google.android.gms-1/base.apk / 1.0 running in null rsrc of package com.google.android.gms
05-06 16:31:17.176  1397  1466 W ResourcesManager: getTopLevelResources: /data/app/com.google.android.googlequicksearchbox-1/base.apk / 1.0 running in null rsrc of package com.google.android.googlequicksearchbox
05-06 16:31:17.176  1397  1397 W ResourcesManager: getTopLevelResources: /data/app/com.google.android.gms-1/base.apk / 1.0 running in null rsrc of package com.google.android.gms
05-06 16:31:17.176  1397  1466 W ResourcesManager: getTopLevelResources: /data/app/com.google.android.googlequicksearchbox-1/base.apk / 1.0 running in null rsrc of package com.google.android.googlequicksearchbox
05-06 16:31:17.176  1397  1397 W ResourcesManager: getTopLevelResources: /data/app/com.google.android.gms-1/base.apk / 1.0 running in null rsrc of package com.google.android.gms
05-06 16:31:17.176  1397  1397 W ResourcesManager: getTopLevelResources: /data/app/com.google.android.gms-1/base.apk / 1.0 running in null rsrc of package com.google.android.gms
05-06 16:31:17.176  1397  1466 W ResourcesManager: getTopLevelResources: /data/app/com.google.android.inputmethod.latin-1/base.apk / 1.0 running in null rsrc of package com.google.android.inputmethod.latin
05-06 16:31:17.176  1397  1397 W ResourcesManager: getTopLevelResources: /data/app/com.google.android.gms-1/base.apk / 1.0 running in null rsrc of package com.google.android.gms
05-06 16:31:17.176  1397  1397 W ResourcesManager: getTopLevelResources: /data/app/com.google.android.gms-1/base.apk / 1.0 running in null rsrc of package com.google.android.gms
05-06 16:31:17.176  1397  1397 W ResourcesManager: getTopLevelResources: /data/app/com.google.android.gms-1/base.apk / 1.0 running in null rsrc of package com.google.android.gms
05-06 16:31:17.176  1397  1397 W ResourcesManager: getTopLevelResources: /data/app/com.google.android.gms-1/base.apk / 1.0 running in null rsrc of package com.google.android.gms
05-06 16:31:17.176 30538 30538 W ResourcesManager: getTopLevelResources: /system/priv-app/GooglePartnerSetup/GooglePartnerSetup.apk / 1.0 running in com.google.android.partnersetup rsrc of package com.google.android.partnersetup
05-06 16:31:17.176  1397  1397 W ResourcesManager: getTopLevelResources: /data/app/com.google.android.gms-1/base.apk / 1.0 running in null rsrc of package com.google.android.gms
05-06 16:31:17.176  1397  1397 W ResourcesManager: getTopLevelResources: /data/app/com.google.android.gms-1/base.apk / 1.0 running in null rsrc of package com.google.android.gms
05-06 16:31:17.176  1397  1397 W ResourcesManager: getTopLevelResources: /data/app/com.google.android.gms-1/base.apk / 1.0 running in null rsrc of package com.google.android.gms
05-06 16:31:17.176  1397  1397 W ResourcesManager: getTopLevelResources: /data/app/com.google.android.gms-1/base.apk / 1.0 running in null rsrc of package com.google.android.gms
05-06 16:31:17.186  1397  1397 W ResourcesManager: getTopLevelResources: /data/app/com.google.android.gms-1/base.apk / 1.0 running in null rsrc of package com.google.android.gms
05-06 16:31:17.186  1397  1397 W ResourcesManager: getTopLevelResources: /data/app/com.google.android.gms-1/base.apk / 1.0 running in null rsrc of package com.google.android.gms
05-06 16:31:17.186  1397  1397 W ResourcesManager: getTopLevelResources: /data/app/com.google.android.gms-1/base.apk / 1.0 running in null rsrc of package com.google.android.gms
05-06 16:31:17.186  1397  1397 W ResourcesManager: getTopLevelResources: /data/app/com.google.android.gms-1/base.apk / 1.0 running in null rsrc of package com.google.android.gms
05-06 16:31:17.186  1397  1397 W ResourcesManager: getTopLevelResources: /data/app/com.google.android.gms-1/base.apk / 1.0 running in null rsrc of package com.google.android.gms
05-06 16:31:17.186  1397  1397 W ResourcesManager: getTopLevelResources: /data/app/com.google.android.gms-1/base.apk / 1.0 running in null rsrc of package com.google.android.gms
05-06 16:31:17.186  1397  1397 W ResourcesManager: getTopLevelResources: /data/app/com.google.android.gms-1/base.apk / 1.0 running in null rsrc of package com.google.android.gms
05-06 16:31:17.186  1397  1397 W ResourcesManager: getTopLevelResources: /data/app/com.google.android.gms-1/base.apk / 1.0 running in null rsrc of package com.google.android.gms
05-06 16:31:17.186  1397  1397 W ResourcesManager: getTopLevelResources: /data/app/com.google.android.gms-1/base.apk / 1.0 running in null rsrc of package com.google.android.gms
05-06 16:31:17.186  1397  1397 W ResourcesManager: getTopLevelResources: /data/app/com.google.android.gms-1/base.apk / 1.0 running in null rsrc of package com.google.android.gms
05-06 16:31:17.186  1397  1397 W ResourcesManager: getTopLevelResources: /data/app/com.google.android.gms-1/base.apk / 1.0 running in null rsrc of package com.google.android.gms
05-06 16:31:17.186  1397  1397 W ResourcesManager: getTopLevelResources: /data/app/com.google.android.gms-1/base.apk / 1.0 running in null rsrc of package com.google.android.gms
05-06 16:31:17.186  1397  1397 W ResourcesManager: getTopLevelResources: /data/app/com.google.android.gms-1/base.apk / 1.0 running in null rsrc of package com.google.android.gms
05-06 16:31:17.186  1397  1397 W ResourcesManager: getTopLevelResources: /data/app/com.google.android.gms-1/base.apk / 1.0 running in null rsrc of package com.google.android.gms
05-06 16:31:17.186  1397  1397 W ResourcesManager: getTopLevelResources: /data/app/com.google.android.gms-1/base.apk / 1.0 running in null rsrc of package com.google.android.gms
05-06 16:31:17.186  1397  1397 W ResourcesManager: getTopLevelResources: /data/app/com.google.android.gms-1/base.apk / 1.0 running in null rsrc of package com.google.android.gms
05-06 16:31:17.186  1397  1397 W ResourcesManager: getTopLevelResources: /data/app/com.google.android.gms-1/base.apk / 1.0 running in null rsrc of package com.google.android.gms
05-06 16:31:17.186  1397  1397 W ResourcesManager: getTopLevelResources: /data/app/com.google.android.gms-1/base.apk / 1.0 running in null rsrc of package com.google.android.gms
05-06 16:31:17.186  1397  1397 W ResourcesManager: getTopLevelResources: /data/app/com.google.android.gms-1/base.apk / 1.0 running in null rsrc of package com.google.android.gms
05-06 16:31:17.186  1397  1397 W ResourcesManager: getTopLevelResources: /data/app/com.android.chrome-1/base.apk / 1.0 running in null rsrc of package com.android.chrome
05-06 16:31:17.186  1397  1397 D ResourcesManager: For user 0 new overlays fetched Null
05-06 16:31:17.186  1397  1397 W ResourcesManager: getTopLevelResources: /data/app/com.android.chrome-1/base.apk / 1.0 running in null rsrc of package com.android.chrome
05-06 16:31:17.186  1397  2649 I InjectionManagerService -AppFeature: getCoreFeaturePkgList :[]
05-06 16:31:17.186  1397  1397 W ResourcesManager: getTopLevelResources: /data/app/com.google.android.gm-1/base.apk / 1.0 running in null rsrc of package com.google.android.gm
05-06 16:31:17.186  1397  1397 W ResourcesManager: getTopLevelResources: /data/app/com.google.android.gm-1/base.apk / 1.0 running in null rsrc of package com.google.android.gm
05-06 16:31:17.186  1397  1397 W ResourcesManager: getTopLevelResources: /data/app/com.google.android.gm-1/base.apk / 1.0 running in null rsrc of package com.google.android.gm
05-06 16:31:17.186  1397  1397 W ResourcesManager: getTopLevelResources: /data/app/com.google.android.gm-1/base.apk / 1.0 running in null rsrc of package com.google.android.gm
05-06 16:31:17.186  1397  1397 W ResourcesManager: getTopLevelResources: /data/app/com.google.android.gm-1/base.apk / 1.0 running in null rsrc of package com.google.android.gm
05-06 16:31:17.186  1397  1397 W ResourcesManager: getTopLevelResources: /data/app/com.google.android.gm-1/base.apk / 1.0 running in null rsrc of package com.google.android.gm
05-06 16:31:17.186  1397  1397 W ResourcesManager: getTopLevelResources: /data/app/com.google.android.gm-1/base.apk / 1.0 running in null rsrc of package com.google.android.gm
05-06 16:31:17.186  1397  1397 W ResourcesManager: getTopLevelResources: /data/app/com.google.android.gm-1/base.apk / 1.0 running in null rsrc of package com.google.android.gm
05-06 16:31:17.186  1397  1397 W ResourcesManager: getTopLevelResources: /data/app/com.google.android.gm-1/base.apk / 1.0 running in null rsrc of package com.google.android.gm
05-06 16:31:17.186  1397  1397 W ResourcesManager: getTopLevelResources: /data/app/com.google.android.gm-1/base.apk / 1.0 running in null rsrc of package com.google.android.gm
05-06 16:31:17.186  1397  1397 W ResourcesManager: getTopLevelResources: /data/app/com.google.android.gm-1/base.apk / 1.0 running in null rsrc of package com.google.android.gm
05-06 16:31:17.186  1397  1397 W ResourcesManager: getTopLevelResources: /data/app/com.google.android.gm-1/base.apk / 1.0 running in null rsrc of package com.google.android.gm
05-06 16:31:17.186  1397  1397 W ResourcesManager: getTopLevelResources: /data/app/com.google.android.music-1/base.apk / 1.0 running in null rsrc of package com.google.android.music
05-06 16:31:17.186  1397  1397 D ResourcesManager: For user 0 new overlays fetched Null
05-06 16:31:17.186  1397  1397 W ResourcesManager: getTopLevelResources: /data/app/com.google.android.music-1/base.apk / 1.0 running in null rsrc of package com.google.android.music
05-06 16:31:17.196  1397  1397 W ResourcesManager: getTopLevelResources: /data/app/com.google.android.videos-1/base.apk / 1.0 running in null rsrc of package com.google.android.videos
05-06 16:31:17.196  1397  1397 D ResourcesManager: For user 0 new overlays fetched Null
05-06 16:31:17.196  1397  1397 W ResourcesManager: getTopLevelResources: /data/app/com.google.android.videos-1/base.apk / 1.0 running in null rsrc of package com.google.android.videos
05-06 16:31:17.196  1397  1397 W ResourcesManager: getTopLevelResources: /data/app/com.google.android.apps.docs-1/base.apk / 1.0 running in null rsrc of package com.google.android.apps.docs
05-06 16:31:17.196  1397  1397 D ResourcesManager: For user 0 new overlays fetched Null
05-06 16:31:17.196  1397  1397 W ResourcesManager: getTopLevelResources: /data/app/com.google.android.apps.docs-1/base.apk / 1.0 running in null rsrc of package com.google.android.apps.docs
05-06 16:31:17.196  1397  1397 W ResourcesManager: getTopLevelResources: /data/app/com.sec.android.app.shealth-1/base.apk / 1.0 running in null rsrc of package com.sec.android.app.shealth
05-06 16:31:17.196 30538 30538 I InjectionManager: Inside getClassLibPath + mLibMap{0=, 1=}
05-06 16:31:17.196  1397  1397 D ResourcesManager: For user 0 new overlays fetched Null
05-06 16:31:17.196  1397  1397 W ResourcesManager: getTopLevelResources: /data/app/com.sec.android.app.shealth-1/base.apk / 1.0 running in null rsrc of package com.sec.android.app.shealth
05-06 16:31:17.196  1397  1397 W ResourcesManager: getTopLevelResources: /data/app/com.sec.android.app.shealth-1/base.apk / 1.0 running in null rsrc of package com.sec.android.app.shealth
05-06 16:31:17.196  1397  1397 W ResourcesManager: getTopLevelResources: /data/app/com.sec.android.app.shealth-1/base.apk / 1.0 running in null rsrc of package com.sec.android.app.shealth
05-06 16:31:17.196  1397  1397 W ResourcesManager: getTopLevelResources: /data/app/com.google.android.apps.docs.editors.docs-1/base.apk / 1.0 running in null rsrc of package com.google.android.apps.docs.editors.docs
05-06 16:31:17.206 30538 30538 D ResourcesManager: For user 0 new overlays fetched Null
05-06 16:31:17.206  1397  1397 D ResourcesManager: For user 0 new overlays fetched Null
05-06 16:31:17.206  1397  1397 W ResourcesManager: getTopLevelResources: /data/app/com.google.android.apps.docs.editors.docs-1/base.apk / 1.0 running in null rsrc of package com.google.android.apps.docs.editors.docs
05-06 16:31:17.206  1397  1397 W ResourcesManager: getTopLevelResources: /data/app/com.google.android.apps.cloudprint-1/base.apk / 1.0 running in null rsrc of package com.google.android.apps.cloudprint
05-06 16:31:17.206  1397  1466 D ResourcesManager: For user 0 new overlays fetched Null
05-06 16:31:17.206  1397  1397 D ResourcesManager: For user 0 new overlays fetched Null
05-06 16:31:17.206  1397  1466 W ResourcesManager: getTopLevelResources: /data/app/com.google.android.inputmethod.latin-1/base.apk / 1.0 running in null rsrc of package com.google.android.inputmethod.latin
05-06 16:31:17.206  1397  1397 W ResourcesManager: getTopLevelResources: /data/app/com.google.android.apps.cloudprint-1/base.apk / 1.0 running in null rsrc of package com.google.android.apps.cloudprint
05-06 16:31:17.206  1397  1397 W ResourcesManager: getTopLevelResources: /data/app/com.humblebundle.library-1/base.apk / 1.0 running in null rsrc of package com.humblebundle.library
05-06 16:31:17.206  1397  1397 W ResourcesManager: getTopLevelResources: /data/app/com.humblebundle.library-1/base.apk / 1.0 running in null rsrc of package com.humblebundle.library
05-06 16:31:17.206  1397  1397 W ResourcesManager: getTopLevelResources: /data/app/com.google.android.inputmethod.latin-1/base.apk / 1.0 running in null rsrc of package com.google.android.inputmethod.latin
05-06 16:31:17.206  1397  1397 W ResourcesManager: getTopLevelResources: /data/app/com.google.android.inputmethod.latin-1/base.apk / 1.0 running in null rsrc of package com.google.android.inputmethod.latin
05-06 16:31:17.206  1397  1397 W ResourcesManager: getTopLevelResources: /data/app/com.google.android.apps.docs.editors.sheets-1/base.apk / 1.0 running in null rsrc of package com.google.android.apps.docs.editors.sheets
05-06 16:31:17.206  1397  1466 W ResourcesManager: getTopLevelResources: /data/app/org.pocketworkstation.pckeyboard-1/base.apk / 1.0 running in null rsrc of package org.pocketworkstation.pckeyboard
05-06 16:31:17.216  1397  1466 D ResourcesManager: For user 0 new overlays fetched Null
05-06 16:31:17.216  1397  1397 D ResourcesManager: For user 0 new overlays fetched Null
05-06 16:31:17.216  1397  1466 W ResourcesManager: getTopLevelResources: /data/app/org.pocketworkstation.pckeyboard-1/base.apk / 1.0 running in null rsrc of package org.pocketworkstation.pckeyboard
05-06 16:31:17.216  1397  1397 W ResourcesManager: getTopLevelResources: /data/app/com.google.android.apps.docs.editors.sheets-1/base.apk / 1.0 running in null rsrc of package com.google.android.apps.docs.editors.sheets
05-06 16:31:17.216  1397  1466 W ResourcesManager: getTopLevelResources: /data/app/com.google.android.inputmethod.pinyin-1/base.apk / 1.0 running in null rsrc of package com.google.android.inputmethod.pinyin
05-06 16:31:17.216  1397  1397 W ResourcesManager: getTopLevelResources: /data/app/com.microsoft.office.onenote-1/base.apk / 1.0 running in null rsrc of package com.microsoft.office.onenote
05-06 16:31:17.216  1397  1397 W ResourcesManager: getTopLevelResources: /data/app/com.microsoft.office.onenote-1/base.apk / 1.0 running in null rsrc of package com.microsoft.office.onenote
05-06 16:31:17.216  1397  1397 W ResourcesManager: getTopLevelResources: /data/app/com.google.android.apps.magazines-1/base.apk / 1.0 running in null rsrc of package com.google.android.apps.magazines
05-06 16:31:17.216 30538 30538 I InjectionManager: Inside getClassLibPath caller 
05-06 16:31:17.216  1397  1466 D ResourcesManager: For user 0 new overlays fetched Null
05-06 16:31:17.216  1397  1397 D ResourcesManager: For user 0 new overlays fetched Null
05-06 16:31:17.216  1397  1466 W ResourcesManager: getTopLevelResources: /data/app/com.google.android.inputmethod.pinyin-1/base.apk / 1.0 running in null rsrc of package com.google.android.inputmethod.pinyin
