05-06 20:59:07.378  1397  1466 D ResourcesManager: For user 0 new overlays fetched Null
05-06 20:59:07.378  1397  1466 W ResourcesManager: getTopLevelResources: /data/app/com.crittermap.backcountrynavigator.license-2/base.apk / 1.0 running in null rsrc of package com.crittermap.backcountrynavigator.license
05-06 20:59:07.378  1397  1466 W ResourcesManager: getTopLevelResources: /system/priv-app/MyPlaces_Hero/MyPlaces_Hero.apk / 1.0 running in null rsrc of package com.sec.android.widgetapp.locationwidget
05-06 20:59:07.378 19855 19855 E AffinityControl: AffinityControl: registerfunction enter
05-06 20:59:07.378  1397  1466 D ResourcesManager: For user 0 new overlays fetched Null
05-06 20:59:07.388  1397  1466 W ResourcesManager: getTopLevelResources: /system/priv-app/MyPlaces_Hero/MyPlaces_Hero.apk / 1.0 running in null rsrc of package com.sec.android.widgetapp.locationwidget
05-06 20:59:07.388  1397  1466 W ResourcesManager: getTopLevelResources: /system/priv-app/SecSettings2/SecSettings2.apk / 1.0 running in null rsrc of package com.android.settings
05-06 20:59:07.388  1397  1466 W ResourcesManager: getTopLevelResources: /system/priv-app/TouchWizHome_2016/TouchWizHome_2016.apk / 1.0 running in null rsrc of package com.sec.android.app.launcher
05-06 20:59:07.388  1397  1466 D ResourcesManager: For user 0 new overlays fetched [/data/overlays/style/com.cambunch.MaterialDark/com.cambunch.MaterialDark.touchwiz.apk, /data/overlays/style/com.cambunch.MaterialDark/com.cambunch.MaterialDark.common.apk]
05-06 20:59:07.388  1397  1466 W ResourcesManager: getTopLevelResources: /system/priv-app/TouchWizHome_2016/TouchWizHome_2016.apk / 1.0 running in null rsrc of package com.sec.android.app.launcher
05-06 20:59:07.388  1397  1466 W ResourcesManager: getTopLevelResources: /system/app/SPlanner_M/SPlanner_M.apk / 1.0 running in null rsrc of package com.android.calendar
05-06 20:59:07.388  1397  1466 D ResourcesManager: For user 0 new overlays fetched [/data/overlays/style/com.cambunch.MaterialDark/com.cambunch.MaterialDark.touchwiz.apk, /data/overlays/style/com.cambunch.MaterialDark/com.cambunch.MaterialDark.calendar.apk, /data/overlays/style/com.cambunch.MaterialDark/com.cambunch.MaterialDark.common.apk]
05-06 20:59:07.388  1397  1466 W ResourcesManager: getTopLevelResources: /system/app/SPlanner_M/SPlanner_M.apk / 1.0 running in null rsrc of package com.android.calendar
05-06 20:59:07.388  1397  1466 W ResourcesManager: getTopLevelResources: /system/app/SPlanner_M/SPlanner_M.apk / 1.0 running in null rsrc of package com.android.calendar
05-06 20:59:07.388  1397  1466 W ResourcesManager: getTopLevelResources: /system/app/SecHelp/SecHelp.apk / 1.0 running in null rsrc of package com.samsung.helphub
05-06 20:59:07.388  1397  1466 D ResourcesManager: For user 0 new overlays fetched Null
05-06 20:59:07.388  1397  1416 I ActivityManager: Killing 19077:com.jasonflaherty.snoteldata/u0a235 (adj 15): DHA:empty #33
05-06 20:59:07.388  1397  1466 W ResourcesManager: getTopLevelResources: /system/app/SecHelp/SecHelp.apk / 1.0 running in null rsrc of package com.samsung.helphub
05-06 20:59:07.388  1397  1466 W ResourcesManager: getTopLevelResources: /system/app/Weather2016/Weather2016.apk / 1.0 running in null rsrc of package com.samsung.android.weather
05-06 20:59:07.388  1397  1466 W ResourcesManager: getTopLevelResources: /system/app/Weather2016/Weather2016.apk / 1.0 running in null rsrc of package com.samsung.android.weather
05-06 20:59:07.388  1397  1466 W ResourcesManager: getTopLevelResources: /data/app/com.google.android.gms-1/base.apk / 1.0 running in null rsrc of package com.google.android.gms
05-06 20:59:07.388  1397  1466 W ResourcesManager: getTopLevelResources: /data/app/com.google.android.gms-1/base.apk / 1.0 running in null rsrc of package com.google.android.gms
05-06 20:59:07.398  1397  1466 W ResourcesManager: getTopLevelResources: /data/app/com.android.chrome-1/base.apk / 1.0 running in null rsrc of package com.android.chrome
05-06 20:59:07.398  1397  1466 W ResourcesManager: getTopLevelResources: /data/app/com.android.chrome-1/base.apk / 1.0 running in null rsrc of package com.android.chrome
05-06 20:59:07.398  1397  1466 W ResourcesManager: getTopLevelResources: /data/app/com.google.android.apps.docs-1/base.apk / 1.0 running in null rsrc of package com.google.android.apps.docs
05-06 20:59:07.398  1397  1466 W ResourcesManager: getTopLevelResources: /data/app/com.google.android.apps.docs-1/base.apk / 1.0 running in null rsrc of package com.google.android.apps.docs
05-06 20:59:07.398  1397  1466 W ResourcesManager: getTopLevelResources: /data/app/com.google.android.apps.docs-1/base.apk / 1.0 running in null rsrc of package com.google.android.apps.docs
05-06 20:59:07.398  1397  1466 W ResourcesManager: getTopLevelResources: /data/app/com.samsung.oh-1/base.apk / 1.0 running in null rsrc of package com.samsung.oh
05-06 20:59:07.398  1397  1416 V BroadcastQueue: [background] Process cur broadcast BroadcastRecord{5febdd5 u0 android.intent.action.PACKAGE_ADDED qIdx=4}, state= (APP_RECEIVE) DELIVERED for app ProcessRecord{3947c0a 3018:com.android.phone/1001}
05-06 20:59:07.408 19855 19855 D AndroidRuntime: Calling main entry com.android.commands.am.Am
05-06 20:59:07.408  1397  1466 D ResourcesManager: For user 0 new overlays fetched Null
05-06 20:59:07.408  1397  2697 D RestrictionPolicy: userId: 0, isMicrophoneEnabledAsUser : true
05-06 20:59:07.408  1397  1466 W ResourcesManager: getTopLevelResources: /data/app/com.samsung.oh-1/base.apk / 1.0 running in null rsrc of package com.samsung.oh
05-06 20:59:07.408  1397  1466 W ResourcesManager: getTopLevelResources: /data/app/com.google.android.youtube-2/base.apk / 1.0 running in null rsrc of package com.google.android.youtube
05-06 20:59:07.408  1397  3322 D RestrictionPolicy: userId: 0, isMicrophoneEnabledAsUser : true
05-06 20:59:07.408  1397  1466 W ResourcesManager: getTopLevelResources: /data/app/com.google.android.apps.docs.editors.docs-1/base.apk / 1.0 running in null rsrc of package com.google.android.apps.docs.editors.docs
05-06 20:59:07.408  1397  3321 D RestrictionPolicy: userId: 0, isMicrophoneEnabledAsUser : true
05-06 20:59:07.408  1397  1466 W ResourcesManager: getTopLevelResources: /data/app/com.digikey.mobile-1/base.apk / 1.0 running in null rsrc of package com.digikey.mobile
05-06 20:59:07.408  1397  2460 D RestrictionPolicy: userId: 0, isMicrophoneEnabledAsUser : true
05-06 20:59:07.408  1397  2531 D RestrictionPolicy: userId: 0, isMicrophoneEnabledAsUser : true
05-06 20:59:07.408  1397  1466 D ResourcesManager: For user 0 new overlays fetched Null
05-06 20:59:07.408  1397  1466 W ResourcesManager: getTopLevelResources: /data/app/com.digikey.mobile-1/base.apk / 1.0 running in null rsrc of package com.digikey.mobile
05-06 20:59:07.408  1397  3317 D RestrictionPolicy: userId: 0, isMicrophoneEnabledAsUser : true
05-06 20:59:07.408  1397  1416 V BroadcastQueue: [background] Process cur broadcast BroadcastRecord{5febdd5 u0 android.intent.action.PACKAGE_ADDED qIdx=4}, state= (APP_RECEIVE) DELIVERED for app ProcessRecord{23c274f 6377:com.samsung.android.themecenter/1000}
05-06 20:59:07.408  1397  1466 W ResourcesManager: getTopLevelResources: /data/app/com.google.android.play.games-1/base.apk / 1.0 running in null rsrc of package com.google.android.play.games
05-06 20:59:07.408  1397  1415 D RestrictionPolicy: userId: 0, isMicrophoneEnabledAsUser : true
05-06 20:59:07.408  6377  6377 I ThemeManagerReceiver: ThemeManagerReceiver onReceive android.intent.action.PACKAGE_ADDED
05-06 20:59:07.408  1397  1466 D ResourcesManager: For user 0 new overlays fetched Null
05-06 20:59:07.408  1397  1466 W ResourcesManager: getTopLevelResources: /data/app/com.google.android.play.games-1/base.apk / 1.0 running in null rsrc of package com.google.android.play.games
05-06 20:59:07.408  1397  1466 W ResourcesManager: getTopLevelResources: /data/app/com.google.android.apps.unveil-1/base.apk / 1.0 running in null rsrc of package com.google.android.apps.unveil
05-06 20:59:07.418  1397  1466 D ResourcesManager: For user 0 new overlays fetched Null
05-06 20:59:07.418  1397  1466 W ResourcesManager: getTopLevelResources: /data/app/com.google.android.apps.unveil-1/base.apk / 1.0 running in null rsrc of package com.google.android.apps.unveil
05-06 20:59:07.418  1397  1466 W ResourcesManager: getTopLevelResources: /data/app/com.google.android.apps.docs.editors.sheets-1/base.apk / 1.0 running in null rsrc of package com.google.android.apps.docs.editors.sheets
05-06 20:59:07.418  1397  1466 W ResourcesManager: getTopLevelResources: /data/app/com.agi.android.augmentedreality-1/base.apk / 1.0 running in null rsrc of package com.agi.android.augmentedreality
05-06 20:59:07.418  1397  1466 D ResourcesManager: For user 0 new overlays fetched Null
05-06 20:59:07.418  1397  1466 W ResourcesManager: getTopLevelResources: /data/app/com.agi.android.augmentedreality-1/base.apk / 1.0 running in null rsrc of package com.agi.android.augmentedreality
05-06 20:59:07.418  1397  1466 W ResourcesManager: getTopLevelResources: /data/app/com.agi.android.augmentedreality-1/base.apk / 1.0 running in null rsrc of package com.agi.android.augmentedreality
05-06 20:59:07.418  1397  1466 W ResourcesManager: getTopLevelResources: /data/app/org.npr.android.news-1/base.apk / 1.0 running in null rsrc of package org.npr.android.news
05-06 20:59:07.418  1397  1466 D ResourcesManager: For user 0 new overlays fetched Null
05-06 20:59:07.418  1397  1466 W ResourcesManager: getTopLevelResources: /data/app/org.npr.android.news-1/base.apk / 1.0 running in null rsrc of package org.npr.android.news
05-06 20:59:07.418  1397  1466 W ResourcesManager: getTopLevelResources: /data/app/com.google.android.apps.magazines-1/base.apk / 1.0 running in null rsrc of package com.google.android.apps.magazines
05-06 20:59:07.418  1397  1466 W ResourcesManager: getTopLevelResources: /data/app/com.google.android.apps.magazines-1/base.apk / 1.0 running in null rsrc of package com.google.android.apps.magazines
05-06 20:59:07.418  1397  1466 W ResourcesManager: getTopLevelResources: /data/app/com.google.android.apps.genie.geniewidget-1/base.apk / 1.0 running in null rsrc of package com.google.android.apps.genie.geniewidget
05-06 20:59:07.418  1397  1466 W ResourcesManager: getTopLevelResources: /data/app/com.google.android.apps.genie.geniewidget-1/base.apk / 1.0 running in null rsrc of package com.google.android.apps.genie.geniewidget
05-06 20:59:07.418  1397  1466 W ResourcesManager: getTopLevelResources: /data/app/com.google.android.calendar-1/base.apk / 1.0 running in null rsrc of package com.google.android.calendar
05-06 20:59:07.418  1397  1466 W ResourcesManager: getTopLevelResources: /data/app/com.google.android.calendar-1/base.apk / 1.0 running in null rsrc of package com.google.android.calendar
05-06 20:59:07.418  1397  1416 V BroadcastQueue: [background] Process cur broadcast BroadcastRecord{5febdd5 u0 android.intent.action.PACKAGE_ADDED qIdx=4}, state= (APP_RECEIVE) DELIVERED for app ProcessRecord{8fea1fc 18836:com.samsung.android.app.filterinstaller/1000}
05-06 20:59:07.418  1397  1466 W ResourcesManager: getTopLevelResources: /data/app/com.metago.astro-1/base.apk / 1.0 running in null rsrc of package com.metago.astro
05-06 20:59:07.418  1397  1466 D ResourcesManager: For user 0 new overlays fetched Null
05-06 20:59:07.418  1397  1466 W ResourcesManager: getTopLevelResources: /data/app/com.metago.astro-1/base.apk / 1.0 running in null rsrc of package com.metago.astro
05-06 20:59:07.418  1397  1466 W ResourcesManager: getTopLevelResources: /data/app/keepass2android.keepass2android_nonet-1/base.apk / 1.0 running in null rsrc of package keepass2android.keepass2android_nonet
05-06 20:59:07.428 18836 18836 E FilterPackageIntentReceiver: This package doen not have permission
05-06 20:59:07.428  1397  1466 W ResourcesManager: getTopLevelResources: /data/app/com.quirky.android.wink.wink-2/base.apk / 1.0 running in null rsrc of package com.quirky.android.wink.wink
05-06 20:59:07.428  1397  1466 D ResourcesManager: For user 0 new overlays fetched Null
05-06 20:59:07.428  1397  1466 W ResourcesManager: getTopLevelResources: /data/app/com.quirky.android.wink.wink-2/base.apk / 1.0 running in null rsrc of package com.quirky.android.wink.wink
05-06 20:59:07.428  1397  1466 W ResourcesManager: getTopLevelResources: /data/app/com.quirky.android.wink.wink-2/base.apk / 1.0 running in null rsrc of package com.quirky.android.wink.wink
05-06 20:59:07.428  1397  1466 W ResourcesManager: getTopLevelResources: /data/app/com.google.android.apps.googlevoice-2/base.apk / 1.0 running in null rsrc of package com.google.android.apps.googlevoice
05-06 20:59:07.428  1397  1466 D ResourcesManager: For user 0 new overlays fetched Null
05-06 20:59:07.428  1397  1466 W ResourcesManager: getTopLevelResources: /data/app/com.google.android.apps.googlevoice-2/base.apk / 1.0 running in null rsrc of package com.google.android.apps.googlevoice
05-06 20:59:07.428  1397  1466 W ResourcesManager: getTopLevelResources: /data/app/com.netflix.mediaclient-2/base.apk / 1.0 running in null rsrc of package com.netflix.mediaclient
05-06 20:59:07.428  1397  1466 D ResourcesManager: For user 0 new overlays fetched Null
05-06 20:59:07.428  1397  1466 W ResourcesManager: getTopLevelResources: /data/app/com.netflix.mediaclient-2/base.apk / 1.0 running in null rsrc of package com.netflix.mediaclient
05-06 20:59:07.428  1397  1466 W ResourcesManager: getTopLevelResources: /data/app/com.amazon.mShop.android.shopping-2/base.apk / 1.0 running in null rsrc of package com.amazon.mShop.android.shopping
05-06 20:59:07.438  1397  1466 D ResourcesManager: For user 0 new overlays fetched Null
05-06 20:59:07.438  1397  1466 W ResourcesManager: getTopLevelResources: /data/app/com.amazon.mShop.android.shopping-2/base.apk / 1.0 running in null rsrc of package com.amazon.mShop.android.shopping
05-06 20:59:07.438  1397  1466 W ResourcesManager: getTopLevelResources: /data/app/com.google.android.apps.docs.editors.slides-2/base.apk / 1.0 running in null rsrc of package com.google.android.apps.docs.editors.slides
05-06 20:59:07.438  1397  1466 W ResourcesManager: getTopLevelResources: /data/app/com.crittermap.backcountrynavigator.license-2/base.apk / 1.0 running in null rsrc of package com.crittermap.backcountrynavigator.license
05-06 20:59:07.438  1397  1416 V BroadcastQueue: [background] Process cur broadcast BroadcastRecord{5febdd5 u0 android.intent.action.PACKAGE_ADDED qIdx=4}, state= (APP_RECEIVE) DELIVERED for app ProcessRecord{246b014 18395:com.sec.android.widgetapp.samsungapps/u0a112}
05-06 20:59:07.438  1397  1466 W ResourcesManager: getTopLevelResources: /data/app/com.google.android.googlequicksearchbox-2/base.apk / 1.0 running in null rsrc of package com.google.android.googlequicksearchbox
05-06 20:59:07.438  1397  1466 W ResourcesManager: getTopLevelResources: /system/priv-app/SecContacts_M/SecContacts_M.apk / 1.0 running in null rsrc of package com.android.contacts
05-06 20:59:07.438  1397  1466 W ResourcesManager: getTopLevelResources: /system/priv-app/SecGallery2015/SecGallery2015.apk / 1.0 running in null rsrc of package com.sec.android.gallery3d
05-06 20:59:07.438  1397  1466 W ResourcesManager: getTopLevelResources: /system/priv-app/SFinder_v4/SFinder_v4.apk / 1.0 running in null rsrc of package com.samsung.android.app.galaxyfinder
05-06 20:59:07.438  1397  1466 D ResourcesManager: For user 0 new overlays fetched [/data/overlays/style/com.cambunch.MaterialDark/com.cambunch.MaterialDark.touchwiz.apk, /data/overlays/style/com.cambunch.MaterialDark/com.cambunch.MaterialDark.galaxyfinder.apk, /data/overlays/style/com.cambunch.MaterialDark/com.cambunch.MaterialDark.common.apk]
05-06 20:59:07.438  1397  1466 W ResourcesManager: getTopLevelResources: /system/priv-app/SFinder_v4/SFinder_v4.apk / 1.0 running in null rsrc of package com.samsung.android.app.galaxyfinder
Starting: Intent { cmp=plv.colorado.edu.callinsbenchmark/.CallinsBenchmark VirtualScreenParam=Params{mDisplayId=-1, null, mFlags=0x00000000)} }05-06 20:59:07.438  1397  1466 W ResourcesManager: getTopLevelResources: /system/priv-app/SFinder_v4/SFinder_v4.apk / 1.0 running in null rsrc of package com.samsung.android.app.galaxyfinder

05-06 20:59:07.438  1397  2649 D ActivityManager: isAutoRunBlockedApp:: com.jasonflaherty.snoteldata, Auto Run ON
05-06 20:59:07.448  1397  3209 V AlarmManager:  remove PendingIntent] PendingIntent{9a209c2: PendingIntentRecord{70373d3 com.google.android.gms broadcastIntent}}
05-06 20:59:07.448  1397  1466 W ResourcesManager: getTopLevelResources: /system/priv-app/LiveBroadcast/LiveBroadcast.apk / 1.0 running in null rsrc of package com.sec.android.app.camera.plb
05-06 20:59:07.448  1397  1466 W ResourcesManager: getTopLevelResources: /system/priv-app/LiveBroadcast/LiveBroadcast.apk / 1.0 running in null rsrc of package com.sec.android.app.camera.plb
05-06 20:59:07.448  1397  1466 W ResourcesManager: getTopLevelResources: /system/priv-app/LiveBroadcast/LiveBroadcast.apk / 1.0 running in null rsrc of package com.sec.android.app.camera.plb
05-06 20:59:07.448  1397  1466 W ResourcesManager: getTopLevelResources: /system/priv-app/SFinder_v4/SFinder_v4.apk / 1.0 running in null rsrc of package com.samsung.android.app.galaxyfinder
05-06 20:59:07.448  1397  1466 W ResourcesManager: getTopLevelResources: /system/priv-app/SamsungCamera5/SamsungCamera5.apk / 1.0 running in null rsrc of package com.sec.android.app.camera
05-06 20:59:07.448  1397  1466 W ResourcesManager: getTopLevelResources: /system/priv-app/SecContacts_M/SecContacts_M.apk / 1.0 running in null rsrc of package com.android.contacts
05-06 20:59:07.448  1397  1466 W ResourcesManager: getTopLevelResources: /system/priv-app/SecContacts_M/SecContacts_M.apk / 1.0 running in null rsrc of package com.android.contacts
05-06 20:59:07.458  1397  1466 W ResourcesManager: getTopLevelResources: /system/priv-app/SecContacts_M/SecContacts_M.apk / 1.0 running in null rsrc of package com.android.contacts
05-06 20:59:07.458  1397  1466 W ResourcesManager: getTopLevelResources: /system/priv-app/SecContacts_M/SecContacts_M.apk / 1.0 running in null rsrc of package com.android.contacts
05-06 20:59:07.458 19887 19887 E Zygote  : v2
05-06 20:59:07.458 19887 19887 I libpersona: KNOX_SDCARD checking this for 1000
05-06 20:59:07.458 19887 19887 I libpersona: KNOX_SDCARD not a persona
05-06 20:59:07.458  1397  2648 I ActivityManager: Start proc 19887:com.samsung.android.app.mirrorlink/1000 for broadcast-3 com.samsung.android.app.mirrorlink/com.samsung.android.mirrorlink.acms.receivers.AcmsPackageEventListener
05-06 20:59:07.458 19887 19887 W SELinux : Function: selinux_compare_spd_ram, index[1], priority [2], priority version is VE=SEPF_SECMOBILE_6.0.1_0010
05-06 20:59:07.458 19887 19887 E Zygote  : accessInfo : 0
05-06 20:59:07.458  1397  3355 I ActivityManager: Force stopping plv.colorado.edu.callinsbenchmark appid=10295 user=-1: set debug app
05-06 20:59:07.458  1397  1466 W ResourcesManager: getTopLevelResources: /system/priv-app/SecGallery2015/SecGallery2015.apk / 1.0 running in null rsrc of package com.sec.android.gallery3d
05-06 20:59:07.458  1397  1466 W ResourcesManager: getTopLevelResources: /system/priv-app/SecGallery2015/SecGallery2015.apk / 1.0 running in null rsrc of package com.sec.android.gallery3d
05-06 20:59:07.468  1397  1466 W ResourcesManager: getTopLevelResources: /system/priv-app/SecMms_Epic_Common/SecMms_Epic_Common.apk / 1.0 running in null rsrc of package com.android.mms
05-06 20:59:07.468  1397  1466 W ResourcesManager: getTopLevelResources: /system/app/ClockPackage_M/ClockPackage_M.apk / 1.0 running in null rsrc of package com.sec.android.app.clockpackage
05-06 20:59:07.468  1397  1466 D ResourcesManager: For user 0 new overlays fetched [/data/overlays/style/com.cambunch.MaterialDark/com.cambunch.MaterialDark.touchwiz.apk, /data/overlays/style/com.cambunch.MaterialDark/com.cambunch.MaterialDark.clockpackage.apk, /data/overlays/style/com.cambunch.MaterialDark/com.cambunch.MaterialDark.common.apk]
05-06 20:59:07.468  1397  1466 W ResourcesManager: getTopLevelResources: /system/app/ClockPackage_M/ClockPackage_M.apk / 1.0 running in null rsrc of package com.sec.android.app.clockpackage
05-06 20:59:07.468  1397  3355 D VirtualScreenPolicy: applyVirtualScreenAttrs attrs=VirtualScreenAttrs{mDisplayId=0, mBaseDisplayId=0, mBaseActivity=false}
05-06 20:59:07.468  1397  1466 W ResourcesManager: getTopLevelResources: /system/app/ClockPackage_M/ClockPackage_M.apk / 1.0 running in null rsrc of package com.sec.android.app.clockpackage
05-06 20:59:07.468  1397  3355 W ResourcesManager: getTopLevelResources: /data/app/plv.colorado.edu.callinsbenchmark-1/base.apk / 1.0 running in null rsrc of package plv.colorado.edu.callinsbenchmark
05-06 20:59:07.478  1397  1466 W ResourcesManager: getTopLevelResources: /system/app/QuickConnect_40/QuickConnect_40.apk / 1.0 running in null rsrc of package com.samsung.android.qconnect
05-06 20:59:07.478  1397  3355 D ResourcesManager: For user 0 new overlays fetched Null
05-06 20:59:07.478  1397  1466 D ResourcesManager: For user 0 new overlays fetched Null
05-06 20:59:07.478  1397  1466 W ResourcesManager: getTopLevelResources: /system/app/QuickConnect_40/QuickConnect_40.apk / 1.0 running in null rsrc of package com.samsung.android.qconnect
05-06 20:59:07.478  1397  3355 D GameManagerService: identifyGamePackage. plv.colorado.edu.callinsbenchmark
05-06 20:59:07.478  1397  3355 D MultiWindowPolicy: Gamemode - return 0,  when calling  identifyForegroundApp(plv.colorado.edu.callinsbenchmark)
05-06 20:59:07.478  1397  1466 W ResourcesManager: getTopLevelResources: /system/app/SPlanner_M/SPlanner_M.apk / 1.0 running in null rsrc of package com.android.calendar
05-06 20:59:07.478  1397  1466 W ResourcesManager: getTopLevelResources: /data/app/com.samsung.android.app.memo-1/base.apk / 1.0 running in null rsrc of package com.samsung.android.app.memo
05-06 20:59:07.478  1397  3355 D CustomFrequencyManagerService: acquireDVFSLockLocked : type : DVFS_MIN_LIMIT  frequency : 1555200  uid : 1000  pid : 1397  pkgName : ACTIVITY_RESUME_BOOSTER@15
05-06 20:59:07.478  1397  1466 W ResourcesManager: getTopLevelResources: /data/app/com.samsung.android.app.memo-1/base.apk / 1.0 running in null rsrc of package com.samsung.android.app.memo
05-06 20:59:07.478  1397  3355 D ActivityManager: mDVFSHelper.acquire()
05-06 20:59:07.478  1397  3355 D FocusedStackFrame: Set to : 0
05-06 20:59:07.478  1397  3355 V WindowManager: addAppToken: AppWindowToken{d052b02e6 token=Token{e4eed41 ActivityRecord{75eec28 u0 plv.colorado.edu.callinsbenchmark/.CallinsBenchmark t386}}} to stack=1 task=386 at 0
05-06 20:59:07.488  1397  3355 D InputDispatcher: Focused application set to: xxxx
05-06 20:59:07.488  1397  1498 D SecWifiDisplayUtil: Metadata value : SecSettings2
05-06 20:59:07.488  1397  1498 D ViewRootImpl: #1 mView = com.android.internal.policy.PhoneWindow$DecorView{6991840 V.E...... R.....ID 0,0-0,0}
05-06 20:59:07.488  1397  3355 D InputDispatcher: Focus left window: 12828
05-06 20:59:07.488 19855 19855 D AndroidRuntime: Shutting down VM
05-06 20:59:07.488  1397  1498 D ISSUE_DEBUG: InputChannelName : 9bd88be Starting plv.colorado.edu.callinsbenchmark
05-06 20:59:07.488 19887 19887 D TimaKeyStoreProvider: TimaSignature is unavailable
05-06 20:59:07.488 19887 19887 D ActivityThread: Added TimaKeyStore provider
05-06 20:59:07.488   649   649 I SurfaceFlinger: id=5060 createSurf (1x1),1 flag=404, dallinsbenc
05-06 20:59:07.498  1397  3209 V BroadcastQueue: [background] Process cur broadcast BroadcastRecord{5febdd5 u0 android.intent.action.PACKAGE_ADDED qIdx=4}, state= (APP_RECEIVE) DELIVERED for app ProcessRecord{6514d1f 19887:com.samsung.android.app.mirrorlink/1000}
05-06 20:59:07.508 19887 19887 W ResourcesManager: getTopLevelResources: /system/app/MirrorLink/MirrorLink.apk / 1.0 running in com.samsung.android.app.mirrorlink rsrc of package com.samsung.android.app.mirrorlink
05-06 20:59:07.508  1397  1498 D PointerIcon: setMouseIconStyle1 pointerType: 1001 iconType:101 flag:0 pid:1397 uid:1000
05-06 20:59:07.508  1397  3321 I InjectionManagerService -AppFeature: getCoreFeaturePkgList :[]
05-06 20:59:07.508  1397  1498 D PointerIcon: setMouseCustomIcon IconType is same.101
05-06 20:59:07.508  1397  1498 D ViewRootImpl: MSG_RESIZED_REPORT: ci=Rect(0, 96 - 0, 0) vi=Rect(0, 96 - 0, 0) or=1
05-06 20:59:07.508 12096 12108 W SearchService: Abort, client detached.
05-06 20:59:07.508 19887 19887 I InjectionManager: Inside getClassLibPath + mLibMap{0=, 1=}
05-06 20:59:07.508 19887 19887 D ResourcesManager: For user 0 new overlays fetched Null
05-06 20:59:07.518 19887 19887 I InjectionManager: Inside getClassLibPath caller 
05-06 20:59:07.518 12096 19501 I DeviceStateChecker: DeviceStateChecker cancelled
05-06 20:59:07.518 12096 12096 I MicroDetector: Keeping mic open: false
05-06 20:59:07.518  1397  2764 I ActivityManager: Start proc 19900:plv.colorado.edu.callinsbenchmark/u0a295 for activity plv.colorado.edu.callinsbenchmark/.CallinsBenchmark
05-06 20:59:07.518 19900 19900 E Zygote  : v2
05-06 20:59:07.518 19900 19900 I libpersona: KNOX_SDCARD checking this for 10295
05-06 20:59:07.518 19900 19900 I libpersona: KNOX_SDCARD not a persona
05-06 20:59:07.518 19900 19900 W SELinux : Function: selinux_compare_spd_ram, index[1], priority [2], priority version is VE=SEPF_SECMOBILE_6.0.1_0010
05-06 20:59:07.518 19900 19900 E Zygote  : accessInfo : 0
05-06 20:59:07.518 19900 19900 W SELinux : SELinux: seapp_context_lookup: seinfo=default, level=s0:c512,c768, pkgname=plv.colorado.edu.callinsbenchmark 
05-06 20:59:07.518 19900 19900 I art     : Late-enabling -Xcheck:jni
05-06 20:59:07.518 19887 19887 W System  : ClassLoader referenced unknown path: /system/app/MirrorLink/lib/arm
05-06 20:59:07.528 12828 13913 D LauncherApps: getActivityList callingUid: 0 user: 0
05-06 20:59:07.528 12096 12096 I MicrophoneInputStream: mic_close com.google.android.apps.gsa.speech.audio.ah@f14c05a
05-06 20:59:07.528 12096 19503 E AudioRecord-JNI: Error -4 during AudioRecord native read
05-06 20:59:07.528 12828 13913 W ResourcesManager: getTopLevelResources: /data/app/plv.colorado.edu.callinsbenchmark-1/base.apk / 1.0 running in com.google.android.googlequicksearchbox rsrc of package plv.colorado.edu.callinsbenchmark
05-06 20:59:07.538 12828 13913 D ResourcesManager: For user 0 new overlays fetched Null
05-06 20:59:07.538 12828 13913 W ResourcesManager: getTopLevelResources: /data/app/plv.colorado.edu.callinsbenchmark-1/base.apk / 1.0 running in com.google.android.googlequicksearchbox rsrc of package plv.colorado.edu.callinsbenchmark
05-06 20:59:07.548 19900 19900 D TimaKeyStoreProvider: TimaSignature is unavailable
05-06 20:59:07.548  1397  1498 V WindowStateAnimator: Finishing drawing window Window{9bd88be u0 d0 Starting plv.colorado.edu.callinsbenchmark}: mDrawState=DRAW_PENDING
05-06 20:59:07.548 19900 19900 D ActivityThread: Added TimaKeyStore provider
05-06 20:59:07.548   938  1690 I APM::AudioPolicyManager: stopInput() input 3199
05-06 20:59:07.548  1397  3322 V WindowOrientationListener: setCurrentAppOrientation :-1
05-06 20:59:07.548  1397  3322 V WindowOrientationListener: OrientationSensorJudge.getProposedRotation, Rotation: -1
05-06 20:59:07.548  1397  3322 V WindowManager: rotationForOrientationLw(orient=-1, last=0); user=0  sensorRotation=-1 mLidState=-1 mDockMode=0 mHdmiPlugged=false mMobileKeyboardEnabled=false displayId=0
05-06 20:59:07.548  1397  3322 V WindowOrientationListener: OrientationSensorJudge.getProposedRotation, Rotation: -1
05-06 20:59:07.548  1397  3322 D ActivityManager:  Launching plv.colorado.edu.callinsbenchmark, updated priority
05-06 20:59:07.558   649   649 D libEGL  : eglInitialize EGLDisplay = 0x7fda953ba8
05-06 20:59:07.558  1397  1397 D GameManagerService: NotifyRunnable. pkg: plv.colorado.edu.callinsbenchmark, type: 4, isMinimized: false, isTunableApp: false
05-06 20:59:07.558   938 19505 D audio_hw_primary: in_set_parameters: enter: kvpairs=routing=0
05-06 20:59:07.558   938 19505 I samsungRecord: [samsungrecord] MicCalonoff 1
05-06 20:59:07.558   938 19505 V audio_hw_primary: in_set_parameters: exit: status(0)
05-06 20:59:07.558   938 19505 D audio_hw_primary: in_standby: enter: stream (0xeb279200) usecase(16: audio-record)
05-06 20:59:07.558 12828 13913 D LauncherApps: getActivityList callingUid: 0 user: 0
05-06 20:59:07.568  1397  1468 V MARsPolicyManager: updatePackagesScore PackageInfo name -- plv.colorado.edu.callinsbenchmark
05-06 20:59:07.568 19900 19900 W ResourcesManager: getTopLevelResources: /data/app/plv.colorado.edu.callinsbenchmark-1/base.apk / 1.0 running in plv.colorado.edu.callinsbenchmark rsrc of package plv.colorado.edu.callinsbenchmark
05-06 20:59:07.578  2663  2663 V CenterBarWindowService: noteResumeComponent  /arrangeState : 0
05-06 20:59:07.578  1397  1470 D StatusBarManagerService: manageDisableList userId=0 what=0x0 pkg=Window{9bd88be u0 d0 Starting plv.colorado.edu.callinsbenchmark}
05-06 20:59:07.578   649  6926 D libEGL  : eglTerminate EGLDisplay = 0x7f98dfeea8
05-06 20:59:07.578   649  6926 D libEGL  : eglTerminate EGLDisplay = 0x7f98dfeea8
05-06 20:59:07.578  1397  2649 I InjectionManagerService -AppFeature: getCoreFeaturePkgList :[]
05-06 20:59:07.578 19900 19900 I InjectionManager: Inside getClassLibPath + mLibMap{0=, 1=}
05-06 20:59:07.578  1397  1470 D RestrictionPolicy: isStatusBarExpansionAllowedAsUser : true, userId = 0
05-06 20:59:07.578 19900 19900 D ResourcesManager: For user 0 new overlays fetched Null
05-06 20:59:07.578 19887 19887 D InjectionManager: InjectionManager
05-06 20:59:07.578 19887 19887 D InjectionManager: fillFeatureStoreMap com.samsung.android.app.mirrorlink
05-06 20:59:07.578 19887 19887 I InjectionManager: Constructor com.samsung.android.app.mirrorlink, Feature store :{}
05-06 20:59:07.578 19887 19887 I InjectionManager: featureStore :{}
05-06 20:59:07.578  1397  1470 D RestrictionPolicy: isStatusBarExpansionAllowedAsUser : true, userId = 0
05-06 20:59:07.578 19887 19887 D AcmsPackageEventListener: action2:android.intent.action.PACKAGE_ADDED
05-06 20:59:07.578 19887 19887 D AcmsPackageEventListener: pkgName:plv.colorado.edu.callinsbenchmark ,10295
05-06 20:59:07.578 19900 19900 W ActivityThread: Application plv.colorado.edu.callinsbenchmark is waiting for the debugger on port 8100...
05-06 20:59:07.588 19900 19900 I System.out: Sending WAIT chunk
05-06 20:59:07.588  1397  3321 I ActivityManager: Killing 19567:com.samsung.android.intelligenceservice2/5010 (adj 15): DHA:empty #33
05-06 20:59:07.588  1397  3321 V BroadcastQueue: [background] Process cur broadcast BroadcastRecord{5febdd5 u0 android.intent.action.PACKAGE_ADDED qIdx=4}, state= (APP_RECEIVE) DELIVERED for app ProcessRecord{32cb73e 2613:com.sec.imsservice/1000}
05-06 20:59:07.598  1397  1470 W ResourcesManager: getTopLevelResources: /data/app/plv.colorado.edu.callinsbenchmark-1/base.apk / 1.0 running in null rsrc of package plv.colorado.edu.callinsbenchmark
05-06 20:59:07.608  1397  1470 D ViewRootImpl: #1 mView = com.android.internal.policy.PhoneWindow$DecorView{265ec46 V.E...... R.....I. 0,0-0,0}
05-06 20:59:07.608  1397  1470 D ISSUE_DEBUG: InputChannelName : 181b34 Waiting For Debugger: plv.colorado.edu.callinsbenchmark
05-06 20:59:07.608  1397  1470 V MARsPolicyManager: handelAlertToastWindowStarted pkgName = android
05-06 20:59:07.618  1397  1470 D InputDispatcher: Focus entered window: 1397
05-06 20:59:07.618  1397  1498 D PointerIcon: setMouseIconStyle1 pointerType: 1001 iconType:101 flag:0 pid:1397 uid:1000
05-06 20:59:07.618  1397  1498 D PointerIcon: setMouseCustomIcon IconType is same.101
05-06 20:59:07.618  1397  2697 D ActivityManager: isAutoRunBlockedApp:: com.samsung.android.intelligenceservice2, Auto Run ON
05-06 20:59:07.628  1397  5400 D ConnectivityService: returning getNetworkInfo for network type 1 : [type: WIFI[] - WIFI, state: CONNECTED/CONNECTED, reason: (unspecified), extra: "Maxwell", roaming: false, failover: false, isAvailable: true]
05-06 20:59:07.638  1397  3321 I ActivityManager: Start proc 19913:com.sec.android.app.samsungapps/u0a14 for broadcast-3 com.sec.android.app.samsungapps/.MyPackageReplacedReceiver
05-06 20:59:07.638 19913 19913 E Zygote  : v2
05-06 20:59:07.638 19913 19913 I libpersona: KNOX_SDCARD checking this for 10014
05-06 20:59:07.638 19913 19913 I libpersona: KNOX_SDCARD not a persona
05-06 20:59:07.638 19913 19913 W SELinux : Function: selinux_compare_spd_ram, index[1], priority [2], priority version is VE=SEPF_SECMOBILE_6.0.1_0010
05-06 20:59:07.638 19913 19913 E Zygote  : accessInfo : 0
05-06 20:59:07.638 19913 19913 W SELinux : SELinux: seapp_context_lookup: seinfo=samsung, level=s0:c512,c768, pkgname=com.sec.android.app.samsungapps 
05-06 20:59:07.648   649   649 I SurfaceFlinger: id=5061 createSurf (193x193),1 flag=4, dallinsbenc
05-06 20:59:07.648  1397  5400 D ConnectivityService: returning getNetworkInfo for network type 1 : [type: WIFI[] - WIFI, state: CONNECTED/CONNECTED, reason: (unspecified), extra: "Maxwell", roaming: false, failover: false, isAvailable: true]
05-06 20:59:07.658  1397  2244 D libEGL  : eglInitialize EGLDisplay = 0x7f88712188
05-06 20:59:07.658  1397  2244 I OpenGLRenderer: Initialized EGL, version 1.4
05-06 20:59:07.668 19913 19913 D TimaKeyStoreProvider: TimaSignature is unavailable
05-06 20:59:07.668 19913 19913 D ActivityThread: Added TimaKeyStore provider
05-06 20:59:07.668  2592  2592 D PhoneStatusBar: setSystemUiVisibility vis=8000 mask=ffffffff oldVal=8600 newVal=8000 diff=600
05-06 20:59:07.668  1397  1470 D StatusBarManagerService: manageDisableList userId=0 what=0x0 pkg=Window{181b34 u0 d0 Waiting For Debugger: plv.colorado.edu.callinsbenchmark}
05-06 20:59:07.678  1397  1470 D RestrictionPolicy: isStatusBarExpansionAllowedAsUser : true, userId = 0
05-06 20:59:07.678  1397  2648 V BroadcastQueue: [background] Process cur broadcast BroadcastRecord{5febdd5 u0 android.intent.action.PACKAGE_ADDED qIdx=4}, state= (APP_RECEIVE) DELIVERED for app ProcessRecord{c59d5d 19913:com.sec.android.app.samsungapps/u0a14}
05-06 20:59:07.678  1397  1470 D RestrictionPolicy: isStatusBarExpansionAllowedAsUser : true, userId = 0
05-06 20:59:07.678  1397  1470 W DisplayListCanvas: DisplayListCanvas is started on unbinded RenderNode (without mOwningView)
05-06 20:59:07.678 19913 19913 W ResourcesManager: getTopLevelResources: /data/app/com.sec.android.app.samsungapps-1/base.apk / 1.0 running in com.sec.android.app.samsungapps rsrc of package com.sec.android.app.samsungapps
05-06 20:59:07.678  1397  3209 I InjectionManagerService -AppFeature: getCoreFeaturePkgList :[]
05-06 20:59:07.678 19913 19913 I InjectionManager: Inside getClassLibPath + mLibMap{0=, 1=}
05-06 20:59:07.688 19913 19913 D ResourcesManager: For user 0 new overlays fetched Null
05-06 20:59:07.688 19913 19913 I InjectionManager: Inside getClassLibPath caller 
05-06 20:59:07.688 19913 19913 W System  : ClassLoader referenced unknown path: /data/app/com.sec.android.app.samsungapps-1/lib/arm64
05-06 20:59:07.698   938 19505 V audio_hw_primary: stop_input_stream: enter: usecase(16: audio-record)
05-06 20:59:07.698   938 19505 V audio_hw_primary: disable_audio_route: enter: usecase(16)
05-06 20:59:07.698   938 19505 E msm8974_platform: platform_add_backend_name: Invalid snd_device = 0
05-06 20:59:07.698   938 19505 D audio_hw_primary: disable_audio_route: reset and update mixer path: audio-record
05-06 20:59:07.698   938 19505 V audio_hw_primary: disable_audio_route: exit
05-06 20:59:07.698   938 19505 E audio_hw_primary: disable_snd_device: Invalid sound device 0
05-06 20:59:07.698   938 19505 V audio_hw_primary: stop_input_stream: exit: status(0)
05-06 20:59:07.698   938 19505 V audio_hw_primary: in_standby: exit:  status(0)
05-06 20:59:07.708 12096 13937 I MicroRecognitionRunner: Stopping hotword detection.
05-06 20:59:07.708 12096 19502 I MicroRecognitionRunner: Detection finished
05-06 20:59:07.718   938  1691 D audio_hw_primary: adev_close_input_stream: enter:stream_handle(0xeb279200)
05-06 20:59:07.718   938  1691 V audio_hw_primary: stop_voice_note_recording
05-06 20:59:07.718   938  1691 D audio_hw_primary: in_standby: enter: stream (0xeb279200) usecase(16: audio-record)
05-06 20:59:07.718   938  1691 V audio_hw_primary: in_standby: exit:  status(0)
05-06 20:59:07.718   938  1691 E audio_hw_primary: adev_close_input_stream, set jack_in to null
05-06 20:59:07.718  1397  1470 V WindowStateAnimator: Finishing drawing window Window{181b34 u0 d0 Waiting For Debugger: plv.colorado.edu.callinsbenchmark}: mDrawState=DRAW_PENDING
05-06 20:59:07.718  1397  1470 D ViewRootImpl: MSG_RESIZED_REPORT: ci=Rect(0, 0 - 0, 0) vi=Rect(0, 0 - 0, 0) or=1
05-06 20:59:07.728   649   649 D libEGL  : eglInitialize EGLDisplay = 0x7fda953ba8
05-06 20:59:07.728 19913 19913 D InjectionManager: InjectionManager
05-06 20:59:07.728 19913 19913 D InjectionManager: fillFeatureStoreMap com.sec.android.app.samsungapps
05-06 20:59:07.728 19913 19913 I InjectionManager: Constructor com.sec.android.app.samsungapps, Feature store :{}
05-06 20:59:07.728 19913 19913 I InjectionManager: featureStore :{}
05-06 20:59:07.738  1397  1470 V WindowStateAnimator: Finishing drawing window Window{181b34 u0 d0 Waiting For Debugger: plv.colorado.edu.callinsbenchmark}: mDrawState=HAS_DRAWN
05-06 20:59:07.738  1397  3209 V BroadcastQueue: [background] Process cur broadcast BroadcastRecord{5febdd5 u0 android.intent.action.PACKAGE_ADDED qIdx=4}, state= (APP_RECEIVE) DELIVERED for app ProcessRecord{3358083 19803:com.facebook.system/u0a12}
05-06 20:59:07.738   649   649 D libEGL  : eglInitialize EGLDisplay = 0x7fda953ba8
05-06 20:59:07.748  1397  3209 V BroadcastQueue: [background] Process cur broadcast BroadcastRecord{5febdd5 u0 android.intent.action.PACKAGE_ADDED qIdx=4}, state= (APP_RECEIVE) DELIVERED for app ProcessRecord{db7cb57 18475:com.facebook.appmanager/u0a105}
05-06 20:59:07.758  1397  3322 V BroadcastQueue: [background] Process cur broadcast BroadcastRecord{5febdd5 u0 android.intent.action.PACKAGE_ADDED qIdx=4}, state= (APP_RECEIVE) DELIVERED for app ProcessRecord{7cc0a23 18289:com.android.vending/u0a34}
05-06 20:59:07.768  1397  2649 I ActivityManager: Killing 19579:com.sec.android.provider.badge/u0a4 (adj 15): DHA:empty #33
05-06 20:59:07.788 18289 18289 I Finsky  : [1] com.google.android.finsky.utils.PermissionPolicies$PermissionPolicyService.onStartCommand(117): post-install permissions check for plv.colorado.edu.callinsbenchmark
05-06 20:59:07.788  1397  3209 V BroadcastQueue: [background] Process cur broadcast BroadcastRecord{5febdd5 u0 android.intent.action.PACKAGE_ADDED qIdx=4}, state= (APP_RECEIVE) DELIVERED for app ProcessRecord{327f5d4 3292:com.google.android.gms.persistent/u0a18}
05-06 20:59:07.798 11169 19667 D PkgBroadcastIntentOp: Received broadcast action=android.intent.action.PACKAGE_ADDED and uri=plv.colorado.edu.callinsbenchmark
05-06 20:59:07.798  1397  2460 V BroadcastQueue: [background] Process cur broadcast BroadcastRecord{5febdd5 u0 android.intent.action.PACKAGE_ADDED qIdx=4}, state= (APP_RECEIVE) DELIVERED for app ProcessRecord{922b64f 11169:com.google.android.gms/u0a18}
05-06 20:59:07.798 11169 11169 W ResourcesManager: getTopLevelResources: /data/app/com.google.android.play.games-1/base.apk / 1.0 running in com.google.android.gms rsrc of package com.google.android.play.games
05-06 20:59:07.808 18289 18289 I Finsky  : [1] com.google.android.finsky.utils.bc.run(2302): Package state data is missing for plv.colorado.edu.callinsbenchmark
05-06 20:59:07.818  1397  2697 D ActivityManager: isAutoRunBlockedApp:: com.sec.android.provider.badge, Auto Run ON
05-06 20:59:07.818 11169 11169 W ResourcesManager: getTopLevelResources: /data/app/com.google.android.play.games-1/base.apk / 1.0 running in com.google.android.gms rsrc of package com.google.android.play.games
05-06 20:59:07.828  1397  2632 D PackageManager: setEnabledSetting : userId = 0 packageName = com.google.android.gms cmp = com.google.android.gms.people.pub.PeopleProfileActionGatewayActivity newState = 2 callingPackage = 10018
05-06 20:59:07.828  1397  2419 D MdnieScenarioControlService:  packageName : plv.colorado.edu.callinsbenchmark    className : plv.colorado.edu.callinsbenchmark.CallinsBenchmark
05-06 20:59:07.848 11169 19667 D WearableController: Received broadcast action=android.intent.action.PACKAGE_ADDED and uri=plv.colorado.edu.callinsbenchmark
05-06 20:59:07.848  1397  1415 V BroadcastQueue: [background] Process cur broadcast BroadcastRecord{5febdd5 u0 android.intent.action.PACKAGE_ADDED qIdx=4}, state= (APP_RECEIVE) DELIVERED for app ProcessRecord{922b64f 11169:com.google.android.gms/u0a18}
05-06 20:59:07.848 11169 11169 D AsyncTaskServiceImpl: Submit a task: k
05-06 20:59:07.868 11169 19934 D k       : Processing package: plv.colorado.edu.callinsbenchmark
***Uninstalling old version***
***Install new APK***
***Run APK***
***Get PID***
['u0_a295', '', '', '19900', '965', '', '', '2145084', '46360', 'futex_wait', '0000000000', 'S', 'plv.colorado.edu.callinsbenchmark\r\n']
19900
***Open Bridge***
05-06 20:59:07.868 11169 19934 D GassUtils: Found app info for package plv.colorado.edu.callinsbenchmark:1. Hash: 0e1490e2d21a2d65d3dde2e375384e83b134c0c9b03299f35f12ad0db1c4ec19
05-06 20:59:07.868 11169 19934 D k       : Found info for package plv.colorado.edu.callinsbenchmark in db.
05-06 20:59:07.868  1397  3209 V BroadcastQueue: [background] Process cur broadcast BroadcastRecord{5febdd5 u0 android.intent.action.PACKAGE_ADDED qIdx=4}, state= (APP_RECEIVE) DELIVERED for app ProcessRecord{922b64f 11169:com.google.android.gms/u0a18}
05-06 20:59:07.878  1397  3209 V BroadcastQueue: [background] Process cur broadcast BroadcastRecord{5febdd5 u0 android.intent.action.PACKAGE_ADDED qIdx=4}, state= (APP_RECEIVE) DELIVERED for app ProcessRecord{922b64f 11169:com.google.android.gms/u0a18}
05-06 20:59:07.888  1397  3209 V BroadcastQueue: [background] Process cur broadcast BroadcastRecord{5febdd5 u0 android.intent.action.PACKAGE_ADDED qIdx=4}, state= (APP_RECEIVE) DELIVERED for app ProcessRecord{327f5d4 3292:com.google.android.gms.persistent/u0a18}
05-06 20:59:07.898  1397  3209 V BroadcastQueue: [background] Process cur broadcast BroadcastRecord{5febdd5 u0 android.intent.action.PACKAGE_ADDED qIdx=4}, state= (APP_RECEIVE) DELIVERED for app ProcessRecord{327f5d4 3292:com.google.android.gms.persistent/u0a18}
05-06 20:59:07.898  1397  3209 V BroadcastQueue: [background] Process cur broadcast BroadcastRecord{5febdd5 u0 android.intent.action.PACKAGE_ADDED qIdx=4}, state= (APP_RECEIVE) DELIVERED for app ProcessRecord{6191803 17669:com.google.android.apps.docs/u0a100}
05-06 20:59:07.908  1397  3209 V BroadcastQueue: [background] Process cur broadcast BroadcastRecord{5febdd5 u0 android.intent.action.PACKAGE_ADDED qIdx=4}, state= (APP_RECEIVE) DELIVERED for app ProcessRecord{95602c6 24069:com.samsung.oh/u0a37}
05-06 20:59:07.918  1397  2460 V BroadcastQueue: [background] Process cur broadcast BroadcastRecord{5febdd5 u0 android.intent.action.PACKAGE_ADDED qIdx=4}, state= (APP_RECEIVE) DELIVERED for app ProcessRecord{95602c6 24069:com.samsung.oh/u0a37}
05-06 20:59:07.918 24069 24069 I RemoteSupport: (SystemEventReceiver, 40) android.intent.action.PACKAGE_ADDED
05-06 20:59:07.918 24069 19936 I RemoteSupport: (SystemEventReceiver, 150) packageMonitor @ intent : android.intent.action.PACKAGE_ADDED
05-06 20:59:07.918 24069 19936 E RemoteSupport: (ServiceBind, 80) ServiceBind Class has not been initialized.
05-06 20:59:07.928   649   683 I SurfaceFlinger: id=5059 Removed HEL (4/14)
05-06 20:59:07.928   649  6926 I SurfaceFlinger: id=5059 Removed HEL (-2/14)
05-06 20:59:07.928  1397  2419 I MdnieScenarioControlService: mGameModeLauncher : false
05-06 20:59:07.938  1397  2419 I MdnieScenarioControlService: setUIMode
05-06 20:59:07.938  1397  2460 V BroadcastQueue: [background] Process cur broadcast BroadcastRecord{5febdd5 u0 android.intent.action.PACKAGE_ADDED qIdx=4}, state= (APP_RECEIVE) DELIVERED for app ProcessRecord{36fbcf8 17879:com.sec.android.app.shealth:remote/u0a39}
05-06 20:59:07.938   649   649 D libEGL  : eglTerminate EGLDisplay = 0x7fda953ca8
05-06 20:59:07.958  1397  3209 V BroadcastQueue: [background] Process cur broadcast BroadcastRecord{5febdd5 u0 android.intent.action.PACKAGE_ADDED qIdx=4}, state= (APP_RECEIVE) DELIVERED for app ProcessRecord{c9639a5 12096:com.google.android.googlequicksearchbox:search/u0a73}
05-06 20:59:07.968  1397  2531 V BroadcastQueue: [background] Process cur broadcast BroadcastRecord{5febdd5 u0 android.intent.action.PACKAGE_ADDED qIdx=4}, state= (APP_RECEIVE) DELIVERED for app ProcessRecord{c9639a5 12096:com.google.android.googlequicksearchbox:search/u0a73}
05-06 20:59:07.968 12096 19939 W ResourcesManager: getTopLevelResources: /data/app/plv.colorado.edu.callinsbenchmark-1/base.apk / 1.0 running in com.google.android.googlequicksearchbox rsrc of package plv.colorado.edu.callinsbenchmark
05-06 20:59:07.968 12096 19939 D ResourcesManager: For user 0 new overlays fetched Null
05-06 20:59:07.968  1397  2531 V BroadcastQueue: [background] Process cur broadcast BroadcastRecord{5febdd5 u0 android.intent.action.PACKAGE_ADDED qIdx=4}, state= (APP_RECEIVE) DELIVERED for app ProcessRecord{2ae1f58 12828:com.google.android.googlequicksearchbox/u0a73}
05-06 20:59:07.968 12828 12828 E ReflectionReceiver: Unrecognized event: android.intent.action.PACKAGE_ADDED
05-06 20:59:07.988  1397  2531 V BroadcastQueue: [background] Process cur broadcast BroadcastRecord{5febdd5 u0 android.intent.action.PACKAGE_ADDED qIdx=4}, state= (APP_RECEIVE) DELIVERED for app ProcessRecord{710c921 19697:com.samsung.android.spay/u0a48}
05-06 20:59:07.988 19697 19697 I SAMSUNGPAY: [SppReceiver] onReceive
05-06 20:59:07.998 19697 19697 I SAMSUNGPAY: [GcmReceiver] onReceive
05-06 20:59:07.998  1397  3107 V BroadcastQueue: [background] Process cur broadcast BroadcastRecord{5febdd5 u0 android.intent.action.PACKAGE_ADDED qIdx=4}, state= (APP_RECEIVE) DELIVERED for app ProcessRecord{710c921 19697:com.samsung.android.spay/u0a48}
05-06 20:59:07.998 12096 19939 I AppIncrementalLogger: logEvent(): Logged 132 bytes in 37 ms
05-06 20:59:08.008  1397  3107 I ActivityManager: Start proc 19941:com.samsung.voiceserviceplatform/u0a43 for broadcast-3 com.samsung.voiceserviceplatform/com.samsung.vsf.sharedlib.utils.TTSPlayer$TTSDownloadReceiver
05-06 20:59:08.008 19941 19941 E Zygote  : v2
05-06 20:59:08.008 19941 19941 I libpersona: KNOX_SDCARD checking this for 10043
05-06 20:59:08.008 19941 19941 I libpersona: KNOX_SDCARD not a persona
05-06 20:59:08.008 19941 19941 W SELinux : Function: selinux_compare_spd_ram, index[1], priority [2], priority version is VE=SEPF_SECMOBILE_6.0.1_0010
05-06 20:59:08.008 19941 19941 E Zygote  : accessInfo : 0
05-06 20:59:08.008 19941 19941 W SELinux : SELinux: seapp_context_lookup: seinfo=samsung, level=s0:c512,c768, pkgname=com.samsung.voiceserviceplatform 
05-06 20:59:08.008 12096 19939 I UpdateIcingCorporaServi: Updating corpora: APPS=plv.colorado.edu.callinsbenchmark, CONTACTS=MAYBE
05-06 20:59:08.028 19941 19941 D TimaKeyStoreProvider: TimaSignature is unavailable
05-06 20:59:08.028 19941 19941 D ActivityThread: Added TimaKeyStore provider
05-06 20:59:08.038  1397  2649 V BroadcastQueue: [background] Process cur broadcast BroadcastRecord{5febdd5 u0 android.intent.action.PACKAGE_ADDED qIdx=4}, state= (APP_RECEIVE) DELIVERED for app ProcessRecord{95a6def 19941:com.samsung.voiceserviceplatform/u0a43}
05-06 20:59:08.038 19941 19941 W ResourcesManager: getTopLevelResources: /data/app/com.samsung.voiceserviceplatform-1/base.apk / 1.0 running in com.samsung.voiceserviceplatform rsrc of package com.samsung.voiceserviceplatform
05-06 20:59:08.048  1397  3317 I InjectionManagerService -AppFeature: getCoreFeaturePkgList :[]
05-06 20:59:08.048 19941 19941 I InjectionManager: Inside getClassLibPath + mLibMap{0=, 1=}
05-06 20:59:08.048 19941 19941 I InjectionManager: Inside getClassLibPath caller 
05-06 20:59:08.048 19941 19941 D ResourcesManager: For user 0 new overlays fetched Null
05-06 20:59:08.068 19941 19941 I BNRClientProivder, VERSION : 1.7.8: register - started.
05-06 20:59:08.078 12096 19939 W ResourcesManager: getTopLevelResources: /data/app/plv.colorado.edu.callinsbenchmark-1/base.apk / 1.0 running in com.google.android.googlequicksearchbox rsrc of package plv.colorado.edu.callinsbenchmark
05-06 20:59:08.088 19941 19941 I BNRClientProivder, VERSION : 1.7.8: register - xml6 quick_backup : SVOICESETTING, bLEmzxKOex, com.samsung.voiceserviceplatform.SCloudBackUp
05-06 20:59:08.088 19941 19941 I QBNRClientHelper: init SyncClientHelper : SVOICESETTING
05-06 20:59:08.098 19941 19941 I k       : :main:VSP::Get Locale from S Voice : en_US
05-06 20:59:08.098 19941 19941 I k       : :main:VSP::setLocale locale : en_US
05-06 20:59:08.098 19941 19941 W ResourcesManager: getTopLevelResources: /data/app/com.samsung.voiceserviceplatform-1/base.apk / 1.0 running in com.samsung.voiceserviceplatform rsrc of package com.samsung.voiceserviceplatform
05-06 20:59:08.098 19941 19941 D ResourcesManager: For user 0 new overlays fetched Null
05-06 20:59:08.098 19941 19941 I QuickDialApplication: :main:VSP::QuickDialApplication Started ver:1.9.35-104 (193502104
05-06 20:59:08.098 19941 19941 I VoiceServicePlatformApp:main:  : VSP::SvoiceApp Oncreate()
05-06 20:59:08.098 19941 19941 I AppSessionManager:main:  : VSP::init() Update from sharedpref
05-06 20:59:08.098 19941 19941 I AppSessionManager:main:  : VSP::init() Update from sharedpref
05-06 20:59:08.098 19941 19941 I SVFSettings:main:  : VSP::shared preference language is en_US
05-06 20:59:08.098 19941 19941 I skwskw:main:  : VSP::############################125 value : en_US
05-06 20:59:08.108 12096 19939 I UpdateIcingCorporaServi: UpdateCorporaTask done [took 92 ms] updated apps [took 92 ms] 
