05-06 16:58:44.958  1397  1397 W ResourcesManager: getTopLevelResources: /data/app/com.google.android.apps.magazines-1/base.apk / 1.0 running in null rsrc of package com.google.android.apps.magazines
05-06 16:58:44.958  1296  1296 W ResourcesManager: getTopLevelResources: /system/priv-app/SVoice_1.0/SVoice_1.0.apk / 1.0 running in com.samsung.voiceserviceplatform rsrc of package com.samsung.voiceserviceplatform
05-06 16:58:44.968  1397  1397 D ResourcesManager: For user 0 new overlays fetched Null
05-06 16:58:44.968  1397  1397 W ResourcesManager: getTopLevelResources: /data/app/com.google.android.apps.magazines-1/base.apk / 1.0 running in null rsrc of package com.google.android.apps.magazines
05-06 16:58:44.968  1397  1466 W ResourcesManager: getTopLevelResources: /data/app/org.pocketworkstation.pckeyboard-1/base.apk / 1.0 running in null rsrc of package org.pocketworkstation.pckeyboard
05-06 16:58:44.968  1397  1397 W ResourcesManager: getTopLevelResources: /data/app/com.google.android.apps.genie.geniewidget-1/base.apk / 1.0 running in null rsrc of package com.google.android.apps.genie.geniewidget
05-06 16:58:44.968  1397  1397 D ResourcesManager: For user 0 new overlays fetched Null
05-06 16:58:44.968  1397  2764 D ActivityManager: isAutoRunBlockedApp:: com.samsung.faceservice, Auto Run ON
05-06 16:58:44.968  1397  2764 W ActivityManager: Scheduling restart of crashed service com.samsung.faceservice/.FaceService in 1000ms
05-06 16:58:44.968  1397  1397 W ResourcesManager: getTopLevelResources: /data/app/com.google.android.apps.genie.geniewidget-1/base.apk / 1.0 running in null rsrc of package com.google.android.apps.genie.geniewidget
05-06 16:58:44.968  1397  1397 W ResourcesManager: getTopLevelResources: /data/app/com.google.android.calendar-1/base.apk / 1.0 running in null rsrc of package com.google.android.calendar
05-06 16:58:44.968  1397  1397 D ResourcesManager: For user 0 new overlays fetched Null
05-06 16:58:44.968  1397  1397 W ResourcesManager: getTopLevelResources: /data/app/com.google.android.calendar-1/base.apk / 1.0 running in null rsrc of package com.google.android.calendar
05-06 16:58:44.968  1397  3343 I InjectionManagerService -AppFeature: getCoreFeaturePkgList :[]
05-06 16:58:44.968  1397  1397 W ResourcesManager: getTopLevelResources: /data/app/com.google.android.apps.books-1/base.apk / 1.0 running in null rsrc of package com.google.android.apps.books
05-06 16:58:44.968  1296  1296 I InjectionManager: Inside getClassLibPath + mLibMap{0=, 1=}
05-06 16:58:44.978  1397  1397 D ResourcesManager: For user 0 new overlays fetched Null
05-06 16:58:44.978  1397  1397 W ResourcesManager: getTopLevelResources: /data/app/com.google.android.apps.books-1/base.apk / 1.0 running in null rsrc of package com.google.android.apps.books
05-06 16:58:44.978  1397  1397 W ResourcesManager: getTopLevelResources: /data/app/com.google.android.inputmethod.pinyin-1/base.apk / 1.0 running in null rsrc of package com.google.android.inputmethod.pinyin
05-06 16:58:44.978  1397  1397 D ResourcesManager: For user 0 new overlays fetched Null
05-06 16:58:44.978  1397  1397 W ResourcesManager: getTopLevelResources: /data/app/com.google.android.inputmethod.pinyin-1/base.apk / 1.0 running in null rsrc of package com.google.android.inputmethod.pinyin
05-06 16:58:44.978  1397  1397 W ResourcesManager: getTopLevelResources: /data/app/org.thoughtcrime.securesms-1/base.apk / 1.0 running in null rsrc of package org.thoughtcrime.securesms
05-06 16:58:44.978  1397  1397 W ResourcesManager: getTopLevelResources: /data/app/org.thoughtcrime.securesms-1/base.apk / 1.0 running in null rsrc of package org.thoughtcrime.securesms
05-06 16:58:44.978  1397  1397 W ResourcesManager: getTopLevelResources: /data/app/org.mozilla.firefox-2/base.apk / 1.0 running in null rsrc of package org.mozilla.firefox
05-06 16:58:44.978  1397  1397 W ResourcesManager: getTopLevelResources: /data/app/org.mozilla.firefox-2/base.apk / 1.0 running in null rsrc of package org.mozilla.firefox
05-06 16:58:44.978  1397  1397 W ResourcesManager: getTopLevelResources: /data/app/com.skype.raider-2/base.apk / 1.0 running in null rsrc of package com.skype.raider
05-06 16:58:44.978  1397  1397 W ResourcesManager: getTopLevelResources: /data/app/com.skype.raider-2/base.apk / 1.0 running in null rsrc of package com.skype.raider
05-06 16:58:44.978  1397  1397 W ResourcesManager: getTopLevelResources: /data/app/com.facebook.orca-2/base.apk / 1.0 running in null rsrc of package com.facebook.orca
05-06 16:58:44.978  1296  1296 D ResourcesManager: For user 0 new overlays fetched Null
05-06 16:58:44.978  1397  1397 W ResourcesManager: getTopLevelResources: /data/app/com.facebook.orca-2/base.apk / 1.0 running in null rsrc of package com.facebook.orca
05-06 16:58:44.978  1397  1397 W ResourcesManager: getTopLevelResources: /data/app/com.google.android.apps.plus-2/base.apk / 1.0 running in null rsrc of package com.google.android.apps.plus
05-06 16:58:44.988  1296  1296 I InjectionManager: Inside getClassLibPath caller 
05-06 16:58:44.988  1397  1397 D ResourcesManager: For user 0 new overlays fetched Null
05-06 16:58:44.988  1397  1397 W ResourcesManager: getTopLevelResources: /data/app/com.google.android.apps.plus-2/base.apk / 1.0 running in null rsrc of package com.google.android.apps.plus
05-06 16:58:44.988  1397  1397 W ResourcesManager: getTopLevelResources: /data/app/com.google.android.apps.plus-2/base.apk / 1.0 running in null rsrc of package com.google.android.apps.plus
05-06 16:58:44.988  1397  1397 W ResourcesManager: getTopLevelResources: /data/app/com.google.android.apps.plus-2/base.apk / 1.0 running in null rsrc of package com.google.android.apps.plus
05-06 16:58:44.988  1397  1397 W ResourcesManager: getTopLevelResources: /data/app/com.google.android.apps.inbox-2/base.apk / 1.0 running in null rsrc of package com.google.android.apps.inbox
05-06 16:58:44.988  1397  1397 D ResourcesManager: For user 0 new overlays fetched Null
05-06 16:58:44.988  1397  1397 W ResourcesManager: getTopLevelResources: /data/app/com.google.android.apps.inbox-2/base.apk / 1.0 running in null rsrc of package com.google.android.apps.inbox
05-06 16:58:44.988  1397  1397 W ResourcesManager: getTopLevelResources: /data/app/com.google.android.keep-1/base.apk / 1.0 running in null rsrc of package com.google.android.keep
05-06 16:58:44.988  1397  1397 D ResourcesManager: For user 0 new overlays fetched Null
05-06 16:58:44.998  1397  1397 W ResourcesManager: getTopLevelResources: /data/app/com.google.android.keep-1/base.apk / 1.0 running in null rsrc of package com.google.android.keep
05-06 16:58:44.998  1397  1397 W ResourcesManager: getTopLevelResources: /data/app/com.google.android.apps.docs.editors.slides-2/base.apk / 1.0 running in null rsrc of package com.google.android.apps.docs.editors.slides
05-06 16:58:44.998  1397  1397 D ResourcesManager: For user 0 new overlays fetched Null
05-06 16:58:44.998  1397  1397 W ResourcesManager: getTopLevelResources: /data/app/com.google.android.apps.docs.editors.slides-2/base.apk / 1.0 running in null rsrc of package com.google.android.apps.docs.editors.slides
05-06 16:58:44.998  1397  1397 D KnoxMUMContainerPolicy: mPackageReceiver : action - android.intent.action.PACKAGE_ADDED
05-06 16:58:44.998  1397  1397 E SDAgentPackageStateReceiver: Not going to handle 'plv.colorado.edu.callinsbenchmark'!
05-06 16:58:45.008  1296  1296 I BNRClientProivder, VERSION : 1.7.8: register - started.
05-06 16:58:45.008  1397  1466 D ResourcesManager: For user 0 new overlays fetched Null
05-06 16:58:45.008  1397  1466 W ResourcesManager: getTopLevelResources: /data/app/org.pocketworkstation.pckeyboard-1/base.apk / 1.0 running in null rsrc of package org.pocketworkstation.pckeyboard
05-06 16:58:45.008  1397  1397 V EnterpriseBillingAsyncHandler: packageModificationReceiver - onreceive - start - android.intent.action.PACKAGE_ADDED
05-06 16:58:45.008  1397  2437 V EnterpriseBillingPolicyInternal: packageModification -  start - android.intent.action.PACKAGE_ADDED
05-06 16:58:45.008  1397  2437 V EnterpriseBillingPolicyInternal: uID is 10293
05-06 16:58:45.008  1397  2437 V EnterpriseBillingPolicyInternal: Removed Packageuid is0
05-06 16:58:45.008  1397  2437 V EnterpriseBillingPolicyStorage: getProfileForApplication - enter
05-06 16:58:45.008  1397  2437 V EnterpriseBillingPolicyStorage: getProfileForApplication - exit null : containerId = 0
05-06 16:58:45.008  1397  2437 V EnterpriseBillingPolicyInternal: packageModificationReceiver - onreceive - personal application - profile null
05-06 16:58:45.008  1397  1397 D PersonaPolicyManagerService: PersonaPolicyReceiver Receiver : android.intent.action.PACKAGE_ADDED
05-06 16:58:45.008  1397  1466 W ResourcesManager: getTopLevelResources: /data/app/com.google.android.inputmethod.pinyin-1/base.apk / 1.0 running in null rsrc of package com.google.android.inputmethod.pinyin
05-06 16:58:45.008  1397  1397 D EnterprisePremiumVpnPolicyServiceV2: Vpn Receiver : android.intent.action.PACKAGE_ADDED
05-06 16:58:45.008  1397  1397 D KnoxVpnEngineService: Vpn Receiver : android.intent.action.PACKAGE_ADDED
05-06 16:58:45.008  1397  1397 V DomainFilter: onReceive Intent { act=android.intent.action.PACKAGE_ADDED dat=package:plv.colorado.edu.callinsbenchmark flg=0x4000010 bqHint=4 VirtualScreenParam=Params{mDisplayId=-1, null, mFlags=0x00000000)} (has extras) }
05-06 16:58:45.018  1397 15152 I EnterprisePremiumVpnPolicyServiceV2: vpn handle : Message received
05-06 16:58:45.018  1397 15152 D EnterprisePremiumVpnPolicyServiceV2: vpn handle : Handle MSG package add
05-06 16:58:45.018  1397  3355 D RestrictionPolicy: userId: 0, isMicrophoneEnabledAsUser : true
05-06 16:58:45.018  1397  2531 D RestrictionPolicy: userId: 0, isMicrophoneEnabledAsUser : true
05-06 16:58:45.018  1397  1416 D RestrictionPolicy: userId: 0, isMicrophoneEnabledAsUser : true
05-06 16:58:45.018  1397  1466 W ResourcesManager: getTopLevelResources: /data/app/com.google.android.inputmethod.pinyin-1/base.apk / 1.0 running in null rsrc of package com.google.android.inputmethod.pinyin
05-06 16:58:45.018  1397  1397 V AlarmManagerEXT: plv.colorado.edu.callinsbenchmark(10293) is added to mUserAppList
05-06 16:58:45.018  1397  1397 D KnoxMUMContainerPolicy: packageInstalledForExternalStorage plv.colorado.edu.callinsbenchmark
05-06 16:58:45.018  1397  1466 W ResourcesManager: getTopLevelResources: /data/app/keepass2android.keepass2android_nonet-1/base.apk / 1.0 running in null rsrc of package keepass2android.keepass2android_nonet
05-06 16:58:45.018  1397  2697 D RestrictionPolicy: userId: 0, isMicrophoneEnabledAsUser : true
05-06 16:58:45.028  1397  2648 D RestrictionPolicy: userId: 0, isMicrophoneEnabledAsUser : true
05-06 16:58:45.028  1397  3321 D RestrictionPolicy: userId: 0, isMicrophoneEnabledAsUser : true
05-06 16:58:45.028  1397 15154 I KnoxVpnEngineService: vpn handle : Message received
05-06 16:58:45.028  1397 15154 D KnoxVpnEngineService: vpn handle : Handle MSG package add
05-06 16:58:45.038  1397 15154 D KnoxVpnEngineService: Inside updatePackageData : packageName = 0_plv.colorado.edu.callinsbenchmark
05-06 16:58:45.038  1296  1296 I BNRClientProivder, VERSION : 1.7.8: register - xml6 quick_backup : SVOICESETTING, bLEmzxKOex, com.samsung.voiceserviceplatform.SCloudBackUp
05-06 16:58:45.038  1296  1296 I QBNRClientHelper: init SyncClientHelper : SVOICESETTING
05-06 16:58:45.038  1397  5413 W         : Unable to open '/system/framework/dpmapi.jar': No such file or directory
05-06 16:58:45.038  1397  5413 W art     : Failed to open zip archive '/system/framework/dpmapi.jar': I/O Error
05-06 16:58:45.048  1397  5413 I System.out: Thread-211(ApacheHTTPLog):isSBSettingEnabled false
05-06 16:58:45.048  1397  5413 I System.out: Thread-211(ApacheHTTPLog):isShipBuild true
05-06 16:58:45.048  1397  5413 I System.out: Thread-211(ApacheHTTPLog):getDebugLevel 0x4f4c
05-06 16:58:45.048  1397  5413 I System.out: Thread-211(ApacheHTTPLog):Smart Bonding Setting is false
05-06 16:58:45.048  1397  5413 I System.out: Thread-211(ApacheHTTPLog):SmartBonding Setting is false, SHIP_BUILD is true, log to file is false, DBG is false, DEBUG_LEVEL (1-LOW, 2-MID, 3-HIGH) is 1
05-06 16:58:45.048   930  2080 D EnterpriseController: netId is 0
05-06 16:58:45.048   930  2080 D Netd    : getNetworkForDns: using netid 683 for uid 1000
05-06 16:58:45.048  1296  1296 I k       : :main:VSP::Get Locale from S Voice : en_US
05-06 16:58:45.048  1296  1296 I k       : :main:VSP::setLocale locale : en_US
05-06 16:58:45.048  1296  1296 W ResourcesManager: getTopLevelResources: /system/priv-app/SVoice_1.0/SVoice_1.0.apk / 1.0 running in com.samsung.voiceserviceplatform rsrc of package com.samsung.voiceserviceplatform
05-06 16:58:45.048  1397  1466 D ResourcesManager: For user 0 new overlays fetched Null
05-06 16:58:45.048  1397  1466 W ResourcesManager: getTopLevelResources: /data/app/keepass2android.keepass2android_nonet-1/base.apk / 1.0 running in null rsrc of package keepass2android.keepass2android_nonet
05-06 16:58:45.058  1397  1466 W ResourcesManager: getTopLevelResources: /system/app/SamsungIMEv3/SamsungIMEv3.apk / 1.0 running in null rsrc of package com.sec.android.inputmethod
05-06 16:58:45.058  1397  1466 W ResourcesManager: getTopLevelResources: /data/app/com.google.android.inputmethod.latin-1/base.apk / 1.0 running in null rsrc of package com.google.android.inputmethod.latin
05-06 16:58:45.058  1397  1466 W ResourcesManager: getTopLevelResources: /data/app/com.google.android.inputmethod.pinyin-1/base.apk / 1.0 running in null rsrc of package com.google.android.inputmethod.pinyin
05-06 16:58:45.058  1397  1466 W ResourcesManager: getTopLevelResources: /data/app/org.pocketworkstation.pckeyboard-1/base.apk / 1.0 running in null rsrc of package org.pocketworkstation.pckeyboard
05-06 16:58:45.058  1397  1466 W ResourcesManager: getTopLevelResources: /data/app/com.google.android.inputmethod.latin-1/base.apk / 1.0 running in null rsrc of package com.google.android.inputmethod.latin
05-06 16:58:45.058  1397  1466 W ResourcesManager: getTopLevelResources: /data/app/com.google.android.inputmethod.pinyin-1/base.apk / 1.0 running in null rsrc of package com.google.android.inputmethod.pinyin
05-06 16:58:45.058  1397  1466 W ResourcesManager: getTopLevelResources: /system/app/SamsungIMEv3/SamsungIMEv3.apk / 1.0 running in null rsrc of package com.sec.android.inputmethod
05-06 16:58:45.058  1296  1296 D ResourcesManager: For user 0 new overlays fetched Null
05-06 16:58:45.058  1397  1466 W ResourcesManager: getTopLevelResources: /system/priv-app/LiveBroadcast/LiveBroadcast.apk / 1.0 running in null rsrc of package com.sec.android.app.camera.plb
05-06 16:58:45.058  1397  1466 D ResourcesManager: For user 0 new overlays fetched Null
05-06 16:58:45.058  1296  1296 I QuickDialApplication: :main:VSP::QuickDialApplication Started ver:1.9.35-72 (193502072
05-06 16:58:45.058  1397  1466 W ResourcesManager: getTopLevelResources: /system/priv-app/LiveBroadcast/LiveBroadcast.apk / 1.0 running in null rsrc of package com.sec.android.app.camera.plb
05-06 16:58:45.058  1397  1466 W ResourcesManager: getTopLevelResources: /system/priv-app/SamsungCamera5/SamsungCamera5.apk / 1.0 running in null rsrc of package com.sec.android.app.camera
05-06 16:58:45.058  1296  1296 I VoiceServicePlatformApp:main:  : VSP::SvoiceApp Oncreate()
05-06 16:58:45.058  1397  1466 D ResourcesManager: For user 0 new overlays fetched Null
05-06 16:58:45.058  1397  1466 W ResourcesManager: getTopLevelResources: /system/priv-app/SamsungCamera5/SamsungCamera5.apk / 1.0 running in null rsrc of package com.sec.android.app.camera
05-06 16:58:45.058  1397  1466 W ResourcesManager: getTopLevelResources: /system/app/STalkback/STalkback.apk / 1.0 running in null rsrc of package com.samsung.android.app.talkback
05-06 16:58:45.068  1397  1495 E MARsDBManager: insertPackage plv.colorado.edu.callinsbenchmark uri = content://com.samsung.android.sm/AppFreezer/1083
05-06 16:58:45.068  1397  1495 D MARsDBManager: onChange - mSmartManagerObserver! Uri = content://com.samsung.android.sm/AppFreezer
05-06 16:58:45.068  1397  1495 V MARsDBManager: getManagedPackagesFromDB!
05-06 16:58:45.068  1397  1466 D ResourcesManager: For user 0 new overlays fetched [/data/overlays/style/com.cambunch.MaterialDark/com.cambunch.MaterialDark.touchwiz.apk, /data/overlays/style/com.cambunch.MaterialDark/com.cambunch.MaterialDark.talkback.apk, /data/overlays/style/com.cambunch.MaterialDark/com.cambunch.MaterialDark.common.apk]
05-06 16:58:45.068  1397  1466 W ResourcesManager: getTopLevelResources: /system/app/STalkback/STalkback.apk / 1.0 running in null rsrc of package com.samsung.android.app.talkback
05-06 16:58:45.068  1296  1296 I AppSessionManager:main:  : VSP::init() Update from sharedpref
05-06 16:58:45.068  1397  1466 W ResourcesManager: getTopLevelResources: /system/app/UniversalSwitch/UniversalSwitch.apk / 1.0 running in null rsrc of package com.samsung.android.universalswitch
05-06 16:58:45.068  1296  1296 I AppSessionManager:main:  : VSP::init() Update from sharedpref
05-06 16:58:45.068  1397  1466 D ResourcesManager: For user 0 new overlays fetched [/data/overlays/style/com.cambunch.MaterialDark/com.cambunch.MaterialDark.touchwiz.apk, /data/overlays/style/com.cambunch.MaterialDark/com.cambunch.MaterialDark.universalswitch.apk, /data/overlays/style/com.cambunch.MaterialDark/com.cambunch.MaterialDark.common.apk]
05-06 16:58:45.068  1397  1466 W ResourcesManager: getTopLevelResources: /system/app/UniversalSwitch/UniversalSwitch.apk / 1.0 running in null rsrc of package com.samsung.android.universalswitch
05-06 16:58:45.068  1296  1296 I SVFSettings:main:  : VSP::shared preference language is en_US
05-06 16:58:45.068  1397  1466 W ResourcesManager: getTopLevelResources: /data/app/com.google.android.marvin.talkback-1/base.apk / 1.0 running in null rsrc of package com.google.android.marvin.talkback
05-06 16:58:45.068  1296  1296 I skwskw:main:  : VSP::############################125 value : en_US
05-06 16:58:45.068  1397  1466 D ResourcesManager: For user 0 new overlays fetched [/data/overlays/style/com.cambunch.MaterialDark/com.cambunch.MaterialDark.touchwiz.apk, /data/overlays/style/com.cambunch.MaterialDark/com.cambunch.MaterialDark.common.apk]
05-06 16:58:45.068  1397  1466 W ResourcesManager: getTopLevelResources: /data/app/com.google.android.marvin.talkback-1/base.apk / 1.0 running in null rsrc of package com.google.android.marvin.talkback
05-06 16:58:45.068  1397  1466 W ResourcesManager: getTopLevelResources: /data/app/com.google.android.marvin.talkback-1/base.apk / 1.0 running in null rsrc of package com.google.android.marvin.talkback
05-06 16:58:45.068  1397  1466 W ResourcesManager: getTopLevelResources: /data/app/com.google.android.marvin.talkback-1/base.apk / 1.0 running in null rsrc of package com.google.android.marvin.talkback
05-06 16:58:45.078  1397  1466 D EnterpriseDeviceManagerService: Package has changed for user 0
05-06 16:58:45.078  1397  1466 D EnterpriseDeviceManagerService: Admin package name: com.ospolice.packagedisablerpremium
05-06 16:58:45.078  1397  1397 D AccessibilityManagerService: checkUniversalSwitchState start:
05-06 16:58:45.078  1397  1466 D EnterpriseDeviceManagerService: Admin package name: com.google.android.gms
05-06 16:58:45.078  1397  1397 D AccessibilityManagerService: checkUniversalSwitchState universalSwitchEnabled:false
05-06 16:58:45.078  1397  1397 D AccessibilityManagerService: updateInputFilter universalSwitchState:false
05-06 16:58:45.078  1397  1397 D AccessibilityManagerService: updateInputFilter userState.mIsUniversalSwitchEnabled:false
05-06 16:58:45.078  1397  1466 W ResourcesManager: getTopLevelResources: /system/app/SamsungIMEv3/SamsungIMEv3.apk / 1.0 running in null rsrc of package com.sec.android.inputmethod
05-06 16:58:45.078  1397  1466 W ResourcesManager: getTopLevelResources: /system/app/SamsungIMEv3/SamsungIMEv3.apk / 1.0 running in null rsrc of package com.sec.android.inputmethod
05-06 16:58:45.078  1397  1466 W ResourcesManager: getTopLevelResources: /data/app/com.google.android.inputmethod.latin-1/base.apk / 1.0 running in null rsrc of package com.google.android.inputmethod.latin
05-06 16:58:45.078  1397  1466 W ResourcesManager: getTopLevelResources: /data/app/com.google.android.inputmethod.latin-1/base.apk / 1.0 running in null rsrc of package com.google.android.inputmethod.latin
05-06 16:58:45.088  1397  1466 W ResourcesManager: getTopLevelResources: /system/priv-app/SecSettings2/SecSettings2.apk / 1.0 running in null rsrc of package com.android.settings
05-06 16:58:45.088  1397  1466 W ResourcesManager: getTopLevelResources: /system/priv-app/SecContacts_M/SecContacts_M.apk / 1.0 running in null rsrc of package com.android.contacts
05-06 16:58:45.088  1397  1466 D ResourcesManager: For user 0 new overlays fetched [/data/overlays/style/com.cambunch.MaterialDark/com.cambunch.MaterialDark.touchwiz.apk, /data/overlays/style/com.cambunch.MaterialDark/com.cambunch.MaterialDark.contacts.apk, /data/overlays/style/com.cambunch.MaterialDark/com.cambunch.MaterialDark.common.apk]
05-06 16:58:45.088  1397  3322 I ActivityManager: Start proc 1315:com.samsung.svoice.sync/u0a43 for content provider com.samsung.svoice.sync/com.svoice.upload.database.PLMProvider
05-06 16:58:45.088  1397  1466 W ResourcesManager: getTopLevelResources: /system/priv-app/SecContacts_M/SecContacts_M.apk / 1.0 running in null rsrc of package com.android.contacts
05-06 16:58:45.088  1397  1466 W ResourcesManager: getTopLevelResources: /system/priv-app/SecContacts_M/SecContacts_M.apk / 1.0 running in null rsrc of package com.android.contacts
05-06 16:58:45.088  1397  1466 W ResourcesManager: getTopLevelResources: /system/priv-app/SecContacts_M/SecContacts_M.apk / 1.0 running in null rsrc of package com.android.contacts
05-06 16:58:45.088  1397  1495 V MARsPolicyManager: updateManagedPackages! size = 92
05-06 16:58:45.088  1397  1466 W ResourcesManager: getTopLevelResources: /system/priv-app/SecMms_Epic_Common/SecMms_Epic_Common.apk / 1.0 running in null rsrc of package com.android.mms
05-06 16:58:45.088  1315  1315 E Zygote  : v2
05-06 16:58:45.088  1315  1315 I libpersona: KNOX_SDCARD checking this for 10043
05-06 16:58:45.088  1315  1315 I libpersona: KNOX_SDCARD not a persona
05-06 16:58:45.098  1315  1315 W SELinux : Function: selinux_compare_spd_ram, index[1], priority [2], priority version is VE=SEPF_SECMOBILE_6.0.1_0010
05-06 16:58:45.098  1397  1466 D ResourcesManager: For user 0 new overlays fetched [/data/overlays/style/com.cambunch.MaterialDark/com.cambunch.MaterialDark.touchwiz.apk, /data/overlays/style/com.cambunch.MaterialDark/com.cambunch.MaterialDark.mms.apk, /data/overlays/style/com.cambunch.MaterialDark/com.cambunch.MaterialDark.common.apk]
05-06 16:58:45.098  1315  1315 E Zygote  : accessInfo : 0
05-06 16:58:45.098  1315  1315 W SELinux : SELinux: seapp_context_lookup: seinfo=samsung, level=s0:c512,c768, pkgname=com.samsung.svoice.sync 
05-06 16:58:45.098  1397  1466 W ResourcesManager: getTopLevelResources: /system/priv-app/SecMms_Epic_Common/SecMms_Epic_Common.apk / 1.0 running in null rsrc of package com.android.mms
05-06 16:58:45.098  1397  1466 W ResourcesManager: getTopLevelResources: /system/priv-app/SecMyFiles/SecMyFiles.apk / 1.0 running in null rsrc of package com.sec.android.app.myfiles
05-06 16:58:45.098  1397  1466 D ResourcesManager: For user 0 new overlays fetched [/data/overlays/style/com.cambunch.MaterialDark/com.cambunch.MaterialDark.myfiles.apk, /data/overlays/style/com.cambunch.MaterialDark/com.cambunch.MaterialDark.touchwiz.apk, /data/overlays/style/com.cambunch.MaterialDark/com.cambunch.MaterialDark.common.apk]
05-06 16:58:45.108  1397  1466 W ResourcesManager: getTopLevelResources: /system/priv-app/SecMyFiles/SecMyFiles.apk / 1.0 running in null rsrc of package com.sec.android.app.myfiles
05-06 16:58:45.108  1397  1466 W ResourcesManager: getTopLevelResources: /system/app/SecMemo3/SecMemo3.apk / 1.0 running in null rsrc of package com.samsung.android.app.memo
05-06 16:58:45.108  1397  1466 D ResourcesManager: For user 0 new overlays fetched [/data/overlays/style/com.cambunch.MaterialDark/com.cambunch.MaterialDark.touchwiz.apk, /data/overlays/style/com.cambunch.MaterialDark/com.cambunch.MaterialDark.memo.apk, /data/overlays/style/com.cambunch.MaterialDark/com.cambunch.MaterialDark.common.apk]
05-06 16:58:45.108  1397  1466 W ResourcesManager: getTopLevelResources: /system/app/SecMemo3/SecMemo3.apk / 1.0 running in null rsrc of package com.samsung.android.app.memo
05-06 16:58:45.108  1397  1466 W ResourcesManager: getTopLevelResources: /system/app/Weather2016/Weather2016.apk / 1.0 running in null rsrc of package com.samsung.android.weather
05-06 16:58:45.108  1397  1466 D ResourcesManager: For user 0 new overlays fetched [/data/overlays/style/com.cambunch.MaterialDark/com.cambunch.MaterialDark.weather.apk, /data/overlays/style/com.cambunch.MaterialDark/com.cambunch.MaterialDark.touchwiz.apk, /data/overlays/style/com.cambunch.MaterialDark/com.cambunch.MaterialDark.common.apk]
05-06 16:58:45.118  1397  1466 W ResourcesManager: getTopLevelResources: /system/app/Weather2016/Weather2016.apk / 1.0 running in null rsrc of package com.samsung.android.weather
05-06 16:58:45.118  1397  1466 W ResourcesManager: getTopLevelResources: /data/app/com.google.android.music-1/base.apk / 1.0 running in null rsrc of package com.google.android.music
05-06 16:58:45.118  1397  1466 W ResourcesManager: getTopLevelResources: /data/app/com.google.android.music-1/base.apk / 1.0 running in null rsrc of package com.google.android.music
05-06 16:58:45.118  1397  1466 W ResourcesManager: getTopLevelResources: /data/app/com.google.android.youtube-2/base.apk / 1.0 running in null rsrc of package com.google.android.youtube
05-06 16:58:45.118  1397  1466 D ResourcesManager: For user 0 new overlays fetched Null
05-06 16:58:45.118  1397  1466 W ResourcesManager: getTopLevelResources: /data/app/com.google.android.youtube-2/base.apk / 1.0 running in null rsrc of package com.google.android.youtube
05-06 16:58:45.118  1397  1466 W ResourcesManager: getTopLevelResources: /data/app/com.google.android.apps.docs.editors.docs-1/base.apk / 1.0 running in null rsrc of package com.google.android.apps.docs.editors.docs
05-06 16:58:45.118  1397  1466 W ResourcesManager: getTopLevelResources: /data/app/com.google.android.apps.docs.editors.docs-1/base.apk / 1.0 running in null rsrc of package com.google.android.apps.docs.editors.docs
05-06 16:58:45.118  1397  1466 W ResourcesManager: getTopLevelResources: /data/app/com.google.android.apps.docs.editors.sheets-1/base.apk / 1.0 running in null rsrc of package com.google.android.apps.docs.editors.sheets
05-06 16:58:45.118  1315  1315 D TimaKeyStoreProvider: TimaSignature is unavailable
05-06 16:58:45.128  1315  1315 D ActivityThread: Added TimaKeyStore provider
05-06 16:58:45.128  1397  1466 W ResourcesManager: getTopLevelResources: /data/app/com.google.android.apps.docs.editors.sheets-1/base.apk / 1.0 running in null rsrc of package com.google.android.apps.docs.editors.sheets
05-06 16:58:45.128  1397  1466 W ResourcesManager: getTopLevelResources: /data/app/com.google.earth-1/base.apk / 1.0 running in null rsrc of package com.google.earth
05-06 16:58:45.128  1397  1466 D ResourcesManager: For user 0 new overlays fetched Null
05-06 16:58:45.128  1397  1466 W ResourcesManager: getTopLevelResources: /data/app/com.google.earth-1/base.apk / 1.0 running in null rsrc of package com.google.earth
05-06 16:58:45.128  1397  1466 W ResourcesManager: getTopLevelResources: /data/app/com.google.android.apps.books-1/base.apk / 1.0 running in null rsrc of package com.google.android.apps.books
05-06 16:58:45.128  1397  1466 W ResourcesManager: getTopLevelResources: /data/app/com.google.android.apps.books-1/base.apk / 1.0 running in null rsrc of package com.google.android.apps.books
05-06 16:58:45.128  1397  1466 W ResourcesManager: getTopLevelResources: /data/app/com.crittermap.backcountrynavigator.license-1/base.apk / 1.0 running in null rsrc of package com.crittermap.backcountrynavigator.license
05-06 16:58:45.138  1397  1466 D ResourcesManager: For user 0 new overlays fetched Null
05-06 16:58:45.138  1397  1466 W ResourcesManager: getTopLevelResources: /data/app/com.crittermap.backcountrynavigator.license-1/base.apk / 1.0 running in null rsrc of package com.crittermap.backcountrynavigator.license
05-06 16:58:45.138  1397  1466 W ResourcesManager: getTopLevelResources: /data/app/keepass2android.keepass2android_nonet-1/base.apk / 1.0 running in null rsrc of package keepass2android.keepass2android_nonet
05-06 16:58:45.138  1397  1466 W ResourcesManager: getTopLevelResources: /data/app/keepass2android.keepass2android_nonet-1/base.apk / 1.0 running in null rsrc of package keepass2android.keepass2android_nonet
05-06 16:58:45.138  1397  1466 W ResourcesManager: getTopLevelResources: /data/app/keepass2android.keepass2android_nonet-1/base.apk / 1.0 running in null rsrc of package keepass2android.keepass2android_nonet
05-06 16:58:45.138  1315  1315 W ResourcesManager: getTopLevelResources: /system/priv-app/SVoicePLM_1.0/SVoicePLM_1.0.apk / 1.0 running in com.samsung.svoice.sync rsrc of package com.samsung.svoice.sync
05-06 16:58:45.138  1397  1466 W ResourcesManager: getTopLevelResources: /data/app/com.amazon.kindle-2/base.apk / 1.0 running in null rsrc of package com.amazon.kindle
05-06 16:58:45.138  1397  1415 I InjectionManagerService -AppFeature: getCoreFeaturePkgList :[]
05-06 16:58:45.138  1315  1315 I InjectionManager: Inside getClassLibPath + mLibMap{0=, 1=}
05-06 16:58:45.138  1315  1315 D ResourcesManager: For user 0 new overlays fetched Null
05-06 16:58:45.138  1397  1466 D ResourcesManager: For user 0 new overlays fetched Null
05-06 16:58:45.148  1397  1466 W ResourcesManager: getTopLevelResources: /data/app/com.amazon.kindle-2/base.apk / 1.0 running in null rsrc of package com.amazon.kindle
05-06 16:58:45.148  1397  1466 W ResourcesManager: getTopLevelResources: /data/app/com.amazon.kindle-2/base.apk / 1.0 running in null rsrc of package com.amazon.kindle
05-06 16:58:45.148  1397  1466 W ResourcesManager: getTopLevelResources: /data/app/com.google.android.keep-1/base.apk / 1.0 running in null rsrc of package com.google.android.keep
05-06 16:58:45.148  1397  1466 W ResourcesManager: getTopLevelResources: /data/app/com.google.android.keep-1/base.apk / 1.0 running in null rsrc of package com.google.android.keep
05-06 16:58:45.148  1397  1466 W ResourcesManager: getTopLevelResources: /data/app/com.google.android.apps.docs.editors.slides-2/base.apk / 1.0 running in null rsrc of package com.google.android.apps.docs.editors.slides
05-06 16:58:45.148  1397  1466 W ResourcesManager: getTopLevelResources: /data/app/com.google.android.apps.docs.editors.slides-2/base.apk / 1.0 running in null rsrc of package com.google.android.apps.docs.editors.slides
05-06 16:58:45.148  1397  1466 W ResourcesManager: getTopLevelResources: /data/app/com.audible.application-1/base.apk / 1.0 running in null rsrc of package com.audible.application
05-06 16:58:45.148  1315  1315 I InjectionManager: Inside getClassLibPath caller 
05-06 16:58:45.148  1397  3343 D RestrictionPolicy: userId: 0, isMicrophoneEnabledAsUser : true
05-06 16:58:45.148  1397  1466 D ResourcesManager: For user 0 new overlays fetched Null
05-06 16:58:45.148  1397  2649 D RestrictionPolicy: userId: 0, isMicrophoneEnabledAsUser : true
05-06 16:58:45.148  1397  1466 W ResourcesManager: getTopLevelResources: /data/app/com.audible.application-1/base.apk / 1.0 running in null rsrc of package com.audible.application
05-06 16:58:45.148  1397  3317 D RestrictionPolicy: userId: 0, isMicrophoneEnabledAsUser : true
05-06 16:58:45.148  1397  3355 D RestrictionPolicy: userId: 0, isMicrophoneEnabledAsUser : true
05-06 16:58:45.148  1397  1466 W ResourcesManager: getTopLevelResources: /system/priv-app/MyPlaces_Hero/MyPlaces_Hero.apk / 1.0 running in null rsrc of package com.sec.android.widgetapp.locationwidget
05-06 16:58:45.148  1397  2531 D RestrictionPolicy: userId: 0, isMicrophoneEnabledAsUser : true
05-06 16:58:45.148  1397  2697 D RestrictionPolicy: userId: 0, isMicrophoneEnabledAsUser : true
05-06 16:58:45.148  1397  1416 D RestrictionPolicy: userId: 0, isMicrophoneEnabledAsUser : true
05-06 16:58:45.148  1397  1466 D ResourcesManager: For user 0 new overlays fetched Null
05-06 16:58:45.148  1397  1466 W ResourcesManager: getTopLevelResources: /system/priv-app/MyPlaces_Hero/MyPlaces_Hero.apk / 1.0 running in null rsrc of package com.sec.android.widgetapp.locationwidget
05-06 16:58:45.148  1397  1466 W ResourcesManager: getTopLevelResources: /system/priv-app/SecSettings2/SecSettings2.apk / 1.0 running in null rsrc of package com.android.settings
05-06 16:58:45.148  1397  1466 W ResourcesManager: getTopLevelResources: /system/priv-app/TouchWizHome_2016/TouchWizHome_2016.apk / 1.0 running in null rsrc of package com.sec.android.app.launcher
05-06 16:58:45.158  1397  1466 D ResourcesManager: For user 0 new overlays fetched [/data/overlays/style/com.cambunch.MaterialDark/com.cambunch.MaterialDark.touchwiz.apk, /data/overlays/style/com.cambunch.MaterialDark/com.cambunch.MaterialDark.common.apk]
05-06 16:58:45.158  1397  1466 W ResourcesManager: getTopLevelResources: /system/priv-app/TouchWizHome_2016/TouchWizHome_2016.apk / 1.0 running in null rsrc of package com.sec.android.app.launcher
05-06 16:58:45.158  1397  1466 W ResourcesManager: getTopLevelResources: /system/app/SPlanner_M/SPlanner_M.apk / 1.0 running in null rsrc of package com.android.calendar
05-06 16:58:45.158  1397  1466 D ResourcesManager: For user 0 new overlays fetched [/data/overlays/style/com.cambunch.MaterialDark/com.cambunch.MaterialDark.touchwiz.apk, /data/overlays/style/com.cambunch.MaterialDark/com.cambunch.MaterialDark.calendar.apk, /data/overlays/style/com.cambunch.MaterialDark/com.cambunch.MaterialDark.common.apk]
05-06 16:58:45.158  1397  1466 W ResourcesManager: getTopLevelResources: /system/app/SPlanner_M/SPlanner_M.apk / 1.0 running in null rsrc of package com.android.calendar
05-06 16:58:45.158  1397  1466 W ResourcesManager: getTopLevelResources: /system/app/SPlanner_M/SPlanner_M.apk / 1.0 running in null rsrc of package com.android.calendar
05-06 16:58:45.158  1397  1466 W ResourcesManager: getTopLevelResources: /system/app/SecHelp/SecHelp.apk / 1.0 running in null rsrc of package com.samsung.helphub
05-06 16:58:45.158  1397  1466 D ResourcesManager: For user 0 new overlays fetched Null
05-06 16:58:45.158  1397  1466 W ResourcesManager: getTopLevelResources: /system/app/SecHelp/SecHelp.apk / 1.0 running in null rsrc of package com.samsung.helphub
05-06 16:58:45.158  1397  1466 W ResourcesManager: getTopLevelResources: /system/app/Weather2016/Weather2016.apk / 1.0 running in null rsrc of package com.samsung.android.weather
05-06 16:58:45.158  1397  1466 W ResourcesManager: getTopLevelResources: /system/app/Weather2016/Weather2016.apk / 1.0 running in null rsrc of package com.samsung.android.weather
05-06 16:58:45.158  1397  1466 W ResourcesManager: getTopLevelResources: /data/app/com.google.android.gms-1/base.apk / 1.0 running in null rsrc of package com.google.android.gms
05-06 16:58:45.158  1397  1466 W ResourcesManager: getTopLevelResources: /data/app/com.google.android.gms-1/base.apk / 1.0 running in null rsrc of package com.google.android.gms
05-06 16:58:45.158  1397  1466 W ResourcesManager: getTopLevelResources: /data/app/com.android.chrome-1/base.apk / 1.0 running in null rsrc of package com.android.chrome
05-06 16:58:45.158  1315  1315 I UploadDatabase: svoicelocal DB: main : PLM :: mUploadDBManager is null , creating new one !! 
05-06 16:58:45.158  1397  1466 W ResourcesManager: getTopLevelResources: /data/app/com.android.chrome-1/base.apk / 1.0 running in null rsrc of package com.android.chrome
05-06 16:58:45.168  1397  1466 W ResourcesManager: getTopLevelResources: /data/app/com.google.android.apps.docs-1/base.apk / 1.0 running in null rsrc of package com.google.android.apps.docs
05-06 16:58:45.168  1397  1466 W ResourcesManager: getTopLevelResources: /data/app/com.google.android.apps.docs-1/base.apk / 1.0 running in null rsrc of package com.google.android.apps.docs
05-06 16:58:45.168  1397  1466 W ResourcesManager: getTopLevelResources: /data/app/com.samsung.oh-1/base.apk / 1.0 running in null rsrc of package com.samsung.oh
05-06 16:58:45.178  1315  1315 E SQLiteLog: (5) statement aborts at 2: [PRAGMA journal_mode=PERSIST] 
05-06 16:58:45.178  1397  1466 D ResourcesManager: For user 0 new overlays fetched Null
05-06 16:58:45.178  1315  1315 W SQLiteConnection: Could not change the database journal mode of '/data/user/0/com.samsung.svoice.sync/databases/svoicelocal.db' from 'wal' to 'PERSIST' because the database is locked.  This usually means that there are other open connections to the database which prevents the database from enabling or disabling write-ahead logging mode.  Proceeding without changing the journal mode.
05-06 16:58:45.178  1397  1466 W ResourcesManager: getTopLevelResources: /data/app/com.samsung.oh-1/base.apk / 1.0 running in null rsrc of package com.samsung.oh
05-06 16:58:45.178  1397  1466 W ResourcesManager: getTopLevelResources: /data/app/com.google.android.youtube-2/base.apk / 1.0 running in null rsrc of package com.google.android.youtube
05-06 16:58:45.178  1397  1466 W ResourcesManager: getTopLevelResources: /data/app/com.google.android.apps.docs.editors.docs-1/base.apk / 1.0 running in null rsrc of package com.google.android.apps.docs.editors.docs
05-06 16:58:45.178  1397  1466 W ResourcesManager: getTopLevelResources: /data/app/com.digikey.mobile-1/base.apk / 1.0 running in null rsrc of package com.digikey.mobile
05-06 16:58:45.178  1397  1466 D ResourcesManager: For user 0 new overlays fetched Null
05-06 16:58:45.178  1397  1466 W ResourcesManager: getTopLevelResources: /data/app/com.digikey.mobile-1/base.apk / 1.0 running in null rsrc of package com.digikey.mobile
05-06 16:58:45.178  1397  1466 W ResourcesManager: getTopLevelResources: /data/app/com.google.android.play.games-1/base.apk / 1.0 running in null rsrc of package com.google.android.play.games
05-06 16:58:45.178  1315  1315 D InjectionManager: InjectionManager
05-06 16:58:45.178  1315  1315 D InjectionManager: fillFeatureStoreMap com.samsung.svoice.sync
05-06 16:58:45.178  1315  1332 D PLMProvider: match for uri : content://com.samsung.svoice.sync/tos_accepted is : 8
05-06 16:58:45.178  1397  1466 D ResourcesManager: For user 0 new overlays fetched Null
05-06 16:58:45.178  1315  1315 I InjectionManager: Constructor com.samsung.svoice.sync, Feature store :{}
05-06 16:58:45.178  1397  1466 W ResourcesManager: getTopLevelResources: /data/app/com.google.android.play.games-1/base.apk / 1.0 running in null rsrc of package com.google.android.play.games
05-06 16:58:45.178  1397  1466 W ResourcesManager: getTopLevelResources: /data/app/com.google.android.apps.unveil-1/base.apk / 1.0 running in null rsrc of package com.google.android.apps.unveil
05-06 16:58:45.188  1315  1315 I InjectionManager: featureStore :{}
05-06 16:58:45.188  1397  1466 D ResourcesManager: For user 0 new overlays fetched Null
05-06 16:58:45.188  1397  1466 W ResourcesManager: getTopLevelResources: /data/app/com.google.android.apps.unveil-1/base.apk / 1.0 running in null rsrc of package com.google.android.apps.unveil
05-06 16:58:45.188  1397  1466 W ResourcesManager: getTopLevelResources: /data/app/com.google.android.apps.docs.editors.sheets-1/base.apk / 1.0 running in null rsrc of package com.google.android.apps.docs.editors.sheets
05-06 16:58:45.188  1397  1466 W ResourcesManager: getTopLevelResources: /data/app/com.agi.android.augmentedreality-1/base.apk / 1.0 running in null rsrc of package com.agi.android.augmentedreality
05-06 16:58:45.188  1397  1466 D ResourcesManager: For user 0 new overlays fetched Null
05-06 16:58:45.188  1397  1466 W ResourcesManager: getTopLevelResources: /data/app/com.agi.android.augmentedreality-1/base.apk / 1.0 running in null rsrc of package com.agi.android.augmentedreality
05-06 16:58:45.188  1397  1466 W ResourcesManager: getTopLevelResources: /data/app/com.agi.android.augmentedreality-1/base.apk / 1.0 running in null rsrc of package com.agi.android.augmentedreality
05-06 16:58:45.188  1397  1466 W ResourcesManager: getTopLevelResources: /data/app/org.npr.android.news-1/base.apk / 1.0 running in null rsrc of package org.npr.android.news
05-06 16:58:45.188  1397  1466 D ResourcesManager: For user 0 new overlays fetched Null
05-06 16:58:45.188  1397  1466 W ResourcesManager: getTopLevelResources: /data/app/org.npr.android.news-1/base.apk / 1.0 running in null rsrc of package org.npr.android.news
05-06 16:58:45.188  1397  1466 W ResourcesManager: getTopLevelResources: /data/app/com.google.android.apps.magazines-1/base.apk / 1.0 running in null rsrc of package com.google.android.apps.magazines
05-06 16:58:45.188  1397  1466 W ResourcesManager: getTopLevelResources: /data/app/com.google.android.apps.magazines-1/base.apk / 1.0 running in null rsrc of package com.google.android.apps.magazines
05-06 16:58:45.188  1397  1466 W ResourcesManager: getTopLevelResources: /data/app/com.google.android.apps.genie.geniewidget-1/base.apk / 1.0 running in null rsrc of package com.google.android.apps.genie.geniewidget
05-06 16:58:45.188  1397  1466 W ResourcesManager: getTopLevelResources: /data/app/com.google.android.apps.genie.geniewidget-1/base.apk / 1.0 running in null rsrc of package com.google.android.apps.genie.geniewidget
05-06 16:58:45.188  1397  1466 W ResourcesManager: getTopLevelResources: /data/app/com.google.android.calendar-1/base.apk / 1.0 running in null rsrc of package com.google.android.calendar
05-06 16:58:45.188  1397  1466 W ResourcesManager: getTopLevelResources: /data/app/com.google.android.calendar-1/base.apk / 1.0 running in null rsrc of package com.google.android.calendar
05-06 16:58:45.188  1397  1466 W ResourcesManager: getTopLevelResources: /data/app/com.metago.astro-1/base.apk / 1.0 running in null rsrc of package com.metago.astro
05-06 16:58:45.188  1397  1466 D ResourcesManager: For user 0 new overlays fetched Null
05-06 16:58:45.188  1397  1466 W ResourcesManager: getTopLevelResources: /data/app/com.metago.astro-1/base.apk / 1.0 running in null rsrc of package com.metago.astro
05-06 16:58:45.198  1397  1466 W ResourcesManager: getTopLevelResources: /data/app/com.crittermap.backcountrynavigator.license-1/base.apk / 1.0 running in null rsrc of package com.crittermap.backcountrynavigator.license
05-06 16:58:45.198  1397  1466 W ResourcesManager: getTopLevelResources: /data/app/keepass2android.keepass2android_nonet-1/base.apk / 1.0 running in null rsrc of package keepass2android.keepass2android_nonet
05-06 16:58:45.198  1397  1466 W ResourcesManager: getTopLevelResources: /data/app/com.quirky.android.wink.wink-2/base.apk / 1.0 running in null rsrc of package com.quirky.android.wink.wink
05-06 16:58:45.198  1397  1466 D ResourcesManager: For user 0 new overlays fetched Null
05-06 16:58:45.198  1397  1466 W ResourcesManager: getTopLevelResources: /data/app/com.quirky.android.wink.wink-2/base.apk / 1.0 running in null rsrc of package com.quirky.android.wink.wink
05-06 16:58:45.198  1397  1466 W ResourcesManager: getTopLevelResources: /data/app/com.quirky.android.wink.wink-2/base.apk / 1.0 running in null rsrc of package com.quirky.android.wink.wink
05-06 16:58:45.198  1397  1466 W ResourcesManager: getTopLevelResources: /data/app/com.google.android.apps.googlevoice-2/base.apk / 1.0 running in null rsrc of package com.google.android.apps.googlevoice
05-06 16:58:45.198  1397  1466 D ResourcesManager: For user 0 new overlays fetched Null
05-06 16:58:45.198  1397  1466 W ResourcesManager: getTopLevelResources: /data/app/com.google.android.apps.googlevoice-2/base.apk / 1.0 running in null rsrc of package com.google.android.apps.googlevoice
05-06 16:58:45.198  1397  1466 W ResourcesManager: getTopLevelResources: /data/app/com.netflix.mediaclient-2/base.apk / 1.0 running in null rsrc of package com.netflix.mediaclient
05-06 16:58:45.198  1397  1466 D ResourcesManager: For user 0 new overlays fetched Null
05-06 16:58:45.198  1397  1466 W ResourcesManager: getTopLevelResources: /data/app/com.netflix.mediaclient-2/base.apk / 1.0 running in null rsrc of package com.netflix.mediaclient
05-06 16:58:45.198  1397  1466 W ResourcesManager: getTopLevelResources: /data/app/com.amazon.mShop.android.shopping-2/base.apk / 1.0 running in null rsrc of package com.amazon.mShop.android.shopping
05-06 16:58:45.208  1397  1466 D ResourcesManager: For user 0 new overlays fetched Null
05-06 16:58:45.208  1397  1466 W ResourcesManager: getTopLevelResources: /data/app/com.amazon.mShop.android.shopping-2/base.apk / 1.0 running in null rsrc of package com.amazon.mShop.android.shopping
05-06 16:58:45.208  1397  1466 W ResourcesManager: getTopLevelResources: /data/app/com.google.android.apps.docs.editors.slides-2/base.apk / 1.0 running in null rsrc of package com.google.android.apps.docs.editors.slides
05-06 16:58:45.208  1397  1466 W ResourcesManager: getTopLevelResources: /data/app/com.google.android.googlequicksearchbox-1/base.apk / 1.0 running in null rsrc of package com.google.android.googlequicksearchbox
05-06 16:58:45.208  1397  1466 W ResourcesManager: getTopLevelResources: /system/priv-app/SecContacts_M/SecContacts_M.apk / 1.0 running in null rsrc of package com.android.contacts
05-06 16:58:45.208  1397  1466 W ResourcesManager: getTopLevelResources: /system/priv-app/SecGallery2015/SecGallery2015.apk / 1.0 running in null rsrc of package com.sec.android.gallery3d
05-06 16:58:45.208  1397  1466 D ResourcesManager: For user 0 new overlays fetched [/data/overlays/style/com.cambunch.MaterialDark/com.cambunch.MaterialDark.gallery3d.apk, /data/overlays/style/com.cambunch.MaterialDark/com.cambunch.MaterialDark.touchwiz.apk, /data/overlays/style/com.cambunch.MaterialDark/com.cambunch.MaterialDark.common.apk]
05-06 16:58:45.208  1296  1296 D DeviceInfo: DeviceInfo
05-06 16:58:45.208  1397  1466 W ResourcesManager: getTopLevelResources: /system/priv-app/SecGallery2015/SecGallery2015.apk / 1.0 running in null rsrc of package com.sec.android.gallery3d
05-06 16:58:45.208  1397  1466 W ResourcesManager: getTopLevelResources: /system/priv-app/SFinder_v4/SFinder_v4.apk / 1.0 running in null rsrc of package com.samsung.android.app.galaxyfinder
05-06 16:58:45.208  1397  1466 D ResourcesManager: For user 0 new overlays fetched [/data/overlays/style/com.cambunch.MaterialDark/com.cambunch.MaterialDark.touchwiz.apk, /data/overlays/style/com.cambunch.MaterialDark/com.cambunch.MaterialDark.galaxyfinder.apk, /data/overlays/style/com.cambunch.MaterialDark/com.cambunch.MaterialDark.common.apk]
05-06 16:58:45.208  1397  1466 W ResourcesManager: getTopLevelResources: /system/priv-app/SFinder_v4/SFinder_v4.apk / 1.0 running in null rsrc of package com.samsung.android.app.galaxyfinder
05-06 16:58:45.208  1397  1466 W ResourcesManager: getTopLevelResources: /system/priv-app/SFinder_v4/SFinder_v4.apk / 1.0 running in null rsrc of package com.samsung.android.app.galaxyfinder
05-06 16:58:45.218  1397  1466 W ResourcesManager: getTopLevelResources: /system/priv-app/LiveBroadcast/LiveBroadcast.apk / 1.0 running in null rsrc of package com.sec.android.app.camera.plb
05-06 16:58:45.218  1278  1278 I FIPS_bssl: FIPS approved mode (1) | 1278 | app_process
05-06 16:58:45.218  1397  1466 W ResourcesManager: getTopLevelResources: /system/priv-app/LiveBroadcast/LiveBroadcast.apk / 1.0 running in null rsrc of package com.sec.android.app.camera.plb
05-06 16:58:45.218  1397  1466 W ResourcesManager: getTopLevelResources: /system/priv-app/LiveBroadcast/LiveBroadcast.apk / 1.0 running in null rsrc of package com.sec.android.app.camera.plb
05-06 16:58:45.218  1397  1466 W ResourcesManager: getTopLevelResources: /system/priv-app/SFinder_v4/SFinder_v4.apk / 1.0 running in null rsrc of package com.samsung.android.app.galaxyfinder
05-06 16:58:45.218  1397  1466 W ResourcesManager: getTopLevelResources: /system/priv-app/SamsungCamera5/SamsungCamera5.apk / 1.0 running in null rsrc of package com.sec.android.app.camera
05-06 16:58:45.218  1397  1466 W ResourcesManager: getTopLevelResources: /system/priv-app/SamsungCamera5/SamsungCamera5.apk / 1.0 running in null rsrc of package com.sec.android.app.camera
05-06 16:58:45.218  1397  1466 W ResourcesManager: getTopLevelResources: /system/priv-app/SecContacts_M/SecContacts_M.apk / 1.0 running in null rsrc of package com.android.contacts
05-06 16:58:45.218  1296  1296 D DeviceInfo: getLocale =  en-US
05-06 16:58:45.218  1296  1296 I N66_CommonHandler:main:  : VSP::Current configured server is interaction-us2.samsung-svoice.com
05-06 16:58:45.218  1296  1296 I N66_CommonHandler:main:  : VSP::Current configured server port is 443
05-06 16:58:45.218  1397  1466 W ResourcesManager: getTopLevelResources: /system/priv-app/SecContacts_M/SecContacts_M.apk / 1.0 running in null rsrc of package com.android.contacts
05-06 16:58:45.218  1397  1466 W ResourcesManager: getTopLevelResources: /system/priv-app/SecContacts_M/SecContacts_M.apk / 1.0 running in null rsrc of package com.android.contacts
05-06 16:58:45.218  1278  1278 D AndroidRuntime: >>>>>> START com.android.internal.os.RuntimeInit uid 2000 <<<<<<
05-06 16:58:45.228  1296  1296 D SettingsValueDB:main:  : VSP:: match for uri : content://com.samsung.voiceserviceplatform.database.SettingsValueDB/SettingsvalueTb is : -1
05-06 16:58:45.228  1296  1296 D SettingsValueDB:main:  : VSP::URI didnt match
05-06 16:58:45.228  1397  1466 W ResourcesManager: getTopLevelResources: /system/priv-app/SecContacts_M/SecContacts_M.apk / 1.0 running in null rsrc of package com.android.contacts
05-06 16:58:45.228  1278  1278 D AndroidRuntime: CheckJNI is OFF
