05-06 20:59:04.998  1397  2764 D PackageManager: setEnabledSetting : userId = 0 packageName = com.samsung.android.spayfw cmp = com.samsung.android.spayfw.fraud.FraudReceiver newState = 1 callingPackage = 1200
05-06 20:59:05.008 19697 19697 I SAMSUNGPAY: [PropertyUtil] Object is pay_community_url, Value is empty
05-06 20:59:05.008 19697 19697 I SAMSUNGPAY: [PropertyUtil] Object is replace_us_att, Value is empty
05-06 20:59:05.008 19697 19697 I SAMSUNGPAY: [PropertyUtil] Object is replace_us_att, Value is empty
05-06 20:59:05.008 19697 19697 D SAMSUNGPAY: [ChangeableFeature] FMM_LOCK previous value is false, current value is true
05-06 20:59:05.008 19697 19697 D SAMSUNGPAY: [ChangeableFeature] FMM_WIPEOUT previous value is false, current value is true
05-06 20:59:05.008 19697 19697 D SAMSUNGPAY: [ChangeableFeature] NO_CONNECTION_ALERT previous value is false, current value is true
05-06 20:59:05.008 19697 19697 D SAMSUNGPAY: [ChangeableFeature] MST_ENABLED previous value is false, current value is true
05-06 20:59:05.008 19697 19697 D SAMSUNGPAY: [ChangeableFeature] SIMPLEPAY_ENABLE previous value is false, current value is true
05-06 20:59:05.008 19697 19697 D SAMSUNGPAY: [ChangeableFeature] MST_ENABLE previous value is false, current value is true
05-06 20:59:05.008 19697 19697 D SAMSUNGPAY: [ChangeableFeature] NO_CONNECTION_ALERT previous value is true, current value is false
05-06 20:59:05.008 19697 19697 D SAMSUNGPAY: [ChangeableFeature] RATING_POPUP previous value is false, current value is true
05-06 20:59:05.008 19697 19697 D SAMSUNGPAY: [ChangeableFeature] SIMPLEPAY_DPAN previous value is false, current value is true
05-06 20:59:05.008 19697 19697 D SAMSUNGPAY: [ChangeableFeature] ENROLL_SIGNATURE previous value is false, current value is true
05-06 20:59:05.008 19697 19697 D SAMSUNGPAY: [ChangeableFeature] REG_SELECT_ADDRESS previous value is false, current value is true
05-06 20:59:05.008 19697 19697 D SAMSUNGPAY: [ChangeableFeature] SIMPLEPAY_VAS_COMBINED previous value is false, current value is true
05-06 20:59:05.008 19697 19697 D SAMSUNGPAY: [ChangeableFeature] RESET_TRACKING previous value is false, current value is true
05-06 20:59:05.008 19697 19697 E SAMSUNGPAY: [SamsungPayBaseApplication] DroidX is not supported
05-06 20:59:05.028  1397  3317 D PackageManager: setEnabledSetting : userId = 0 packageName = com.samsung.android.spayfw cmp = com.samsung.android.spayfw.core.hce.SPayHCEService newState = 1 callingPackage = 1200
05-06 20:59:05.028  1397  3355 D PackageManager: setEnabledSetting : userId = 0 packageName = com.samsung.android.spayfw cmp = com.samsung.android.spayfw.core.hce.SPayHCEReceiver newState = 1 callingPackage = 1200
05-06 20:59:05.028 19697 19697 D SAMSUNGPAY: [PropertyUtil] getProvValue : prefsValue is empty
05-06 20:59:05.028 19697 19697 I SAMSUNGPAY: [PropertyUtil] Object is factory_reset_reason, Value is empty
05-06 20:59:05.028 19697 19697 D InjectionManager: InjectionManager
05-06 20:59:05.028 19697 19697 D InjectionManager: fillFeatureStoreMap com.samsung.android.spay
05-06 20:59:05.028 19697 19697 I InjectionManager: Constructor com.samsung.android.spay, Feature store :{}
05-06 20:59:05.028 19697 19697 I InjectionManager: featureStore :{}
05-06 20:59:05.038 19697 19697 I SAMSUNGPAY: [SppReceiver] onReceive
05-06 20:59:05.048  1397  2649 V BroadcastQueue: [background] Process cur broadcast BroadcastRecord{983985e u0 android.intent.action.PACKAGE_REMOVED qIdx=4}, state= (APP_RECEIVE) DELIVERED for app ProcessRecord{710c921 19697:com.samsung.android.spay/u0a48}
05-06 20:59:05.048 19697 19697 I SAMSUNGPAY: [GcmReceiver] onReceive
05-06 20:59:05.058 19697 19697 I PaymentFramework: Connected! Name: com.samsung.android.spayfw.core.PaymentFrameworkService
05-06 20:59:05.058 19697 19697 D PaymentFramework: notifyAndDeleteRequests: 
05-06 20:59:05.058  1397  3321 V BroadcastQueue: [background] Process cur broadcast BroadcastRecord{983985e u0 android.intent.action.PACKAGE_REMOVED qIdx=4}, state= (APP_RECEIVE) DELIVERED for app ProcessRecord{9164db4 18596:com.samsung.android.spayfw/1200}
05-06 20:59:05.058 18596 18596 I SpayFw_PackageStateReceiver: PackageName : plv.colorado.edu.callinsbenchmark
05-06 20:59:05.058 18596 18596 I SpayFw_PackageStateReceiver: Data Removed : true
05-06 20:59:05.058 19697 19697 D PaymentFramework: notifyAndDeleteRequests: opt: 15
05-06 20:59:05.058 19697 19697 D SAMSUNGPAY: [PaymentOperationUsFwCallBack] mGetAllCardStateCallback onReady
05-06 20:59:05.068 19697 19727 V Volley  : [2856] CacheDispatcher.run: start new dispatcher
05-06 20:59:05.068 19697 19697 D SAMSUNGPAY: [PaymentOperationUsFw.OnReadyHandler] Measurement - OnReadyHandler.handleMessage() : enter time = 1462589945077
05-06 20:59:05.068 19697 19697 D SAMSUNGPAY: [PropertyUtil] getProvValue : prefsValue is empty
05-06 20:59:05.068 19712 19712 I SA      : [TPM] There is no property file
05-06 20:59:05.068 19697 19697 I SAMSUNGPAY: [PropertyUtil] Object is user_auth_access_token, Value is empty
05-06 20:59:05.068 19712 19712 I SA      : [SCU] isHaveSA() - true
05-06 20:59:05.068 19712 19712 I SA      : [TPM] getModelProperty : null
05-06 20:59:05.068 19712 19712 I SA      : [TPM] getCSCProperty : null
05-06 20:59:05.068 19712 19712 I SA      : [DM] FLOATING AMOLED FEATURE: true
05-06 20:59:05.068 19712 19712 I SA      : [DM] PRODUCT AMOLED FEATURE: false
05-06 20:59:05.068 19712 19712 I SA      : [DM] TFT FEATURE: false
05-06 20:59:05.068 19697 19697 D SAMSUNGPAY: [PaymentOperationUsFw.OnReadyHandler] jwt token is not ready
05-06 20:59:05.068  1397  3107 I ActivityManager: Start proc 19751:org.mozilla.firefox/u0a270 for broadcast-3 org.mozilla.firefox/org.mozilla.gecko.webapp.UninstallListener
05-06 20:59:05.078 19712 19712 I SA      : support phone number id : true
05-06 20:59:05.078 19712 19712 I SA      : [SCU] isHaveSA() - true
05-06 20:59:05.078  1397  3107 I ActivityManager: Killing 18903:com.samsung.svoice.sync/u0a43 (adj 15): DHA:empty #33
05-06 20:59:05.078 18596 18607 E SpayFw_TokenManager: getAllCardState  - mAccount is null
05-06 20:59:05.078 19697 19697 I SAMSUNGPAY: [SpayPaymentOperationFw] ResultCardListener - onSuccess() : (EResult.OK, EStatus.GET_ALL_TOKEN_STATE) hash = 172660288
05-06 20:59:05.088 19697 19697 D SAMSUNGPAY: [SamsungPayApplicationMediator] syncCardList : success
05-06 20:59:05.088 19712 19712 D InjectionManager: InjectionManager
05-06 20:59:05.088 19712 19712 D InjectionManager: fillFeatureStoreMap com.osp.app.signin
05-06 20:59:05.088 19712 19712 I InjectionManager: Constructor com.osp.app.signin, Feature store :{}
05-06 20:59:05.088 19712 19712 I InjectionManager: featureStore :{}
05-06 20:59:05.088 19712 19712 I SA      : [DM] init START
05-06 20:59:05.088 19751 19751 I libpersona: KNOX_SDCARD checking this for 10270
05-06 20:59:05.088 19751 19751 E Zygote  : v2
05-06 20:59:05.088 19751 19751 I libpersona: KNOX_SDCARD not a persona
05-06 20:59:05.088 19751 19751 W SELinux : Function: selinux_compare_spd_ram, index[1], priority [2], priority version is VE=SEPF_SECMOBILE_6.0.1_0010
05-06 20:59:05.088 19751 19751 E Zygote  : accessInfo : 0
05-06 20:59:05.088 19751 19751 W SELinux : SELinux: seapp_context_lookup: seinfo=default, level=s0:c512,c768, pkgname=org.mozilla.firefox 
05-06 20:59:05.088 19712 19712 D ContextRelationManager: ContextRelationManager() : FEATURE_ENABLED=true
05-06 20:59:05.088 19697 19697 D SAMSUNGPAY: [PaymentOperationUsFw.OnReadyHandler] Measurement - OnReadyHandler.handleMessage() : exit time = 1462589945099
05-06 20:59:05.088 19712 19712 I SA      : [DM] This device is not a Vodafone
05-06 20:59:05.088 19697 19697 D SAMSUNGPAY: [adq] handleMessage(what : 10)
05-06 20:59:05.098 19712 19712 W ResourceType: No package identifier when getting value for resource number 0x00000000
05-06 20:59:05.098 19712 19712 W ResourceType: No package identifier when getting value for resource number 0x00000000
05-06 20:59:05.098 19712 19712 W ResourceType: No package identifier when getting value for resource number 0x00000000
05-06 20:59:05.098 19712 19712 W ResourceType: No package identifier when getting value for resource number 0x00000000
05-06 20:59:05.098 19712 19712 W ResourceType: No package identifier when getting value for resource number 0x00000000
05-06 20:59:05.098 19712 19712 W ResourceType: No package identifier when getting value for resource number 0x00000000
05-06 20:59:05.098 19712 19712 W ResourceType: No package identifier when getting value for resource number 0x00000000
05-06 20:59:05.098 19712 19712 W ResourceType: No package identifier when getting value for resource number 0x00000000
05-06 20:59:05.098 19712 19712 W ResourceType: No package identifier when getting value for resource number 0x00000000
05-06 20:59:05.098 19712 19712 W ResourceType: No package identifier when getting value for resource number 0x00000000
05-06 20:59:05.098 19712 19712 W ResourceType: No package identifier when getting value for resource number 0x00000000
05-06 20:59:05.098 19712 19712 W ResourceType: Failure getting entry for 0x7f0a0002 (t=9 e=2) (error -75)
05-06 20:59:05.098 19712 19712 W ResourceType: No package identifier when getting value for resource number 0x00000000
05-06 20:59:05.098 19712 19712 W ResourceType: No package identifier when getting value for resource number 0x00000000
05-06 20:59:05.098 19712 19712 W ResourceType: No package identifier when getting value for resource number 0x00000000
05-06 20:59:05.098 19712 19712 W ResourceType: No package identifier when getting value for resource number 0x00000000
05-06 20:59:05.098 19712 19712 W ResourceType: No package identifier when getting value for resource number 0x00000000
05-06 20:59:05.098 19712 19712 W ResourceType: No package identifier when getting value for resource number 0x00000000
05-06 20:59:05.098 19712 19712 W ResourceType: No package identifier when getting value for resource number 0x00000000
05-06 20:59:05.098 19712 19712 W ResourceType: No package identifier when getting value for resource number 0x00000000
05-06 20:59:05.098 19712 19712 W ResourceType: No package identifier when getting value for resource number 0x00000000
05-06 20:59:05.098 19712 19712 W ResourceType: No package identifier when getting value for resource number 0x00000000
05-06 20:59:05.098 19712 19712 W ResourceType: No package identifier when getting value for resource number 0x00000000
05-06 20:59:05.098 19712 19712 W ResourceType: No package identifier when getting value for resource number 0x00000000
05-06 20:59:05.098 19712 19712 W ResourceType: No package identifier when getting value for resource number 0x00000000
05-06 20:59:05.098 19712 19712 W ResourceType: No package identifier when getting value for resource number 0x00000000
05-06 20:59:05.098 19712 19712 W ResourceType: No package identifier when getting value for resource number 0x00000000
05-06 20:59:05.098 19712 19712 W ResourceType: No package identifier when getting value for resource number 0x00000000
05-06 20:59:05.098 19712 19712 W ResourceType: No package identifier when getting value for resource number 0x00000000
05-06 20:59:05.098 19712 19712 W ResourceType: No package identifier when getting value for resource number 0x00000000
05-06 20:59:05.098 19712 19712 W ResourceType: Failure getting entry for 0x7f0a0005 (t=9 e=5) (error -75)
05-06 20:59:05.098 19712 19712 W ResourceType: No package identifier when getting value for resource number 0x00000000
05-06 20:59:05.098 19712 19712 W ResourceType: No package identifier when getting value for resource number 0x00000000
05-06 20:59:05.098 19712 19712 W ResourceType: No package identifier when getting value for resource number 0x00000000
05-06 20:59:05.098 19712 19712 W ResourceType: No package identifier when getting value for resource number 0x00000000
05-06 20:59:05.098 19712 19712 W ResourceType: No package identifier when getting value for resource number 0x00000000
05-06 20:59:05.098 19712 19712 W ResourceType: No package identifier when getting value for resource number 0x00000000
05-06 20:59:05.098 19712 19712 W ResourceType: No package identifier when getting value for resource number 0x00000000
05-06 20:59:05.118  1397  3107 I ActivityManager: Killing 18887:com.samsung.voiceserviceplatform/u0a43 (adj 15): DHA:empty #33
05-06 20:59:05.098 19712 19712 W ResourceType: No package identifier when getting value for resource number 0x00000000
05-06 20:59:05.118  1397  1416 D RestrictionPolicy: userId: 0, isMicrophoneEnabledAsUser : true
05-06 20:59:05.098 19712 19712 W ResourceType: No package identifier when getting value for resource number 0x00000000
05-06 20:59:05.118  1397  3355 D RestrictionPolicy: userId: 0, isMicrophoneEnabledAsUser : true
05-06 20:59:05.098 19712 19712 W ResourceType: No package identifier when getting value for resource number 0x00000000
05-06 20:59:05.118  1397  2460 D RestrictionPolicy: userId: 0, isMicrophoneEnabledAsUser : true
05-06 20:59:05.098 19712 19712 W ResourceType: No package identifier when getting value for resource number 0x00000000
05-06 20:59:05.118  1397  2649 D RestrictionPolicy: userId: 0, isMicrophoneEnabledAsUser : true
05-06 20:59:05.098 19712 19712 W ResourceType: No package identifier when getting value for resource number 0x00000000
05-06 20:59:05.118  1397  2697 D RestrictionPolicy: userId: 0, isMicrophoneEnabledAsUser : true
05-06 20:59:05.098 19712 19712 W ResourceType: No package identifier when getting value for resource number 0x00000000
05-06 20:59:05.118  1397  3209 D RestrictionPolicy: userId: 0, isMicrophoneEnabledAsUser : true
05-06 20:59:05.098 19712 19712 W ResourceType: No package identifier when getting value for resource number 0x00000000
05-06 20:59:05.098 19712 19712 W ResourceType: No package identifier when getting value for resource number 0x00000000
05-06 20:59:05.098 19712 19712 W ResourceType: No package identifier when getting value for resource number 0x00000000
05-06 20:59:05.098 19712 19712 W ResourceType: No package identifier when getting value for resource number 0x00000000
05-06 20:59:05.098 19712 19712 I SA      : support phone number id : true
05-06 20:59:05.098 19712 19712 I SA      : [DM] Supports Ref Jpn : true
05-06 20:59:05.098 19712 19712 I SA      : [DM] init END
05-06 20:59:05.108 19712 19712 I SA      : [TPMU]  strSIMState 	:SIM_STATE_READY
05-06 20:59:05.108 19712 19712 I SA      : [TPMU] getMccFromUsim : 310
05-06 20:59:05.108 19712 19712 I SA      : getMccForGalaxyJpn step1 PURE MCC : 310
05-06 20:59:05.108 19712 19712 I SA      : [LBE] REF_JPN : true
05-06 20:59:05.108 19712 19712 I SA      : [RS] OnCreate Service
05-06 20:59:05.118 19712 19712 I SA      : [RS] OnBind
05-06 20:59:05.118 19712 19712 I SA      : [RS] [InAIDL] Service binded
05-06 20:59:05.128 19751 19751 D TimaKeyStoreProvider: TimaSignature is unavailable
05-06 20:59:05.128 19751 19751 D ActivityThread: Added TimaKeyStore provider
05-06 20:59:05.128 19697 19697 D SAMSUNGPAY: [SPayContentProvider] getDatabase() getting writable database..
05-06 20:59:05.138 19697 19697 I SAMSUNGPAY: [act] create cardMgr instance22504223
05-06 20:59:05.138 19697 19697 D SAMSUNGPAY: [adq] updateAllCardState : all token state retrieved :0
05-06 20:59:05.138 19697 19697 D SAMSUNGPAY: [adq] updateAllCardState :  update complete
05-06 20:59:05.138 19697 19697 I SAMSUNGPAY: [SamsungAccountManager] onServiceConnected : ComponentInfo{com.osp.app.signin/com.msc.sa.service.RequestService}
05-06 20:59:05.138  1397  2648 V BroadcastQueue: [background] Process cur broadcast BroadcastRecord{983985e u0 android.intent.action.PACKAGE_REMOVED qIdx=4}, state= (APP_RECEIVE) DELIVERED for app ProcessRecord{32c7415 19751:org.mozilla.firefox/u0a270}
05-06 20:59:05.138 19697 19697 D SAMSUNGPAY: [SamsungAccountManager] com.samsung.android.spay
05-06 20:59:05.138 19712 19723 I SA      : calling pID: 19697
05-06 20:59:05.148   998   998 D QSEECOMAPI: : Loaded image: APP id = 4207
05-06 20:59:05.148   998   998 D bauth_TLC_Communicator: FUNC ID 0x10 is completed
05-06 20:59:05.148 19751 19751 W ResourcesManager: getTopLevelResources: /data/app/org.mozilla.firefox-2/base.apk / 1.0 running in org.mozilla.firefox rsrc of package org.mozilla.firefox
05-06 20:59:05.148   998   998 D bauth_TLC_Communicator: FUNC ID 0x3 is completed
05-06 20:59:05.148  1397  3355 I InjectionManagerService -AppFeature: getCoreFeaturePkgList :[]
05-06 20:59:05.148   998   998 D bauth_FPBAuthSensorControl: FPBAuthSensorControl, 333
05-06 20:59:05.148 19712 19723 I SA      : [AIB] REG_CALLING_PACKAGE : android.spay.
05-06 20:59:05.148 19712 19723 I SA      : [AIB] [InAIDL]registerCallback start. Package = android.spay.
05-06 20:59:05.148 19712 19723 I SA      : [CBM] CallbackManager
05-06 20:59:05.148 19712 19723 I SA      : [CBM] [InAIDL-CallbackManager] registerCallback
05-06 20:59:05.148 19712 19723 I SA      : [CBM] [InAIDL-CallbackManager] checkRegisterCallbackCondition
05-06 20:59:05.148   998   998 D bauth_FPBAuthSensorControl: FPBAuthSensorControl, 333
05-06 20:59:05.148   998   998 D bauth_TLC_Communicator: Call FP cmd 0x1
05-06 20:59:05.148   998   998 I bauth_TLC_Communicator: change qseecom bandwidth to high
05-06 20:59:05.148 19712 19723 I SA      : [CBM] [InAIDL-CallbackManager]getRegisterationCodeIfAlreadyRegisterd
05-06 20:59:05.148 19712 19723 I SA      : [CBM] [InAIDL-CallbackManager]Success registerCallback
05-06 20:59:05.148 19712 19723 I SA      : [AIB] [InAIDL]registerCallback end. registrationCode :Y29tLnNhbXN1bmcuYW5kcm9pZC5zcGF5MQ== Package = android.spay.
05-06 20:59:05.148 19751 19751 I InjectionManager: Inside getClassLibPath + mLibMap{0=, 1=}
05-06 20:59:05.158 19712 19722 I SA      : [AIB] [InAIDL]requestAccesstoken
05-06 20:59:05.158 19712 19722 I SA      : [AIB] [InAIDL] BundleInfo = [ additional:login_id,user_id,api_server_url,auth_server_url,mcc,birthday,device_physical_address_text, ch_na_:true]
05-06 20:59:05.158 19712 19722 I SA      : [AIB] [InAIDL]checkRequestCondition 
05-06 20:59:05.158 19712 19722 I SA      : [CBM] [InAIDL-CallbackManager]getCallbackInfo
05-06 20:59:05.158 19712 19722 I SA      : [CBM] [InAIDL-CallbackManager]getCallbackInfo
05-06 20:59:05.158 19712 19722 I SA      : [AIB] [InAIDL]Start AccessTokenRunnable Thread. package = android.spay.
05-06 20:59:05.158 19712 19722 I SA      : [CBM] [InAIDL-CallbackManager]getCallbackInfo
05-06 20:59:05.158 19712 19722 I SA      : [CBM] setCurrentRequestType :1
05-06 20:59:05.158 19712 19765 I SA      : [APR] [InAIDL-AbstractProcessRunnable]isAvailableRunningProcess start Package = android.spay.
05-06 20:59:05.158 19712 19765 I SA      : [SCU] == networkStateCheck == true
05-06 20:59:05.158 19712 19765 I SA      : [SCU] isHaveSA() - true
05-06 20:59:05.158 19712 19765 I SA      : [LBE] ====== SUPPORT ONLY OSP 2.0 API ======
05-06 20:59:05.158 19712 19765 I SA      : [DBM] Is Checking both Data V01 and V02 : false
05-06 20:59:05.158 19712 19765 I SA      : [DBMV2] getUserAuthToken
05-06 20:59:05.158 19712 19765 I SA      : [DBMV2] getDataV02ForItems
05-06 20:59:05.168 19712 19765 I SA      : [SSP] query invoked
05-06 20:59:05.168  1397  2697 D ActivityManager: isAutoRunBlockedApp:: com.samsung.svoice.sync, Auto Run ON
05-06 20:59:05.168 19712 19765 I SA      : [AESC] decrypt START
05-06 20:59:05.168 19712 19765 I SA      : [AESC] decrypt END
05-06 20:59:05.178 19712 19765 I SA      : [DBM] V02 Data valid : true
05-06 20:59:05.178 19712 19765 I SA      : [SCHU] runCheckSignature : 23
05-06 20:59:05.178 19712 19765 I SA      : [SCHU] getSignatureCache
05-06 20:59:05.178   998   998 D bauth_TLC_Communicator: Check the Trustlet return code is completed
05-06 20:59:05.178   998   998 D bauth_FPBAuthService: check_opcode status = 0, opcode = 7, func_ret_val = 0, function_status = 0, timeout = 0
05-06 20:59:05.178   998   998 D bauth_TLC_Communicator: Call FP cmd 0x1
05-06 20:59:05.188 19712 19765 I SA      : [SCHU] Use cached signature
05-06 20:59:05.188 19712 19765 I SA      : [SCHU] checkCacheSignatureValidation
05-06 20:59:05.198   998   998 D bauth_TLC_Communicator: Check the Trustlet return code is completed
05-06 20:59:05.198   998   998 D bauth_FPBAuthService: check_opcode status = 0, opcode = 0, func_ret_val = 0, function_status = 0, timeout = 0
05-06 20:59:05.198   998   998 D bauth_FPBAuthSensorControl: FPBAuthSensorControl, 333
05-06 20:59:05.198   998   998 D bauth_FPBAuthService: cOp : 16
05-06 20:59:05.198   998   998 D bauth_TLC_Communicator: Call FP cmd 0xc (16)
05-06 20:59:05.198   998   998 D bauth_TLC_Communicator: Check Input Data Param buf addr =      0x0 , length = 0
05-06 20:59:05.198 19712 19765 I SA      : ================ checkSignatureValidation ================================================
05-06 20:59:05.208 19712 19765 I SA      : [SRH] sha2 is matched
05-06 20:59:05.208 19712 19765 I SA      : [SRH] checkSignatureValidation - true, android.spay.
05-06 20:59:05.208 19712 19765 I SA      : [SCHU] success to check signature with cache data 
05-06 20:59:05.208 19712 19765 I SA      : [APR] [InAIDL-AbstractProcessRunnable]isAvailableRunningProcess end. Package = android.spay.
05-06 20:59:05.208 19712 19765 I SA      : [ATR] [InAIDL-AccessTokenRunnable]runProcess start. Package = android.spay.
05-06 20:59:05.208 19712 19765 I SA      : [DBMV2] getMccFromDB
05-06 20:59:05.208 19712 19765 I SA      : [DBMV2] getDataV02ForItems
05-06 20:59:05.208 19712 19765 I SA      : [SSP] query invoked
05-06 20:59:05.208   998   998 D bauth_TLC_Communicator: Check the Trustlet return code is completed
05-06 20:59:05.208   998   998 D bauth_FPBAuthService: check_opcode status = 5, opcode = 0, func_ret_val = 0, function_status = 0, timeout = 0
05-06 20:59:05.208   998   998 D bauth_FPBAuthService: FPBAuthService, 5810
05-06 20:59:05.208   998   998 D bauth_FPBAuthService: FPBAuthService, 6980
05-06 20:59:05.208   998   998 D bauth_service: BAuthService, 577
05-06 20:59:05.208 19712 19765 I SA      : [AESC] decrypt START
05-06 20:59:05.208 19712 19765 I SA      : [AESC] decrypt END
05-06 20:59:05.208  1397  2531 I FingerprintService: stopPendingOperations : req status = 100040
05-06 20:59:05.208   998   998 V fingerprintd: request()
05-06 20:59:05.208   998   998 D bauth_service: BAuthService, 717
05-06 20:59:05.208   998   998 D bauth_service: BAuthService, 922
05-06 20:59:05.208   998   998 D bauth_service: BAuthService, 1345
05-06 20:59:05.208   998   998 D bauth_FPBAuthService: FPBAuthService, 5480
05-06 20:59:05.208   998   998 D bauth_FPBAuthService: FPBAuthService, 6062
05-06 20:59:05.208   998   998 D bauth_FPBAuthService: FPBAuthService, 6063
05-06 20:59:05.208   998   998 D bauth_FPBAuthService: BAuthSessionOpen Skip
05-06 20:59:05.208   998   998 D bauth_FPBAuthService: cOp : 48
05-06 20:59:05.208   998   998 D bauth_TLC_Communicator: Call FP cmd 0xc (48)
05-06 20:59:05.208 19751 19751 D ResourcesManager: For user 0 new overlays fetched Null
05-06 20:59:05.218 19751 19751 I InjectionManager: Inside getClassLibPath caller 
05-06 20:59:05.218   998   998 D bauth_TLC_Communicator: Check the Trustlet return code is completed
05-06 20:59:05.218   998   998 D bauth_FPBAuthService: check_opcode status = 5, opcode = 0, func_ret_val = 0, function_status = 0, timeout = 0
05-06 20:59:05.218   998   998 D bauth_FPBAuthService: FPBAuthService, 6062
05-06 20:59:05.218   998   998 D bauth_FPBAuthService: FPBAuthService, 6063
05-06 20:59:05.218   998   998 D bauth_FPBAuthService: BAuthSessionOpen Skip
05-06 20:59:05.218   998   998 D bauth_FPBAuthService: cOp : 11
05-06 20:59:05.218   998   998 D bauth_TLC_Communicator: Call FP cmd 0xc (11)
05-06 20:59:05.218   998   998 D bauth_TLC_Communicator: reqUserID = User_0 | User_0
05-06 20:59:05.228  1397  3209 D RestrictionPolicy: userId: 0, isMicrophoneEnabledAsUser : true
05-06 20:59:05.228  1397  3321 D RestrictionPolicy: userId: 0, isMicrophoneEnabledAsUser : true
05-06 20:59:05.228  1397  2697 D RestrictionPolicy: userId: 0, isMicrophoneEnabledAsUser : true
05-06 20:59:05.228  1397  2632 D RestrictionPolicy: userId: 0, isMicrophoneEnabledAsUser : true
05-06 20:59:05.228  1397  2648 D RestrictionPolicy: userId: 0, isMicrophoneEnabledAsUser : true
05-06 20:59:05.228  1397  1415 D RestrictionPolicy: userId: 0, isMicrophoneEnabledAsUser : true
05-06 20:59:05.228  1397  2764 D RestrictionPolicy: userId: 0, isMicrophoneEnabledAsUser : true
05-06 20:59:05.248 19751 19751 I GeckoApplication: zerdatime 201907301 - Fennec application start
05-06 20:59:05.248   998   998 D bauth_TLC_Communicator: Check the Trustlet return code is completed
05-06 20:59:05.248   998   998 D bauth_FPBAuthService: check_opcode status = 5, opcode = 0, func_ret_val = 0, function_status = 0, timeout = 0
05-06 20:59:05.248   998   998 D bauth_FPBAuthService: FPBAuthService, 5540
05-06 20:59:05.248   998   998 D bauth_FPBAuthService: FPBAuthService, 6980
05-06 20:59:05.248   998   998 D bauth_service: BAuthService, 1364
05-06 20:59:05.248  1397  2531 W FingerprintService: startRequest[7] FP_FINISH (42ms) RESULT: 32
05-06 20:59:05.248 19712 19765 I SA      : Not Skip Name Validation by accountMCC
05-06 20:59:05.248 19712 19765 I SA      : [ATR] [InAIDL-AccessTokenRunnable]isAccessTokenReusable. Package = android.spay.
05-06 20:59:05.248 19712 19765 I SA      : [SCU] isOverIntervalTime, renewTimeStamp = false
05-06 20:59:05.248 19712 19765 I SA      : [SCU] AuthWithTncMandatory defineInterval Time86400000
05-06 20:59:05.248 19712 19765 I SA      : [SCU] isOverIntervalTime[AUTH_WITH_TNCMANDATORY] [now = 1462589945263, last_recorded_time = 1462588109524]
05-06 20:59:05.248 19712 19765 I SA      : [SCU] isOverIntervalTime[AUTH_WITH_TNCMANDATORY] false
05-06 20:59:05.248 19712 19765 I SA      : [ATR] [InAIDL-AccessTokenRunnable]checkAndSetAccessToken. Package = android.spay.
05-06 20:59:05.248 19712 19765 I SA      : [SCU] getAccessTokenInfo
05-06 20:59:05.258 19712 19765 I SA      : [RBIVO] getStringFormAdditionalBundleKey : expired_access_token
05-06 20:59:05.258 19712 19765 I SA      : [ATR] expiredAccessToken is Empty. Check Token issuedTime. TimeGap = 1836
05-06 20:59:05.258 19712 19765 I SA      : [DBMV2] getMccFromDB
05-06 20:59:05.258 19712 19765 I SA      : [DBMV2] getDataV02ForItems
05-06 20:59:05.258 19712 19765 I SA      : [SSP] query invoked
05-06 20:59:05.258 19751 19751 D InjectionManager: InjectionManager
05-06 20:59:05.258 19751 19751 D InjectionManager: fillFeatureStoreMap org.mozilla.firefox
05-06 20:59:05.258 19712 19765 I SA      : [AESC] decrypt START
05-06 20:59:05.258 19712 19765 I SA      : [AESC] decrypt END
05-06 20:59:05.268  1397  2632 I PersonaManagerService: getParentId() for 0
05-06 20:59:05.268  1397  2764 V FingerprintService: request(7) called from pid=22604
05-06 20:59:05.268 19712 19765 I SA      : Not Skip Name Validation by accountMCC
05-06 20:59:05.268 19712 19765 I SA      : Skip Name Validation (samsung pay application)
05-06 20:59:05.268   998   998 V fingerprintd: request()
05-06 20:59:05.268   998   998 D bauth_service: BAuthService, 717
05-06 20:59:05.268   998   998 D bauth_service: BAuthService, 526
05-06 20:59:05.268   998   998 D bauth_FPBAuthService: FPBAuthService, 6062
05-06 20:59:05.268   998   998 D bauth_FPBAuthService: FPBAuthService, 6063
05-06 20:59:05.268   998   998 D bauth_FPBAuthService: BAuthSessionOpen Skip
05-06 20:59:05.268   998   998 D bauth_FPBAuthService: cOp : 16
05-06 20:59:05.268   998   998 D bauth_TLC_Communicator: Call FP cmd 0xc (16)
05-06 20:59:05.268   998   998 D bauth_TLC_Communicator: Check Input Data Param buf addr =      0x0 , length = 0
05-06 20:59:05.278 19712 19765 I SA      : [ODM] getCheckListFromOpenDB
05-06 20:59:05.278 19712 19765 I SA      : [ODM] getTncResult
05-06 20:59:05.278 19712 19765 I SA      : [ODM] getTncCursor
05-06 20:59:05.278 19712 19765 I SA      : [SCU] isHaveSA() - true
05-06 20:59:05.278 19712 19765 I SA      : [DBMV2] getMccFromDB
05-06 20:59:05.278 19712 19765 I SA      : [DBMV2] getDataV02ForItems
05-06 20:59:05.278 19712 19765 I SA      : [SSP] query invoked
05-06 20:59:05.288 19712 19765 I SA      : [AESC] decrypt START
05-06 20:59:05.288 19712 19765 I SA      : [AESC] decrypt END
05-06 20:59:05.288 19712 19765 I SA      : Not Skip Name Validation by accountMCC
05-06 20:59:05.288 19712 19765 I SA      : [ODM] isRequireField
05-06 20:59:05.288 19712 19765 I SA      : [ODM] getFieldCursor
05-06 20:59:05.288   998   998 D bauth_TLC_Communicator: Check the Trustlet return code is completed
05-06 20:59:05.288   998   998 D bauth_FPBAuthService: check_opcode status = 5, opcode = 0, func_ret_val = 0, function_status = 0, timeout = 0
05-06 20:59:05.288   998   998 D bauth_FPBAuthService: FPBAuthService, 5810
05-06 20:59:05.288   998   998 D bauth_FPBAuthService: FPBAuthService, 6980
05-06 20:59:05.288   998   998 D bauth_service: BAuthService, 577
05-06 20:59:05.298 19712 19765 I SA      : [SCU] isHaveSA() - true
05-06 20:59:05.298  1397  2764 I FingerprintService: stopPendingOperations : req status = 100040
05-06 20:59:05.298 19712 19765 I SA      : [AESC] encrypt START
05-06 20:59:05.298 19712 19765 I SA      : [AESC] encrypt END
05-06 20:59:05.298   998   998 V fingerprintd: request()
05-06 20:59:05.298   998   998 D bauth_service: BAuthService, 717
05-06 20:59:05.308  1397  2531 D ActivityManager: isAutoRunBlockedApp:: com.samsung.voiceserviceplatform, Auto Run ON
05-06 20:59:05.298   998   998 D bauth_service: BAuthService, 922
05-06 20:59:05.298   998   998 D bauth_service: BAuthService, 1345
05-06 20:59:05.298   998   998 D bauth_FPBAuthService: FPBAuthService, 5480
05-06 20:59:05.298   998   998 D bauth_FPBAuthService: FPBAuthService, 6062
05-06 20:59:05.298   998   998 D bauth_FPBAuthService: FPBAuthService, 6063
05-06 20:59:05.298   998   998 D bauth_FPBAuthService: BAuthSessionOpen Skip
05-06 20:59:05.298   998   998 D bauth_FPBAuthService: cOp : 48
05-06 20:59:05.298   998   998 D bauth_TLC_Communicator: Call FP cmd 0xc (48)
05-06 20:59:05.308 19712 19765 I SA      : [SCU] Validation Process is completed
05-06 20:59:05.308 19712 19765 I SA      : [ATR] [InAIDL-AccessTokenRunnable]AccessToken reuse. Package = android.spay.
05-06 20:59:05.308 19712 19765 I SA      : [ATR] [InAIDL-AccessTokenRunnable]runProcess end. Package = android.spay.
05-06 20:59:05.308 19712 19765 I SA      : [CBM] [InAIDL-CallbackManager]getCallbackInfo
05-06 20:59:05.308 19712 19765 I SA      : [CBM] setCurrentRequestType :0
05-06 20:59:05.308 19712 19765 I SA      : [APR] [InAIDL-AbstractProcessRunnable]isSamsungAccountSingnedin Package = android.spay.
05-06 20:59:05.308 19712 19765 I SA      : [SCU] isHaveSA() - true
05-06 20:59:05.308 19712 19765 I SA      : [ATR] [InAIDL-AccessTokenRunnable]onProcessFinished. Package = android.spay.
05-06 20:59:05.308 19712 19765 I SA      : [ATR] [InAIDL-AccessTokenRunnable]checkAccessTokenAndRefreshToken. Package = android.spay.
05-06 20:59:05.308 19712 19765 I SA      : [ATR] [InAIDL-AccessTokenRunnable]handleProcessSuccessResult start. Package = android.spay.
05-06 20:59:05.308 19712 19765 I SA      : [RBIVO] getStringArrFromAdditionalBundleKey : additional
05-06 20:59:05.308 19712 19765 I SA      : [ATR] [InAIDL-AccessTokenRunnable]setAdditionalInfo start. Package = android.spay.
05-06 20:59:05.308 19712 19765 I SA      : [ATR] [InAIDL-AccessTokenRunnable]set login_id
05-06 20:59:05.308 19712 19765 I SA      : [SCU] get signed id from account manager.
05-06 20:59:05.308 19712 19765 I SA      : [ATR] [InAIDL-AccessTokenRunnable]set user_id
05-06 20:59:05.308 19712 19765 I SA      : [DBMV2] getUserID
05-06 20:59:05.308 19712 19765 I SA      : [DBMV2] getDataV02ForItems
05-06 20:59:05.308 19712 19765 I SA      : [SSP] query invoked
05-06 20:59:05.308 18925 18925 D SamsungTTS: onDestroy()
05-06 20:59:05.308 19712 19765 I SA      : [AESC] decrypt START
05-06 20:59:05.308 19712 19765 I SA      : [AESC] decrypt END
05-06 20:59:05.318 19712 19765 I SA      : [ATR] [InAIDL-AccessTokenRunnable]set api_server_url
05-06 20:59:05.318 19712 19765 I SA      : [LBE] isSupportCheckDomainRegion : true
05-06 20:59:05.318 19751 19751 I InjectionManager: Constructor org.mozilla.firefox, Feature store :{}
05-06 20:59:05.318   998   998 D bauth_TLC_Communicator: Check the Trustlet return code is completed
05-06 20:59:05.318   998   998 D bauth_FPBAuthService: check_opcode status = 5, opcode = 0, func_ret_val = 0, function_status = 0, timeout = 0
05-06 20:59:05.318   998   998 D bauth_FPBAuthService: FPBAuthService, 6062
05-06 20:59:05.318   998   998 D bauth_FPBAuthService: FPBAuthService, 6063
05-06 20:59:05.318   998   998 D bauth_FPBAuthService: BAuthSessionOpen Skip
05-06 20:59:05.318   998   998 D bauth_FPBAuthService: cOp : 11
05-06 20:59:05.318   998   998 D bauth_TLC_Communicator: Call FP cmd 0xc (11)
05-06 20:59:05.318   998   998 D bauth_TLC_Communicator: reqUserID = User_0 | User_0
05-06 20:59:05.318 19712 19765 I SA      : [SCU] api_server_url for region
05-06 20:59:05.318 19712 19765 I SA      : [SCU] return region server url
05-06 20:59:05.318 19712 19765 I SA      : [ATR] [InAIDL-AccessTokenRunnable]set auth_server_url
05-06 20:59:05.318 19712 19765 I SA      : [LBE] isSupportCheckDomainRegion : true
05-06 20:59:05.318 19712 19765 I SA      : [SCU] auth_server_url for region
05-06 20:59:05.318 19712 19765 I SA      : [SCU] return region server url
05-06 20:59:05.318 19712 19765 I SA      : [ATR] [InAIDL-AccessTokenRunnable]set mcc
05-06 20:59:05.318 19712 19765 I SA      : [DBMV2] getMccFromDB
05-06 20:59:05.318 19712 19765 I SA      : [DBMV2] getDataV02ForItems
05-06 20:59:05.318 19712 19765 I SA      : [SSP] query invoked
05-06 20:59:05.318 19712 19765 I SA      : [AESC] decrypt START
05-06 20:59:05.318 19712 19765 I SA      : [AESC] decrypt END
05-06 20:59:05.318 19712 19765 I SA      : [ATR] [InAIDL-AccessTokenRunnable]set birthday
05-06 20:59:05.318 19712 19765 I SA      : [DBMV2] getBirthDate
05-06 20:59:05.318 19712 19765 I SA      : [DBMV2] getDataV02ForItems
05-06 20:59:05.318 19712 19765 I SA      : [SSP] query invoked
05-06 20:59:05.318 19712 19765 I SA      : [AESC] decrypt START
05-06 20:59:05.318 19712 19765 I SA      : [AESC] decrypt END
05-06 20:59:05.328 19712 19765 I SA      : [ATR] [InAIDL-AccessTokenRunnable]set device_physical_address_text
05-06 20:59:05.328 19712 19765 I SA      : [DRM] PhoneType : 1
05-06 20:59:05.328 18925 18925 I art     : System.exit called, status: 0
05-06 20:59:05.328 18925 18925 I AndroidRuntime: VM exiting with result code 0, cleanup skipped.
05-06 20:59:05.338 19751 19751 I InjectionManager: featureStore :{}
05-06 20:59:05.338 19712 19765 I SA      : [TPMU] getNetworkMcc : 310
05-06 20:59:05.338 19712 19765 I SA      : [SSP] query invoked
05-06 20:59:05.338 19712 19765 I SA      : [AESC] decrypt START
05-06 20:59:05.338 19712 19765 I SA      : [AESC] decrypt END
05-06 20:59:05.338 19712 19765 I SA      : [TPMU] mcc decrypted.
05-06 20:59:05.338 19712 19765 I SA      : [TPMU] GetMccFromDB : 310
05-06 20:59:05.338 19712 19765 I SA      : [ATR] [InAIDL-AccessTokenRunnable]setAdditionalInfo finish. Package = android.spay.
05-06 20:59:05.348 19697 19748 D SAMSUNGPAY: [SamsungAccountManager] unbind : 
05-06 20:59:05.348 19712 19765 I SA      : [AIB] [InAIDL]unregistCallback start 
05-06 20:59:05.348 19712 19765 I SA      : calling pID: 19697
05-06 20:59:05.348 19712 19765 I SA      : [AIB] UNREG_CALLING_PACKAGE : android.spay.
05-06 20:59:05.348 19712 19765 I SA      : [CBM] [InAIDL-CallbackManager]getCallbackInfo
05-06 20:59:05.348 19712 19765 I SA      : [RCM] ==AIDL ACCTOKEN HISTORY== android.spay. => 05/06-20:59:05
05-06 20:59:05.348 19712 19765 I SA      : [CBM] [InAIDL-CallbackManager]unRegisterCallback
05-06 20:59:05.348 19712 19765 I SA      : [CBM] [InAIDL-CallbackManager]checkUnregisterCallbackCondition
05-06 20:59:05.348 19712 19765 I SA      : [CBM] [InAIDL-CallbackManager]getCallbackInfo
05-06 20:59:05.348 19712 19765 I SA      : [CBM] [InAIDL-CallbackManager] Unregister SuccessPackage = android.spay.
05-06 20:59:05.348 19712 19765 I SA      : [AIB] [InAIDL]unregistCallback end 
05-06 20:59:05.348 19697 19748 I SAMSUNGPAY: [SamsungAccountManager] onReceiveAccessToken : true
05-06 20:59:05.348 19697 19748 I SAMSUNGPAY: [SamsungAccountManager] AIDL getAccstoken success
05-06 20:59:05.348 19697 19748 I SAMSUNGPAY: [SamsungAccountManager] getSAInformation : 
05-06 20:59:05.348 19697 19748 I SAMSUNGPAY: [SamsungAccountManager] sendResult :  requestID : 18 resultCode : -1
05-06 20:59:05.348 19697 19748 I SAMSUNGPAY: [SamsungAccountHelper] SamsungAccountManager.OnResultListener onResult : -1
05-06 20:59:05.348 19712 19765 I SA      : [ATR] [InAIDL-AccessTokenRunnable]handleProcessSuccessResult finish. Package = android.spay.
05-06 20:59:05.348 19712 19712 I SA      : [RS] OnDestroy Service
05-06 20:59:05.358 19697 19697 I SAMSUNGPAY: [SamsungAccountHelper] setAccessToken()
05-06 20:59:05.358  1397  3107 D RestrictionPolicy: userId: 0, isMicrophoneEnabledAsUser : true
05-06 20:59:05.358   998   998 D bauth_TLC_Communicator: Check the Trustlet return code is completed
05-06 20:59:05.358  1397  3209 D RestrictionPolicy: userId: 0, isMicrophoneEnabledAsUser : true
05-06 20:59:05.358   998   998 D bauth_FPBAuthService: check_opcode status = 5, opcode = 0, func_ret_val = 0, function_status = 0, timeout = 0
05-06 20:59:05.358  1397  3317 D RestrictionPolicy: userId: 0, isMicrophoneEnabledAsUser : true
05-06 20:59:05.358   998   998 D bauth_FPBAuthService: FPBAuthService, 5540
05-06 20:59:05.358  1397  2460 I ActivityManager: Process com.samsung.SMT (pid 18925)(adj 0) has died(91,1234)
05-06 20:59:05.358   998   998 D bauth_FPBAuthService: FPBAuthService, 6980
05-06 20:59:05.358   998   998 D bauth_service: BAuthService, 1364
05-06 20:59:05.358  1397  2764 W FingerprintService: startRequest[7] FP_FINISH (64ms) RESULT: 32
05-06 20:59:05.358  1397  2460 D ActivityManager: isAutoRunBlockedApp:: com.samsung.SMT, Auto Run ON
05-06 20:59:05.358  1397  3355 D RestrictionPolicy: userId: 0, isMicrophoneEnabledAsUser : true
05-06 20:59:05.358  1397  3321 D RestrictionPolicy: userId: 0, isMicrophoneEnabledAsUser : true
05-06 20:59:05.358  1397  2697 D RestrictionPolicy: userId: 0, isMicrophoneEnabledAsUser : true
05-06 20:59:05.368  1397  2632 V BroadcastQueue: [background] Process cur broadcast BroadcastRecord{983985e u0 android.intent.action.PACKAGE_REMOVED qIdx=4}, state= (APP_RECEIVE) DELIVERED for app ProcessRecord{5a07193 18651:com.google.android.apps.plus/u0a218}
05-06 20:59:05.368  1397  3107 I PersonaManagerService: getParentId() for 0
05-06 20:59:05.378  1397  3343 V FingerprintService: request(7) called from pid=22604
05-06 20:59:05.378   998   998 V fingerprintd: request()
05-06 20:59:05.378   998   998 D bauth_service: BAuthService, 717
05-06 20:59:05.378   998   998 D bauth_service: BAuthService, 526
05-06 20:59:05.378   998   998 D bauth_FPBAuthService: FPBAuthService, 6062
05-06 20:59:05.378   998   998 D bauth_FPBAuthService: FPBAuthService, 6063
05-06 20:59:05.378   998   998 D bauth_FPBAuthService: BAuthSessionOpen Skip
05-06 20:59:05.378   998   998 D bauth_FPBAuthService: cOp : 16
05-06 20:59:05.378   998   998 D bauth_TLC_Communicator: Call FP cmd 0xc (16)
05-06 20:59:05.378   998   998 D bauth_TLC_Communicator: Check Input Data Param buf addr =      0x0 , length = 0
05-06 20:59:05.388   998   998 D bauth_TLC_Communicator: Check the Trustlet return code is completed
05-06 20:59:05.388   998   998 D bauth_FPBAuthService: check_opcode status = 5, opcode = 0, func_ret_val = 0, function_status = 0, timeout = 0
05-06 20:59:05.388   998   998 D bauth_FPBAuthService: FPBAuthService, 5810
05-06 20:59:05.388   998   998 D bauth_FPBAuthService: FPBAuthService, 6980
05-06 20:59:05.388   998   998 D bauth_service: BAuthService, 577
05-06 20:59:05.388  1397  3343 I FingerprintService: stopPendingOperations : req status = 100040
05-06 20:59:05.388   998   998 V fingerprintd: request()
05-06 20:59:05.388   998   998 D bauth_service: BAuthService, 717
05-06 20:59:05.388   998   998 D bauth_service: BAuthService, 922
05-06 20:59:05.388   998   998 D bauth_service: BAuthService, 1345
05-06 20:59:05.388   998   998 D bauth_FPBAuthService: FPBAuthService, 5480
05-06 20:59:05.388   998   998 D bauth_FPBAuthService: FPBAuthService, 6062
05-06 20:59:05.388   998   998 D bauth_FPBAuthService: FPBAuthService, 6063
05-06 20:59:05.388   998   998 D bauth_FPBAuthService: BAuthSessionOpen Skip
05-06 20:59:05.388   998   998 D bauth_FPBAuthService: cOp : 48
05-06 20:59:05.388   998   998 D bauth_TLC_Communicator: Call FP cmd 0xc (48)
05-06 20:59:05.398   998   998 D bauth_TLC_Communicator: Check the Trustlet return code is completed
05-06 20:59:05.398   998   998 D bauth_FPBAuthService: check_opcode status = 5, opcode = 0, func_ret_val = 0, function_status = 0, timeout = 0
05-06 20:59:05.398   998   998 D bauth_FPBAuthService: FPBAuthService, 6062
05-06 20:59:05.398   998   998 D bauth_FPBAuthService: FPBAuthService, 6063
05-06 20:59:05.398   998   998 D bauth_FPBAuthService: BAuthSessionOpen Skip
05-06 20:59:05.398   998   998 D bauth_FPBAuthService: cOp : 11
05-06 20:59:05.398   998   998 D bauth_TLC_Communicator: Call FP cmd 0xc (11)
05-06 20:59:05.398   998   998 D bauth_TLC_Communicator: reqUserID = User_0 | User_0
05-06 20:59:05.408 19697 19697 I SAMSUNGPAY: [SamsungPayCommonApplication] response SA access token Completed
05-06 20:59:05.418  1397  3317 I art     : Starting a blocking GC Explicit
05-06 20:59:05.418  1397  3317 I PackageManager: Finish package remove notify
05-06 20:59:05.428   998   998 D bauth_TLC_Communicator: Check the Trustlet return code is completed
05-06 20:59:05.428   998   998 D bauth_FPBAuthService: check_opcode status = 5, opcode = 0, func_ret_val = 0, function_status = 0, timeout = 0
05-06 20:59:05.428   998   998 D bauth_FPBAuthService: FPBAuthService, 5540
05-06 20:59:05.428   998   998 D bauth_FPBAuthService: FPBAuthService, 6980
05-06 20:59:05.428   998   998 D bauth_service: BAuthService, 1364
05-06 20:59:05.438  1397  3343 W FingerprintService: startRequest[7] FP_FINISH (48ms) RESULT: 32
05-06 20:59:05.438 19697 19724 I SAMSUNGPAY: [yx] updateHasFingerPrint(), 3 runningTime=522
05-06 20:59:05.448  1397  2649 D PackageManager: setEnabledSetting : userId = 0 packageName = com.google.android.apps.plus cmp = com.google.android.apps.photos.phone.GetContentActivityAlias newState = 2 callingPackage = 10218
05-06 20:59:05.458  1397  3107 D PackageManager: setEnabledSetting : userId = 0 packageName = com.google.android.apps.plus cmp = com.google.android.apps.photos.phone.SendContentActivityAlias newState = 2 callingPackage = 10218
05-06 20:59:05.458  1397  1415 D PackageManager: setEnabledSetting : userId = 0 packageName = com.google.android.apps.plus cmp = com.google.android.apps.photos.phone.SetWallpaperActivityAlias newState = 2 callingPackage = 10218
05-06 20:59:05.458  1397  1416 D PackageManager: setEnabledSetting : userId = 0 packageName = com.google.android.apps.plus cmp = com.google.android.apps.plus.phone.VideoViewActivityAlias newState = 2 callingPackage = 10218
05-06 20:59:05.468  1397  2531 D PackageManager: setEnabledSetting : userId = 0 packageName = com.google.android.apps.plus cmp = com.google.android.apps.plus.phone.HostPhotoViewIntentActivityAlias newState = 2 callingPackage = 10218
05-06 20:59:05.478  1397  3322 D PackageManager: setEnabledSetting : userId = 0 packageName = com.google.android.apps.plus cmp = com.google.android.libraries.social.ingest.IngestActivity newState = 2 callingPackage = 10218
05-06 20:59:05.478  1397  3209 D PackageManager: setEnabledSetting : userId = 0 packageName = com.google.android.apps.plus cmp = com.google.android.libraries.social.ingest.IngestService newState = 2 callingPackage = 10218
05-06 20:59:05.478  1397  3355 D PackageManager: setEnabledSetting : userId = 0 packageName = com.google.android.apps.plus cmp = com.google.android.apps.photos.service.GooglePhotoDownsyncService newState = 2 callingPackage = 10218
05-06 20:59:05.488  1397  2648 D RestrictionPolicy: userId: 0, isMicrophoneEnabledAsUser : true
05-06 20:59:05.488  1397  2460 D RestrictionPolicy: userId: 0, isMicrophoneEnabledAsUser : true
05-06 20:59:05.488  1397  2632 D RestrictionPolicy: userId: 0, isMicrophoneEnabledAsUser : true
05-06 20:59:05.488  1397  2649 D RestrictionPolicy: userId: 0, isMicrophoneEnabledAsUser : true
05-06 20:59:05.488  1397  3107 D RestrictionPolicy: userId: 0, isMicrophoneEnabledAsUser : true
05-06 20:59:05.488  1397  1415 D RestrictionPolicy: userId: 0, isMicrophoneEnabledAsUser : true
05-06 20:59:05.488  1397  1416 D RestrictionPolicy: userId: 0, isMicrophoneEnabledAsUser : true
05-06 20:59:05.508 11169 11186 I Icing   : Indexing BF4BB629879229CF6F7BA3441DD898DF27EC586E from com.google.android.gms
05-06 20:59:05.618  1397  3209 D RestrictionPolicy: userId: 0, isMicrophoneEnabledAsUser : true
05-06 20:59:05.618  1397  2764 D RestrictionPolicy: userId: 0, isMicrophoneEnabledAsUser : true
05-06 20:59:05.618  1397  3343 D RestrictionPolicy: userId: 0, isMicrophoneEnabledAsUser : true
05-06 20:59:05.618  1397  3355 D RestrictionPolicy: userId: 0, isMicrophoneEnabledAsUser : true
05-06 20:59:05.618  1397  3321 D RestrictionPolicy: userId: 0, isMicrophoneEnabledAsUser : true
05-06 20:59:05.618  1397  2697 D RestrictionPolicy: userId: 0, isMicrophoneEnabledAsUser : true
05-06 20:59:05.638  1397  3317 I art     : Explicit concurrent mark sweep GC freed 208132(13MB) AllocSpace objects, 40(1208KB) LOS objects, 16% free, 81MB/97MB, paused 2.250ms total 217.130ms
05-06 20:59:05.748  1397  2648 D RestrictionPolicy: userId: 0, isMicrophoneEnabledAsUser : true
05-06 20:59:05.748  1397  2460 D RestrictionPolicy: userId: 0, isMicrophoneEnabledAsUser : true
05-06 20:59:05.748  1397  2632 D RestrictionPolicy: userId: 0, isMicrophoneEnabledAsUser : true
05-06 20:59:05.748  1397  2649 D RestrictionPolicy: userId: 0, isMicrophoneEnabledAsUser : true
05-06 20:59:05.748  1397  3107 D RestrictionPolicy: userId: 0, isMicrophoneEnabledAsUser : true
05-06 20:59:05.748  1397  1415 D RestrictionPolicy: userId: 0, isMicrophoneEnabledAsUser : true
05-06 20:59:05.858 19592 19592 I dex2oat : ----------------------------------------------------
05-06 20:59:05.858 19592 19592 I dex2oat : <SS>: S T A R T I N G . . .
05-06 20:59:05.858 19592 19592 D dex2oat : <SS>: apk not found at 
05-06 20:59:05.858 19592 19592 D dex2oat : <SS>: trying at /data/app/vmdl358658081.tmp/base.apk
05-06 20:59:05.858 19592 19592 I dex2oat : <SS>: going to process manifest for 64-bit...
05-06 20:59:05.858 19592 19592 I         : SS_ART_lib [I]: permission is absent: /data/app/vmdl358658081.tmp/base.apk
05-06 20:59:05.858 19592 19592 I         : SS_ART_lib [I]: access to SS denied
05-06 20:59:05.858 19592 19592 I dex2oat : Finish SS_ART_lib()
05-06 20:59:05.868 19592 19592 I dex2oat : dex2oat took 2.215s (threads: 4) arena alloc=50KB java alloc=4MB native alloc=11MB free=2MB
05-06 20:59:05.868  1397  1416 D RestrictionPolicy: userId: 0, isMicrophoneEnabledAsUser : true
05-06 20:59:05.868  1397  3209 D RestrictionPolicy: userId: 0, isMicrophoneEnabledAsUser : true
05-06 20:59:05.868  1397  2764 D RestrictionPolicy: userId: 0, isMicrophoneEnabledAsUser : true
05-06 20:59:05.868  1397  3343 D RestrictionPolicy: userId: 0, isMicrophoneEnabledAsUser : true
05-06 20:59:05.868  1397  3355 D RestrictionPolicy: userId: 0, isMicrophoneEnabledAsUser : true
05-06 20:59:05.868  1397  3321 D RestrictionPolicy: userId: 0, isMicrophoneEnabledAsUser : true
05-06 20:59:05.868  1397  2697 D RestrictionPolicy: userId: 0, isMicrophoneEnabledAsUser : true
05-06 20:59:05.878  2592  2933 D NetworkController.MobileSignalController(0/1): onSignalStrengthsChanged signalStrength=SignalStrength: 99 99 -120 -160 -120 -1 -1 18 -102 -8 132 -1 2147483647 0x4000 gsm|lte level=4
05-06 20:59:05.878  2592  2933 D NetworkController.MobileSignalController(0/1): getMobileIconGroup(): 13
05-06 20:59:05.878  2592  2933 D NetworkController.MobileSignalController(0/1): updateTMOMobileIconGroup(): 13
05-06 20:59:05.878  2984  2984 D WfcPhoneStateListener: onSignalStrengthsChanged(): signal strength did not change
05-06 20:59:05.878  1397  1571 W SELinux : SELinux: set fc_digest(/data/app/plv.colorado.edu.callinsbenchmark-1)
05-06 20:59:05.878  1397  1571 D PackageManager: installNewPackageLI: Package{8f2a6b8 plv.colorado.edu.callinsbenchmark}
05-06 20:59:05.888  1397  1571 W System.err: remove failed: ENOENT (No such file or directory) : /data/system/users/0/package-restrictions.xml.bak
05-06 20:59:05.888  1397  1571 I PackageManager: scanFileNewer : plv.colorado.edu.callinsbenchmark
05-06 20:59:05.888   941   941 W SELinux : Function: selinux_compare_spd_ram, index[1], priority [2], priority version is VE=SEPF_SECMOBILE_6.0.1_0010
05-06 20:59:05.888   941   941 W SELinux : SELinux: seapp_context_lookup: seinfo=default, level=s0:c512,c768, pkgname=plv.colorado.edu.callinsbenchmark 
05-06 20:59:05.898  1397  1571 D PackageManager: Resolved nativeLibraryRoot for plv.colorado.edu.callinsbenchmark to root=/data/app/plv.colorado.edu.callinsbenchmark-1/lib, libraryDir=/data/app/plv.colorado.edu.callinsbenchmark-1/lib/arm64, isa=true
05-06 20:59:05.898  1397  1571 D PackageManager: EAS IT Policy destCodeFile /data/app/plv.colorado.edu.callinsbenchmark-1
05-06 20:59:05.898  1397  1571 D PackageManager: New package installed
05-06 20:59:05.998  1397  2632 D RestrictionPolicy: userId: 0, isMicrophoneEnabledAsUser : true
05-06 20:59:05.998  1397  2649 D RestrictionPolicy: userId: 0, isMicrophoneEnabledAsUser : true
05-06 20:59:05.998  1397  3107 D RestrictionPolicy: userId: 0, isMicrophoneEnabledAsUser : true
05-06 20:59:06.008  1397  1415 D RestrictionPolicy: userId: 0, isMicrophoneEnabledAsUser : true
05-06 20:59:06.008  1397  1416 D RestrictionPolicy: userId: 0, isMicrophoneEnabledAsUser : true
05-06 20:59:06.008  1397  3209 D RestrictionPolicy: userId: 0, isMicrophoneEnabledAsUser : true
