--------- beginning of main
D/AndroidRuntime(30494): >>>>>> START com.android.internal.os.RuntimeInit uid 2000 <<<<<<
D/AndroidRuntime(30494): CheckJNI is OFF
D/AndroidRuntime(30494): Calling main entry com.android.commands.pm.Pm
--------- beginning of system
I/ActivityManager(  577): Force stopping plv.colorado.edu.callinsbenchmark appid=10125 user=-1: uninstall pkg
I/ActivityManager(  577): Force stopping plv.colorado.edu.callinsbenchmark appid=10125 user=0: pkg removed
I/InputReader(  577): Reconfiguring input devices.  changes=0x00000010
I/ConfigFetchService(17991): PackageReceiver: Intent { act=android.intent.action.PACKAGE_REMOVED dat=package:plv.colorado.edu.callinsbenchmark flg=0x4000010 cmp=com.google.android.gms/.config.ConfigFetchService$PackageReceiver (has extras) }
D/VoicemailCleanupService(28812): Cleaning up data for package: plv.colorado.edu.callinsbenchmark
I/art     (  710): Explicit concurrent mark sweep GC freed 23356(1031KB) AllocSpace objects, 3(1196KB) LOS objects, 40% free, 14MB/24MB, paused 1.403ms total 109.903ms
I/art     ( 1128): Explicit concurrent mark sweep GC freed 2913(187KB) AllocSpace objects, 5(91KB) LOS objects, 24% free, 10MB/14MB, paused 885us total 144.849ms
I/ConfigService(17963): onCreate
I/ConfigService(17963): onBind for Intent { act=com.google.android.gms.config.UPDATE pkg=com.google.android.gms } action com.google.android.gms.config.UPDATE
I/art     (  577): Explicit concurrent mark sweep GC freed 29490(1995KB) AllocSpace objects, 10(976KB) LOS objects, 33% free, 17MB/25MB, paused 1.495ms total 145.704ms
I/art     (  577): WaitForGcToComplete blocked for 109.079ms for cause Explicit
I/ConfigService(17963): onBind returning update interface
I/ConfigFetchService(17991): onStartCommand Intent { act=android.intent.action.PACKAGE_REMOVED dat=package:plv.colorado.edu.callinsbenchmark cmp=com.google.android.gms/.config.ConfigFetchService (has extras) }
I/LocationSettingsChecker(28839): Removing dialog suppression flag for package plv.colorado.edu.callinsbenchmark
I/ConfigService(17963): onBind for Intent { act=com.google.android.gms.config.START pkg=com.google.android.gms } action com.google.android.gms.config.START
I/ConfigService(17963): onBind returning config service
I/ConfigFetchService(17991): service connected
D/PackageBroadcastService(17991): Received broadcast action=android.intent.action.PACKAGE_REMOVED and uri=plv.colorado.edu.callinsbenchmark
D/AccountUtils(17991): Clearing selected account for plv.colorado.edu.callinsbenchmark
I/ConfigService(17963): onDestroy
I/art     (  577): Explicit concurrent mark sweep GC freed 5134(241KB) AllocSpace objects, 0(0B) LOS objects, 33% free, 17MB/25MB, paused 2.014ms total 99.435ms
I/art     (  577): WaitForGcToComplete blocked for 167.526ms for cause Explicit
I/UpdateIcingCorporaServi( 1128): Updating corpora: APPS=plv.colorado.edu.callinsbenchmark, CONTACTS=MAYBE
I/PeopleContactsSync(17991): CP2 sync disabled
I/Icing   (17991): doRemovePackageData plv.colorado.edu.callinsbenchmark
W/ContextImpl(28959): Calling a method in the system process without a qualified user: android.app.ContextImpl.startService:1692 android.content.ContextWrapper.startService:516 android.content.ContextWrapper.startService:516 com.android.keychain.KeyChainBroadcastReceiver.onReceive:12 android.app.ActivityThread.handleReceiver:2609 
D/JobSchedulerService(  577): Receieved: android.intent.action.PACKAGE_REMOVED
D/BackupManagerService(  577): Received broadcast Intent { act=android.intent.action.PACKAGE_REMOVED dat=package:plv.colorado.edu.callinsbenchmark flg=0x4000010 (has extras) }
I/LatinIME:LogUtils(  899): Dictionary info: dictionary = main:en_us ; version = 47 ; date = 1402373181
I/LatinIME:LogUtils(  899): Dictionary info: dictionary = main:en_us ; version = 47 ; date = 1402373181
D/DownloadManager(  732): [97] Starting
I/ActivityManager(  577): Start proc 30541:com.android.documentsui/u0a42 for broadcast com.android.documentsui/.PackageReceiver
W/DownloadManager(  732): [97] Stop requested with status WAITING_FOR_NETWORK: NO_CONNECTION
D/DownloadManager(  732): [97] Finished with status WAITING_FOR_NETWORK
I/art     (  577): Explicit concurrent mark sweep GC freed 5057(230KB) AllocSpace objects, 0(0B) LOS objects, 33% free, 17MB/25MB, paused 2.441ms total 168.319ms
I/ApplicationLogger( 1128): canRun() : Opted Out
I/UpdateIcingCorporaServi( 1128): UpdateCorporaTask done [took 175 ms] updated apps [took 175 ms] 
Success
I/art     (30494): System.exit called, status: 0
I/AndroidRuntime(30494): VM exiting with result code 0.
I/ActivityManager(  577): Start proc 30575:com.android.externalstorage/u0a7 for content provider com.android.externalstorage/.ExternalStorageProvider
I/art     (  208): Explicit concurrent mark sweep GC freed 706(30KB) AllocSpace objects, 0(0B) LOS objects, 40% free, 7MB/11MB, paused 396us total 26.094ms
I/art     (  208): Explicit concurrent mark sweep GC freed 5(160B) AllocSpace objects, 0(0B) LOS objects, 40% free, 7MB/11MB, paused 305us total 20.387ms
I/art     (  208): Explicit concurrent mark sweep GC freed 5(160B) AllocSpace objects, 0(0B) LOS objects, 40% free, 7MB/11MB, paused 244us total 18.739ms
D/ExternalStorage(30575): After updating volumes, found 1 active roots
W/ResourcesManager( 1011): Asset path '/system/framework/com.google.android.maps.jar' does not exist or contains no resources.
D/Documents(30541): Update found 6 roots in 204ms
D/Documents(30541): Update found 6 roots in 49ms
I/ActivityManager(  577): Killing 29092:com.google.android.partnersetup/u0a14 (adj 15): empty #17
D/AndroidRuntime(30618): >>>>>> START com.android.internal.os.RuntimeInit uid 2000 <<<<<<
D/AndroidRuntime(30618): CheckJNI is OFF
D/AndroidRuntime(30618): Calling main entry com.android.commands.pm.Pm
	pkg: /data/local/tmp/app-debug.apk
D/Finsky  (21399): [1] PackageVerificationReceiver.checkPrerequisites: Skipping verification because network inactive
D/DefContainer(28857): Copying /data/local/tmp/app-debug.apk to base.apk
D/Finsky  (21399): [1] PackageVerificationReceiver.checkPrerequisites: Skipping verification because network inactive
W/PackageManager(  577): Invalid verification token 24 received
I/Icing   (17991): Indexing 49F237D35ED71596F6BAF877928397A88F50332C from com.google.android.googlequicksearchbox
I/Icing   (17991): Indexing done 49F237D35ED71596F6BAF877928397A88F50332C
D/PackageManager(  577): Renaming /data/app/vmdl285461648.tmp to /data/app/plv.colorado.edu.callinsbenchmark-1
I/PackageManager(  577): Running dexopt on: /data/app/plv.colorado.edu.callinsbenchmark-1/base.apk pkg=plv.colorado.edu.callinsbenchmark isa=arm vmSafeMode=false
I/dex2oat (30640): /system/bin/dex2oat --zip-fd=6 --zip-location=/data/app/plv.colorado.edu.callinsbenchmark-1/base.apk --oat-fd=7 --oat-location=/data/dalvik-cache/arm/data@app@plv.colorado.edu.callinsbenchmark-1@base.apk@classes.dex --instruction-set=arm --instruction-set-features=div --runtime-arg -Xms64m --runtime-arg -Xmx512m --swap-fd=8
I/dex2oat (30640): Decided to run without swap.
W/dex2oat (30640): Before Android 4.1, method int android.support.v7.widget.ListViewCompat.lookForSelectablePosition(int, boolean) would have incorrectly overridden the package-private method in android.widget.ListView
W/dex2oat (30640): Before Android 4.1, method android.graphics.PorterDuffColorFilter android.support.graphics.drawable.VectorDrawableCompat.updateTintFilter(android.graphics.PorterDuffColorFilter, android.content.res.ColorStateList, android.graphics.PorterDuff$Mode) would have incorrectly overridden the package-private method in android.graphics.drawable.Drawable
I/dex2oat (30640): dex2oat took 2.949s (threads: 4) arena alloc=62KB java alloc=3MB native alloc=5MB free=870KB
V/BackupManagerService(  577): restoreAtInstall pkg=plv.colorado.edu.callinsbenchmark token=19 restoreSet=0
V/BackupManagerService(  577): Finishing install immediately
W/Settings(  577): Setting install_non_market_apps has moved from android.provider.Settings.Global to android.provider.Settings.Secure, returning read-only value.
I/InputReader(  577): Reconfiguring input devices.  changes=0x00000010
I/ActivityManager(  577): Start proc 30660:com.google.android.partnersetup/u0a14 for broadcast com.google.android.partnersetup/.RlzPingBroadcastReceiver
D/BackupManagerService(  577): Received broadcast Intent { act=android.intent.action.PACKAGE_ADDED dat=package:plv.colorado.edu.callinsbenchmark flg=0x4000010 (has extras) }
W/BackupManagerService(  577): Removing schedule queue dupe of plv.colorado.edu.callinsbenchmark
D/Documents(30541): Update found 6 roots in 28ms
I/ConfigFetchService(17991): PackageReceiver: Intent { act=android.intent.action.PACKAGE_ADDED dat=package:plv.colorado.edu.callinsbenchmark flg=0x4000010 cmp=com.google.android.gms/.config.ConfigFetchService$PackageReceiver (has extras) }
I/ActivityManager(  577): Killing 29561:com.google.android.apps.walletnfcrel/u0a28 (adj 15): empty #17
I/art     (  577): Explicit concurrent mark sweep GC freed 56759(2MB) AllocSpace objects, 25(744KB) LOS objects, 33% free, 17MB/25MB, paused 1.220ms total 216.358ms
I/art     (  577): WaitForGcToComplete blocked for 133.862ms for cause HeapTrim
Success
I/art     (30618): System.exit called, status: 0
I/AndroidRuntime(30618): VM exiting with result code 0.
I/ConfigService(17963): onCreate
I/ConfigService(17963): onBind for Intent { act=com.google.android.gms.config.UPDATE pkg=com.google.android.gms } action com.google.android.gms.config.UPDATE
I/ConfigFetchService(17991): onStartCommand Intent { act=android.intent.action.PACKAGE_ADDED dat=package:plv.colorado.edu.callinsbenchmark cmp=com.google.android.gms/.config.ConfigFetchService (has extras) }
I/ConfigFetchService(17991): launchTask
I/ConfigService(17963): onBind returning update interface
I/ConfigService(17963): onBind for Intent { act=com.google.android.gms.config.START pkg=com.google.android.gms } action com.google.android.gms.config.START
I/ConfigService(17963): onBind returning config service
I/ConfigFetchService(17991): service connected
I/ConfigClient(17991): service connected
D/PackageBroadcastService(17991): Received broadcast action=android.intent.action.PACKAGE_ADDED and uri=plv.colorado.edu.callinsbenchmark
I/UpdateIcingCorporaServi( 1128): Updating corpora: APPS=plv.colorado.edu.callinsbenchmark, CONTACTS=MAYBE
I/PeopleContactsSync(17991): CP2 sync disabled
I/art     (17991): Explicit concurrent mark sweep GC freed 18886(1372KB) AllocSpace objects, 20(320KB) LOS objects, 25% free, 10MB/14MB, paused 3.357ms total 59.606ms
W/SQLiteConnectionPool(17991): A SQLiteConnection object for database '/data/data/com.google.android.gms/databases/history_query.db' was leaked!  Please fix your application to end transactions in progress properly and to close the database when it is no longer needed.
W/SQLiteConnectionPool(17991): A SQLiteConnection object for database '/data/data/com.google.android.gms/databases/help_responses.db' was leaked!  Please fix your application to end transactions in progress properly and to close the database when it is no longer needed.
W/SQLiteConnectionPool(17991): A SQLiteConnection object for database '/data/data/com.google.android.gms/databases/metrics.db' was leaked!  Please fix your application to end transactions in progress properly and to close the database when it is no longer needed.
I/ApplicationLogger( 1128): canRun() : Opted Out
I/UpdateIcingCorporaServi( 1128): UpdateCorporaTask done [took 111 ms] updated apps [took 110 ms] 
D/AndroidRuntime(30693): >>>>>> START com.android.internal.os.RuntimeInit uid 2000 <<<<<<
D/AndroidRuntime(30693): CheckJNI is OFF
D/AndroidRuntime(30693): Calling main entry com.android.commands.am.Am
Starting: Intent { cmp=plv.colorado.edu.callinsbenchmark/.CallinsBenchmark }
I/ActivityManager(  577): START u0 {flg=0x10000000 cmp=plv.colorado.edu.callinsbenchmark/.CallinsBenchmark} from uid 2000 on display 0
V/WindowManager(  577): addAppToken: AppWindowToken{34ed6b15 token=Token{379c2ccc ActivityRecord{11a096ff u0 plv.colorado.edu.callinsbenchmark/.CallinsBenchmark t202}}} to stack=1 task=202 at 0
D/AndroidRuntime(30693): Shutting down VM
V/WindowManager(  577): Adding window Window{23614964 u0 Starting plv.colorado.edu.callinsbenchmark} at 3 of 8 (after Window{2e3a1a90 u0 com.android.launcher/com.android.launcher2.Launcher})
I/art     (30719): Late-enabling -Xcheck:jni
I/ActivityManager(  577): Start proc 30719:plv.colorado.edu.callinsbenchmark/u0a126 for activity plv.colorado.edu.callinsbenchmark/.CallinsBenchmark
D/OpenGLRenderer(30719): Use EGL_SWAP_BEHAVIOR_PRESERVED: true
D/Atlas   (30719): Validating map...
V/WindowManager(  577): Adding window Window{36404385 u0 plv.colorado.edu.callinsbenchmark/plv.colorado.edu.callinsbenchmark.CallinsBenchmark} at 3 of 9 (before Window{23614964 u0 Starting plv.colorado.edu.callinsbenchmark})
***Uninstalling old version***
***Install new APK***
***Run APK***
***Get PID***
['u0_a126', '', '', '30719', '208', '', '', '1494680', '37748', 'ffffffff', '00000000', 'R', 'plv.colorado.edu.callinsbenchmark\r\n']
30719
I/Adreno-EGL(30719): <qeglDrvAPI_eglInitialize:379>: QUALCOMM Build: 01/15/15, ab0075f, Id3510ff6dc
I/OpenGLRenderer(30719): Initialized EGL, version 1.4
D/OpenGLRenderer(30719): Enabling debug mode 0
I/ActivityManager(  577): Displayed plv.colorado.edu.callinsbenchmark/.CallinsBenchmark: +516ms
I/Icing   (17991): Indexing 49F237D35ED71596F6BAF877928397A88F50332C from com.google.android.googlequicksearchbox
I/Icing   (17991): Indexing done 49F237D35ED71596F6BAF877928397A88F50332C
V/ConfigFetchTask(17991): ConfigFetchTask getDeviceDataVersionInfo(): ABFEt1WW3aLMk8ZlcQohWVZTitGLEhaq-RTkVQrk5h0KeHGYXiJXflfLRf3A-EQtQDY3RZo-C5ZZXBxp81s9kxzjbz2q7LK-S-aJZWUCMkO1edmYdu56QZkXImZazcDuGVgt9jBkH5XUqpNDwXb1EaoRb6rZT6pFt6YFsLZy_3nKInPiugakbDgzjEUbJCTv5x1UmX8e68bnKOOU35V8oF9OZnhghhUwjv9SWI5byr6AB0PVdSb-j5A
I/GoogleURLConnFactory(17991): binding HttpService
I/GoogleHttpClient(17991): Falling back to old SSLCertificateSocketFactory
W/ConfigFetchTask(17991): exception on config fetch: java.net.UnknownHostException: Unable to resolve host "android.clients.google.com": No address associated with hostname
I/GoogleURLConnFactory(17991): unbinding HttpService
I/ConfigFetchService(17991): fetch service done; releasing wakelock
I/ConfigFetchService(17991): stopping self
I/ConfigService(17963): onDestroy
I/benchtime(ms): (30719): 27
D/Finsky  (21399): [1] 5.onFinished: Installation state replication succeeded.
I/benchtime(ms): (30719): 25
I/benchtime(ms): (30719): 27
I/benchtime(ms): (30719): 27
I/benchtime(ms): (30719): 27
I/benchtime(ms): (30719): 27
I/benchtime(ms): (30719): 26
I/benchtime(ms): (30719): 46
I/benchtime(ms): (30719): 22
I/benchtime(ms): (30719): 26
I/benchtime(ms): (30719): 8
I/benchtime(ms): (30719): 25
I/benchtime(ms): (30719): 25
I/benchtime(ms): (30719): 25
I/benchtime(ms): (30719): 26
I/benchtime(ms): (30719): 77
I/benchtime(ms): (30719): 54
I/benchtime(ms): (30719): 20
I/benchtime(ms): (30719): 15
I/benchtime(ms): (30719): 26
I/Process (30719): Sending signal. PID: 30719 SIG: 9
I/WindowState(  577): WIN DEATH: Window{36404385 u0 plv.colorado.edu.callinsbenchmark/plv.colorado.edu.callinsbenchmark.CallinsBenchmark}
I/ActivityManager(  577): Process plv.colorado.edu.callinsbenchmark (pid 30719) has died
W/ActivityManager(  577): Force removing ActivityRecord{11a096ff u0 plv.colorado.edu.callinsbenchmark/.CallinsBenchmark t202}: app died, no saved state
W/InputMethodManagerService(  577): Got RemoteException sending setActive(false) notification to pid 30719 uid 10126
W/OpenGLRenderer( 1011): Incorrectly called buildLayer on View: ShortcutAndWidgetContainer, destroying layer...
W/OpenGLRenderer( 1011): Incorrectly called buildLayer on View: ShortcutAndWidgetContainer, destroying layer...
