* daemon not running. starting it now on port 5037 *
* daemon started successfully *
--------- beginning of main
D/AndroidRuntime(31077): >>>>>> START com.android.internal.os.RuntimeInit uid 2000 <<<<<<
D/AndroidRuntime(31077): CheckJNI is OFF
D/AndroidRuntime(31077): Calling main entry com.android.commands.pm.Pm
--------- beginning of system
I/ActivityManager(  577): Force stopping plv.colorado.edu.callinsbenchmark appid=10127 user=-1: uninstall pkg
I/ActivityManager(  577): Force stopping plv.colorado.edu.callinsbenchmark appid=10127 user=0: pkg removed
I/art     ( 1011): Explicit concurrent mark sweep GC freed 8896(493KB) AllocSpace objects, 4(115KB) LOS objects, 40% free, 12MB/21MB, paused 854us total 24.996ms
I/art     ( 1128): Explicit concurrent mark sweep GC freed 1943(166KB) AllocSpace objects, 0(0B) LOS objects, 25% free, 10MB/14MB, paused 2.105ms total 33.908ms
I/InputReader(  577): Reconfiguring input devices.  changes=0x00000010
I/art     (  710): Explicit concurrent mark sweep GC freed 2331(91KB) AllocSpace objects, 0(0B) LOS objects, 39% free, 14MB/23MB, paused 8.179ms total 76.209ms
I/ConfigFetchService(17991): PackageReceiver: Intent { act=android.intent.action.PACKAGE_REMOVED dat=package:plv.colorado.edu.callinsbenchmark flg=0x4000010 cmp=com.google.android.gms/.config.ConfigFetchService$PackageReceiver (has extras) }
D/VoicemailCleanupService(28812): Cleaning up data for package: plv.colorado.edu.callinsbenchmark
I/ConfigService(17963): onCreate
I/ConfigService(17963): onBind for Intent { act=com.google.android.gms.config.UPDATE pkg=com.google.android.gms } action com.google.android.gms.config.UPDATE
I/ConfigFetchService(17991): onStartCommand Intent { act=android.intent.action.PACKAGE_REMOVED dat=package:plv.colorado.edu.callinsbenchmark cmp=com.google.android.gms/.config.ConfigFetchService (has extras) }
I/ConfigService(17963): onBind returning update interface
I/ConfigService(17963): onBind for Intent { act=com.google.android.gms.config.START pkg=com.google.android.gms } action com.google.android.gms.config.START
I/ConfigService(17963): onBind returning config service
I/LocationSettingsChecker(28839): Removing dialog suppression flag for package plv.colorado.edu.callinsbenchmark
I/art     (  577): Explicit concurrent mark sweep GC freed 25461(1687KB) AllocSpace objects, 5(80KB) LOS objects, 33% free, 17MB/26MB, paused 1.739ms total 140.882ms
I/art     (  577): WaitForGcToComplete blocked for 73.615ms for cause Explicit
D/Documents(30541): Update found 6 roots in 119ms
D/PackageBroadcastService(17991): Received broadcast action=android.intent.action.PACKAGE_REMOVED and uri=plv.colorado.edu.callinsbenchmark
D/AccountUtils(17991): Clearing selected account for plv.colorado.edu.callinsbenchmark
I/ConfigService(17963): onDestroy
I/PeopleContactsSync(17991): CP2 sync disabled
I/UpdateIcingCorporaServi( 1128): Updating corpora: APPS=plv.colorado.edu.callinsbenchmark, CONTACTS=MAYBE
I/Icing   (17991): doRemovePackageData plv.colorado.edu.callinsbenchmark
D/JobSchedulerService(  577): Receieved: android.intent.action.PACKAGE_REMOVED
D/BackupManagerService(  577): Received broadcast Intent { act=android.intent.action.PACKAGE_REMOVED dat=package:plv.colorado.edu.callinsbenchmark flg=0x4000010 (has extras) }
W/ContextImpl(28959): Calling a method in the system process without a qualified user: android.app.ContextImpl.startService:1692 android.content.ContextWrapper.startService:516 android.content.ContextWrapper.startService:516 com.android.keychain.KeyChainBroadcastReceiver.onReceive:12 android.app.ActivityThread.handleReceiver:2609 
I/LatinIME:LogUtils(  899): Dictionary info: dictionary = main:en_us ; version = 47 ; date = 1402373181
I/LatinIME:LogUtils(  899): Dictionary info: dictionary = main:en_us ; version = 47 ; date = 1402373181
D/DownloadManager(  732): [99] Starting
W/DownloadManager(  732): [99] Stop requested with status WAITING_FOR_NETWORK: NO_CONNECTION
D/DownloadManager(  732): [99] Finished with status WAITING_FOR_NETWORK
I/art     (  577): Explicit concurrent mark sweep GC freed 9634(540KB) AllocSpace objects, 0(0B) LOS objects, 33% free, 17MB/25MB, paused 6.775ms total 186.357ms
W/ResourcesManager( 1011): Asset path '/system/framework/com.google.android.maps.jar' does not exist or contains no resources.
I/ApplicationLogger( 1128): canRun() : Opted Out
I/UpdateIcingCorporaServi( 1128): UpdateCorporaTask done [took 151 ms] updated apps [took 151 ms] 
Success
I/art     (31077): System.exit called, status: 0
I/AndroidRuntime(31077): VM exiting with result code 0.
D/AndroidRuntime(31158): >>>>>> START com.android.internal.os.RuntimeInit uid 2000 <<<<<<
D/AndroidRuntime(31158): CheckJNI is OFF
D/AndroidRuntime(31158): Calling main entry com.android.commands.pm.Pm
	pkg: /data/local/tmp/app-debug.apk
D/Finsky  (21399): [1] PackageVerificationReceiver.checkPrerequisites: Skipping verification because network inactive
D/DefContainer(28857): Copying /data/local/tmp/app-debug.apk to base.apk
D/Finsky  (21399): [1] PackageVerificationReceiver.checkPrerequisites: Skipping verification because network inactive
W/PackageManager(  577): Invalid verification token 26 received
I/Icing   (17991): Indexing 49F237D35ED71596F6BAF877928397A88F50332C from com.google.android.googlequicksearchbox
I/Icing   (17991): Indexing done 49F237D35ED71596F6BAF877928397A88F50332C
D/PackageManager(  577): Renaming /data/app/vmdl809861511.tmp to /data/app/plv.colorado.edu.callinsbenchmark-1
I/PackageManager(  577): Running dexopt on: /data/app/plv.colorado.edu.callinsbenchmark-1/base.apk pkg=plv.colorado.edu.callinsbenchmark isa=arm vmSafeMode=false
I/dex2oat (31185): /system/bin/dex2oat --zip-fd=6 --zip-location=/data/app/plv.colorado.edu.callinsbenchmark-1/base.apk --oat-fd=7 --oat-location=/data/dalvik-cache/arm/data@app@plv.colorado.edu.callinsbenchmark-1@base.apk@classes.dex --instruction-set=arm --instruction-set-features=div --runtime-arg -Xms64m --runtime-arg -Xmx512m --swap-fd=8
I/dex2oat (31185): Decided to run without swap.
W/dex2oat (31185): Before Android 4.1, method int android.support.v7.widget.ListViewCompat.lookForSelectablePosition(int, boolean) would have incorrectly overridden the package-private method in android.widget.ListView
W/dex2oat (31185): Before Android 4.1, method android.graphics.PorterDuffColorFilter android.support.graphics.drawable.VectorDrawableCompat.updateTintFilter(android.graphics.PorterDuffColorFilter, android.content.res.ColorStateList, android.graphics.PorterDuff$Mode) would have incorrectly overridden the package-private method in android.graphics.drawable.Drawable
I/dex2oat (31185): dex2oat took 2.979s (threads: 4) arena alloc=55KB java alloc=3MB native alloc=5MB free=872KB
V/BackupManagerService(  577): restoreAtInstall pkg=plv.colorado.edu.callinsbenchmark token=1b restoreSet=0
V/BackupManagerService(  577): Finishing install immediately
W/Settings(  577): Setting install_non_market_apps has moved from android.provider.Settings.Global to android.provider.Settings.Secure, returning read-only value.
I/InputReader(  577): Reconfiguring input devices.  changes=0x00000010
D/Documents(30541): Update found 6 roots in 96ms
I/ConfigFetchService(17991): PackageReceiver: Intent { act=android.intent.action.PACKAGE_ADDED dat=package:plv.colorado.edu.callinsbenchmark flg=0x4000010 cmp=com.google.android.gms/.config.ConfigFetchService$PackageReceiver (has extras) }
I/ConfigService(17963): onCreate
I/ConfigService(17963): onBind for Intent { act=com.google.android.gms.config.UPDATE pkg=com.google.android.gms } action com.google.android.gms.config.UPDATE
I/ConfigFetchService(17991): onStartCommand Intent { act=android.intent.action.PACKAGE_ADDED dat=package:plv.colorado.edu.callinsbenchmark cmp=com.google.android.gms/.config.ConfigFetchService (has extras) }
I/ConfigService(17963): onBind returning update interface
I/ConfigService(17963): onBind for Intent { act=com.google.android.gms.config.START pkg=com.google.android.gms } action com.google.android.gms.config.START
I/ConfigService(17963): onBind returning config service
I/UpdateIcingCorporaServi( 1128): Updating corpora: APPS=plv.colorado.edu.callinsbenchmark, CONTACTS=MAYBE
I/ConfigFetchService(17991): launchTask
I/ConfigFetchService(17991): service connected
I/ConfigClient(17991): service connected
D/PackageBroadcastService(17991): Received broadcast action=android.intent.action.PACKAGE_ADDED and uri=plv.colorado.edu.callinsbenchmark
I/PeopleContactsSync(17991): CP2 sync disabled
D/BackupManagerService(  577): Received broadcast Intent { act=android.intent.action.PACKAGE_ADDED dat=package:plv.colorado.edu.callinsbenchmark flg=0x4000010 (has extras) }
W/BackupManagerService(  577): Removing schedule queue dupe of plv.colorado.edu.callinsbenchmark
V/ConfigFetchTask(17991): ConfigFetchTask getDeviceDataVersionInfo(): ABFEt1WW3aLMk8ZlcQohWVZTitGLEhaq-RTkVQrk5h0KeHGYXiJXflfLRf3A-EQtQDY3RZo-C5ZZXBxp81s9kxzjbz2q7LK-S-aJZWUCMkO1edmYdu56QZkXImZazcDuGVgt9jBkH5XUqpNDwXb1EaoRb6rZT6pFt6YFsLZy_3nKInPiugakbDgzjEUbJCTv5x1UmX8e68bnKOOU35V8oF9OZnhghhUwjv9SWI5byr6AB0PVdSb-j5A
I/GoogleURLConnFactory(17991): binding HttpService
I/GoogleHttpClient(17991): Falling back to old SSLCertificateSocketFactory
W/ConfigFetchTask(17991): exception on config fetch: java.net.UnknownHostException: Unable to resolve host "android.clients.google.com": No address associated with hostname
I/GoogleURLConnFactory(17991): unbinding HttpService
I/ConfigFetchService(17991): fetch service done; releasing wakelock
I/ConfigFetchService(17991): stopping self
I/ConfigService(17963): onDestroy
I/art     (  577): Explicit concurrent mark sweep GC freed 54149(2MB) AllocSpace objects, 26(765KB) LOS objects, 33% free, 17MB/26MB, paused 1.617ms total 266.687ms
I/art     (  577): WaitForGcToComplete blocked for 101.449ms for cause HeapTrim
Success
I/art     (31158): System.exit called, status: 0
I/AndroidRuntime(31158): VM exiting with result code 0.
I/ApplicationLogger( 1128): canRun() : Opted Out
I/UpdateIcingCorporaServi( 1128): UpdateCorporaTask done [took 142 ms] updated apps [took 140 ms] 
D/AndroidRuntime(31231): >>>>>> START com.android.internal.os.RuntimeInit uid 2000 <<<<<<
D/AndroidRuntime(31231): CheckJNI is OFF
D/AndroidRuntime(31231): Calling main entry com.android.commands.am.Am
Starting: Intent { cmp=plv.colorado.edu.callinsbenchmark/.CallinsBenchmark }
I/ActivityManager(  577): Force stopping plv.colorado.edu.callinsbenchmark appid=10128 user=-1: set debug app
I/ActivityManager(  577): START u0 {flg=0x10000000 cmp=plv.colorado.edu.callinsbenchmark/.CallinsBenchmark} from uid 2000 on display 0
V/WindowManager(  577): addAppToken: AppWindowToken{298d582b token=Token{123de87a ActivityRecord{2f765ca5 u0 plv.colorado.edu.callinsbenchmark/.CallinsBenchmark t204}}} to stack=1 task=204 at 0
V/WindowManager(  577): Adding window Window{2bed0cd2 u0 Starting plv.colorado.edu.callinsbenchmark} at 3 of 8 (after Window{2e3a1a90 u0 com.android.launcher/com.android.launcher2.Launcher})
D/AndroidRuntime(31231): Shutting down VM
I/ActivityManager(  577): Start proc 31248:plv.colorado.edu.callinsbenchmark/u0a128 for activity plv.colorado.edu.callinsbenchmark/.CallinsBenchmark
I/art     (31248): Late-enabling -Xcheck:jni
W/ActivityThread(31248): Application plv.colorado.edu.callinsbenchmark is waiting for the debugger on port 8100...
I/System.out(31248): Sending WAIT chunk
I/OpenGLRenderer(  577): Initialized EGL, version 1.4
***Uninstalling old version***
***Install new APK***
***Run APK***
***Get PID***
['u0_a128', '', '', '31248', '208', '', '', '1480812', '27668', 'ffffffff', '00000000', 'S', 'plv.colorado.edu.callinsbenchmark\r\n']
31248
***Open Bridge***
I/Icing   (17991): Indexing 49F237D35ED71596F6BAF877928397A88F50332C from com.google.android.googlequicksearchbox
I/Icing   (17991): Indexing done 49F237D35ED71596F6BAF877928397A88F50332C
I/art     (31248): Debugger is active
I/System.out(31248): Debugger has connected
I/System.out(31248): waiting for debugger to settle...
I/System.out(31248): waiting for debugger to settle...
I/System.out(31248): waiting for debugger to settle...
I/System.out(31248): waiting for debugger to settle...
I/System.out(31248): waiting for debugger to settle...
W/ActivityManager(  577): Launch timeout has expired, giving up wake lock!
I/System.out(31248): waiting for debugger to settle...
I/System.out(31248): waiting for debugger to settle...
I/System.out(31248): waiting for debugger to settle...
I/System.out(31248): debugger has settled (1366)
D/Finsky  (21399): [1] 5.onFinished: Installation state replication succeeded.
D/OpenGLRenderer(31248): Use EGL_SWAP_BEHAVIOR_PRESERVED: true
D/Atlas   (31248): Validating map...
V/WindowManager(  577): Adding window Window{1546ec3d u0 plv.colorado.edu.callinsbenchmark/plv.colorado.edu.callinsbenchmark.CallinsBenchmark} at 3 of 9 (before Window{2bed0cd2 u0 Starting plv.colorado.edu.callinsbenchmark})
I/Adreno-EGL(31248): <qeglDrvAPI_eglInitialize:379>: QUALCOMM Build: 01/15/15, ab0075f, Id3510ff6dc
I/OpenGLRenderer(31248): Initialized EGL, version 1.4
D/OpenGLRenderer(31248): Enabling debug mode 0
I/ActivityManager(  577): Displayed plv.colorado.edu.callinsbenchmark/.CallinsBenchmark: +17s788ms (total +1m10s642ms)
I/benchtime(ms): (31248): 545
I/benchtime(ms): (31248): 643
I/benchtime(ms): (31248): 599
I/benchtime(ms): (31248): 586
I/benchtime(ms): (31248): 847
I/benchtime(ms): (31248): 831
I/benchtime(ms): (31248): 827
I/benchtime(ms): (31248): 842
I/benchtime(ms): (31248): 829
I/benchtime(ms): (31248): 816
I/benchtime(ms): (31248): 566
I/benchtime(ms): (31248): 715
I/benchtime(ms): (31248): 853
I/benchtime(ms): (31248): 846
I/benchtime(ms): (31248): 530
I/benchtime(ms): (31248): 677
I/benchtime(ms): (31248): 815
I/benchtime(ms): (31248): 575
I/benchtime(ms): (31248): 820
I/benchtime(ms): (31248): 802
I/Process (31248): Sending signal. PID: 31248 SIG: 9
I/WindowState(  577): WIN DEATH: Window{1546ec3d u0 plv.colorado.edu.callinsbenchmark/plv.colorado.edu.callinsbenchmark.CallinsBenchmark}
I/ActivityManager(  577): Process plv.colorado.edu.callinsbenchmark (pid 31248) has died
W/ActivityManager(  577): Force removing ActivityRecord{2f765ca5 u0 plv.colorado.edu.callinsbenchmark/.CallinsBenchmark t204}: app died, no saved state
W/InputMethodManagerService(  577): Got RemoteException sending setActive(false) notification to pid 31248 uid 10128
W/OpenGLRenderer( 1011): Incorrectly called buildLayer on View: ShortcutAndWidgetContainer, destroying layer...
W/OpenGLRenderer( 1011): Incorrectly called buildLayer on View: ShortcutAndWidgetContainer, destroying layer...
