--------- beginning of main
D/AndroidRuntime( 3937): >>>>>> START com.android.internal.os.RuntimeInit uid 2000 <<<<<<
D/AndroidRuntime( 3937): CheckJNI is OFF
D/AndroidRuntime( 3937): Calling main entry com.android.commands.pm.Pm
--------- beginning of system
I/ActivityManager(  587): Force stopping plv.colorado.edu.callinsbenchmark appid=10132 user=-1: uninstall pkg
I/ActivityManager(  587): Force stopping plv.colorado.edu.callinsbenchmark appid=10132 user=0: pkg removed
I/art     ( 1014): Explicit concurrent mark sweep GC freed 915(42KB) AllocSpace objects, 12(360KB) LOS objects, 40% free, 12MB/20MB, paused 824us total 23.531ms
I/art     ( 1136): Explicit concurrent mark sweep GC freed 4085(308KB) AllocSpace objects, 5(91KB) LOS objects, 24% free, 10MB/14MB, paused 518us total 34.518ms
I/InputReader(  587): Reconfiguring input devices.  changes=0x00000010
D/TaskPersister(  587): removeObsoleteFile: deleting file=210_task.xml
D/VoicemailCleanupService( 1052): Cleaning up data for package: plv.colorado.edu.callinsbenchmark
I/art     (  697): Explicit concurrent mark sweep GC freed 27941(1159KB) AllocSpace objects, 1(36KB) LOS objects, 39% free, 11MB/19MB, paused 1.159ms total 105.905ms
I/art     (  587): Explicit concurrent mark sweep GC freed 16196(1207KB) AllocSpace objects, 3(48KB) LOS objects, 33% free, 16MB/24MB, paused 1.526ms total 119.761ms
I/art     (  587): WaitForGcToComplete blocked for 45.872ms for cause Explicit
I/ConfigFetchService( 1114): PackageReceiver: Intent { act=android.intent.action.PACKAGE_REMOVED dat=package:plv.colorado.edu.callinsbenchmark flg=0x4000010 cmp=com.google.android.gms/.config.ConfigFetchService$PackageReceiver (has extras) }
I/ConfigService( 1233): onCreate
I/ConfigService( 1233): onBind for Intent { act=com.google.android.gms.config.UPDATE pkg=com.google.android.gms } action com.google.android.gms.config.UPDATE
I/ConfigFetchService( 1114): onStartCommand Intent { act=android.intent.action.PACKAGE_REMOVED dat=package:plv.colorado.edu.callinsbenchmark cmp=com.google.android.gms/.config.ConfigFetchService (has extras) }
I/ConfigService( 1233): onBind returning update interface
I/ConfigService( 1233): onBind for Intent { act=com.google.android.gms.config.START pkg=com.google.android.gms } action com.google.android.gms.config.START
I/ConfigService( 1233): onBind returning config service
I/LocationSettingsChecker( 3384): Removing dialog suppression flag for package plv.colorado.edu.callinsbenchmark
I/ConfigService( 1233): onDestroy
D/PackageBroadcastService( 1114): Received broadcast action=android.intent.action.PACKAGE_REMOVED and uri=plv.colorado.edu.callinsbenchmark
D/AccountUtils( 1114): Clearing selected account for plv.colorado.edu.callinsbenchmark
D/Documents( 3475): Update found 6 roots in 30ms
I/UpdateIcingCorporaServi( 1136): Updating corpora: APPS=plv.colorado.edu.callinsbenchmark, CONTACTS=MAYBE
I/ActivityManager(  587): Delay finish: com.google.android.googlequicksearchbox/.GelStubAppWatcher
D/JobSchedulerService(  587): Receieved: android.intent.action.PACKAGE_REMOVED
D/BackupManagerService(  587): Received broadcast Intent { act=android.intent.action.PACKAGE_REMOVED dat=package:plv.colorado.edu.callinsbenchmark flg=0x4000010 (has extras) }
I/ActivityManager(  587): Resuming delayed broadcast
I/Icing   ( 1114): doRemovePackageData plv.colorado.edu.callinsbenchmark
W/ContextImpl( 3441): Calling a method in the system process without a qualified user: android.app.ContextImpl.startService:1692 android.content.ContextWrapper.startService:516 android.content.ContextWrapper.startService:516 com.android.keychain.KeyChainBroadcastReceiver.onReceive:12 android.app.ActivityThread.handleReceiver:2609 
I/PeopleContactsSync( 1114): CP2 sync disabled
I/LatinIME:LogUtils(  889): Dictionary info: dictionary = main:en_us ; version = 47 ; date = 1402373181
I/LatinIME:LogUtils(  889): Dictionary info: dictionary = main:en_us ; version = 47 ; date = 1402373181
D/DownloadManager(  716): [106] Starting
W/DownloadManager(  716): [106] Stop requested with status WAITING_FOR_NETWORK: NO_CONNECTION
D/DownloadManager(  716): [106] Finished with status WAITING_FOR_NETWORK
I/ApplicationLogger( 1136): canRun() : Opted Out
I/UpdateIcingCorporaServi( 1136): UpdateCorporaTask done [took 111 ms] updated apps [took 111 ms] 
I/art     (  587): Explicit concurrent mark sweep GC freed 7987(364KB) AllocSpace objects, 0(0B) LOS objects, 33% free, 16MB/25MB, paused 1.770ms total 212.726ms
Success
I/art     ( 3937): System.exit called, status: 0
I/AndroidRuntime( 3937): VM exiting with result code 0.
W/ResourcesManager( 1014): Asset path '/system/framework/com.google.android.maps.jar' does not exist or contains no resources.
I/ActivityManager(  587): Waited long enough for: ServiceRecord{19152443 u0 com.google.android.apps.plus/com.google.android.libraries.social.autobackup.FingerprintScannerIntentService}
D/AndroidRuntime( 4024): >>>>>> START com.android.internal.os.RuntimeInit uid 2000 <<<<<<
D/AndroidRuntime( 4024): CheckJNI is OFF
D/AndroidRuntime( 4024): Calling main entry com.android.commands.pm.Pm
	pkg: /data/local/tmp/app-debug.apk
D/Finsky  ( 2714): [1] PackageVerificationReceiver.checkPrerequisites: Skipping verification because network inactive
D/DefContainer( 3409): Copying /data/local/tmp/app-debug.apk to base.apk
D/Finsky  ( 2714): [1] PackageVerificationReceiver.checkPrerequisites: Skipping verification because network inactive
W/PackageManager(  587): Invalid verification token 2 received
I/Icing   ( 1114): Indexing 49F237D35ED71596F6BAF877928397A88F50332C from com.google.android.googlequicksearchbox
I/Icing   ( 1114): Indexing done 49F237D35ED71596F6BAF877928397A88F50332C
D/PackageManager(  587): Renaming /data/app/vmdl1671044640.tmp to /data/app/plv.colorado.edu.callinsbenchmark-1
I/PackageManager(  587): Running dexopt on: /data/app/plv.colorado.edu.callinsbenchmark-1/base.apk pkg=plv.colorado.edu.callinsbenchmark isa=arm vmSafeMode=false
I/dex2oat ( 4048): /system/bin/dex2oat --zip-fd=6 --zip-location=/data/app/plv.colorado.edu.callinsbenchmark-1/base.apk --oat-fd=7 --oat-location=/data/dalvik-cache/arm/data@app@plv.colorado.edu.callinsbenchmark-1@base.apk@classes.dex --instruction-set=arm --instruction-set-features=div --runtime-arg -Xms64m --runtime-arg -Xmx512m --swap-fd=8
I/dex2oat ( 4048): Decided to run without swap.
W/dex2oat ( 4048): Before Android 4.1, method int android.support.v7.widget.ListViewCompat.lookForSelectablePosition(int, boolean) would have incorrectly overridden the package-private method in android.widget.ListView
W/dex2oat ( 4048): Before Android 4.1, method android.graphics.PorterDuffColorFilter android.support.graphics.drawable.VectorDrawableCompat.updateTintFilter(android.graphics.PorterDuffColorFilter, android.content.res.ColorStateList, android.graphics.PorterDuff$Mode) would have incorrectly overridden the package-private method in android.graphics.drawable.Drawable
I/dex2oat ( 4048): dex2oat took 3.010s (threads: 4) arena alloc=76KB java alloc=3MB native alloc=5MB free=872KB
V/BackupManagerService(  587): restoreAtInstall pkg=plv.colorado.edu.callinsbenchmark token=3 restoreSet=0
V/BackupManagerService(  587): Finishing install immediately
W/Settings(  587): Setting install_non_market_apps has moved from android.provider.Settings.Global to android.provider.Settings.Secure, returning read-only value.
I/InputReader(  587): Reconfiguring input devices.  changes=0x00000010
D/BackupManagerService(  587): Received broadcast Intent { act=android.intent.action.PACKAGE_ADDED dat=package:plv.colorado.edu.callinsbenchmark flg=0x4000010 (has extras) }
W/BackupManagerService(  587): Removing schedule queue dupe of plv.colorado.edu.callinsbenchmark
I/ConfigFetchService( 1114): PackageReceiver: Intent { act=android.intent.action.PACKAGE_ADDED dat=package:plv.colorado.edu.callinsbenchmark flg=0x4000010 cmp=com.google.android.gms/.config.ConfigFetchService$PackageReceiver (has extras) }
I/ConfigService( 1233): onCreate
I/ConfigService( 1233): onBind for Intent { act=com.google.android.gms.config.UPDATE pkg=com.google.android.gms } action com.google.android.gms.config.UPDATE
I/ConfigFetchService( 1114): onStartCommand Intent { act=android.intent.action.PACKAGE_ADDED dat=package:plv.colorado.edu.callinsbenchmark cmp=com.google.android.gms/.config.ConfigFetchService (has extras) }
I/ConfigFetchService( 1114): launchTask
D/Documents( 3475): Update found 6 roots in 29ms
I/ConfigService( 1233): onBind returning update interface
I/ConfigFetchService( 1114): service connected
I/ConfigService( 1233): onBind for Intent { act=com.google.android.gms.config.START pkg=com.google.android.gms } action com.google.android.gms.config.START
I/ConfigService( 1233): onBind returning config service
I/ConfigClient( 1114): service connected
D/PackageBroadcastService( 1114): Received broadcast action=android.intent.action.PACKAGE_ADDED and uri=plv.colorado.edu.callinsbenchmark
I/UpdateIcingCorporaServi( 1136): Updating corpora: APPS=plv.colorado.edu.callinsbenchmark, CONTACTS=MAYBE
I/PeopleContactsSync( 1114): CP2 sync disabled
I/art     (  587): Explicit concurrent mark sweep GC freed 57351(2MB) AllocSpace objects, 25(744KB) LOS objects, 33% free, 16MB/25MB, paused 1.617ms total 159.011ms
Success
I/art     ( 4024): System.exit called, status: 0
I/AndroidRuntime( 4024): VM exiting with result code 0.
I/art     ( 1114): Explicit concurrent mark sweep GC freed 19539(1296KB) AllocSpace objects, 12(192KB) LOS objects, 24% free, 11MB/15MB, paused 701us total 45.750ms
W/SQLiteConnectionPool( 1114): A SQLiteConnection object for database '/data/data/com.google.android.gms/databases/history_query.db' was leaked!  Please fix your application to end transactions in progress properly and to close the database when it is no longer needed.
W/SQLiteConnectionPool( 1114): A SQLiteConnection object for database '/data/data/com.google.android.gms/databases/help_responses.db' was leaked!  Please fix your application to end transactions in progress properly and to close the database when it is no longer needed.
W/SQLiteConnectionPool( 1114): A SQLiteConnection object for database '/data/data/com.google.android.gms/databases/metrics.db' was leaked!  Please fix your application to end transactions in progress properly and to close the database when it is no longer needed.
I/ApplicationLogger( 1136): canRun() : Opted Out
I/UpdateIcingCorporaServi( 1136): UpdateCorporaTask done [took 180 ms] updated apps [took 180 ms] 
W/SQLiteConnectionPool( 1114): A SQLiteConnection object for database '/data/data/com.google.android.gms/databases/history_query.db' was leaked!  Please fix your application to end transactions in progress properly and to close the database when it is no longer needed.
W/SQLiteConnectionPool( 1114): A SQLiteConnection object for database '/data/data/com.google.android.gms/databases/help_responses.db' was leaked!  Please fix your application to end transactions in progress properly and to close the database when it is no longer needed.
W/SQLiteConnectionPool( 1114): A SQLiteConnection object for database '/data/data/com.google.android.gms/databases/metrics.db' was leaked!  Please fix your application to end transactions in progress properly and to close the database when it is no longer needed.
D/AndroidRuntime( 4091): >>>>>> START com.android.internal.os.RuntimeInit uid 2000 <<<<<<
D/AndroidRuntime( 4091): CheckJNI is OFF
D/AndroidRuntime( 4091): Calling main entry com.android.commands.am.Am
Starting: Intent { cmp=plv.colorado.edu.callinsbenchmark/.CallinsBenchmark }
I/ActivityManager(  587): Force stopping plv.colorado.edu.callinsbenchmark appid=10133 user=-1: set debug app
I/ActivityManager(  587): START u0 {flg=0x10000000 cmp=plv.colorado.edu.callinsbenchmark/.CallinsBenchmark} from uid 2000 on display 0
V/WindowManager(  587): addAppToken: AppWindowToken{3f128f60 token=Token{4c75763 ActivityRecord{ce00192 u0 plv.colorado.edu.callinsbenchmark/.CallinsBenchmark t211}}} to stack=1 task=211 at 0
V/WindowManager(  587): Adding window Window{d664fdb u0 Starting plv.colorado.edu.callinsbenchmark} at 2 of 7 (after Window{320e1771 u0 com.android.launcher/com.android.launcher2.Launcher})
D/AndroidRuntime( 4091): Shutting down VM
I/ActivityManager(  587): Start proc 4111:plv.colorado.edu.callinsbenchmark/u0a133 for activity plv.colorado.edu.callinsbenchmark/.CallinsBenchmark
I/art     ( 4111): Late-enabling -Xcheck:jni
W/ActivityThread( 4111): Application plv.colorado.edu.callinsbenchmark is waiting for the debugger on port 8100...
I/System.out( 4111): Sending WAIT chunk
I/OpenGLRenderer(  587): Initialized EGL, version 1.4
***Uninstalling old version***
***Install new APK***
***Run APK***
***Get PID***
['u0_a133', '', '', '4111', '', '197', '', '', '1480808', '27624', 'ffffffff', '00000000', 'S', 'plv.colorado.edu.callinsbenchmark\r\n']
4111
***Open Bridge***
I/Icing   ( 1114): Indexing 49F237D35ED71596F6BAF877928397A88F50332C from com.google.android.googlequicksearchbox
I/Icing   ( 1114): Indexing done 49F237D35ED71596F6BAF877928397A88F50332C
I/art     ( 4111): Debugger is active
I/System.out( 4111): Debugger has connected
I/System.out( 4111): waiting for debugger to settle...
I/System.out( 4111): waiting for debugger to settle...
I/System.out( 4111): waiting for debugger to settle...
I/System.out( 4111): waiting for debugger to settle...
I/System.out( 4111): waiting for debugger to settle...
I/System.out( 4111): waiting for debugger to settle...
I/System.out( 4111): waiting for debugger to settle...
I/System.out( 4111): waiting for debugger to settle...
I/System.out( 4111): debugger has settled (1379)
V/ConfigFetchTask( 1114): ConfigFetchTask getDeviceDataVersionInfo(): ABFEt1WW3aLMk8ZlcQohWVZTitGLEhaq-RTkVQrk5h0KeHGYXiJXflfLRf3A-EQtQDY3RZo-C5ZZXBxp81s9kxzjbz2q7LK-S-aJZWUCMkO1edmYdu56QZkXImZazcDuGVgt9jBkH5XUqpNDwXb1EaoRb6rZT6pFt6YFsLZy_3nKInPiugakbDgzjEUbJCTv5x1UmX8e68bnKOOU35V8oF9OZnhghhUwjv9SWI5byr6AB0PVdSb-j5A
I/GoogleURLConnFactory( 1114): binding HttpService
I/GoogleHttpClient( 1114): Falling back to old SSLCertificateSocketFactory
W/ConfigFetchTask( 1114): exception on config fetch: java.net.UnknownHostException: Unable to resolve host "android.clients.google.com": No address associated with hostname
I/GoogleURLConnFactory( 1114): unbinding HttpService
I/ConfigFetchService( 1114): fetch service done; releasing wakelock
I/ConfigFetchService( 1114): stopping self
I/ConfigService( 1233): onDestroy
W/ActivityManager(  587): Launch timeout has expired, giving up wake lock!
W/art     ( 4111): Verification of boolean android.support.v7.view.WindowCallbackWrapper.onSearchRequested(android.view.SearchEvent) took 223.927ms
D/OpenGLRenderer( 4111): Use EGL_SWAP_BEHAVIOR_PRESERVED: true
D/Atlas   ( 4111): Validating map...
V/WindowManager(  587): Adding window Window{3155d09f u0 plv.colorado.edu.callinsbenchmark/plv.colorado.edu.callinsbenchmark.CallinsBenchmark} at 2 of 8 (before Window{d664fdb u0 Starting plv.colorado.edu.callinsbenchmark})
I/Adreno-EGL( 4111): <qeglDrvAPI_eglInitialize:379>: QUALCOMM Build: 01/15/15, ab0075f, Id3510ff6dc
I/OpenGLRenderer( 4111): Initialized EGL, version 1.4
D/OpenGLRenderer( 4111): Enabling debug mode 0
I/ActivityManager(  587): Displayed plv.colorado.edu.callinsbenchmark/.CallinsBenchmark: +14s117ms
D/Finsky  ( 2714): [1] 5.onFinished: Installation state replication succeeded.
I/benchtime(ms): ( 4111): 3144
I/benchtime(ms): ( 4111): 3147
I/benchtime(ms): ( 4111): 2812
I/benchtime(ms): ( 4111): 3124
I/benchtime(ms): ( 4111): 3043
W/BroadcastQueue(  587): Timeout of broadcast BroadcastRecord{3e211031 u0 android.intent.action.PACKAGE_ADDED} - receiver=android.os.BinderProxy@3de90316, started 60000ms ago
W/BroadcastQueue(  587): Receiver during timeout: ResolveInfo{142b3497 com.google.android.apps.plus/.service.PackageAddedReceiver m=0x208000}
I/Process (  587): Sending signal. PID: 2917 SIG: 3
I/art     ( 2917): Thread[5,tid=2926,WaitingInMainSignalCatcherLoop,Thread*=0xb705b2b0,peer=0x32c070a0,"Signal Catcher"]: reacting to signal 3
I/art     ( 2917): Wrote stack traces to '/data/anr/traces.txt'
I/Process (  587): Sending signal. PID: 587 SIG: 3
I/art     (  587): Thread[5,tid=596,WaitingInMainSignalCatcherLoop,Thread*=0xb70659a0,peer=0x12c020a0,"Signal Catcher"]: reacting to signal 3
I/Process (  587): Sending signal. PID: 982 SIG: 3
I/art     (  982): Thread[5,tid=997,WaitingInMainSignalCatcherLoop,Thread*=0xb7065be8,peer=0x12c000a0,"Signal Catcher"]: reacting to signal 3
I/art     (  587): Wrote stack traces to '/data/anr/traces.txt'
I/Process (  587): Sending signal. PID: 961 SIG: 3
I/art     (  961): Thread[5,tid=972,WaitingInMainSignalCatcherLoop,Thread*=0xb7065be8,peer=0x12c000a0,"Signal Catcher"]: reacting to signal 3
I/Process (  587): Sending signal. PID: 697 SIG: 3
I/art     (  697): Thread[5,tid=705,WaitingInMainSignalCatcherLoop,Thread*=0xb7065be8,peer=0x12c000a0,"Signal Catcher"]: reacting to signal 3
I/art     (  961): Wrote stack traces to '/data/anr/traces.txt'
I/art     (  982): Wrote stack traces to '/data/anr/traces.txt'
I/art     (  697): Wrote stack traces to '/data/anr/traces.txt'
I/art     (  587): Explicit concurrent mark sweep GC freed 38086(1602KB) AllocSpace objects, 2(32KB) LOS objects, 33% free, 17MB/25MB, paused 1.373ms total 80.085ms
E/ActivityManager(  587): ANR in com.google.android.apps.plus
E/ActivityManager(  587): PID: 2917
E/ActivityManager(  587): Reason: Broadcast of Intent { act=android.intent.action.PACKAGE_ADDED dat=package:plv.colorado.edu.callinsbenchmark flg=0x4000010 cmp=com.google.android.apps.plus/.service.PackageAddedReceiver (has extras) }
E/ActivityManager(  587): Load: 1.36 / 1.15 / 0.88
E/ActivityManager(  587): CPU usage from 1566ms to -3561ms ago:
E/ActivityManager(  587):   36% 587/system_server: 16% user + 19% kernel / faults: 4565 minor 3 major
E/ActivityManager(  587):   0% 185/debuggerd: 0% user + 0% kernel / faults: 2508 minor
E/ActivityManager(  587):   6.6% 697/com.android.systemui: 2.5% user + 4.1% kernel / faults: 1855 minor
E/ActivityManager(  587):   0.5% 982/com.android.phone: 0.2% user + 0.2% kernel / faults: 2128 minor
E/ActivityManager(  587):   4.1% 202/adbd: 0.7% user + 3.3% kernel
E/ActivityManager(  587):   0.2% 961/com.android.nfc: 0.1% user + 0% kernel / faults: 1202 minor
E/ActivityManager(  587):   0.2% 2917/com.google.android.apps.plus: 0.1% user + 0% kernel / faults: 1287 minor 3 major
E/ActivityManager(  587):   1.5% 195/mpdecision: 0% user + 1.5% kernel
E/ActivityManager(  587):   1.5% 4111/plv.colorado.edu.callinsbenchmark: 0.9% user + 0.5% kernel
E/ActivityManager(  587):   0.5% 198/sensors.qcom: 0.1% user + 0.3% kernel
E/ActivityManager(  587):   0.3% 129/mmcqd/0: 0% user + 0.3% kernel
E/ActivityManager(  587):   0.3% 3313/kworker/0:0: 0% user + 0.3% kernel
E/ActivityManager(  587):   0% 3/ksoftirqd/0: 0% user + 0% kernel
E/ActivityManager(  587):   0% 6/migration/0: 0% user + 0% kernel
E/ActivityManager(  587):   0.1% 141/ueventd: 0% user + 0.1% kernel
E/ActivityManager(  587):   0% 154/jbd2/mmcblk0p23: 0% user + 0% kernel
E/ActivityManager(  587):   0% 167/logd: 0% user + 0% kernel
E/ActivityManager(  587):   0% 169/lmkd: 0% user + 0% kernel
E/ActivityManager(  587):   0% 194/thermald: 0% user + 0% kernel / faults: 3 minor
E/ActivityManager(  587):   0.1% 3842/kworker/u:7: 0% user + 0.1% kernel
E/ActivityManager(  587): 27% TOTAL: 11% user + 15% kernel + 0.6% iowait
E/ActivityManager(  587): CPU usage from 2960ms to 3493ms later with 99% awake:
E/ActivityManager(  587):   14% 587/system_server: 3.5% user + 10% kernel / faults: 2 minor
E/ActivityManager(  587):     10% 609/ActivityManager: 1.7% user + 8.9% kernel
E/ActivityManager(  587):     3.5% 598/FinalizerDaemon: 1.7% user + 1.7% kernel
E/ActivityManager(  587):     1.7% 607/SensorService: 1.7% user + 0% kernel
E/ActivityManager(  587):     1.7% 613/android.ui: 0% user + 1.7% kernel
E/ActivityManager(  587):   2.4% 195/mpdecision: 0% user + 2.4% kernel
E/ActivityManager(  587):     2.4% 247/mpdecision: 0% user + 2.4% kernel
E/ActivityManager(  587): 0% TOTAL: 0% user + 0% kernel + 0% iowait
I/ActivityManager(  587): Killing 2917:com.google.android.apps.plus/u0a71 (adj 0): bg anr
W/ActivityManager(  587): Scheduling restart of crashed service com.google.android.apps.plus/com.google.android.libraries.social.autobackup.FingerprintScannerIntentService in 1000ms
I/benchtime(ms): ( 4111): 3095
I/benchtime(ms): ( 4111): 3069
I/benchtime(ms): ( 4111): 3096
I/benchtime(ms): ( 4111): 3058
I/benchtime(ms): ( 4111): 3098
I/benchtime(ms): ( 4111): 3048
I/benchtime(ms): ( 4111): 3092
I/benchtime(ms): ( 4111): 3075
I/benchtime(ms): ( 4111): 3094
I/benchtime(ms): ( 4111): 3060
I/benchtime(ms): ( 4111): 3114
I/benchtime(ms): ( 4111): 3065
I/benchtime(ms): ( 4111): 3031
I/benchtime(ms): ( 4111): 3036
I/benchtime(ms): ( 4111): 3050
I/Process ( 4111): Sending signal. PID: 4111 SIG: 9
I/WindowState(  587): WIN DEATH: Window{3155d09f u0 plv.colorado.edu.callinsbenchmark/plv.colorado.edu.callinsbenchmark.CallinsBenchmark}
I/ActivityManager(  587): Process plv.colorado.edu.callinsbenchmark (pid 4111) has died
W/ActivityManager(  587): Force removing ActivityRecord{ce00192 u0 plv.colorado.edu.callinsbenchmark/.CallinsBenchmark t211}: app died, no saved state
W/InputMethodManagerService(  587): Got RemoteException sending setActive(false) notification to pid 4111 uid 10133
W/OpenGLRenderer( 1014): Incorrectly called buildLayer on View: ShortcutAndWidgetContainer, destroying layer...
W/OpenGLRenderer( 1014): Incorrectly called buildLayer on View: ShortcutAndWidgetContainer, destroying layer...
