* daemon not running. starting it now on port 5037 *
* daemon started successfully *
--------- beginning of main
D/AndroidRuntime(31864): >>>>>> START com.android.internal.os.RuntimeInit uid 2000 <<<<<<
D/AndroidRuntime(31864): CheckJNI is OFF
D/AndroidRuntime(31864): Calling main entry com.android.commands.pm.Pm
--------- beginning of system
I/ActivityManager(  577): Force stopping plv.colorado.edu.callinsbenchmark appid=10129 user=-1: uninstall pkg
I/ActivityManager(  577): Force stopping plv.colorado.edu.callinsbenchmark appid=10129 user=0: pkg removed
I/art     ( 1011): Explicit concurrent mark sweep GC freed 9099(503KB) AllocSpace objects, 8(231KB) LOS objects, 40% free, 12MB/21MB, paused 763us total 25.362ms
I/art     ( 1128): Explicit concurrent mark sweep GC freed 4438(335KB) AllocSpace objects, 5(91KB) LOS objects, 24% free, 10MB/14MB, paused 488us total 31.619ms
I/art     (  710): Explicit concurrent mark sweep GC freed 18319(824KB) AllocSpace objects, 1(368KB) LOS objects, 39% free, 14MB/24MB, paused 1.129ms total 62.902ms
I/ConfigFetchService(17991): PackageReceiver: Intent { act=android.intent.action.PACKAGE_REMOVED dat=package:plv.colorado.edu.callinsbenchmark flg=0x4000010 cmp=com.google.android.gms/.config.ConfigFetchService$PackageReceiver (has extras) }
I/InputReader(  577): Reconfiguring input devices.  changes=0x00000010
D/VoicemailCleanupService(28812): Cleaning up data for package: plv.colorado.edu.callinsbenchmark
D/Documents(30541): Update found 6 roots in 116ms
I/LocationSettingsChecker(28839): Removing dialog suppression flag for package plv.colorado.edu.callinsbenchmark
I/ConfigService(17963): onCreate
I/ConfigService(17963): onBind for Intent { act=com.google.android.gms.config.UPDATE pkg=com.google.android.gms } action com.google.android.gms.config.UPDATE
I/ConfigService(17963): onBind returning update interface
I/art     (  577): Explicit concurrent mark sweep GC freed 14942(1142KB) AllocSpace objects, 4(69KB) LOS objects, 33% free, 17MB/26MB, paused 2.655ms total 167.770ms
I/art     (  577): WaitForGcToComplete blocked for 69.433ms for cause Explicit
I/ConfigFetchService(17991): onStartCommand Intent { act=android.intent.action.PACKAGE_REMOVED dat=package:plv.colorado.edu.callinsbenchmark cmp=com.google.android.gms/.config.ConfigFetchService (has extras) }
I/ConfigFetchService(17991): service connected
I/ConfigService(17963): onBind for Intent { act=com.google.android.gms.config.START pkg=com.google.android.gms } action com.google.android.gms.config.START
I/ConfigService(17963): onBind returning config service
I/ConfigService(17963): onDestroy
D/PackageBroadcastService(17991): Received broadcast action=android.intent.action.PACKAGE_REMOVED and uri=plv.colorado.edu.callinsbenchmark
D/AccountUtils(17991): Clearing selected account for plv.colorado.edu.callinsbenchmark
I/UpdateIcingCorporaServi( 1128): Updating corpora: APPS=plv.colorado.edu.callinsbenchmark, CONTACTS=MAYBE
W/ContextImpl(28959): Calling a method in the system process without a qualified user: android.app.ContextImpl.startService:1692 android.content.ContextWrapper.startService:516 android.content.ContextWrapper.startService:516 com.android.keychain.KeyChainBroadcastReceiver.onReceive:12 android.app.ActivityThread.handleReceiver:2609 
I/LatinIME:LogUtils(  899): Dictionary info: dictionary = main:en_us ; version = 47 ; date = 1402373181
I/LatinIME:LogUtils(  899): Dictionary info: dictionary = main:en_us ; version = 47 ; date = 1402373181
I/PeopleContactsSync(17991): CP2 sync disabled
I/Icing   (17991): doRemovePackageData plv.colorado.edu.callinsbenchmark
D/JobSchedulerService(  577): Receieved: android.intent.action.PACKAGE_REMOVED
D/BackupManagerService(  577): Received broadcast Intent { act=android.intent.action.PACKAGE_REMOVED dat=package:plv.colorado.edu.callinsbenchmark flg=0x4000010 (has extras) }
I/art     (  577): Explicit concurrent mark sweep GC freed 5622(283KB) AllocSpace objects, 0(0B) LOS objects, 33% free, 17MB/26MB, paused 3.723ms total 176.590ms
Success
I/art     (31864): System.exit called, status: 0
I/AndroidRuntime(31864): VM exiting with result code 0.
D/DownloadManager(  732): [102] Starting
W/DownloadManager(  732): [102] Stop requested with status WAITING_FOR_NETWORK: NO_CONNECTION
D/DownloadManager(  732): [102] Finished with status WAITING_FOR_NETWORK
I/ApplicationLogger( 1128): canRun() : Opted Out
I/UpdateIcingCorporaServi( 1128): UpdateCorporaTask done [took 188 ms] updated apps [took 188 ms] 
W/ResourcesManager( 1011): Asset path '/system/framework/com.google.android.maps.jar' does not exist or contains no resources.
D/AndroidRuntime(31939): >>>>>> START com.android.internal.os.RuntimeInit uid 2000 <<<<<<
D/AndroidRuntime(31939): CheckJNI is OFF
D/AndroidRuntime(31939): Calling main entry com.android.commands.pm.Pm
	pkg: /data/local/tmp/app-debug.apk
D/Finsky  (21399): [1] PackageVerificationReceiver.checkPrerequisites: Skipping verification because network inactive
D/Finsky  (21399): [1] PackageVerificationReceiver.checkPrerequisites: Skipping verification because network inactive
D/DefContainer(28857): Copying /data/local/tmp/app-debug.apk to base.apk
W/PackageManager(  577): Invalid verification token 28 received
I/Icing   (17991): Indexing 49F237D35ED71596F6BAF877928397A88F50332C from com.google.android.googlequicksearchbox
D/PackageManager(  577): Renaming /data/app/vmdl1260598287.tmp to /data/app/plv.colorado.edu.callinsbenchmark-1
I/Icing   (17991): Indexing done 49F237D35ED71596F6BAF877928397A88F50332C
I/PackageManager(  577): Running dexopt on: /data/app/plv.colorado.edu.callinsbenchmark-1/base.apk pkg=plv.colorado.edu.callinsbenchmark isa=arm vmSafeMode=false
I/dex2oat (31972): /system/bin/dex2oat --zip-fd=6 --zip-location=/data/app/plv.colorado.edu.callinsbenchmark-1/base.apk --oat-fd=7 --oat-location=/data/dalvik-cache/arm/data@app@plv.colorado.edu.callinsbenchmark-1@base.apk@classes.dex --instruction-set=arm --instruction-set-features=div --runtime-arg -Xms64m --runtime-arg -Xmx512m --swap-fd=8
I/dex2oat (31972): Decided to run without swap.
W/dex2oat (31972): Before Android 4.1, method int android.support.v7.widget.ListViewCompat.lookForSelectablePosition(int, boolean) would have incorrectly overridden the package-private method in android.widget.ListView
W/dex2oat (31972): Before Android 4.1, method android.graphics.PorterDuffColorFilter android.support.graphics.drawable.VectorDrawableCompat.updateTintFilter(android.graphics.PorterDuffColorFilter, android.content.res.ColorStateList, android.graphics.PorterDuff$Mode) would have incorrectly overridden the package-private method in android.graphics.drawable.Drawable
I/dex2oat (31972): dex2oat took 2.923s (threads: 4) arena alloc=76KB java alloc=3MB native alloc=5MB free=870KB
V/BackupManagerService(  577): restoreAtInstall pkg=plv.colorado.edu.callinsbenchmark token=1d restoreSet=0
V/BackupManagerService(  577): Finishing install immediately
W/Settings(  577): Setting install_non_market_apps has moved from android.provider.Settings.Global to android.provider.Settings.Secure, returning read-only value.
I/InputReader(  577): Reconfiguring input devices.  changes=0x00000010
D/BackupManagerService(  577): Received broadcast Intent { act=android.intent.action.PACKAGE_ADDED dat=package:plv.colorado.edu.callinsbenchmark flg=0x4000010 (has extras) }
W/BackupManagerService(  577): Removing schedule queue dupe of plv.colorado.edu.callinsbenchmark
I/ConfigFetchService(17991): PackageReceiver: Intent { act=android.intent.action.PACKAGE_ADDED dat=package:plv.colorado.edu.callinsbenchmark flg=0x4000010 cmp=com.google.android.gms/.config.ConfigFetchService$PackageReceiver (has extras) }
I/ConfigService(17963): onCreate
I/ConfigService(17963): onBind for Intent { act=com.google.android.gms.config.UPDATE pkg=com.google.android.gms } action com.google.android.gms.config.UPDATE
I/ConfigFetchService(17991): onStartCommand Intent { act=android.intent.action.PACKAGE_ADDED dat=package:plv.colorado.edu.callinsbenchmark cmp=com.google.android.gms/.config.ConfigFetchService (has extras) }
I/ConfigFetchService(17991): launchTask
I/ConfigService(17963): onBind returning update interface
I/ConfigService(17963): onBind for Intent { act=com.google.android.gms.config.START pkg=com.google.android.gms } action com.google.android.gms.config.START
I/ConfigService(17963): onBind returning config service
D/Documents(30541): Update found 6 roots in 76ms
I/UpdateIcingCorporaServi( 1128): Updating corpora: APPS=plv.colorado.edu.callinsbenchmark, CONTACTS=MAYBE
Success
I/art     (  577): Explicit concurrent mark sweep GC freed 58677(3MB) AllocSpace objects, 25(744KB) LOS objects, 33% free, 17MB/26MB, paused 1.739ms total 164.962ms
I/art     (31939): System.exit called, status: 0
I/AndroidRuntime(31939): VM exiting with result code 0.
I/ConfigFetchService(17991): service connected
I/ConfigClient(17991): service connected
D/PackageBroadcastService(17991): Received broadcast action=android.intent.action.PACKAGE_ADDED and uri=plv.colorado.edu.callinsbenchmark
W/ProcessCpuTracker(  577): Skipping unknown process pid 32006
W/ProcessCpuTracker(  577): Skipping unknown process pid 32008
I/PeopleContactsSync(17991): CP2 sync disabled
I/ApplicationLogger( 1128): canRun() : Opted Out
I/UpdateIcingCorporaServi( 1128): UpdateCorporaTask done [took 221 ms] updated apps [took 221 ms] 
D/AndroidRuntime(32012): >>>>>> START com.android.internal.os.RuntimeInit uid 2000 <<<<<<
D/AndroidRuntime(32012): CheckJNI is OFF
D/AndroidRuntime(32012): Calling main entry com.android.commands.am.Am
Starting: Intent { cmp=plv.colorado.edu.callinsbenchmark/.CallinsBenchmark }
I/ActivityManager(  577): Force stopping plv.colorado.edu.callinsbenchmark appid=10130 user=-1: set debug app
I/ActivityManager(  577): START u0 {flg=0x10000000 cmp=plv.colorado.edu.callinsbenchmark/.CallinsBenchmark} from uid 2000 on display 0
V/WindowManager(  577): addAppToken: AppWindowToken{224fba78 token=Token{6d05fdb ActivityRecord{13ee80ea u0 plv.colorado.edu.callinsbenchmark/.CallinsBenchmark t206}}} to stack=1 task=206 at 0
D/AndroidRuntime(32012): Shutting down VM
V/WindowManager(  577): Adding window Window{688ef53 u0 Starting plv.colorado.edu.callinsbenchmark} at 3 of 8 (after Window{2e3a1a90 u0 com.android.launcher/com.android.launcher2.Launcher})
I/ActivityManager(  577): Start proc 32034:plv.colorado.edu.callinsbenchmark/u0a130 for activity plv.colorado.edu.callinsbenchmark/.CallinsBenchmark
I/art     (32034): Late-enabling -Xcheck:jni
W/ActivityThread(32034): Application plv.colorado.edu.callinsbenchmark is waiting for the debugger on port 8100...
I/System.out(32034): Sending WAIT chunk
I/OpenGLRenderer(  577): Initialized EGL, version 1.4
***Uninstalling old version***
***Install new APK***
***Run APK***
***Get PID***
['u0_a130', '', '', '32034', '208', '', '', '1480812', '27892', 'ffffffff', '00000000', 'S', 'plv.colorado.edu.callinsbenchmark\r\n']
32034
***Open Bridge***
I/Icing   (17991): Indexing 49F237D35ED71596F6BAF877928397A88F50332C from com.google.android.googlequicksearchbox
I/Icing   (17991): Indexing done 49F237D35ED71596F6BAF877928397A88F50332C
V/ConfigFetchTask(17991): ConfigFetchTask getDeviceDataVersionInfo(): ABFEt1WW3aLMk8ZlcQohWVZTitGLEhaq-RTkVQrk5h0KeHGYXiJXflfLRf3A-EQtQDY3RZo-C5ZZXBxp81s9kxzjbz2q7LK-S-aJZWUCMkO1edmYdu56QZkXImZazcDuGVgt9jBkH5XUqpNDwXb1EaoRb6rZT6pFt6YFsLZy_3nKInPiugakbDgzjEUbJCTv5x1UmX8e68bnKOOU35V8oF9OZnhghhUwjv9SWI5byr6AB0PVdSb-j5A
I/GoogleURLConnFactory(17991): binding HttpService
I/GoogleHttpClient(17991): Falling back to old SSLCertificateSocketFactory
W/ConfigFetchTask(17991): exception on config fetch: java.net.UnknownHostException: Unable to resolve host "android.clients.google.com": No address associated with hostname
I/GoogleURLConnFactory(17991): unbinding HttpService
I/ConfigFetchService(17991): fetch service done; releasing wakelock
I/ConfigFetchService(17991): stopping self
I/ConfigService(17963): onDestroy
I/art     (32034): Debugger is active
I/System.out(32034): Debugger has connected
I/System.out(32034): waiting for debugger to settle...
W/ActivityManager(  577): Launch timeout has expired, giving up wake lock!
I/System.out(32034): waiting for debugger to settle...
I/System.out(32034): waiting for debugger to settle...
I/System.out(32034): waiting for debugger to settle...
I/System.out(32034): waiting for debugger to settle...
I/System.out(32034): waiting for debugger to settle...
I/System.out(32034): waiting for debugger to settle...
I/System.out(32034): waiting for debugger to settle...
I/System.out(32034): debugger has settled (1300)
D/Finsky  (21399): [1] 5.onFinished: Installation state replication succeeded.
W/art     (32034): Verification of boolean android.support.v7.view.WindowCallbackWrapper.onSearchRequested(android.view.SearchEvent) took 1.106s
D/OpenGLRenderer(32034): Use EGL_SWAP_BEHAVIOR_PRESERVED: true
D/Atlas   (32034): Validating map...
V/WindowManager(  577): Adding window Window{35b266f0 u0 plv.colorado.edu.callinsbenchmark/plv.colorado.edu.callinsbenchmark.CallinsBenchmark} at 3 of 9 (before Window{688ef53 u0 Starting plv.colorado.edu.callinsbenchmark})
I/Adreno-EGL(32034): <qeglDrvAPI_eglInitialize:379>: QUALCOMM Build: 01/15/15, ab0075f, Id3510ff6dc
I/OpenGLRenderer(32034): Initialized EGL, version 1.4
D/OpenGLRenderer(32034): Enabling debug mode 0
I/ActivityManager(  577): Displayed plv.colorado.edu.callinsbenchmark/.CallinsBenchmark: +26s476ms (total +2m50s785ms)
I/benchtime(ms): (32034): 21068
I/benchtime(ms): (32034): 21065
I/benchtime(ms): (32034): 21040
I/benchtime(ms): (32034): 21004
I/ActivityManager(  577): Killing 29627:com.google.android.apps.magazines/u0a63 (adj 15): empty for 1812s
I/EventLogService(17991): Opted in for usage reporting
I/EventLogService(17991): Aggregate from 1462574672390 (log), 1462574672390 (data)
I/ServiceDumpSys(17991): dumping service [account]
I/benchtime(ms): (32034): 21008
I/ProcessStatsService(  577): Prepared write state in 13ms
I/ProcessStatsService(  577): Prepared write state in 21ms
I/benchtime(ms): (32034): 21022
I/benchtime(ms): (32034): 21000
I/benchtime(ms): (32034): 21041
I/benchtime(ms): (32034): 21106
I/ActivityManager(  577): Killing 30575:com.android.externalstorage/u0a7 (adj 15): empty for 1807s
I/benchtime(ms): (32034): 21022
I/benchtime(ms): (32034): 20995
I/UsageStatsService(  577): User[0] Flushing usage stats to disk
I/benchtime(ms): (32034): 21045
I/benchtime(ms): (32034): 21023
I/benchtime(ms): (32034): 20953
I/benchtime(ms): (32034): 21022
I/benchtime(ms): (32034): 20993
I/benchtime(ms): (32034): 21012
I/benchtime(ms): (32034): 20907
I/benchtime(ms): (32034): 21021
I/benchtime(ms): (32034): 20998
I/Process (32034): Sending signal. PID: 32034 SIG: 9
I/WindowState(  577): WIN DEATH: Window{35b266f0 u0 plv.colorado.edu.callinsbenchmark/plv.colorado.edu.callinsbenchmark.CallinsBenchmark}
I/ActivityManager(  577): Process plv.colorado.edu.callinsbenchmark (pid 32034) has died
W/ActivityManager(  577): Force removing ActivityRecord{13ee80ea u0 plv.colorado.edu.callinsbenchmark/.CallinsBenchmark t206}: app died, no saved state
W/InputMethodManagerService(  577): Got RemoteException sending setActive(false) notification to pid 32034 uid 10130
W/OpenGLRenderer( 1011): Incorrectly called buildLayer on View: ShortcutAndWidgetContainer, destroying layer...
W/OpenGLRenderer( 1011): Incorrectly called buildLayer on View: ShortcutAndWidgetContainer, destroying layer...
